###############################################################################
#
# IAR ELF Linker V9.10.1.308/W64 for ARM                  01/Jul/2021  15:51:38
# Copyright 2007-2021 IAR Systems AB.
#
#    Output file  =
#        D:\GitHub\ETH_over_RS485_Converter_Baremetal\EWARM\ETH_RS485_Networkbridge\Exe\ETH_RS485_Networkbridge.out
#    Map file     =
#        D:\GitHub\ETH_over_RS485_Converter_Baremetal\EWARM\ETH_RS485_Networkbridge\List\ETH_RS485_Networkbridge.map
#    Command line =
#        -f
#        D:\GitHub\ETH_over_RS485_Converter_Baremetal\EWARM\ETH_RS485_Networkbridge\Exe\ETH_RS485_Networkbridge.out.rsp
#        (D:\GitHub\ETH_over_RS485_Converter_Baremetal\EWARM\ETH_RS485_Networkbridge\Obj\Application\User\eth.o
#        D:\GitHub\ETH_over_RS485_Converter_Baremetal\EWARM\ETH_RS485_Networkbridge\Obj\Drivers\STM32H7xx_HAL_Driver\lan8742.o
#        D:\GitHub\ETH_over_RS485_Converter_Baremetal\EWARM\ETH_RS485_Networkbridge\Obj\Application\User\led.o
#        D:\GitHub\ETH_over_RS485_Converter_Baremetal\EWARM\ETH_RS485_Networkbridge\Obj\Application\User\main.o
#        D:\GitHub\ETH_over_RS485_Converter_Baremetal\EWARM\ETH_RS485_Networkbridge\Obj\Application\User\queue.o
#        D:\GitHub\ETH_over_RS485_Converter_Baremetal\EWARM\ETH_RS485_Networkbridge\Obj\Application\EWARM\startup_stm32h743xx.o
#        D:\GitHub\ETH_over_RS485_Converter_Baremetal\EWARM\ETH_RS485_Networkbridge\Obj\Drivers\STM32H7xx_HAL_Driver\stm32h7xx_hal.o
#        D:\GitHub\ETH_over_RS485_Converter_Baremetal\EWARM\ETH_RS485_Networkbridge\Obj\Drivers\STM32H7xx_HAL_Driver\stm32h7xx_hal_cortex.o
#        D:\GitHub\ETH_over_RS485_Converter_Baremetal\EWARM\ETH_RS485_Networkbridge\Obj\Drivers\STM32H7xx_HAL_Driver\stm32h7xx_hal_crc.o
#        D:\GitHub\ETH_over_RS485_Converter_Baremetal\EWARM\ETH_RS485_Networkbridge\Obj\Drivers\STM32H7xx_HAL_Driver\stm32h7xx_hal_crc_ex.o
#        D:\GitHub\ETH_over_RS485_Converter_Baremetal\EWARM\ETH_RS485_Networkbridge\Obj\Drivers\STM32H7xx_HAL_Driver\stm32h7xx_hal_dma.o
#        D:\GitHub\ETH_over_RS485_Converter_Baremetal\EWARM\ETH_RS485_Networkbridge\Obj\Drivers\STM32H7xx_HAL_Driver\stm32h7xx_hal_dma_ex.o
#        D:\GitHub\ETH_over_RS485_Converter_Baremetal\EWARM\ETH_RS485_Networkbridge\Obj\Drivers\STM32H7xx_HAL_Driver\stm32h7xx_hal_eth.o
#        D:\GitHub\ETH_over_RS485_Converter_Baremetal\EWARM\ETH_RS485_Networkbridge\Obj\Drivers\STM32H7xx_HAL_Driver\stm32h7xx_hal_eth_ex.o
#        D:\GitHub\ETH_over_RS485_Converter_Baremetal\EWARM\ETH_RS485_Networkbridge\Obj\Drivers\STM32H7xx_HAL_Driver\stm32h7xx_hal_flash.o
#        D:\GitHub\ETH_over_RS485_Converter_Baremetal\EWARM\ETH_RS485_Networkbridge\Obj\Drivers\STM32H7xx_HAL_Driver\stm32h7xx_hal_flash_ex.o
#        D:\GitHub\ETH_over_RS485_Converter_Baremetal\EWARM\ETH_RS485_Networkbridge\Obj\Drivers\STM32H7xx_HAL_Driver\stm32h7xx_hal_gpio.o
#        D:\GitHub\ETH_over_RS485_Converter_Baremetal\EWARM\ETH_RS485_Networkbridge\Obj\Drivers\STM32H7xx_HAL_Driver\stm32h7xx_hal_hsem.o
#        D:\GitHub\ETH_over_RS485_Converter_Baremetal\EWARM\ETH_RS485_Networkbridge\Obj\Drivers\STM32H7xx_HAL_Driver\stm32h7xx_hal_i2c.o
#        D:\GitHub\ETH_over_RS485_Converter_Baremetal\EWARM\ETH_RS485_Networkbridge\Obj\Drivers\STM32H7xx_HAL_Driver\stm32h7xx_hal_i2c_ex.o
#        D:\GitHub\ETH_over_RS485_Converter_Baremetal\EWARM\ETH_RS485_Networkbridge\Obj\Drivers\STM32H7xx_HAL_Driver\stm32h7xx_hal_mdma.o
#        D:\GitHub\ETH_over_RS485_Converter_Baremetal\EWARM\ETH_RS485_Networkbridge\Obj\Application\User\stm32h7xx_hal_msp.o
#        D:\GitHub\ETH_over_RS485_Converter_Baremetal\EWARM\ETH_RS485_Networkbridge\Obj\Drivers\STM32H7xx_HAL_Driver\stm32h7xx_hal_pwr.o
#        D:\GitHub\ETH_over_RS485_Converter_Baremetal\EWARM\ETH_RS485_Networkbridge\Obj\Drivers\STM32H7xx_HAL_Driver\stm32h7xx_hal_pwr_ex.o
#        D:\GitHub\ETH_over_RS485_Converter_Baremetal\EWARM\ETH_RS485_Networkbridge\Obj\Drivers\STM32H7xx_HAL_Driver\stm32h7xx_hal_rcc.o
#        D:\GitHub\ETH_over_RS485_Converter_Baremetal\EWARM\ETH_RS485_Networkbridge\Obj\Drivers\STM32H7xx_HAL_Driver\stm32h7xx_hal_rcc_ex.o
#        D:\GitHub\ETH_over_RS485_Converter_Baremetal\EWARM\ETH_RS485_Networkbridge\Obj\Drivers\STM32H7xx_HAL_Driver\stm32h7xx_hal_rng.o
#        D:\GitHub\ETH_over_RS485_Converter_Baremetal\EWARM\ETH_RS485_Networkbridge\Obj\Drivers\STM32H7xx_HAL_Driver\stm32h7xx_hal_tim.o
#        D:\GitHub\ETH_over_RS485_Converter_Baremetal\EWARM\ETH_RS485_Networkbridge\Obj\Drivers\STM32H7xx_HAL_Driver\stm32h7xx_hal_tim_ex.o
#        D:\GitHub\ETH_over_RS485_Converter_Baremetal\EWARM\ETH_RS485_Networkbridge\Obj\Drivers\STM32H7xx_HAL_Driver\stm32h7xx_hal_uart.o
#        D:\GitHub\ETH_over_RS485_Converter_Baremetal\EWARM\ETH_RS485_Networkbridge\Obj\Drivers\STM32H7xx_HAL_Driver\stm32h7xx_hal_uart_ex.o
#        D:\GitHub\ETH_over_RS485_Converter_Baremetal\EWARM\ETH_RS485_Networkbridge\Obj\Application\User\stm32h7xx_it.o
#        D:\GitHub\ETH_over_RS485_Converter_Baremetal\EWARM\ETH_RS485_Networkbridge\Obj\Drivers\CMSIS\system_stm32h7xx.o
#        D:\GitHub\ETH_over_RS485_Converter_Baremetal\EWARM\ETH_RS485_Networkbridge\Obj\Application\User\uart.o
#        --redirect _Printf=_PrintfFull --redirect _Scanf=_ScanfFull
#        --no_out_extension -o
#        D:\GitHub\ETH_over_RS485_Converter_Baremetal\EWARM\ETH_RS485_Networkbridge\Exe\ETH_RS485_Networkbridge.out
#        --map
#        D:\GitHub\ETH_over_RS485_Converter_Baremetal\EWARM\ETH_RS485_Networkbridge\List\ETH_RS485_Networkbridge.map
#        --config
#        D:\GitHub\ETH_over_RS485_Converter_Baremetal\EWARM/stm32h743xx_flash.icf
#        --semihosting --entry __iar_program_start --vfe --text_out locale)
#
###############################################################################

*******************************************************************************
*** RUNTIME MODEL ATTRIBUTES
***

CppFlavor       = *
__SystemLibrary = DLib
__dlib_version  = 6


*******************************************************************************
*** HEAP SELECTION
***

The basic heap was selected because no calls to memory allocation
functions were found in the application outside of system library
functions, and there are calls to deallocation functions in the
application.


*******************************************************************************
*** PLACEMENT SUMMARY
***

"A0":  place at address 0x800'0000 { ro section .intvec };
"P1":  place in [from 0x800'0000 to 0x81f'ffff] { ro };
define block CSTACK with size = 125K, alignment = 8 { };
define block HEAP with size = 375K, alignment = 8 { };
"P2":  place in [from 0x2400'0000 to 0x2407'ffff] {
          rw, block CSTACK, block HEAP };
initialize by copy { rw };

  Section            Kind         Address      Size  Object
  -------            ----         -------      ----  ------
"A0":                                         0x298
  .intvec            ro code   0x800'0000     0x298  startup_stm32h743xx.o [1]
                             - 0x800'0298     0x298

"P1":                                        0x9288
  .text              ro code   0x800'0298    0x1ec0  stm32h7xx_hal_uart.o [4]
  .text              ro code   0x800'2158       0x2  stm32h7xx_hal_uart.o [4]
  .text              ro code   0x800'215a      0x2a  copy_init3.o [7]
  .text              ro code   0x800'2184    0x1be0  stm32h7xx_hal_dma.o [4]
  .text              ro code   0x800'3d64     0x7f8  uart.o [2]
  .text              ro code   0x800'455c       0x2  stm32h7xx_hal_uart_ex.o [4]
  .text              ro code   0x800'455e       0x2  stm32h7xx_hal_uart_ex.o [4]
  .text              ro code   0x800'4560       0x2  stm32h7xx_hal_uart_ex.o [4]
  .text              ro code   0x800'4564    0x1288  stm32h7xx_hal_rcc_ex.o [4]
  .text              ro code   0x800'57ec     0x230  I64DivMod.o [7]
  .text              ro code   0x800'5a1c     0x5b0  stm32h7xx_hal_rcc.o [4]
  .text              ro code   0x800'5fcc       0xc  stm32h7xx_hal.o [4]
  .text              ro code   0x800'5fd8       0x2  stm32h7xx_hal_uart.o [4]
  .text              ro code   0x800'5fdc     0x2a8  stm32h7xx_hal_gpio.o [4]
  .text              ro code   0x800'6284     0x226  main.o [2]
  .text              ro code   0x800'64ac     0x188  stm32h7xx_hal_uart_ex.o [4]
  .text              ro code   0x800'6634     0x1f8  stm32h7xx_hal_cortex.o [4]
  .text              ro code   0x800'682c     0x150  queue.o [2]
  .text              ro code   0x800'697c     0x1ce  stm32h7xx_hal_crc.o [4]
  .text              ro code   0x800'6b4c      0x68  memcmp.o [7]
  .text              ro code   0x800'6bb4     0x324  stm32h7xx_hal_tim.o [4]
  .text              ro code   0x800'6ed8      0xb2  stm32h7xx_hal_rng.o [4]
  .text              ro code   0x800'6f8c       0x2  I64DivZer.o [7]
  .text              ro code   0x800'6f90      0x58  stm32h7xx_hal.o [4]
  .text              ro code   0x800'6fe8      0x98  stm32h7xx_hal.o [4]
  .text              ro code   0x800'7080      0xd0  led.o [2]
  .text              ro code   0x800'7150     0x452  eth.o [2]
  .text              ro code   0x800'75a4      0x66  ABImemset.o [7]
  .text              ro code   0x800'760c      0x60  stm32h7xx_hal_pwr_ex.o [4]
  .text              ro code   0x800'766c     0x694  stm32h7xx_hal_rcc.o [4]
  .text              ro code   0x800'7d00      0x24  stm32h7xx_hal_msp.o [2]
  .text              ro code   0x800'7d24      0x74  stm32h7xx_hal_crc_ex.o [4]
  .text              ro code   0x800'7d98       0x2  stm32h7xx_hal_tim.o [4]
  .text              ro code   0x800'7d9a       0x2  stm32h7xx_hal_tim.o [4]
  .text              ro code   0x800'7d9c       0x2  stm32h7xx_hal_tim.o [4]
  .text              ro code   0x800'7d9e       0x2  stm32h7xx_hal_tim.o [4]
  .text              ro code   0x800'7da0      0xe8  stm32h7xx_it.o [2]
  .text              ro code   0x800'7e88       0x2  stm32h7xx_hal_tim_ex.o [4]
  .text              ro code   0x800'7e8a       0x2  stm32h7xx_hal_tim_ex.o [4]
  .text              ro code   0x800'7e8c       0x2  stm32h7xx_hal_tim.o [4]
  .text              ro code   0x800'7e8e       0x2  stm32h7xx_hal_tim_ex.o [4]
  .text              ro code   0x800'7e90       0x2  stm32h7xx_hal_rng.o [4]
  .text              ro code   0x800'7e94     0xf58  stm32h7xx_hal_eth.o [4]
  .text              ro code   0x800'8dec     0x1e8  lan8742.o [4]
  .text              ro code   0x800'8fd4      0xa6  ABImemcpy.o [7]
  .text              ro code   0x800'907c      0x18  stm32h7xx_hal.o [4]
  .text              ro code   0x800'9094      0xe8  system_stm32h7xx.o [3]
  .text              ro code   0x800'917c      0x38  zero_init3.o [7]
  Initializer bytes  const     0x800'91b4      0x2c  <for P2-1>
  .text              ro code   0x800'91e0      0x28  data_init.o [7]
  .text              ro code   0x800'9208      0x22  fpinit_M.o [6]
  .iar.init_table    const     0x800'922c      0x44  - Linker created -
  .text              ro code   0x800'9270      0x1e  cmain.o [7]
  .text              ro code   0x800'928e       0x4  low_level_init.o [5]
  .text              ro code   0x800'9292       0x4  exit.o [5]
  .text              ro code   0x800'9298       0xa  cexit.o [7]
  .text              ro code   0x800'92a4      0x14  exit.o [8]
  .text              ro code   0x800'92b8      0x1c  cstartup_M.o [7]
  .rodata            const     0x800'92d4      0x10  system_stm32h7xx.o [3]
  .text              ro code   0x800'92e4      0x10  startup_stm32h743xx.o [1]
  .rodata            const     0x800'92f4       0x8  stm32h7xx_hal_dma.o [4]
  .rodata            const     0x800'92fc       0x8  stm32h7xx_hal_uart_ex.o [4]
  .rodata            const     0x800'9304       0x8  stm32h7xx_hal_uart_ex.o [4]
  .rodata            const     0x800'930c       0x8  uart.o [2]
  .text              ro code   0x800'9314       0x4  startup_stm32h743xx.o [1]
  .text              ro code   0x800'9318       0x4  startup_stm32h743xx.o [1]
  .text              ro code   0x800'931c       0x4  startup_stm32h743xx.o [1]
  .text              ro code   0x800'9320       0x4  startup_stm32h743xx.o [1]
  .text              ro code   0x800'9324       0x4  startup_stm32h743xx.o [1]
  .text              ro code   0x800'9328       0x4  startup_stm32h743xx.o [1]
  .text              ro code   0x800'932c       0x4  startup_stm32h743xx.o [1]
  .text              ro code   0x800'9330       0x4  startup_stm32h743xx.o [1]
  .text              ro code   0x800'9334       0x4  startup_stm32h743xx.o [1]
  .text              ro code   0x800'9338       0x4  startup_stm32h743xx.o [1]
  .text              ro code   0x800'933c       0x4  startup_stm32h743xx.o [1]
  .text              ro code   0x800'9340       0x4  startup_stm32h743xx.o [1]
  .text              ro code   0x800'9344       0x4  startup_stm32h743xx.o [1]
  .text              ro code   0x800'9348       0x4  startup_stm32h743xx.o [1]
  .text              ro code   0x800'934c       0x4  startup_stm32h743xx.o [1]
  .text              ro code   0x800'9350       0x4  startup_stm32h743xx.o [1]
  .text              ro code   0x800'9354       0x4  startup_stm32h743xx.o [1]
  .text              ro code   0x800'9358       0x4  startup_stm32h743xx.o [1]
  .text              ro code   0x800'935c       0x4  startup_stm32h743xx.o [1]
  .text              ro code   0x800'9360       0x4  startup_stm32h743xx.o [1]
  .text              ro code   0x800'9364       0x4  startup_stm32h743xx.o [1]
  .text              ro code   0x800'9368       0x4  startup_stm32h743xx.o [1]
  .text              ro code   0x800'936c       0x4  startup_stm32h743xx.o [1]
  .text              ro code   0x800'9370       0x4  startup_stm32h743xx.o [1]
  .text              ro code   0x800'9374       0x4  startup_stm32h743xx.o [1]
  .text              ro code   0x800'9378       0x4  startup_stm32h743xx.o [1]
  .text              ro code   0x800'937c       0x4  startup_stm32h743xx.o [1]
  .text              ro code   0x800'9380       0x4  startup_stm32h743xx.o [1]
  .text              ro code   0x800'9384       0x4  startup_stm32h743xx.o [1]
  .text              ro code   0x800'9388       0x4  startup_stm32h743xx.o [1]
  .text              ro code   0x800'938c       0x4  startup_stm32h743xx.o [1]
  .text              ro code   0x800'9390       0x4  startup_stm32h743xx.o [1]
  .text              ro code   0x800'9394       0x4  startup_stm32h743xx.o [1]
  .text              ro code   0x800'9398       0x4  startup_stm32h743xx.o [1]
  .text              ro code   0x800'939c       0x4  startup_stm32h743xx.o [1]
  .text              ro code   0x800'93a0       0x4  startup_stm32h743xx.o [1]
  .text              ro code   0x800'93a4       0x4  startup_stm32h743xx.o [1]
  .text              ro code   0x800'93a8       0x4  startup_stm32h743xx.o [1]
  .text              ro code   0x800'93ac       0x4  startup_stm32h743xx.o [1]
  .text              ro code   0x800'93b0       0x4  startup_stm32h743xx.o [1]
  .text              ro code   0x800'93b4       0x4  startup_stm32h743xx.o [1]
  .text              ro code   0x800'93b8       0x4  startup_stm32h743xx.o [1]
  .text              ro code   0x800'93bc       0x4  startup_stm32h743xx.o [1]
  .text              ro code   0x800'93c0       0x4  startup_stm32h743xx.o [1]
  .text              ro code   0x800'93c4       0x4  startup_stm32h743xx.o [1]
  .text              ro code   0x800'93c8       0x4  startup_stm32h743xx.o [1]
  .text              ro code   0x800'93cc       0x4  startup_stm32h743xx.o [1]
  .text              ro code   0x800'93d0       0x4  startup_stm32h743xx.o [1]
  .text              ro code   0x800'93d4       0x4  startup_stm32h743xx.o [1]
  .text              ro code   0x800'93d8       0x4  startup_stm32h743xx.o [1]
  .text              ro code   0x800'93dc       0x4  startup_stm32h743xx.o [1]
  .text              ro code   0x800'93e0       0x4  startup_stm32h743xx.o [1]
  .text              ro code   0x800'93e4       0x4  startup_stm32h743xx.o [1]
  .text              ro code   0x800'93e8       0x4  startup_stm32h743xx.o [1]
  .text              ro code   0x800'93ec       0x4  startup_stm32h743xx.o [1]
  .text              ro code   0x800'93f0       0x4  startup_stm32h743xx.o [1]
  .text              ro code   0x800'93f4       0x4  startup_stm32h743xx.o [1]
  .text              ro code   0x800'93f8       0x4  startup_stm32h743xx.o [1]
  .text              ro code   0x800'93fc       0x4  startup_stm32h743xx.o [1]
  .text              ro code   0x800'9400       0x4  startup_stm32h743xx.o [1]
  .text              ro code   0x800'9404       0x4  startup_stm32h743xx.o [1]
  .text              ro code   0x800'9408       0x4  startup_stm32h743xx.o [1]
  .text              ro code   0x800'940c       0x4  startup_stm32h743xx.o [1]
  .text              ro code   0x800'9410       0x4  startup_stm32h743xx.o [1]
  .text              ro code   0x800'9414       0x4  startup_stm32h743xx.o [1]
  .text              ro code   0x800'9418       0x4  startup_stm32h743xx.o [1]
  .text              ro code   0x800'941c       0x4  startup_stm32h743xx.o [1]
  .text              ro code   0x800'9420       0x4  startup_stm32h743xx.o [1]
  .text              ro code   0x800'9424       0x4  startup_stm32h743xx.o [1]
  .text              ro code   0x800'9428       0x4  startup_stm32h743xx.o [1]
  .text              ro code   0x800'942c       0x4  startup_stm32h743xx.o [1]
  .text              ro code   0x800'9430       0x4  startup_stm32h743xx.o [1]
  .text              ro code   0x800'9434       0x4  startup_stm32h743xx.o [1]
  .text              ro code   0x800'9438       0x4  startup_stm32h743xx.o [1]
  .text              ro code   0x800'943c       0x4  startup_stm32h743xx.o [1]
  .text              ro code   0x800'9440       0x4  startup_stm32h743xx.o [1]
  .text              ro code   0x800'9444       0x4  startup_stm32h743xx.o [1]
  .text              ro code   0x800'9448       0x4  startup_stm32h743xx.o [1]
  .text              ro code   0x800'944c       0x4  startup_stm32h743xx.o [1]
  .text              ro code   0x800'9450       0x4  startup_stm32h743xx.o [1]
  .text              ro code   0x800'9454       0x4  startup_stm32h743xx.o [1]
  .text              ro code   0x800'9458       0x4  startup_stm32h743xx.o [1]
  .text              ro code   0x800'945c       0x4  startup_stm32h743xx.o [1]
  .text              ro code   0x800'9460       0x4  startup_stm32h743xx.o [1]
  .text              ro code   0x800'9464       0x4  startup_stm32h743xx.o [1]
  .text              ro code   0x800'9468       0x4  startup_stm32h743xx.o [1]
  .text              ro code   0x800'946c       0x4  startup_stm32h743xx.o [1]
  .text              ro code   0x800'9470       0x4  startup_stm32h743xx.o [1]
  .text              ro code   0x800'9474       0x4  startup_stm32h743xx.o [1]
  .text              ro code   0x800'9478       0x4  startup_stm32h743xx.o [1]
  .text              ro code   0x800'947c       0x4  startup_stm32h743xx.o [1]
  .text              ro code   0x800'9480       0x4  startup_stm32h743xx.o [1]
  .text              ro code   0x800'9484       0x4  startup_stm32h743xx.o [1]
  .text              ro code   0x800'9488       0x4  startup_stm32h743xx.o [1]
  .text              ro code   0x800'948c       0x4  startup_stm32h743xx.o [1]
  .text              ro code   0x800'9490       0x4  startup_stm32h743xx.o [1]
  .text              ro code   0x800'9494       0x4  startup_stm32h743xx.o [1]
  .text              ro code   0x800'9498       0x4  startup_stm32h743xx.o [1]
  .text              ro code   0x800'949c       0x4  startup_stm32h743xx.o [1]
  .text              ro code   0x800'94a0       0x4  startup_stm32h743xx.o [1]
  .text              ro code   0x800'94a4       0x4  startup_stm32h743xx.o [1]
  .text              ro code   0x800'94a8       0x4  startup_stm32h743xx.o [1]
  .text              ro code   0x800'94ac       0x4  startup_stm32h743xx.o [1]
  .text              ro code   0x800'94b0       0x4  startup_stm32h743xx.o [1]
  .text              ro code   0x800'94b4       0x4  startup_stm32h743xx.o [1]
  .text              ro code   0x800'94b8       0x4  startup_stm32h743xx.o [1]
  .text              ro code   0x800'94bc       0x4  startup_stm32h743xx.o [1]
  .text              ro code   0x800'94c0       0x4  startup_stm32h743xx.o [1]
  .text              ro code   0x800'94c4       0x4  startup_stm32h743xx.o [1]
  .text              ro code   0x800'94c8       0x4  startup_stm32h743xx.o [1]
  .text              ro code   0x800'94cc       0x4  startup_stm32h743xx.o [1]
  .text              ro code   0x800'94d0       0x4  startup_stm32h743xx.o [1]
  .text              ro code   0x800'94d4       0x4  startup_stm32h743xx.o [1]
  .text              ro code   0x800'94d8       0x4  startup_stm32h743xx.o [1]
  .text              ro code   0x800'94dc       0x4  startup_stm32h743xx.o [1]
  .text              ro code   0x800'94e0       0x4  startup_stm32h743xx.o [1]
  .text              ro code   0x800'94e4       0x4  startup_stm32h743xx.o [1]
  .text              ro code   0x800'94e8       0x4  startup_stm32h743xx.o [1]
  .text              ro code   0x800'94ec       0x4  startup_stm32h743xx.o [1]
  .text              ro code   0x800'94f0       0x4  startup_stm32h743xx.o [1]
  .text              ro code   0x800'94f4       0x4  startup_stm32h743xx.o [1]
  .text              ro code   0x800'94f8       0x4  startup_stm32h743xx.o [1]
  .text              ro code   0x800'94fc       0x4  startup_stm32h743xx.o [1]
  .text              ro code   0x800'9500       0x4  startup_stm32h743xx.o [1]
  .text              ro code   0x800'9504       0x4  startup_stm32h743xx.o [1]
  .text              ro code   0x800'9508       0x4  startup_stm32h743xx.o [1]
  .text              ro code   0x800'950c       0x4  startup_stm32h743xx.o [1]
  .text              ro code   0x800'9510       0x4  startup_stm32h743xx.o [1]
  .text              ro code   0x800'9514       0x4  startup_stm32h743xx.o [1]
  .text              ro code   0x800'9518       0x4  startup_stm32h743xx.o [1]
  .text              ro code   0x800'951c       0x4  startup_stm32h743xx.o [1]
  .rodata            const     0x800'9520       0x0  zero_init3.o [7]
  .rodata            const     0x800'9520       0x0  copy_init3.o [7]
                             - 0x800'9520    0x9288

"P2", part 1 of 3:                             0x2c
  P2-1                        0x2400'0000      0x2b  <Init block>
    .data            inited   0x2400'0000       0x8  eth.o [2]
    .data            inited   0x2400'0008      0x14  eth.o [2]
    .data            inited   0x2400'001c       0x4  stm32h7xx_hal.o [4]
    .data            inited   0x2400'0020       0x4  system_stm32h7xx.o [3]
    .data            inited   0x2400'0024       0x4  system_stm32h7xx.o [3]
    .data            inited   0x2400'0028       0x1  stm32h7xx_hal.o [4]
    .data            inited   0x2400'0029       0x1  uart.o [2]
    .data            inited   0x2400'002a       0x1  uart.o [2]
                            - 0x2400'002b      0x2b

"P2", part 2 of 3:                           0x1030
  .bss               zero     0x2400'002c     0x61c  main.o [2]
  .bss               zero     0x2400'0648     0x61c  main.o [2]
  .bss               zero     0x2400'0c64      0x8c  uart.o [2]
  .bss               zero     0x2400'0cf0      0x78  uart.o [2]
  .bss               zero     0x2400'0d68      0x78  uart.o [2]
  .bss               zero     0x2400'0de0      0x68  eth.o [2]
  .bss               zero     0x2400'0e48      0x44  main.o [2]
  .bss               zero     0x2400'0e8c      0x44  main.o [2]
  .bss               zero     0x2400'0ed0      0x40  led.o [2]
  .bss               zero     0x2400'0f10      0x40  uart.o [2]
  .bss               zero     0x2400'0f50      0x40  uart.o [2]
  .bss               zero     0x2400'0f90      0x34  eth.o [2]
  .bss               zero     0x2400'0fc4      0x24  uart.o [2]
  .bss               zero     0x2400'0fe8      0x20  eth.o [2]
  .bss               zero     0x2400'1008      0x14  uart.o [2]
  .bss               zero     0x2400'101c       0xc  eth.o [2]
  .bss               zero     0x2400'1028       0x4  eth.o [2]
  .bss               zero     0x2400'102c       0x4  eth.o [2]
  .bss               zero     0x2400'1030       0x4  stm32h7xx_hal.o [4]
  .bss               zero     0x2400'1034       0x4  uart.o [2]
  .bss               zero     0x2400'1038       0x4  uart.o [2]
  .bss               zero     0x2400'103c       0x4  uart.o [2]
  .bss               zero     0x2400'1040       0x4  uart.o [2]
  .bss               zero     0x2400'1044       0x4  uart.o [2]
  .bss               zero     0x2400'1048       0x4  uart.o [2]
  .bss               zero     0x2400'104c       0x4  uart.o [2]
  .bss               zero     0x2400'1050       0x4  uart.o [2]
  .bss               zero     0x2400'1054       0x4  uart.o [2]
  .bss               zero     0x2400'1058       0x2  uart.o [2]
  .bss               zero     0x2400'105a       0x2  uart.o [2]
                            - 0x2400'105c    0x1030

"P2", part 3 of 3:                         0x1'f400
  CSTACK                      0x2400'1060  0x1'f400  <Block>
    CSTACK           uninit   0x2400'1060  0x1'f400  <Block tail>
                            - 0x2402'0460  0x1'f400

Absolute sections, part 1 of 4:                0x30
  .bss               zero     0x3004'0000      0x30  eth.o [2]
                            - 0x3004'0030      0x30

Absolute sections, part 2 of 4:                0x60
  .bss               zero     0x3004'0060      0x60  eth.o [2]
                            - 0x3004'00c0      0x60

Absolute sections, part 3 of 4:               0xbf0
  .bss               zero     0x3004'0200     0xbf0  eth.o [2]
                            - 0x3004'0df0     0xbf0

Absolute sections, part 4 of 4:              0x17e0
  .bss               zero     0x3004'4000    0x17e0  eth.o [2]
                            - 0x3004'57e0    0x17e0

Unused ranges:

         From           To       Size
         ----           --       ----
   0x800'9520   0x81f'ffff  0x1f'6ae0
  0x2400'105c  0x2400'105f        0x4
  0x2402'0460  0x2407'ffff   0x5'fba0


*******************************************************************************
*** INIT TABLE
***

          Address      Size
          -------      ----
Zero (__iar_zero_init3)
    5 destination ranges, total size 0x3490:
          0x2400'002c  0x1030
          0x3004'0000    0x30
          0x3004'0060    0x60
          0x3004'0200   0xbf0
          0x3004'4000  0x17e0

Copy (__iar_copy_init3)
    1 source range, total size 0x2c (102% of destination):
           0x800'91b4    0x2c
    1 destination range, total size 0x2b:
          0x2400'0000    0x2b



*******************************************************************************
*** MODULE SUMMARY
***

    Module                   ro code  ro data  rw data  rw data
                                                         (abs)
    ------                   -------  -------  -------  -------
command line/config:
    -----------------------------------------------------------
    Total:

D:\GitHub\ETH_over_RS485_Converter_Baremetal\EWARM\ETH_RS485_Networkbridge\Obj\Application\EWARM: [1]
    startup_stm32h743xx.o      1'204
    -----------------------------------------------------------
    Total:                     1'204

D:\GitHub\ETH_over_RS485_Converter_Baremetal\EWARM\ETH_RS485_Networkbridge\Obj\Application\User: [2]
    eth.o                      1'106       28      236    9'312
    led.o                        208                64
    main.o                       550             3'264
    queue.o                      336
    stm32h7xx_hal_msp.o           36
    stm32h7xx_it.o               232
    uart.o                     2'040       10      606
    -----------------------------------------------------------
    Total:                     4'508       38    4'170    9'312

D:\GitHub\ETH_over_RS485_Converter_Baremetal\EWARM\ETH_RS485_Networkbridge\Obj\Drivers\CMSIS: [3]
    system_stm32h7xx.o           232       24        8
    -----------------------------------------------------------
    Total:                       232       24        8

D:\GitHub\ETH_over_RS485_Converter_Baremetal\EWARM\ETH_RS485_Networkbridge\Obj\Drivers\STM32H7xx_HAL_Driver: [4]
    lan8742.o                    488
    stm32h7xx_hal.o              276        5        9
    stm32h7xx_hal_cortex.o       504
    stm32h7xx_hal_crc.o          462
    stm32h7xx_hal_crc_ex.o       116
    stm32h7xx_hal_dma.o        7'136        8
    stm32h7xx_hal_eth.o        3'928
    stm32h7xx_hal_gpio.o         680
    stm32h7xx_hal_pwr_ex.o        96
    stm32h7xx_hal_rcc.o        3'140
    stm32h7xx_hal_rcc_ex.o     4'744
    stm32h7xx_hal_rng.o          180
    stm32h7xx_hal_tim.o          814
    stm32h7xx_hal_tim_ex.o         6
    stm32h7xx_hal_uart.o       7'876
    stm32h7xx_hal_uart_ex.o      398       16
    -----------------------------------------------------------
    Total:                    30'844       29        9

dl7M_tlf.a: [5]
    exit.o                         4
    low_level_init.o               4
    -----------------------------------------------------------
    Total:                         8

m7M_tlv.a: [6]
    fpinit_M.o                    34
    -----------------------------------------------------------
    Total:                        34

rt7M_tl.a: [7]
    ABImemcpy.o                  166
    ABImemset.o                  102
    I64DivMod.o                  560
    I64DivZer.o                    2
    cexit.o                       10
    cmain.o                       30
    copy_init3.o                  42
    cstartup_M.o                  28
    data_init.o                   40
    memcmp.o                     104
    zero_init3.o                  56
    -----------------------------------------------------------
    Total:                     1'140

shb_l.a: [8]
    exit.o                        20
    -----------------------------------------------------------
    Total:                        20

    Gaps                          24        2
    Linker created                         69  128'000
---------------------------------------------------------------
    Grand Total:              38'014      162  132'187    9'312


*******************************************************************************
*** ENTRY LIST
***

Entry                       Address    Size  Type      Object
-----                       -------    ----  ----      ------
.iar.init_table$$Base    0x800'922c           --   Gb  - Linker created -
.iar.init_table$$Limit   0x800'9270           --   Gb  - Linker created -
?main                    0x800'9271          Code  Gb  cmain.o [7]
BusFault_Handler         0x800'7da7     0x2  Code  Gb  stm32h7xx_it.o [2]
BusTimHandleRx          0x2400'0f50    0x40  Data  Gb  uart.o [2]
BusTimHandleTx          0x2400'0f10    0x40  Data  Gb  uart.o [2]
CPU_CACHE_Enable         0x800'649d     0xc  Code  Lc  main.o [2]
CRC_Handle_16            0x800'6b15    0x36  Code  Lc  stm32h7xx_hal_crc.o [4]
CRC_Handle_8             0x800'6a7d    0x98  Code  Lc  stm32h7xx_hal_crc.o [4]
CSTACK$$Base            0x2400'1060           --   Gb  - Linker created -
CSTACK$$Limit           0x2402'0460           --   Gb  - Linker created -
D1CorePrescTable         0x800'92d4    0x10  Data  Gb  system_stm32h7xx.o [3]
DMA1_Stream0_IRQHandler
                         0x800'7db9     0xa  Code  Gb  stm32h7xx_it.o [2]
DMA1_Stream1_IRQHandler
                         0x800'7dc3     0xa  Code  Gb  stm32h7xx_it.o [2]
DMARxDscrTab            0x3004'0000    0x30  Data  Gb  eth.o [2]
DMATxDscrTab            0x3004'0060    0x60  Data  Gb  eth.o [2]
DMA_CalcBaseAndBitshift
                         0x800'3a21    0xd2  Code  Lc  stm32h7xx_hal_dma.o [4]
DMA_CalcBaseAndBitshift{1}{2}::flagBitshiftOffset
                         0x800'92f4     0x8  Data  Lc  stm32h7xx_hal_dma.o [4]
DMA_CalcDMAMUXChannelBaseAndMask
                         0x800'3b8d    0xac  Code  Lc  stm32h7xx_hal_dma.o [4]
DMA_CalcDMAMUXRequestGenBaseAndMask
                         0x800'3c5d    0x80  Code  Lc  stm32h7xx_hal_dma.o [4]
DMA_CheckFifoParam       0x800'3af3    0x9a  Code  Lc  stm32h7xx_hal_dma.o [4]
DMA_SetConfig            0x800'38a9   0x178  Code  Lc  stm32h7xx_hal_dma.o [4]
DebugMon_Handler         0x800'7dad     0x2  Code  Gb  stm32h7xx_it.o [2]
ETH_DMARxDescListInit    0x800'8d7d    0x70  Code  Lc  stm32h7xx_hal_eth.o [4]
ETH_DMATxDescListInit    0x800'8d29    0x54  Code  Lc  stm32h7xx_hal_eth.o [4]
ETH_IRQHandler           0x800'7e05     0xa  Code  Gb  stm32h7xx_it.o [2]
ETH_MACDMAConfig         0x800'8b55   0x130  Code  Lc  stm32h7xx_hal_eth.o [4]
ETH_MAC_MDIO_ClkConfig   0x800'8c85    0x60  Code  Lc  stm32h7xx_hal_eth.o [4]
ETH_PHY_IO_DeInit        0x800'7497     0x4  Code  Gb  eth.o [2]
ETH_PHY_IO_GetTick       0x800'74df     0x8  Code  Gb  eth.o [2]
ETH_PHY_IO_Init          0x800'748b     0xc  Code  Gb  eth.o [2]
ETH_PHY_IO_ReadReg       0x800'749b    0x22  Code  Gb  eth.o [2]
ETH_PHY_IO_WriteReg      0x800'74bd    0x22  Code  Gb  eth.o [2]
ETH_SetDMAConfig         0x800'8ab1    0xa4  Code  Lc  stm32h7xx_hal_eth.o [4]
ETH_SetMACConfig         0x800'8913   0x19e  Code  Lc  stm32h7xx_hal_eth.o [4]
Error_Handler            0x800'64a9     0x2  Code  Gb  main.o [2]
HAL_CRCEx_Polynomial_Set
                         0x800'7d25    0x74  Code  Gb  stm32h7xx_hal_crc_ex.o [4]
HAL_CRC_Calculate        0x800'6a0d    0x70  Code  Gb  stm32h7xx_hal_crc.o [4]
HAL_CRC_Init             0x800'697d    0x8a  Code  Gb  stm32h7xx_hal_crc.o [4]
HAL_CRC_MspInit          0x800'7d1f     0x2  Code  Gb  stm32h7xx_hal_msp.o [2]
HAL_DMA_Abort            0x800'2865   0x2f2  Code  Gb  stm32h7xx_hal_dma.o [4]
HAL_DMA_Abort_IT         0x800'2b5d   0x248  Code  Gb  stm32h7xx_hal_dma.o [4]
HAL_DMA_GetError         0x800'38a5     0x4  Code  Gb  stm32h7xx_hal_dma.o [4]
HAL_DMA_IRQHandler       0x800'2de5   0xa7a  Code  Gb  stm32h7xx_hal_dma.o [4]
HAL_DMA_Init             0x800'2185   0x38c  Code  Gb  stm32h7xx_hal_dma.o [4]
HAL_DMA_Start_IT         0x800'2551   0x2f0  Code  Gb  stm32h7xx_hal_dma.o [4]
HAL_ETH_BuildRxDescriptors
                         0x800'82b5    0x86  Code  Gb  stm32h7xx_hal_eth.o [4]
HAL_ETH_DMAErrorCallback
                         0x800'7599     0x2  Code  Gb  eth.o [2]
HAL_ETH_DescAssignMemory
                         0x800'7fdb    0x44  Code  Gb  stm32h7xx_hal_eth.o [4]
HAL_ETH_EEECallback      0x800'759f     0x2  Code  Gb  eth.o [2]
HAL_ETH_GetMACConfig     0x800'8579   0x20a  Code  Gb  stm32h7xx_hal_eth.o [4]
HAL_ETH_GetMACFilterConfig
                         0x800'8885    0x8e  Code  Gb  stm32h7xx_hal_eth.o [4]
HAL_ETH_GetRxDataBuffer
                         0x800'81e3    0xd2  Code  Gb  stm32h7xx_hal_eth.o [4]
HAL_ETH_IRQHandler       0x800'833b   0x150  Code  Gb  stm32h7xx_hal_eth.o [4]
HAL_ETH_Init             0x800'7e95   0x146  Code  Gb  stm32h7xx_hal_eth.o [4]
HAL_ETH_IsRxDataAvailable
                         0x800'80e9    0xfa  Code  Gb  stm32h7xx_hal_eth.o [4]
HAL_ETH_MACErrorCallback
                         0x800'759b     0x2  Code  Gb  eth.o [2]
HAL_ETH_MspInit          0x800'737f   0x106  Code  Gb  eth.o [2]
HAL_ETH_PMTCallback      0x800'759d     0x2  Code  Gb  eth.o [2]
HAL_ETH_ReadPHYRegister
                         0x800'848b    0x72  Code  Gb  stm32h7xx_hal_eth.o [4]
HAL_ETH_RxCpltCallback   0x800'74e7    0x52  Code  Gb  eth.o [2]
HAL_ETH_RxCpltCallback::RxBuff
                        0x2400'101c     0xc  Data  Lc  eth.o [2]
HAL_ETH_SetMACConfig     0x800'8783    0x24  Code  Gb  stm32h7xx_hal_eth.o [4]
HAL_ETH_SetMACFilterConfig
                         0x800'881d    0x68  Code  Gb  stm32h7xx_hal_eth.o [4]
HAL_ETH_SetMDIOClockRange
                         0x800'87a7    0x70  Code  Gb  stm32h7xx_hal_eth.o [4]
HAL_ETH_Start_IT         0x800'801f    0xca  Code  Gb  stm32h7xx_hal_eth.o [4]
HAL_ETH_TxCpltCallback   0x800'7539     0xe  Code  Gb  eth.o [2]
HAL_ETH_WakeUpCallback   0x800'75a1     0x2  Code  Gb  eth.o [2]
HAL_ETH_WritePHYRegister
                         0x800'84fd    0x76  Code  Gb  stm32h7xx_hal_eth.o [4]
HAL_GPIO_Init            0x800'5fdd   0x232  Code  Gb  stm32h7xx_hal_gpio.o [4]
HAL_GPIO_TogglePin       0x800'6229    0x22  Code  Gb  stm32h7xx_hal_gpio.o [4]
HAL_GPIO_WritePin        0x800'620f    0x1a  Code  Gb  stm32h7xx_hal_gpio.o [4]
HAL_GetREVID             0x800'7049     0xa  Code  Gb  stm32h7xx_hal.o [4]
HAL_GetTick              0x800'5fcd     0xc  Code  Gb  stm32h7xx_hal.o [4]
HAL_IncTick              0x800'907d    0x18  Code  Gb  stm32h7xx_hal.o [4]
HAL_Init                 0x800'6fe9    0x60  Code  Gb  stm32h7xx_hal.o [4]
HAL_InitTick             0x800'6f91    0x58  Code  Gb  stm32h7xx_hal.o [4]
HAL_MPU_ConfigRegion     0x800'67a1    0x58  Code  Gb  stm32h7xx_hal_cortex.o [4]
HAL_MPU_Disable          0x800'676b    0x18  Code  Gb  stm32h7xx_hal_cortex.o [4]
HAL_MPU_Enable           0x800'6783    0x1e  Code  Gb  stm32h7xx_hal_cortex.o [4]
HAL_MspInit              0x800'7d01    0x1e  Code  Gb  stm32h7xx_hal_msp.o [2]
HAL_NVIC_EnableIRQ       0x800'6751     0xe  Code  Gb  stm32h7xx_hal_cortex.o [4]
HAL_NVIC_SetPriority     0x800'672d    0x24  Code  Gb  stm32h7xx_hal_cortex.o [4]
HAL_NVIC_SetPriorityGrouping
                         0x800'6721     0xc  Code  Gb  stm32h7xx_hal_cortex.o [4]
HAL_PWREx_ConfigSupply   0x800'760d    0x58  Code  Gb  stm32h7xx_hal_pwr_ex.o [4]
HAL_RCCEx_GetD1SysClockFreq
                         0x800'5531    0x2a  Code  Gb  stm32h7xx_hal_rcc_ex.o [4]
HAL_RCCEx_GetD3PCLK1Freq
                         0x800'508d    0x1e  Code  Gb  stm32h7xx_hal_rcc_ex.o [4]
HAL_RCCEx_GetPLL2ClockFreq
                         0x800'50b9   0x22c  Code  Gb  stm32h7xx_hal_rcc_ex.o [4]
HAL_RCCEx_GetPLL3ClockFreq
                         0x800'52f1   0x228  Code  Gb  stm32h7xx_hal_rcc_ex.o [4]
HAL_RCCEx_PeriphCLKConfig
                         0x800'4565   0xb10  Code  Gb  stm32h7xx_hal_rcc_ex.o [4]
HAL_RCC_ClockConfig      0x800'5a1d   0x2e2  Code  Gb  stm32h7xx_hal_rcc.o [4]
HAL_RCC_GetHCLKFreq      0x800'5f25    0x22  Code  Gb  stm32h7xx_hal_rcc.o [4]
HAL_RCC_GetPCLK1Freq     0x800'5f47    0x1a  Code  Gb  stm32h7xx_hal_rcc.o [4]
HAL_RCC_GetPCLK2Freq     0x800'5f61    0x1a  Code  Gb  stm32h7xx_hal_rcc.o [4]
HAL_RCC_GetSysClockFreq
                         0x800'5d01   0x224  Code  Gb  stm32h7xx_hal_rcc.o [4]
HAL_RCC_OscConfig        0x800'766d   0x694  Code  Gb  stm32h7xx_hal_rcc.o [4]
HAL_RNG_GenerateRandomNumber
                         0x800'6f21    0x6a  Code  Gb  stm32h7xx_hal_rng.o [4]
HAL_RNG_Init             0x800'6ed9    0x48  Code  Gb  stm32h7xx_hal_rng.o [4]
HAL_RNG_MspInit          0x800'7e91     0x2  Code  Gb  stm32h7xx_hal_rng.o [4]
HAL_SYSCFG_ETHInterfaceSelect
                         0x800'7053    0x14  Code  Gb  stm32h7xx_hal.o [4]
HAL_SYSTICK_Config       0x800'675f     0xc  Code  Gb  stm32h7xx_hal_cortex.o [4]
HAL_TIMEx_Break2Callback
                         0x800'7e8b     0x2  Code  Gb  stm32h7xx_hal_tim_ex.o [4]
HAL_TIMEx_BreakCallback
                         0x800'7e89     0x2  Code  Gb  stm32h7xx_hal_tim_ex.o [4]
HAL_TIMEx_CommutCallback
                         0x800'7e8f     0x2  Code  Gb  stm32h7xx_hal_tim_ex.o [4]
HAL_TIM_Base_Init        0x800'6bb5    0x38  Code  Gb  stm32h7xx_hal_tim.o [4]
HAL_TIM_Base_MspInit     0x800'7d99     0x2  Code  Gb  stm32h7xx_hal_tim.o [4]
HAL_TIM_Base_Start_IT    0x800'6bed    0x32  Code  Gb  stm32h7xx_hal_tim.o [4]
HAL_TIM_Base_Stop_IT     0x800'6c1f    0x36  Code  Gb  stm32h7xx_hal_tim.o [4]
HAL_TIM_IC_CaptureCallback
                         0x800'7d9b     0x2  Code  Gb  stm32h7xx_hal_tim.o [4]
HAL_TIM_IRQHandler       0x800'6c59   0x194  Code  Gb  stm32h7xx_hal_tim.o [4]
HAL_TIM_OC_DelayElapsedCallback
                         0x800'7d9d     0x2  Code  Gb  stm32h7xx_hal_tim.o [4]
HAL_TIM_PWM_PulseFinishedCallback
                         0x800'7d9f     0x2  Code  Gb  stm32h7xx_hal_tim.o [4]
HAL_TIM_PeriodElapsedCallback
                         0x800'7e37    0x2a  Code  Gb  stm32h7xx_it.o [2]
HAL_TIM_TriggerCallback
                         0x800'7e8d     0x2  Code  Gb  stm32h7xx_hal_tim.o [4]
HAL_UARTEx_DisableFifoMode
                         0x800'64ad    0x46  Code  Gb  stm32h7xx_hal_uart_ex.o [4]
HAL_UARTEx_RxFifoFullCallback
                         0x800'4561     0x2  Code  Gb  stm32h7xx_hal_uart_ex.o [4]
HAL_UARTEx_SetRxFifoThreshold
                         0x800'6549    0x56  Code  Gb  stm32h7xx_hal_uart_ex.o [4]
HAL_UARTEx_SetTxFifoThreshold
                         0x800'64f3    0x56  Code  Gb  stm32h7xx_hal_uart_ex.o [4]
HAL_UARTEx_TxFifoEmptyCallback
                         0x800'455f     0x2  Code  Gb  stm32h7xx_hal_uart_ex.o [4]
HAL_UARTEx_WakeupCallback
                         0x800'455d     0x2  Code  Gb  stm32h7xx_hal_uart_ex.o [4]
HAL_UART_AbortCpltCallback
                         0x800'413f    0x10  Code  Gb  uart.o [2]
HAL_UART_AbortCpltCallback::abortCallbackCounter
                        0x2400'105a     0x2  Data  Lc  uart.o [2]
HAL_UART_Abort_IT        0x800'0471   0x11a  Code  Gb  stm32h7xx_hal_uart.o [4]
HAL_UART_DMAStop         0x800'03dd    0x94  Code  Gb  stm32h7xx_hal_uart.o [4]
HAL_UART_ErrorCallback   0x800'412f    0x10  Code  Gb  uart.o [2]
HAL_UART_ErrorCallback::errorCallbackCounter
                        0x2400'1058     0x2  Data  Lc  uart.o [2]
HAL_UART_IRQHandler      0x800'058b   0x198  Code  Gb  stm32h7xx_hal_uart.o [4]
HAL_UART_IdleLnCallback
                         0x800'414f   0x1c2  Code  Gb  uart.o [2]
HAL_UART_IdleLnCallback::crcError
                        0x2400'1050     0x4  Data  Lc  uart.o [2]
HAL_UART_IdleLnCallback::framelength
                        0x2400'1044     0x4  Data  Lc  uart.o [2]
HAL_UART_IdleLnCallback::framelengthError
                        0x2400'1048     0x4  Data  Lc  uart.o [2]
HAL_UART_IdleLnCallback::preAmbleError
                        0x2400'104c     0x4  Data  Lc  uart.o [2]
HAL_UART_IdleLnCallback::validBusFrame
                        0x2400'1054     0x4  Data  Lc  uart.o [2]
HAL_UART_Init            0x800'0299    0x7e  Code  Gb  stm32h7xx_hal_uart.o [4]
HAL_UART_MspInit         0x800'2159     0x2  Code  Gb  stm32h7xx_hal_uart.o [4]
HAL_UART_Receive_DMA     0x800'0317    0xc6  Code  Gb  stm32h7xx_hal_uart.o [4]
HAL_UART_RxCpltCallback
                         0x800'412d     0x2  Code  Gb  uart.o [2]
HAL_UART_RxHalfCpltCallback
                         0x800'5fd9     0x2  Code  Gb  stm32h7xx_hal_uart.o [4]
HAL_UART_TxCpltCallback
                         0x800'4101    0x2c  Code  Gb  uart.o [2]
HardFault_Handler        0x800'7da3     0x2  Code  Gb  stm32h7xx_it.o [2]
LAN8742                 0x2400'0fe8    0x20  Data  Gb  eth.o [2]
LAN8742_GetLinkState     0x800'8f0d    0xc8  Code  Gb  lan8742.o [4]
LAN8742_IOCtx           0x2400'0008    0x14  Data  Gb  eth.o [2]
LAN8742_Init             0x800'8e23    0xea  Code  Gb  lan8742.o [4]
LAN8742_RegisterBusIO    0x800'8ded    0x36  Code  Gb  lan8742.o [4]
LedTimHandle            0x2400'0ed0    0x40  Data  Gb  led.o [2]
MemManage_Handler        0x800'7da5     0x2  Code  Gb  stm32h7xx_it.o [2]
NMI_Handler              0x800'7da1     0x2  Code  Gb  stm32h7xx_it.o [2]
NVIC_EncodePriority      0x800'66af    0x42  Code  Lc  stm32h7xx_hal_cortex.o [4]
PendSV_Handler           0x800'7daf     0x2  Code  Gb  stm32h7xx_it.o [2]
RCCEx_PLL2_Config        0x800'5561   0x130  Code  Lc  stm32h7xx_hal_rcc_ex.o [4]
RCCEx_PLL3_Config        0x800'5691   0x130  Code  Lc  stm32h7xx_hal_rcc_ex.o [4]
Region$$Table$$Base      0x800'922c           --   Gb  - Linker created -
Region$$Table$$Limit     0x800'9270           --   Gb  - Linker created -
RngHandle               0x2400'1008    0x14  Data  Gb  uart.o [2]
Rx_Buff                 0x3004'0200   0xbf0  Data  Gb  eth.o [2]
SCB_CleanInvalidateDCache_by_Addr
                         0x800'7151    0x28  Code  Lc  eth.o [2]
SCB_CleanInvalidateDCache_by_Addr
                         0x800'3d65    0x28  Code  Lc  uart.o [2]
SCB_EnableDCache         0x800'62b1    0x56  Code  Lc  main.o [2]
SCB_EnableICache         0x800'6285    0x2c  Code  Lc  main.o [2]
SVC_Handler              0x800'7dab     0x2  Code  Gb  stm32h7xx_it.o [2]
SysTick_Config           0x800'66f1    0x30  Code  Lc  stm32h7xx_hal_cortex.o [4]
SysTick_Handler          0x800'7db1     0x8  Code  Gb  stm32h7xx_it.o [2]
SystemClock_Config       0x800'636b    0xfc  Code  Gb  main.o [2]
SystemCoreClock         0x2400'0020     0x4  Data  Gb  system_stm32h7xx.o [3]
SystemD2Clock           0x2400'0024     0x4  Data  Gb  system_stm32h7xx.o [3]
SystemInit               0x800'9095    0x9c  Code  Gb  system_stm32h7xx.o [3]
TIM2_IRQHandler          0x800'7e0f     0xa  Code  Gb  stm32h7xx_it.o [2]
TIM3_IRQHandler          0x800'7e19     0xa  Code  Gb  stm32h7xx_it.o [2]
TIM4_IRQHandler          0x800'7e23     0xa  Code  Gb  stm32h7xx_it.o [2]
TIM5_IRQHandler          0x800'7e2d     0xa  Code  Gb  stm32h7xx_it.o [2]
TIM_Base_SetConfig       0x800'6ded    0xca  Code  Gb  stm32h7xx_hal_tim.o [4]
TxConfig                0x2400'0f90    0x34  Data  Gb  eth.o [2]
Tx_Buff                 0x3004'4000  0x17e0  Data  Gb  eth.o [2]
UARTEx_SetNbDataToProcess
                         0x800'659f    0x8a  Code  Lc  stm32h7xx_hal_uart_ex.o [4]
UART_AdvFeatureConfig    0x800'1dbf    0xda  Code  Gb  stm32h7xx_hal_uart.o [4]
UART_CheckIdleState      0x800'1e99    0x6e  Code  Gb  stm32h7xx_hal_uart.o [4]
UART_DMAAbortOnError     0x800'2061    0x1a  Code  Lc  stm32h7xx_hal_uart.o [4]
UART_DMAError            0x800'200f    0x52  Code  Lc  stm32h7xx_hal_uart.o [4]
UART_DMAReceiveCplt      0x800'1fbb    0x46  Code  Lc  stm32h7xx_hal_uart.o [4]
UART_DMARxAbortCallback
                         0x800'20d5    0x52  Code  Lc  stm32h7xx_hal_uart.o [4]
UART_DMARxHalfCplt       0x800'2001     0xe  Code  Lc  stm32h7xx_hal_uart.o [4]
UART_DMATxAbortCallback
                         0x800'207b    0x5a  Code  Lc  stm32h7xx_hal_uart.o [4]
UART_EndRxTransfer       0x800'1f95    0x26  Code  Lc  stm32h7xx_hal_uart.o [4]
UART_EndTransmit_IT      0x800'2127    0x22  Code  Lc  stm32h7xx_hal_uart.o [4]
UART_EndTxTransfer       0x800'1f75    0x20  Code  Lc  stm32h7xx_hal_uart.o [4]
UART_SetConfig           0x800'0745  0x167a  Code  Gb  stm32h7xx_hal_uart.o [4]
UART_WaitOnFlagUntilTimeout
                         0x800'1f07    0x6e  Code  Gb  stm32h7xx_hal_uart.o [4]
USART2_IRQHandler        0x800'7dcd    0x38  Code  Gb  stm32h7xx_it.o [2]
UsageFault_Handler       0x800'7da9     0x2  Code  Gb  stm32h7xx_it.o [2]
__NVIC_EnableIRQ         0x800'6663    0x20  Code  Lc  stm32h7xx_hal_cortex.o [4]
__NVIC_GetPriorityGrouping
                         0x800'6657     0xc  Code  Lc  stm32h7xx_hal_cortex.o [4]
__NVIC_SetPriority       0x800'6683    0x2c  Code  Lc  stm32h7xx_hal_cortex.o [4]
__NVIC_SetPriorityGrouping
                         0x800'6635    0x22  Code  Lc  stm32h7xx_hal_cortex.o [4]
__aeabi_ldiv0            0x800'6f8d          Code  Gb  I64DivZer.o [7]
__aeabi_memcpy           0x800'8fd5          Code  Gb  ABImemcpy.o [7]
__aeabi_memcpy4          0x800'8ff5          Code  Gb  ABImemcpy.o [7]
__aeabi_memcpy8          0x800'8ff5          Code  Gb  ABImemcpy.o [7]
__aeabi_memset           0x800'75a5          Code  Gb  ABImemset.o [7]
__aeabi_uldivmod         0x800'57ed          Code  Gb  I64DivMod.o [7]
__cmain                  0x800'9271          Code  Gb  cmain.o [7]
__exit                   0x800'92a5    0x14  Code  Gb  exit.o [8]
__iar_Memset             0x800'75a5          Code  Gb  ABImemset.o [7]
__iar_Memset_word        0x800'75ad          Code  Gb  ABImemset.o [7]
__iar_copy_init3         0x800'215b    0x2a  Code  Gb  copy_init3.o [7]
__iar_data_init3         0x800'91e1    0x28  Code  Gb  data_init.o [7]
__iar_init_vfp           0x800'9209          Code  Gb  fpinit_M.o [6]
__iar_program_start      0x800'92b9          Code  Gb  cstartup_M.o [7]
__iar_zero_init3         0x800'917d    0x38  Code  Gb  zero_init3.o [7]
__low_level_init         0x800'928f     0x4  Code  Gb  low_level_init.o [5]
__vector_table           0x800'0000          Data  Gb  startup_stm32h743xx.o [1]
_call_main               0x800'927d          Code  Gb  cmain.o [7]
_exit                    0x800'9299          Code  Gb  cexit.o [7]
bus_framegapTimer_init   0x800'43a5    0x58  Code  Lc  uart.o [2]
bus_randomTimer_init     0x800'4311    0x56  Code  Lc  uart.o [2]
bus_uart_framegapTimeoutCallback
                         0x800'443b    0x14  Code  Gb  uart.o [2]
bus_uart_getRandomNumber
                         0x800'447d     0xe  Code  Lc  uart.o [2]
bus_uart_randomTimeoutCallback
                         0x800'4395    0x10  Code  Gb  uart.o [2]
bus_uart_rng_init        0x800'444f    0x2e  Code  Lc  uart.o [2]
bus_uart_startFramegap   0x800'43fd    0x3e  Code  Gb  uart.o [2]
bus_uart_startRandomTimeout
                         0x800'4367    0x2e  Code  Lc  uart.o [2]
crc_init                 0x800'402d    0x64  Code  Lc  uart.o [2]
ethBuffer               0x2400'0648   0x61c  Data  Lc  main.o [2]
ethQueue                0x2400'102c     0x4  Data  Lc  eth.o [2]
ethQueue                0x2400'0e48    0x44  Data  Lc  main.o [2]
ethQueue                0x2400'103c     0x4  Data  Lc  uart.o [2]
eth_init                 0x800'7219   0x166  Code  Gb  eth.o [2]
eth_output               0x800'7485     0x6  Code  Gb  eth.o [2]
exit                     0x800'9293     0x4  Code  Gb  exit.o [5]
framegapTimeoutFlag     0x2400'002a     0x1  Data  Lc  uart.o [2]
get_ethQueue             0x800'6363     0x4  Code  Gb  main.o [2]
get_uartQueue            0x800'6367     0x4  Code  Gb  main.o [2]
hcrc                    0x2400'0fc4    0x24  Data  Gb  uart.o [2]
hdma_usart2_rx          0x2400'0cf0    0x78  Data  Gb  uart.o [2]
hdma_usart2_tx          0x2400'0d68    0x78  Data  Gb  uart.o [2]
heth                    0x2400'0de0    0x68  Data  Gb  eth.o [2]
huart2                  0x2400'0c64    0x8c  Data  Gb  uart.o [2]
led_gpio_init            0x800'708d    0x34  Code  Lc  led.o [2]
led_init                 0x800'7081     0xc  Code  Gb  led.o [2]
led_ledTimerCallback     0x800'712b     0xc  Code  Gb  led.o [2]
led_timer_init           0x800'70c1    0x6a  Code  Lc  led.o [2]
macaddress              0x2400'0000     0x8  Data  Lc  eth.o [2]
main                     0x800'6307    0x5c  Code  Gb  main.o [2]
memcmp                   0x800'6b4d          Code  Gb  memcmp.o [7]
mpu_eth_config           0x800'7179    0xa0  Code  Lc  eth.o [2]
preAmbleSFD              0x800'930c     0x8  Data  Lc  uart.o [2]
queue_dequeue            0x800'6895    0x5a  Code  Gb  queue.o [2]
queue_enqueue            0x800'68ef    0x8a  Code  Gb  queue.o [2]
queue_getHeadBuffer      0x800'6979     0x4  Code  Gb  queue.o [2]
queue_init               0x800'682d    0x2c  Code  Gb  queue.o [2]
queue_manager            0x800'6859    0x3c  Code  Gb  queue.o [2]
randomTimeoutFlag       0x2400'0029     0x1  Data  Lc  uart.o [2]
rxBuffer                0x2400'1034     0x4  Data  Lc  uart.o [2]
uartBuffer              0x2400'002c   0x61c  Data  Gb  main.o [2]
uartQueue               0x2400'1028     0x4  Data  Lc  eth.o [2]
uartQueue               0x2400'0e8c    0x44  Data  Lc  main.o [2]
uartQueue               0x2400'1038     0x4  Data  Lc  uart.o [2]
uart_calcCRC             0x800'4097    0x14  Code  Lc  uart.o [2]
uart_init                0x800'3d8d   0x2a0  Code  Gb  uart.o [2]
uart_output              0x800'4091     0x6  Code  Gb  uart.o [2]
uart_receive             0x800'40ab    0x56  Code  Lc  uart.o [2]
uart_receive::uart_rx_err_counter
                        0x2400'1040     0x4  Data  Lc  uart.o [2]
uwTick                  0x2400'1030     0x4  Data  Lc  stm32h7xx_hal.o [4]
uwTickFreq              0x2400'0028     0x1  Data  Lc  stm32h7xx_hal.o [4]
uwTickPrio              0x2400'001c     0x4  Data  Lc  stm32h7xx_hal.o [4]


[1] = D:\GitHub\ETH_over_RS485_Converter_Baremetal\EWARM\ETH_RS485_Networkbridge\Obj\Application\EWARM
[2] = D:\GitHub\ETH_over_RS485_Converter_Baremetal\EWARM\ETH_RS485_Networkbridge\Obj\Application\User
[3] = D:\GitHub\ETH_over_RS485_Converter_Baremetal\EWARM\ETH_RS485_Networkbridge\Obj\Drivers\CMSIS
[4] = D:\GitHub\ETH_over_RS485_Converter_Baremetal\EWARM\ETH_RS485_Networkbridge\Obj\Drivers\STM32H7xx_HAL_Driver
[5] = dl7M_tlf.a
[6] = m7M_tlv.a
[7] = rt7M_tl.a
[8] = shb_l.a

   38'014 bytes of readonly  code memory
      162 bytes of readonly  data memory
  132'187 bytes of readwrite data memory (+ 9'312 absolute)

Errors: none
Warnings: none
