###############################################################################
#
# IAR ELF Linker V9.10.1.308/W64 for ARM                  01/Jul/2021  08:01:46
# Copyright 2007-2021 IAR Systems AB.
#
#    Output file  =
#        D:\GitHub\ETH_over_RS485_Converter_Baremetal\EWARM\ETH_RS485_Networkbridge\Exe\ETH_RS485_Networkbridge.out
#    Map file     =
#        D:\GitHub\ETH_over_RS485_Converter_Baremetal\EWARM\ETH_RS485_Networkbridge\List\ETH_RS485_Networkbridge.map
#    Command line =
#        -f
#        D:\GitHub\ETH_over_RS485_Converter_Baremetal\EWARM\ETH_RS485_Networkbridge\Exe\ETH_RS485_Networkbridge.out.rsp
#        (D:\GitHub\ETH_over_RS485_Converter_Baremetal\EWARM\ETH_RS485_Networkbridge\Obj\Application\User\eth.o
#        D:\GitHub\ETH_over_RS485_Converter_Baremetal\EWARM\ETH_RS485_Networkbridge\Obj\Drivers\STM32H7xx_HAL_Driver\lan8742.o
#        D:\GitHub\ETH_over_RS485_Converter_Baremetal\EWARM\ETH_RS485_Networkbridge\Obj\Application\User\led.o
#        D:\GitHub\ETH_over_RS485_Converter_Baremetal\EWARM\ETH_RS485_Networkbridge\Obj\Application\User\main.o
#        D:\GitHub\ETH_over_RS485_Converter_Baremetal\EWARM\ETH_RS485_Networkbridge\Obj\Application\User\queue.o
#        D:\GitHub\ETH_over_RS485_Converter_Baremetal\EWARM\ETH_RS485_Networkbridge\Obj\Application\EWARM\startup_stm32h743xx.o
#        D:\GitHub\ETH_over_RS485_Converter_Baremetal\EWARM\ETH_RS485_Networkbridge\Obj\Drivers\STM32H7xx_HAL_Driver\stm32h7xx_hal.o
#        D:\GitHub\ETH_over_RS485_Converter_Baremetal\EWARM\ETH_RS485_Networkbridge\Obj\Drivers\STM32H7xx_HAL_Driver\stm32h7xx_hal_cortex.o
#        D:\GitHub\ETH_over_RS485_Converter_Baremetal\EWARM\ETH_RS485_Networkbridge\Obj\Drivers\STM32H7xx_HAL_Driver\stm32h7xx_hal_crc.o
#        D:\GitHub\ETH_over_RS485_Converter_Baremetal\EWARM\ETH_RS485_Networkbridge\Obj\Drivers\STM32H7xx_HAL_Driver\stm32h7xx_hal_crc_ex.o
#        D:\GitHub\ETH_over_RS485_Converter_Baremetal\EWARM\ETH_RS485_Networkbridge\Obj\Drivers\STM32H7xx_HAL_Driver\stm32h7xx_hal_dma.o
#        D:\GitHub\ETH_over_RS485_Converter_Baremetal\EWARM\ETH_RS485_Networkbridge\Obj\Drivers\STM32H7xx_HAL_Driver\stm32h7xx_hal_dma_ex.o
#        D:\GitHub\ETH_over_RS485_Converter_Baremetal\EWARM\ETH_RS485_Networkbridge\Obj\Drivers\STM32H7xx_HAL_Driver\stm32h7xx_hal_eth.o
#        D:\GitHub\ETH_over_RS485_Converter_Baremetal\EWARM\ETH_RS485_Networkbridge\Obj\Drivers\STM32H7xx_HAL_Driver\stm32h7xx_hal_eth_ex.o
#        D:\GitHub\ETH_over_RS485_Converter_Baremetal\EWARM\ETH_RS485_Networkbridge\Obj\Drivers\STM32H7xx_HAL_Driver\stm32h7xx_hal_flash.o
#        D:\GitHub\ETH_over_RS485_Converter_Baremetal\EWARM\ETH_RS485_Networkbridge\Obj\Drivers\STM32H7xx_HAL_Driver\stm32h7xx_hal_flash_ex.o
#        D:\GitHub\ETH_over_RS485_Converter_Baremetal\EWARM\ETH_RS485_Networkbridge\Obj\Drivers\STM32H7xx_HAL_Driver\stm32h7xx_hal_gpio.o
#        D:\GitHub\ETH_over_RS485_Converter_Baremetal\EWARM\ETH_RS485_Networkbridge\Obj\Drivers\STM32H7xx_HAL_Driver\stm32h7xx_hal_hsem.o
#        D:\GitHub\ETH_over_RS485_Converter_Baremetal\EWARM\ETH_RS485_Networkbridge\Obj\Drivers\STM32H7xx_HAL_Driver\stm32h7xx_hal_i2c.o
#        D:\GitHub\ETH_over_RS485_Converter_Baremetal\EWARM\ETH_RS485_Networkbridge\Obj\Drivers\STM32H7xx_HAL_Driver\stm32h7xx_hal_i2c_ex.o
#        D:\GitHub\ETH_over_RS485_Converter_Baremetal\EWARM\ETH_RS485_Networkbridge\Obj\Drivers\STM32H7xx_HAL_Driver\stm32h7xx_hal_mdma.o
#        D:\GitHub\ETH_over_RS485_Converter_Baremetal\EWARM\ETH_RS485_Networkbridge\Obj\Application\User\stm32h7xx_hal_msp.o
#        D:\GitHub\ETH_over_RS485_Converter_Baremetal\EWARM\ETH_RS485_Networkbridge\Obj\Drivers\STM32H7xx_HAL_Driver\stm32h7xx_hal_pwr.o
#        D:\GitHub\ETH_over_RS485_Converter_Baremetal\EWARM\ETH_RS485_Networkbridge\Obj\Drivers\STM32H7xx_HAL_Driver\stm32h7xx_hal_pwr_ex.o
#        D:\GitHub\ETH_over_RS485_Converter_Baremetal\EWARM\ETH_RS485_Networkbridge\Obj\Drivers\STM32H7xx_HAL_Driver\stm32h7xx_hal_rcc.o
#        D:\GitHub\ETH_over_RS485_Converter_Baremetal\EWARM\ETH_RS485_Networkbridge\Obj\Drivers\STM32H7xx_HAL_Driver\stm32h7xx_hal_rcc_ex.o
#        D:\GitHub\ETH_over_RS485_Converter_Baremetal\EWARM\ETH_RS485_Networkbridge\Obj\Drivers\STM32H7xx_HAL_Driver\stm32h7xx_hal_rng.o
#        D:\GitHub\ETH_over_RS485_Converter_Baremetal\EWARM\ETH_RS485_Networkbridge\Obj\Drivers\STM32H7xx_HAL_Driver\stm32h7xx_hal_tim.o
#        D:\GitHub\ETH_over_RS485_Converter_Baremetal\EWARM\ETH_RS485_Networkbridge\Obj\Drivers\STM32H7xx_HAL_Driver\stm32h7xx_hal_tim_ex.o
#        D:\GitHub\ETH_over_RS485_Converter_Baremetal\EWARM\ETH_RS485_Networkbridge\Obj\Drivers\STM32H7xx_HAL_Driver\stm32h7xx_hal_uart.o
#        D:\GitHub\ETH_over_RS485_Converter_Baremetal\EWARM\ETH_RS485_Networkbridge\Obj\Drivers\STM32H7xx_HAL_Driver\stm32h7xx_hal_uart_ex.o
#        D:\GitHub\ETH_over_RS485_Converter_Baremetal\EWARM\ETH_RS485_Networkbridge\Obj\Application\User\stm32h7xx_it.o
#        D:\GitHub\ETH_over_RS485_Converter_Baremetal\EWARM\ETH_RS485_Networkbridge\Obj\Drivers\CMSIS\system_stm32h7xx.o
#        D:\GitHub\ETH_over_RS485_Converter_Baremetal\EWARM\ETH_RS485_Networkbridge\Obj\Application\User\uart.o
#        --redirect _Printf=_PrintfFull --redirect _Scanf=_ScanfFull
#        --no_out_extension -o
#        D:\GitHub\ETH_over_RS485_Converter_Baremetal\EWARM\ETH_RS485_Networkbridge\Exe\ETH_RS485_Networkbridge.out
#        --map
#        D:\GitHub\ETH_over_RS485_Converter_Baremetal\EWARM\ETH_RS485_Networkbridge\List\ETH_RS485_Networkbridge.map
#        --config
#        D:\GitHub\ETH_over_RS485_Converter_Baremetal\EWARM/stm32h743xx_flash.icf
#        --semihosting --entry __iar_program_start --vfe --text_out locale)
#
###############################################################################

*******************************************************************************
*** RUNTIME MODEL ATTRIBUTES
***

CppFlavor       = *
__SystemLibrary = DLib
__dlib_version  = 6


*******************************************************************************
*** HEAP SELECTION
***

The basic heap was selected because no calls to memory allocation
functions were found in the application outside of system library
functions, and there are calls to deallocation functions in the
application.


*******************************************************************************
*** PLACEMENT SUMMARY
***

"A0":  place at address 0x800'0000 { ro section .intvec };
"P1":  place in [from 0x800'0000 to 0x81f'ffff] { ro };
define block CSTACK with size = 125K, alignment = 8 { };
define block HEAP with size = 375K, alignment = 8 { };
"P2":  place in [from 0x2400'0000 to 0x2407'ffff] {
          rw, block CSTACK, block HEAP };
initialize by copy { rw };

  Section            Kind         Address      Size  Object
  -------            ----         -------      ----  ------
"A0":                                         0x298
  .intvec            ro code   0x800'0000     0x298  startup_stm32h743xx.o [1]
                             - 0x800'0298     0x298

"P1":                                        0x9e46
  .text              ro code   0x800'0298    0x283c  stm32h7xx_hal_rcc_ex.o [4]
  .text              ro code   0x800'2ad4       0xc  stm32h7xx_hal.o [4]
  .text              ro code   0x800'2ae0     0x550  stm32h7xx_hal_rcc.o [4]
  .text              ro code   0x800'3030      0x48  stm32h7xx_hal.o [4]
  .text              ro code   0x800'3078     0x154  stm32h7xx_hal_cortex.o [4]
  .text              ro code   0x800'31cc    0x1a70  stm32h7xx_hal_uart.o [4]
  .text              ro code   0x800'4c3c       0x2  stm32h7xx_hal_uart.o [4]
  .text              ro code   0x800'4c3e      0x3a  packbits_init_single.o [7]
  .text              ro code   0x800'4c78    0x1558  stm32h7xx_hal_dma.o [4]
  .text              ro code   0x800'61d0     0x798  uart.o [2]
  .text              ro code   0x800'6968       0x2  stm32h7xx_hal_uart_ex.o [4]
  .text              ro code   0x800'696a       0x2  stm32h7xx_hal_uart_ex.o [4]
  .text              ro code   0x800'696c       0x2  stm32h7xx_hal_uart_ex.o [4]
  .text              ro code   0x800'6970     0x230  I64DivMod.o [7]
  .text              ro code   0x800'6ba0       0x2  stm32h7xx_hal_uart.o [4]
  .text              ro code   0x800'6ba2       0x2  stm32h7xx_hal_uart.o [4]
  .text              ro code   0x800'6ba4     0x2ee  stm32h7xx_hal_crc.o [4]
  .text              ro code   0x800'6e94     0x1de  main.o [2]
  .text              ro code   0x800'7072      0xa2  stm32h7xx_hal_rng.o [4]
  .text              ro code   0x800'7114     0x2ca  stm32h7xx_hal_tim.o [4]
  .text              ro code   0x800'73e0     0x248  stm32h7xx_hal_gpio.o [4]
  .text              ro code   0x800'7628     0x194  stm32h7xx_hal_uart_ex.o [4]
  .text              ro code   0x800'77bc     0x214  queue.o [2]
  .text              ro code   0x800'79d0      0x68  memcmp.o [7]
  .text              ro code   0x800'7a38       0x2  I64DivZer.o [7]
  .text              ro code   0x800'7a3c      0x20  stm32h7xx_hal_msp.o [2]
  .text              ro code   0x800'7a5c      0x54  stm32h7xx_hal_crc_ex.o [4]
  .text              ro code   0x800'7ab0      0x80  stm32h7xx_hal.o [4]
  .text              ro code   0x800'7b30       0x6  ABImemclr4.o [7]
  .text              ro code   0x800'7b38      0x4c  stm32h7xx_hal_pwr_ex.o [4]
  .text              ro code   0x800'7b84     0x4b4  stm32h7xx_hal_rcc.o [4]
  .text              ro code   0x800'8038      0xa0  led.o [2]
  .text              ro code   0x800'80d8     0x3e6  eth.o [2]
  .text              ro code   0x800'84be       0x2  stm32h7xx_hal_rng.o [4]
  .text              ro code   0x800'84c0       0x2  stm32h7xx_hal_tim.o [4]
  .text              ro code   0x800'84c2       0x2  stm32h7xx_hal_tim.o [4]
  .text              ro code   0x800'84c4       0x2  stm32h7xx_hal_tim.o [4]
  .text              ro code   0x800'84c6       0x2  stm32h7xx_hal_tim.o [4]
  .text              ro code   0x800'84c8      0xc4  stm32h7xx_it.o [2]
  .text              ro code   0x800'858c       0x2  stm32h7xx_hal_tim_ex.o [4]
  .text              ro code   0x800'858e       0x2  stm32h7xx_hal_tim_ex.o [4]
  .text              ro code   0x800'8590       0x2  stm32h7xx_hal_tim.o [4]
  .text              ro code   0x800'8592       0x2  stm32h7xx_hal_tim_ex.o [4]
  .text              ro code   0x800'8594      0x32  ABImemset48.o [7]
  .text              ro code   0x800'85c8    0x146c  stm32h7xx_hal_eth.o [4]
  .text              ro code   0x800'9a34     0x1ce  lan8742.o [4]
  .text              ro code   0x800'9c04      0xa6  ABImemcpy.o [7]
  .text              ro code   0x800'9cac      0x10  stm32h7xx_hal.o [4]
  .text              ro code   0x800'9cbc      0x8c  system_stm32h7xx.o [3]
  .text              ro code   0x800'9d48      0x38  zero_init3.o [7]
  .text              ro code   0x800'9d80      0x28  data_init.o [7]
  .text              ro code   0x800'9da8      0x22  fpinit_M.o [6]
  .iar.init_table    const     0x800'9dcc      0x40  - Linker created -
  .text              ro code   0x800'9e0c      0x1e  cmain.o [7]
  .text              ro code   0x800'9e2a       0x4  low_level_init.o [5]
  .text              ro code   0x800'9e2e       0x4  exit.o [5]
  .text              ro code   0x800'9e34       0xa  cexit.o [7]
  .text              ro code   0x800'9e40      0x14  exit.o [8]
  .text              ro code   0x800'9e54      0x1c  cstartup_M.o [7]
  .text              ro code   0x800'9e70      0x10  startup_stm32h743xx.o [1]
  .text              ro code   0x800'9e80       0x4  startup_stm32h743xx.o [1]
  .text              ro code   0x800'9e84       0x4  startup_stm32h743xx.o [1]
  .text              ro code   0x800'9e88       0x4  startup_stm32h743xx.o [1]
  .text              ro code   0x800'9e8c       0x4  startup_stm32h743xx.o [1]
  .text              ro code   0x800'9e90       0x4  startup_stm32h743xx.o [1]
  .text              ro code   0x800'9e94       0x4  startup_stm32h743xx.o [1]
  .text              ro code   0x800'9e98       0x4  startup_stm32h743xx.o [1]
  .text              ro code   0x800'9e9c       0x4  startup_stm32h743xx.o [1]
  .text              ro code   0x800'9ea0       0x4  startup_stm32h743xx.o [1]
  .text              ro code   0x800'9ea4       0x4  startup_stm32h743xx.o [1]
  .text              ro code   0x800'9ea8       0x4  startup_stm32h743xx.o [1]
  .text              ro code   0x800'9eac       0x4  startup_stm32h743xx.o [1]
  .text              ro code   0x800'9eb0       0x4  startup_stm32h743xx.o [1]
  .text              ro code   0x800'9eb4       0x4  startup_stm32h743xx.o [1]
  .text              ro code   0x800'9eb8       0x4  startup_stm32h743xx.o [1]
  .text              ro code   0x800'9ebc       0x4  startup_stm32h743xx.o [1]
  .text              ro code   0x800'9ec0       0x4  startup_stm32h743xx.o [1]
  .text              ro code   0x800'9ec4       0x4  startup_stm32h743xx.o [1]
  .text              ro code   0x800'9ec8       0x4  startup_stm32h743xx.o [1]
  .text              ro code   0x800'9ecc       0x4  startup_stm32h743xx.o [1]
  .text              ro code   0x800'9ed0       0x4  startup_stm32h743xx.o [1]
  .text              ro code   0x800'9ed4       0x4  startup_stm32h743xx.o [1]
  .text              ro code   0x800'9ed8       0x4  startup_stm32h743xx.o [1]
  .text              ro code   0x800'9edc       0x4  startup_stm32h743xx.o [1]
  .text              ro code   0x800'9ee0       0x4  startup_stm32h743xx.o [1]
  .text              ro code   0x800'9ee4       0x4  startup_stm32h743xx.o [1]
  .text              ro code   0x800'9ee8       0x4  startup_stm32h743xx.o [1]
  .text              ro code   0x800'9eec       0x4  startup_stm32h743xx.o [1]
  .text              ro code   0x800'9ef0       0x4  startup_stm32h743xx.o [1]
  .text              ro code   0x800'9ef4       0x4  startup_stm32h743xx.o [1]
  .text              ro code   0x800'9ef8       0x4  startup_stm32h743xx.o [1]
  .text              ro code   0x800'9efc       0x4  startup_stm32h743xx.o [1]
  .text              ro code   0x800'9f00       0x4  startup_stm32h743xx.o [1]
  .text              ro code   0x800'9f04       0x4  startup_stm32h743xx.o [1]
  .text              ro code   0x800'9f08       0x4  startup_stm32h743xx.o [1]
  .text              ro code   0x800'9f0c       0x4  startup_stm32h743xx.o [1]
  .text              ro code   0x800'9f10       0x4  startup_stm32h743xx.o [1]
  .text              ro code   0x800'9f14       0x4  startup_stm32h743xx.o [1]
  .text              ro code   0x800'9f18       0x4  startup_stm32h743xx.o [1]
  .text              ro code   0x800'9f1c       0x4  startup_stm32h743xx.o [1]
  .text              ro code   0x800'9f20       0x4  startup_stm32h743xx.o [1]
  .text              ro code   0x800'9f24       0x4  startup_stm32h743xx.o [1]
  .text              ro code   0x800'9f28       0x4  startup_stm32h743xx.o [1]
  .text              ro code   0x800'9f2c       0x4  startup_stm32h743xx.o [1]
  .text              ro code   0x800'9f30       0x4  startup_stm32h743xx.o [1]
  .text              ro code   0x800'9f34       0x4  startup_stm32h743xx.o [1]
  .text              ro code   0x800'9f38       0x4  startup_stm32h743xx.o [1]
  .text              ro code   0x800'9f3c       0x4  startup_stm32h743xx.o [1]
  .text              ro code   0x800'9f40       0x4  startup_stm32h743xx.o [1]
  .text              ro code   0x800'9f44       0x4  startup_stm32h743xx.o [1]
  .text              ro code   0x800'9f48       0x4  startup_stm32h743xx.o [1]
  .text              ro code   0x800'9f4c       0x4  startup_stm32h743xx.o [1]
  .text              ro code   0x800'9f50       0x4  startup_stm32h743xx.o [1]
  .text              ro code   0x800'9f54       0x4  startup_stm32h743xx.o [1]
  .text              ro code   0x800'9f58       0x4  startup_stm32h743xx.o [1]
  .text              ro code   0x800'9f5c       0x4  startup_stm32h743xx.o [1]
  .text              ro code   0x800'9f60       0x4  startup_stm32h743xx.o [1]
  .text              ro code   0x800'9f64       0x4  startup_stm32h743xx.o [1]
  .text              ro code   0x800'9f68       0x4  startup_stm32h743xx.o [1]
  .text              ro code   0x800'9f6c       0x4  startup_stm32h743xx.o [1]
  .text              ro code   0x800'9f70       0x4  startup_stm32h743xx.o [1]
  .text              ro code   0x800'9f74       0x4  startup_stm32h743xx.o [1]
  .text              ro code   0x800'9f78       0x4  startup_stm32h743xx.o [1]
  .text              ro code   0x800'9f7c       0x4  startup_stm32h743xx.o [1]
  .text              ro code   0x800'9f80       0x4  startup_stm32h743xx.o [1]
  .text              ro code   0x800'9f84       0x4  startup_stm32h743xx.o [1]
  .text              ro code   0x800'9f88       0x4  startup_stm32h743xx.o [1]
  .text              ro code   0x800'9f8c       0x4  startup_stm32h743xx.o [1]
  .text              ro code   0x800'9f90       0x4  startup_stm32h743xx.o [1]
  .text              ro code   0x800'9f94       0x4  startup_stm32h743xx.o [1]
  .text              ro code   0x800'9f98       0x4  startup_stm32h743xx.o [1]
  .text              ro code   0x800'9f9c       0x4  startup_stm32h743xx.o [1]
  .text              ro code   0x800'9fa0       0x4  startup_stm32h743xx.o [1]
  .text              ro code   0x800'9fa4       0x4  startup_stm32h743xx.o [1]
  .text              ro code   0x800'9fa8       0x4  startup_stm32h743xx.o [1]
  .text              ro code   0x800'9fac       0x4  startup_stm32h743xx.o [1]
  .text              ro code   0x800'9fb0       0x4  startup_stm32h743xx.o [1]
  .text              ro code   0x800'9fb4       0x4  startup_stm32h743xx.o [1]
  .text              ro code   0x800'9fb8       0x4  startup_stm32h743xx.o [1]
  .text              ro code   0x800'9fbc       0x4  startup_stm32h743xx.o [1]
  .text              ro code   0x800'9fc0       0x4  startup_stm32h743xx.o [1]
  .text              ro code   0x800'9fc4       0x4  startup_stm32h743xx.o [1]
  .text              ro code   0x800'9fc8       0x4  startup_stm32h743xx.o [1]
  .text              ro code   0x800'9fcc       0x4  startup_stm32h743xx.o [1]
  .text              ro code   0x800'9fd0       0x4  startup_stm32h743xx.o [1]
  .text              ro code   0x800'9fd4       0x4  startup_stm32h743xx.o [1]
  .text              ro code   0x800'9fd8       0x4  startup_stm32h743xx.o [1]
  .text              ro code   0x800'9fdc       0x4  startup_stm32h743xx.o [1]
  .text              ro code   0x800'9fe0       0x4  startup_stm32h743xx.o [1]
  .text              ro code   0x800'9fe4       0x4  startup_stm32h743xx.o [1]
  .text              ro code   0x800'9fe8       0x4  startup_stm32h743xx.o [1]
  .text              ro code   0x800'9fec       0x4  startup_stm32h743xx.o [1]
  .text              ro code   0x800'9ff0       0x4  startup_stm32h743xx.o [1]
  .text              ro code   0x800'9ff4       0x4  startup_stm32h743xx.o [1]
  .text              ro code   0x800'9ff8       0x4  startup_stm32h743xx.o [1]
  .text              ro code   0x800'9ffc       0x4  startup_stm32h743xx.o [1]
  .text              ro code   0x800'a000       0x4  startup_stm32h743xx.o [1]
  .text              ro code   0x800'a004       0x4  startup_stm32h743xx.o [1]
  .text              ro code   0x800'a008       0x4  startup_stm32h743xx.o [1]
  .text              ro code   0x800'a00c       0x4  startup_stm32h743xx.o [1]
  .text              ro code   0x800'a010       0x4  startup_stm32h743xx.o [1]
  .text              ro code   0x800'a014       0x4  startup_stm32h743xx.o [1]
  .text              ro code   0x800'a018       0x4  startup_stm32h743xx.o [1]
  .text              ro code   0x800'a01c       0x4  startup_stm32h743xx.o [1]
  .text              ro code   0x800'a020       0x4  startup_stm32h743xx.o [1]
  .text              ro code   0x800'a024       0x4  startup_stm32h743xx.o [1]
  .text              ro code   0x800'a028       0x4  startup_stm32h743xx.o [1]
  .text              ro code   0x800'a02c       0x4  startup_stm32h743xx.o [1]
  .text              ro code   0x800'a030       0x4  startup_stm32h743xx.o [1]
  .text              ro code   0x800'a034       0x4  startup_stm32h743xx.o [1]
  .text              ro code   0x800'a038       0x4  startup_stm32h743xx.o [1]
  .text              ro code   0x800'a03c       0x4  startup_stm32h743xx.o [1]
  .text              ro code   0x800'a040       0x4  startup_stm32h743xx.o [1]
  .text              ro code   0x800'a044       0x4  startup_stm32h743xx.o [1]
  .text              ro code   0x800'a048       0x4  startup_stm32h743xx.o [1]
  .text              ro code   0x800'a04c       0x4  startup_stm32h743xx.o [1]
  .text              ro code   0x800'a050       0x4  startup_stm32h743xx.o [1]
  .text              ro code   0x800'a054       0x4  startup_stm32h743xx.o [1]
  .text              ro code   0x800'a058       0x4  startup_stm32h743xx.o [1]
  .text              ro code   0x800'a05c       0x4  startup_stm32h743xx.o [1]
  .text              ro code   0x800'a060       0x4  startup_stm32h743xx.o [1]
  .text              ro code   0x800'a064       0x4  startup_stm32h743xx.o [1]
  .text              ro code   0x800'a068       0x4  startup_stm32h743xx.o [1]
  .text              ro code   0x800'a06c       0x4  startup_stm32h743xx.o [1]
  .text              ro code   0x800'a070       0x4  startup_stm32h743xx.o [1]
  .text              ro code   0x800'a074       0x4  startup_stm32h743xx.o [1]
  .text              ro code   0x800'a078       0x4  startup_stm32h743xx.o [1]
  .text              ro code   0x800'a07c       0x4  startup_stm32h743xx.o [1]
  .text              ro code   0x800'a080       0x4  startup_stm32h743xx.o [1]
  .text              ro code   0x800'a084       0x4  startup_stm32h743xx.o [1]
  .text              ro code   0x800'a088       0x4  startup_stm32h743xx.o [1]
  .rodata            const     0x800'a08c       0x0  zero_init3.o [7]
  .rodata            const     0x800'a08c       0x0  packbits_init_single.o [7]
  Initializer bytes  const     0x800'a08c      0x52  <for P2-1>
                             - 0x800'a0de    0x9e46

"P2", part 1 of 3:                            0x964
  P2-1                        0x2400'0000     0x964  <Init block>
    .data            inited   0x2400'0000      0xe8  eth.o [2]
    .data            inited   0x2400'00e8       0xc  stm32h7xx_hal.o [4]
    .data            inited   0x2400'00f4       0x8  system_stm32h7xx.o [3]
    .data            inited   0x2400'00fc     0x868  uart.o [2]
                            - 0x2400'0964     0x964

"P2", part 2 of 3:                         0x3'd4c8
  .bss               zero     0x2400'0964  0x3'd478  main.o [2]
  .bss               zero     0x2403'dddc      0x40  led.o [2]
  .bss               zero     0x2403'de1c       0xc  eth.o [2]
  .bss               zero     0x2403'de28       0x2  uart.o [2]
  .bss               zero     0x2403'de2a       0x2  uart.o [2]
                            - 0x2403'de2c  0x3'd4c8

"P2", part 3 of 3:                         0x1'f400
  CSTACK                      0x2403'de30  0x1'f400  <Block>
    CSTACK           uninit   0x2403'de30  0x1'f400  <Block tail>
                            - 0x2405'd230  0x1'f400

Absolute sections, part 1 of 4:                0x30
  .bss               zero     0x3004'0000      0x30  eth.o [2]
                            - 0x3004'0030      0x30

Absolute sections, part 2 of 4:                0x60
  .bss               zero     0x3004'0060      0x60  eth.o [2]
                            - 0x3004'00c0      0x60

Absolute sections, part 3 of 4:               0xbf0
  .bss               zero     0x3004'0200     0xbf0  eth.o [2]
                            - 0x3004'0df0     0xbf0

Absolute sections, part 4 of 4:              0x17e0
  .bss               zero     0x3004'4000    0x17e0  eth.o [2]
                            - 0x3004'57e0    0x17e0

Unused ranges:

         From           To       Size
         ----           --       ----
   0x800'a0de   0x81f'ffff  0x1f'5f22
  0x2403'de2c  0x2403'de2f        0x4
  0x2405'd230  0x2407'ffff   0x2'2dd0


*******************************************************************************
*** INIT TABLE
***

          Address      Size
          -------      ----
Zero (__iar_zero_init3)
    5 destination ranges, total size 0x3'f928:
          0x2400'0964  0x3'd4c8
          0x3004'0000      0x30
          0x3004'0060      0x60
          0x3004'0200     0xbf0
          0x3004'4000    0x17e0

Copy/packbits (__iar_packbits_init_single3)
    1 source range, total size 0x52 (3% of destination):
           0x800'a08c      0x52
    1 destination range, total size 0x964:
          0x2400'0000     0x964



*******************************************************************************
*** MODULE SUMMARY
***

    Module                   ro code  ro data  rw data  rw data
                                                         (abs)
    ------                   -------  -------  -------  -------
command line/config:
    -----------------------------------------------------------
    Total:

D:\GitHub\ETH_over_RS485_Converter_Baremetal\EWARM\ETH_RS485_Networkbridge\Obj\Application\EWARM: [1]
    startup_stm32h743xx.o      1'204
    -----------------------------------------------------------
    Total:                     1'204

D:\GitHub\ETH_over_RS485_Converter_Baremetal\EWARM\ETH_RS485_Networkbridge\Obj\Application\User: [2]
    eth.o                        998        7      244    9'312
    led.o                        160                64
    main.o                       478           251'000
    queue.o                      532
    stm32h7xx_hal_msp.o           32
    stm32h7xx_it.o               196
    uart.o                     1'944       74    2'156
    -----------------------------------------------------------
    Total:                     4'340       81  253'464    9'312

D:\GitHub\ETH_over_RS485_Converter_Baremetal\EWARM\ETH_RS485_Networkbridge\Obj\Drivers\CMSIS: [3]
    system_stm32h7xx.o           140                 8
    -----------------------------------------------------------
    Total:                       140                 8

D:\GitHub\ETH_over_RS485_Converter_Baremetal\EWARM\ETH_RS485_Networkbridge\Obj\Drivers\STM32H7xx_HAL_Driver: [4]
    lan8742.o                    462
    stm32h7xx_hal.o              228        1       12
    stm32h7xx_hal_cortex.o       340
    stm32h7xx_hal_crc.o          750
    stm32h7xx_hal_crc_ex.o        84
    stm32h7xx_hal_dma.o        5'464
    stm32h7xx_hal_eth.o        5'228
    stm32h7xx_hal_gpio.o         584
    stm32h7xx_hal_pwr_ex.o        76
    stm32h7xx_hal_rcc.o        2'564
    stm32h7xx_hal_rcc_ex.o    10'300
    stm32h7xx_hal_rng.o          164
    stm32h7xx_hal_tim.o          724
    stm32h7xx_hal_tim_ex.o         6
    stm32h7xx_hal_uart.o       6'774
    stm32h7xx_hal_uart_ex.o      410
    -----------------------------------------------------------
    Total:                    34'158        1       12

dl7M_tlf.a: [5]
    exit.o                         4
    low_level_init.o               4
    -----------------------------------------------------------
    Total:                         8

m7M_tlv.a: [6]
    fpinit_M.o                    34
    -----------------------------------------------------------
    Total:                        34

rt7M_tl.a: [7]
    ABImemclr4.o                   6
    ABImemcpy.o                  166
    ABImemset48.o                 50
    I64DivMod.o                  560
    I64DivZer.o                    2
    cexit.o                       10
    cmain.o                       30
    cstartup_M.o                  28
    data_init.o                   40
    memcmp.o                     104
    packbits_init_single.o        58
    zero_init3.o                  56
    -----------------------------------------------------------
    Total:                     1'110

shb_l.a: [8]
    exit.o                        20
    -----------------------------------------------------------
    Total:                        20

    Gaps                          20        2
    Linker created                         64  128'000
---------------------------------------------------------------
    Grand Total:              41'034      148  381'484    9'312


*******************************************************************************
*** ENTRY LIST
***

Entry                       Address      Size  Type      Object
-----                       -------      ----  ----      ------
.iar.init_table$$Base    0x800'9dcc             --   Gb  - Linker created -
.iar.init_table$$Limit   0x800'9e0c             --   Gb  - Linker created -
?main                    0x800'9e0d            Code  Gb  cmain.o [7]
BusFault_Handler         0x800'84cf       0x2  Code  Gb  stm32h7xx_it.o [2]
BusTimHandleRx          0x2400'02dc      0x40  Data  Gb  uart.o [2]
BusTimHandleTx          0x2400'029c      0x40  Data  Gb  uart.o [2]
CSTACK$$Base            0x2403'de30             --   Gb  - Linker created -
CSTACK$$Limit           0x2405'd230             --   Gb  - Linker created -
D1CorePrescTable         0x800'9d38      0x10  Data  Gb  system_stm32h7xx.o [3]
DMA1_Stream0_IRQHandler
                         0x800'84dd       0x6  Code  Gb  stm32h7xx_it.o [2]
DMA1_Stream1_IRQHandler
                         0x800'84e3       0x6  Code  Gb  stm32h7xx_it.o [2]
DMARxDscrTab            0x3004'0000      0x30  Data  Gb  eth.o [2]
DMATxDscrTab            0x3004'0060      0x60  Data  Gb  eth.o [2]
DMA_CalcBaseAndBitshift{1}{2}::flagBitshiftOffset
                         0x800'5230       0x8  Data  Lc  stm32h7xx_hal_dma.o [4]
DebugMon_Handler         0x800'84d5       0x2  Code  Gb  stm32h7xx_it.o [2]
ETH_IRQHandler           0x800'8517       0x6  Code  Gb  stm32h7xx_it.o [2]
ETH_PHY_IO_DeInit        0x800'83e5       0x4  Code  Gb  eth.o [2]
ETH_PHY_IO_GetTick       0x800'841d       0x4  Code  Gb  eth.o [2]
ETH_PHY_IO_Init          0x800'83d5      0x10  Code  Gb  eth.o [2]
ETH_PHY_IO_ReadReg       0x800'83e9      0x1a  Code  Gb  eth.o [2]
ETH_PHY_IO_WriteReg      0x800'8403      0x1a  Code  Gb  eth.o [2]
ETH_SetMACConfig         0x800'987b     0x182  Code  Lc  stm32h7xx_hal_eth.o [4]
Error_Handler            0x800'7071       0x2  Code  Gb  main.o [2]
HAL_CRCEx_Polynomial_Set
                         0x800'7a5d      0x54  Code  Gb  stm32h7xx_hal_crc_ex.o [4]
HAL_CRC_Calculate        0x800'6c1d     0x276  Code  Gb  stm32h7xx_hal_crc.o [4]
HAL_CRC_Init             0x800'6ba5      0x74  Code  Gb  stm32h7xx_hal_crc.o [4]
HAL_CRC_MspInit          0x800'7a57       0x2  Code  Gb  stm32h7xx_hal_msp.o [2]
HAL_DMA_Abort            0x800'55e9     0x228  Code  Gb  stm32h7xx_hal_dma.o [4]
HAL_DMA_Abort_IT         0x800'5811     0x1a2  Code  Gb  stm32h7xx_hal_dma.o [4]
HAL_DMA_GetError         0x800'61cd       0x4  Code  Gb  stm32h7xx_hal_dma.o [4]
HAL_DMA_IRQHandler       0x800'5a19     0x74a  Code  Gb  stm32h7xx_hal_dma.o [4]
HAL_DMA_Init             0x800'4c79     0x554  Code  Gb  stm32h7xx_hal_dma.o [4]
HAL_DMA_Start_IT         0x800'5261     0x382  Code  Gb  stm32h7xx_hal_dma.o [4]
HAL_ETH_BuildRxDescriptors
                         0x800'9055     0x1bc  Code  Gb  stm32h7xx_hal_eth.o [4]
HAL_ETH_DMAErrorCallback
                         0x800'84b5       0x2  Code  Gb  eth.o [2]
HAL_ETH_DescAssignMemory
                         0x800'88cf      0x50  Code  Gb  stm32h7xx_hal_eth.o [4]
HAL_ETH_EEECallback      0x800'84bb       0x2  Code  Gb  eth.o [2]
HAL_ETH_GetMACConfig     0x800'93dd     0x1ba  Code  Gb  stm32h7xx_hal_eth.o [4]
HAL_ETH_GetMACFilterConfig
                         0x800'9805      0x76  Code  Gb  stm32h7xx_hal_eth.o [4]
HAL_ETH_GetRxDataBuffer
                         0x800'8de5     0x270  Code  Gb  stm32h7xx_hal_eth.o [4]
HAL_ETH_IRQHandler       0x800'9211     0x112  Code  Gb  stm32h7xx_hal_eth.o [4]
HAL_ETH_Init             0x800'85c9     0x306  Code  Gb  stm32h7xx_hal_eth.o [4]
HAL_ETH_MACErrorCallback
                         0x800'84b7       0x2  Code  Gb  eth.o [2]
HAL_ETH_MspInit          0x800'8239      0xda  Code  Gb  eth.o [2]
HAL_ETH_PMTCallback      0x800'84b9       0x2  Code  Gb  eth.o [2]
HAL_ETH_ReadPHYRegister
                         0x800'9323      0x60  Code  Gb  stm32h7xx_hal_eth.o [4]
HAL_ETH_RxCpltCallback   0x800'8421      0x54  Code  Gb  eth.o [2]
HAL_ETH_RxCpltCallback::RxBuff
                        0x2403'de1c       0xc  Data  Lc  eth.o [2]
HAL_ETH_SetMACConfig     0x800'9597     0x1a8  Code  Gb  stm32h7xx_hal_eth.o [4]
HAL_ETH_SetMACFilterConfig
                         0x800'97a5      0x60  Code  Gb  stm32h7xx_hal_eth.o [4]
HAL_ETH_SetMDIOClockRange
                         0x800'973f      0x66  Code  Gb  stm32h7xx_hal_eth.o [4]
HAL_ETH_Start_IT         0x800'891f      0x94  Code  Gb  stm32h7xx_hal_eth.o [4]
HAL_ETH_Transmit_IT      0x800'89b3     0x3f0  Code  Gb  stm32h7xx_hal_eth.o [4]
HAL_ETH_TxCpltCallback   0x800'8475       0x6  Code  Gb  eth.o [2]
HAL_ETH_WakeUpCallback   0x800'84bd       0x2  Code  Gb  eth.o [2]
HAL_ETH_WritePHYRegister
                         0x800'9383      0x5a  Code  Gb  stm32h7xx_hal_eth.o [4]
HAL_GPIO_Init            0x800'73e1     0x1fe  Code  Gb  stm32h7xx_hal_gpio.o [4]
HAL_GPIO_TogglePin       0x800'75e9       0xe  Code  Gb  stm32h7xx_hal_gpio.o [4]
HAL_GPIO_WritePin        0x800'75e1       0x8  Code  Gb  stm32h7xx_hal_gpio.o [4]
HAL_GetREVID             0x800'7b01       0x8  Code  Gb  stm32h7xx_hal.o [4]
HAL_GetTick              0x800'2ad5       0xc  Code  Gb  stm32h7xx_hal.o [4]
HAL_IncTick              0x800'9cad      0x10  Code  Gb  stm32h7xx_hal.o [4]
HAL_Init                 0x800'7ab1      0x50  Code  Gb  stm32h7xx_hal.o [4]
HAL_InitTick             0x800'3031      0x48  Code  Gb  stm32h7xx_hal.o [4]
HAL_MPU_ConfigRegion     0x800'3155      0x56  Code  Gb  stm32h7xx_hal_cortex.o [4]
HAL_MPU_Disable          0x800'3127      0x14  Code  Gb  stm32h7xx_hal_cortex.o [4]
HAL_MPU_Enable           0x800'313b      0x1a  Code  Gb  stm32h7xx_hal_cortex.o [4]
HAL_MspInit              0x800'7a3d      0x1a  Code  Gb  stm32h7xx_hal_msp.o [2]
HAL_NVIC_EnableIRQ       0x800'30ed      0x18  Code  Gb  stm32h7xx_hal_cortex.o [4]
HAL_NVIC_SetPriority     0x800'3093      0x5a  Code  Gb  stm32h7xx_hal_cortex.o [4]
HAL_NVIC_SetPriorityGrouping
                         0x800'3079      0x1a  Code  Gb  stm32h7xx_hal_cortex.o [4]
HAL_PWREx_ConfigSupply   0x800'7b39      0x46  Code  Gb  stm32h7xx_hal_pwr_ex.o [4]
HAL_RCCEx_GetD1SysClockFreq
                         0x800'2a95      0x24  Code  Gb  stm32h7xx_hal_rcc_ex.o [4]
HAL_RCCEx_GetD3PCLK1Freq
                         0x800'27d7      0x22  Code  Gb  stm32h7xx_hal_rcc_ex.o [4]
HAL_RCCEx_GetPLL2ClockFreq
                         0x800'27f9     0x144  Code  Gb  stm32h7xx_hal_rcc_ex.o [4]
HAL_RCCEx_GetPLL3ClockFreq
                         0x800'2941     0x142  Code  Gb  stm32h7xx_hal_rcc_ex.o [4]
HAL_RCCEx_PeriphCLKConfig
                         0x800'0299    0x253e  Code  Gb  stm32h7xx_hal_rcc_ex.o [4]
HAL_RCC_ClockConfig      0x800'2ae1     0x37c  Code  Gb  stm32h7xx_hal_rcc.o [4]
HAL_RCC_GetHCLKFreq      0x800'2f7d      0x22  Code  Gb  stm32h7xx_hal_rcc.o [4]
HAL_RCC_GetPCLK1Freq     0x800'2fa5      0x30  Code  Gb  stm32h7xx_hal_rcc.o [4]
HAL_RCC_GetPCLK2Freq     0x800'2fd5      0x30  Code  Gb  stm32h7xx_hal_rcc.o [4]
HAL_RCC_GetSysClockFreq
                         0x800'2e65     0x114  Code  Gb  stm32h7xx_hal_rcc.o [4]
HAL_RCC_OscConfig        0x800'7b85     0x4b4  Code  Gb  stm32h7xx_hal_rcc.o [4]
HAL_RNG_GenerateRandomNumber
                         0x800'70b1      0x64  Code  Gb  stm32h7xx_hal_rng.o [4]
HAL_RNG_Init             0x800'7073      0x3e  Code  Gb  stm32h7xx_hal_rng.o [4]
HAL_RNG_MspInit          0x800'84bf       0x2  Code  Gb  stm32h7xx_hal_rng.o [4]
HAL_SYSCFG_ETHInterfaceSelect
                         0x800'7b09       0xe  Code  Gb  stm32h7xx_hal.o [4]
HAL_SYSTICK_Config       0x800'3105      0x22  Code  Gb  stm32h7xx_hal_cortex.o [4]
HAL_TIMEx_Break2Callback
                         0x800'858f       0x2  Code  Gb  stm32h7xx_hal_tim_ex.o [4]
HAL_TIMEx_BreakCallback
                         0x800'858d       0x2  Code  Gb  stm32h7xx_hal_tim_ex.o [4]
HAL_TIMEx_CommutCallback
                         0x800'8593       0x2  Code  Gb  stm32h7xx_hal_tim_ex.o [4]
HAL_TIM_Base_Init        0x800'7115      0xec  Code  Gb  stm32h7xx_hal_tim.o [4]
HAL_TIM_Base_MspInit     0x800'84c1       0x2  Code  Gb  stm32h7xx_hal_tim.o [4]
HAL_TIM_Base_Start_IT    0x800'7201      0x28  Code  Gb  stm32h7xx_hal_tim.o [4]
HAL_TIM_Base_Stop_IT     0x800'7229      0x2a  Code  Gb  stm32h7xx_hal_tim.o [4]
HAL_TIM_IC_CaptureCallback
                         0x800'84c3       0x2  Code  Gb  stm32h7xx_hal_tim.o [4]
HAL_TIM_IRQHandler       0x800'7279     0x164  Code  Gb  stm32h7xx_hal_tim.o [4]
HAL_TIM_OC_DelayElapsedCallback
                         0x800'84c5       0x2  Code  Gb  stm32h7xx_hal_tim.o [4]
HAL_TIM_PWM_PulseFinishedCallback
                         0x800'84c7       0x2  Code  Gb  stm32h7xx_hal_tim.o [4]
HAL_TIM_PeriodElapsedCallback
                         0x800'8535      0x2e  Code  Gb  stm32h7xx_it.o [2]
HAL_TIM_TriggerCallback
                         0x800'8591       0x2  Code  Gb  stm32h7xx_hal_tim.o [4]
HAL_UARTEx_DisableFifoMode
                         0x800'7629      0x42  Code  Gb  stm32h7xx_hal_uart_ex.o [4]
HAL_UARTEx_RxFifoFullCallback
                         0x800'696d       0x2  Code  Gb  stm32h7xx_hal_uart_ex.o [4]
HAL_UARTEx_SetRxFifoThreshold
                         0x800'770d      0xa0  Code  Gb  stm32h7xx_hal_uart_ex.o [4]
HAL_UARTEx_SetTxFifoThreshold
                         0x800'766d      0xa0  Code  Gb  stm32h7xx_hal_uart_ex.o [4]
HAL_UARTEx_TxFifoEmptyCallback
                         0x800'696b       0x2  Code  Gb  stm32h7xx_hal_uart_ex.o [4]
HAL_UARTEx_WakeupCallback
                         0x800'6969       0x2  Code  Gb  stm32h7xx_hal_uart_ex.o [4]
HAL_UART_AbortCpltCallback
                         0x800'6647       0xa  Code  Gb  uart.o [2]
HAL_UART_AbortCpltCallback::abortCallbackCounter
                        0x2403'de2a       0x2  Data  Lc  uart.o [2]
HAL_UART_Abort_IT        0x800'349d      0xdc  Code  Gb  stm32h7xx_hal_uart.o [4]
HAL_UART_DMAStop         0x800'33f3      0xaa  Code  Gb  stm32h7xx_hal_uart.o [4]
HAL_UART_ErrorCallback   0x800'663d       0xa  Code  Gb  uart.o [2]
HAL_UART_ErrorCallback::errorCallbackCounter
                        0x2403'de28       0x2  Data  Lc  uart.o [2]
HAL_UART_IRQHandler      0x800'3579     0x198  Code  Gb  stm32h7xx_hal_uart.o [4]
HAL_UART_IdleLnCallback
                         0x800'6651     0x210  Code  Gb  uart.o [2]
HAL_UART_IdleLnCallback::crcError
                        0x2400'0344       0x4  Data  Lc  uart.o [2]
HAL_UART_IdleLnCallback::framelengthError
                        0x2400'033c       0x4  Data  Lc  uart.o [2]
HAL_UART_IdleLnCallback::preAmbleError
                        0x2400'0340       0x4  Data  Lc  uart.o [2]
HAL_UART_IdleLnCallback::validBusFrame
                        0x2400'0348       0x4  Data  Lc  uart.o [2]
HAL_UART_Init            0x800'31cd      0xe6  Code  Gb  stm32h7xx_hal_uart.o [4]
HAL_UART_MspInit         0x800'4c3d       0x2  Code  Gb  stm32h7xx_hal_uart.o [4]
HAL_UART_Receive_DMA     0x800'334f      0xa4  Code  Gb  stm32h7xx_hal_uart.o [4]
HAL_UART_RxCpltCallback
                         0x800'663b       0x2  Code  Gb  uart.o [2]
HAL_UART_RxHalfCpltCallback
                         0x800'6ba3       0x2  Code  Gb  stm32h7xx_hal_uart.o [4]
HAL_UART_Transmit_DMA    0x800'32b3      0x9c  Code  Gb  stm32h7xx_hal_uart.o [4]
HAL_UART_TxCpltCallback
                         0x800'65ad      0x8e  Code  Gb  uart.o [2]
HAL_UART_TxHalfCpltCallback
                         0x800'6ba1       0x2  Code  Gb  stm32h7xx_hal_uart.o [4]
HardFault_Handler        0x800'84cb       0x2  Code  Gb  stm32h7xx_it.o [2]
LAN8742                 0x2400'00b4      0x20  Data  Gb  eth.o [2]
LAN8742_GetLinkState     0x800'9b53      0xb0  Code  Gb  lan8742.o [4]
LAN8742_IOCtx           0x2400'00d4      0x14  Data  Gb  eth.o [2]
LAN8742_Init             0x800'9a6b      0xe8  Code  Gb  lan8742.o [4]
LAN8742_RegisterBusIO    0x800'9a35      0x36  Code  Gb  lan8742.o [4]
LedTimHandle            0x2403'dddc      0x40  Data  Gb  led.o [2]
MemManage_Handler        0x800'84cd       0x2  Code  Gb  stm32h7xx_it.o [2]
NMI_Handler              0x800'84c9       0x2  Code  Gb  stm32h7xx_it.o [2]
PendSV_Handler           0x800'84d7       0x2  Code  Gb  stm32h7xx_it.o [2]
Region$$Table$$Base      0x800'9dcc             --   Gb  - Linker created -
Region$$Table$$Limit     0x800'9e0c             --   Gb  - Linker created -
RngHandle               0x2400'0324      0x14  Data  Gb  uart.o [2]
Rx_Buff                 0x3004'0200     0xbf0  Data  Gb  eth.o [2]
SVC_Handler              0x800'84d3       0x2  Code  Gb  stm32h7xx_it.o [2]
SysTick_Handler          0x800'84d9       0x4  Code  Gb  stm32h7xx_it.o [2]
SystemCoreClock         0x2400'00f4       0x4  Data  Gb  system_stm32h7xx.o [3]
SystemD2Clock           0x2400'00f8       0x4  Data  Gb  system_stm32h7xx.o [3]
SystemInit               0x800'9cbd      0x66  Code  Gb  system_stm32h7xx.o [3]
TIM2_IRQHandler          0x800'851d       0x6  Code  Gb  stm32h7xx_it.o [2]
TIM3_IRQHandler          0x800'8523       0x6  Code  Gb  stm32h7xx_it.o [2]
TIM4_IRQHandler          0x800'8529       0x6  Code  Gb  stm32h7xx_it.o [2]
TIM5_IRQHandler          0x800'852f       0x6  Code  Gb  stm32h7xx_it.o [2]
TxConfig                0x2400'0068      0x34  Data  Gb  eth.o [2]
Tx_Buff                 0x3004'4000    0x17e0  Data  Gb  eth.o [2]
UART_AdvFeatureConfig    0x800'4975      0xcc  Code  Gb  stm32h7xx_hal_uart.o [4]
UART_DMAAbortOnError     0x800'4b45      0x10  Code  Lc  stm32h7xx_hal_uart.o [4]
UART_DMAError            0x800'4ab3      0x7c  Code  Lc  stm32h7xx_hal_uart.o [4]
UART_DMAReceiveCplt      0x800'4a73      0x3a  Code  Lc  stm32h7xx_hal_uart.o [4]
UART_DMARxAbortCallback
                         0x800'4bab      0x4e  Code  Lc  stm32h7xx_hal_uart.o [4]
UART_DMARxHalfCplt       0x800'4aad       0x6  Code  Lc  stm32h7xx_hal_uart.o [4]
UART_DMATransmitCplt     0x800'4a41      0x2c  Code  Lc  stm32h7xx_hal_uart.o [4]
UART_DMATxAbortCallback
                         0x800'4b55      0x56  Code  Lc  stm32h7xx_hal_uart.o [4]
UART_DMATxHalfCplt       0x800'4a6d       0x6  Code  Lc  stm32h7xx_hal_uart.o [4]
UART_SetConfig           0x800'373d    0x11f0  Code  Gb  stm32h7xx_hal_uart.o [4]
USART2_IRQHandler        0x800'84e9      0x2e  Code  Gb  stm32h7xx_it.o [2]
UsageFault_Handler       0x800'84d1       0x2  Code  Gb  stm32h7xx_it.o [2]
__aeabi_ldiv0            0x800'7a39            Code  Gb  I64DivZer.o [7]
__aeabi_memclr4          0x800'7b31            Code  Gb  ABImemclr4.o [7]
__aeabi_memcpy           0x800'9c05            Code  Gb  ABImemcpy.o [7]
__aeabi_memcpy4          0x800'9c25            Code  Gb  ABImemcpy.o [7]
__aeabi_memcpy8          0x800'9c25            Code  Gb  ABImemcpy.o [7]
__aeabi_uldivmod         0x800'6971            Code  Gb  I64DivMod.o [7]
__cmain                  0x800'9e0d            Code  Gb  cmain.o [7]
__exit                   0x800'9e41      0x14  Code  Gb  exit.o [8]
__iar_Memset4_word       0x800'8595            Code  Gb  ABImemset48.o [7]
__iar_Memset8_word       0x800'8595            Code  Gb  ABImemset48.o [7]
__iar_data_init3         0x800'9d81      0x28  Code  Gb  data_init.o [7]
__iar_init_vfp           0x800'9da9            Code  Gb  fpinit_M.o [6]
__iar_packbits_init_single3
                         0x800'4c3f      0x3a  Code  Gb  packbits_init_single.o [7]
__iar_program_start      0x800'9e55            Code  Gb  cstartup_M.o [7]
__iar_zero_init3         0x800'9d49      0x38  Code  Gb  zero_init3.o [7]
__low_level_init         0x800'9e2b       0x4  Code  Gb  low_level_init.o [5]
__vector_table           0x800'0000            Data  Gb  startup_stm32h743xx.o [1]
_call_main               0x800'9e19            Code  Gb  cmain.o [7]
_exit                    0x800'9e35            Code  Gb  cexit.o [7]
bus_uart_framegapTimeoutCallback
                         0x800'689b      0x50  Code  Gb  uart.o [2]
bus_uart_randomTimeoutCallback
                         0x800'6861      0x10  Code  Gb  uart.o [2]
bus_uart_startFramegap   0x800'6871      0x2a  Code  Gb  uart.o [2]
ethQueue                0x2400'0964  0x1'ea3c  Data  Gb  main.o [2]
eth_init                 0x800'80d9     0x160  Code  Gb  eth.o [2]
eth_output               0x800'8313      0xc2  Code  Gb  eth.o [2]
eth_output::Txbuffer    0x2400'009c       0xc  Data  Lc  eth.o [2]
eth_output::eth_tx_err_counter
                        0x2400'00b0       0x4  Data  Lc  eth.o [2]
exit                     0x800'9e2f       0x4  Code  Gb  exit.o [5]
framegapTimeoutFlag     0x2400'031d       0x1  Data  Lc  uart.o [2]
hcrc                    0x2400'0278      0x24  Data  Gb  uart.o [2]
hdma_usart2_rx          0x2400'0188      0x78  Data  Gb  uart.o [2]
hdma_usart2_tx          0x2400'0200      0x78  Data  Gb  uart.o [2]
heth                    0x2400'0000      0x68  Data  Gb  eth.o [2]
huart2                  0x2400'00fc      0x8c  Data  Gb  uart.o [2]
led_init                 0x800'8039      0x80  Code  Gb  led.o [2]
led_ledTimerCallback     0x800'80b9       0x8  Code  Gb  led.o [2]
macaddress              0x2400'00a8       0x8  Data  Lc  eth.o [2]
main                     0x800'6e95     0x1b6  Code  Gb  main.o [2]
memcmp                   0x800'79d1            Code  Gb  memcmp.o [7]
preAmbleSFD              0x800'6960       0x8  Data  Lc  uart.o [2]
queue_dequeue            0x800'786f      0x9e  Code  Gb  queue.o [2]
queue_enqueue            0x800'790d      0x98  Code  Gb  queue.o [2]
queue_getHeadBuffer      0x800'79a5      0x24  Code  Gb  queue.o [2]
queue_init               0x800'77bd      0x26  Code  Gb  queue.o [2]
queue_manager            0x800'77e3      0x8c  Code  Gb  queue.o [2]
randomTimeoutFlag       0x2400'031c       0x1  Data  Lc  uart.o [2]
rxBuffer                0x2400'0320       0x4  Data  Lc  uart.o [2]
txBuffer                0x2400'034c     0x618  Data  Lc  uart.o [2]
uartQueue               0x2401'f3a0  0x1'ea3c  Data  Gb  main.o [2]
uart_init                0x800'61d1     0x316  Code  Gb  uart.o [2]
uart_output              0x800'64e7      0xc6  Code  Gb  uart.o [2]
uart_receive::uart_rx_err_counter
                        0x2400'0338       0x4  Data  Lc  uart.o [2]
uwTick                  0x2400'00ec       0x4  Data  Lc  stm32h7xx_hal.o [4]
uwTickFreq              0x2400'00e8       0x1  Data  Lc  stm32h7xx_hal.o [4]
uwTickPrio              0x2400'00f0       0x4  Data  Lc  stm32h7xx_hal.o [4]


[1] = D:\GitHub\ETH_over_RS485_Converter_Baremetal\EWARM\ETH_RS485_Networkbridge\Obj\Application\EWARM
[2] = D:\GitHub\ETH_over_RS485_Converter_Baremetal\EWARM\ETH_RS485_Networkbridge\Obj\Application\User
[3] = D:\GitHub\ETH_over_RS485_Converter_Baremetal\EWARM\ETH_RS485_Networkbridge\Obj\Drivers\CMSIS
[4] = D:\GitHub\ETH_over_RS485_Converter_Baremetal\EWARM\ETH_RS485_Networkbridge\Obj\Drivers\STM32H7xx_HAL_Driver
[5] = dl7M_tlf.a
[6] = m7M_tlv.a
[7] = rt7M_tl.a
[8] = shb_l.a

   41'034 bytes of readonly  code memory
      148 bytes of readonly  data memory
  381'484 bytes of readwrite data memory (+ 9'312 absolute)

Errors: none
Warnings: none
