###############################################################################
#
# IAR ELF Linker V8.32.1.169/W32 for ARM                  06/May/2019  15:14:38
# Copyright 2007-2018 IAR Systems AB.
#
#    Output file  =  
#        C:\Users\nkorn\Desktop\Netscale_72_SW_Networkbridge-20190506T052343Z-001\Netscale_72_SW_Networkbridge\EWARM\Networkbridge\Exe\Networkbridge.out
#    Map file     =  
#        C:\Users\nkorn\Desktop\Netscale_72_SW_Networkbridge-20190506T052343Z-001\Netscale_72_SW_Networkbridge\EWARM\Networkbridge\List\Networkbridge.map
#    Command line =  
#        -f C:\Users\nkorn\AppData\Local\Temp\EW3363.tmp
#        (C:\Users\nkorn\Desktop\Netscale_72_SW_Networkbridge-20190506T052343Z-001\Netscale_72_SW_Networkbridge\EWARM\Networkbridge\Obj\buffer.o
#        C:\Users\nkorn\Desktop\Netscale_72_SW_Networkbridge-20190506T052343Z-001\Netscale_72_SW_Networkbridge\EWARM\Networkbridge\Obj\eth.o
#        C:\Users\nkorn\Desktop\Netscale_72_SW_Networkbridge-20190506T052343Z-001\Netscale_72_SW_Networkbridge\EWARM\Networkbridge\Obj\lan8742.o
#        C:\Users\nkorn\Desktop\Netscale_72_SW_Networkbridge-20190506T052343Z-001\Netscale_72_SW_Networkbridge\EWARM\Networkbridge\Obj\main.o
#        C:\Users\nkorn\Desktop\Netscale_72_SW_Networkbridge-20190506T052343Z-001\Netscale_72_SW_Networkbridge\EWARM\Networkbridge\Obj\startup_stm32h743xx.o
#        C:\Users\nkorn\Desktop\Netscale_72_SW_Networkbridge-20190506T052343Z-001\Netscale_72_SW_Networkbridge\EWARM\Networkbridge\Obj\stm32h7xx_hal.o
#        C:\Users\nkorn\Desktop\Netscale_72_SW_Networkbridge-20190506T052343Z-001\Netscale_72_SW_Networkbridge\EWARM\Networkbridge\Obj\stm32h7xx_hal_cortex.o
#        C:\Users\nkorn\Desktop\Netscale_72_SW_Networkbridge-20190506T052343Z-001\Netscale_72_SW_Networkbridge\EWARM\Networkbridge\Obj\stm32h7xx_hal_crc.o
#        C:\Users\nkorn\Desktop\Netscale_72_SW_Networkbridge-20190506T052343Z-001\Netscale_72_SW_Networkbridge\EWARM\Networkbridge\Obj\stm32h7xx_hal_crc_ex.o
#        C:\Users\nkorn\Desktop\Netscale_72_SW_Networkbridge-20190506T052343Z-001\Netscale_72_SW_Networkbridge\EWARM\Networkbridge\Obj\stm32h7xx_hal_dma.o
#        C:\Users\nkorn\Desktop\Netscale_72_SW_Networkbridge-20190506T052343Z-001\Netscale_72_SW_Networkbridge\EWARM\Networkbridge\Obj\stm32h7xx_hal_dma_ex.o
#        C:\Users\nkorn\Desktop\Netscale_72_SW_Networkbridge-20190506T052343Z-001\Netscale_72_SW_Networkbridge\EWARM\Networkbridge\Obj\stm32h7xx_hal_eth.o
#        C:\Users\nkorn\Desktop\Netscale_72_SW_Networkbridge-20190506T052343Z-001\Netscale_72_SW_Networkbridge\EWARM\Networkbridge\Obj\stm32h7xx_hal_eth_ex.o
#        C:\Users\nkorn\Desktop\Netscale_72_SW_Networkbridge-20190506T052343Z-001\Netscale_72_SW_Networkbridge\EWARM\Networkbridge\Obj\stm32h7xx_hal_flash.o
#        C:\Users\nkorn\Desktop\Netscale_72_SW_Networkbridge-20190506T052343Z-001\Netscale_72_SW_Networkbridge\EWARM\Networkbridge\Obj\stm32h7xx_hal_flash_ex.o
#        C:\Users\nkorn\Desktop\Netscale_72_SW_Networkbridge-20190506T052343Z-001\Netscale_72_SW_Networkbridge\EWARM\Networkbridge\Obj\stm32h7xx_hal_gpio.o
#        C:\Users\nkorn\Desktop\Netscale_72_SW_Networkbridge-20190506T052343Z-001\Netscale_72_SW_Networkbridge\EWARM\Networkbridge\Obj\stm32h7xx_hal_hsem.o
#        C:\Users\nkorn\Desktop\Netscale_72_SW_Networkbridge-20190506T052343Z-001\Netscale_72_SW_Networkbridge\EWARM\Networkbridge\Obj\stm32h7xx_hal_i2c.o
#        C:\Users\nkorn\Desktop\Netscale_72_SW_Networkbridge-20190506T052343Z-001\Netscale_72_SW_Networkbridge\EWARM\Networkbridge\Obj\stm32h7xx_hal_i2c_ex.o
#        C:\Users\nkorn\Desktop\Netscale_72_SW_Networkbridge-20190506T052343Z-001\Netscale_72_SW_Networkbridge\EWARM\Networkbridge\Obj\stm32h7xx_hal_mdma.o
#        C:\Users\nkorn\Desktop\Netscale_72_SW_Networkbridge-20190506T052343Z-001\Netscale_72_SW_Networkbridge\EWARM\Networkbridge\Obj\stm32h7xx_hal_msp.o
#        C:\Users\nkorn\Desktop\Netscale_72_SW_Networkbridge-20190506T052343Z-001\Netscale_72_SW_Networkbridge\EWARM\Networkbridge\Obj\stm32h7xx_hal_pwr.o
#        C:\Users\nkorn\Desktop\Netscale_72_SW_Networkbridge-20190506T052343Z-001\Netscale_72_SW_Networkbridge\EWARM\Networkbridge\Obj\stm32h7xx_hal_pwr_ex.o
#        C:\Users\nkorn\Desktop\Netscale_72_SW_Networkbridge-20190506T052343Z-001\Netscale_72_SW_Networkbridge\EWARM\Networkbridge\Obj\stm32h7xx_hal_rcc.o
#        C:\Users\nkorn\Desktop\Netscale_72_SW_Networkbridge-20190506T052343Z-001\Netscale_72_SW_Networkbridge\EWARM\Networkbridge\Obj\stm32h7xx_hal_rcc_ex.o
#        C:\Users\nkorn\Desktop\Netscale_72_SW_Networkbridge-20190506T052343Z-001\Netscale_72_SW_Networkbridge\EWARM\Networkbridge\Obj\stm32h7xx_hal_tim.o
#        C:\Users\nkorn\Desktop\Netscale_72_SW_Networkbridge-20190506T052343Z-001\Netscale_72_SW_Networkbridge\EWARM\Networkbridge\Obj\stm32h7xx_hal_tim_ex.o
#        C:\Users\nkorn\Desktop\Netscale_72_SW_Networkbridge-20190506T052343Z-001\Netscale_72_SW_Networkbridge\EWARM\Networkbridge\Obj\stm32h7xx_hal_uart.o
#        C:\Users\nkorn\Desktop\Netscale_72_SW_Networkbridge-20190506T052343Z-001\Netscale_72_SW_Networkbridge\EWARM\Networkbridge\Obj\stm32h7xx_hal_uart_ex.o
#        C:\Users\nkorn\Desktop\Netscale_72_SW_Networkbridge-20190506T052343Z-001\Netscale_72_SW_Networkbridge\EWARM\Networkbridge\Obj\stm32h7xx_it.o
#        C:\Users\nkorn\Desktop\Netscale_72_SW_Networkbridge-20190506T052343Z-001\Netscale_72_SW_Networkbridge\EWARM\Networkbridge\Obj\system_stm32h7xx.o
#        C:\Users\nkorn\Desktop\Netscale_72_SW_Networkbridge-20190506T052343Z-001\Netscale_72_SW_Networkbridge\EWARM\Networkbridge\Obj\uart.o
#        --redirect _Printf=_PrintfFull --redirect _Scanf=_ScanfFull
#        --no_out_extension -o
#        C:\Users\nkorn\Desktop\Netscale_72_SW_Networkbridge-20190506T052343Z-001\Netscale_72_SW_Networkbridge\EWARM\Networkbridge\Exe\Networkbridge.out
#        --map
#        C:\Users\nkorn\Desktop\Netscale_72_SW_Networkbridge-20190506T052343Z-001\Netscale_72_SW_Networkbridge\EWARM\Networkbridge\List\Networkbridge.map
#        --config
#        C:\Users\nkorn\Desktop\Netscale_72_SW_Networkbridge-20190506T052343Z-001\Netscale_72_SW_Networkbridge\EWARM/stm32h743xx_flash.icf
#        --semihosting --entry __iar_program_start --vfe --text_out locale)
#
###############################################################################

*******************************************************************************
*** RUNTIME MODEL ATTRIBUTES
***

CppFlavor       = *
__SystemLibrary = DLib
__dlib_version  = 6


*******************************************************************************
*** HEAP SELECTION
***

The basic heap was selected because some modules are built with
size limitations (and not runtime checking), and --advanced_heap
was not specified.


*******************************************************************************
*** PLACEMENT SUMMARY
***

"A0":  place at 0x800'0000 { ro section .intvec };
"P1":  place in [from 0x800'0000 to 0x81f'ffff] { ro };
define block CSTACK with size = 1K, alignment = 8 { };
define block HEAP with size = 512, alignment = 8 { };
"P2":  place in [from 0x2000'0000 to 0x2001'ffff] {
          rw, block CSTACK, block HEAP };
initialize by copy { rw };

  Section            Kind         Address     Size  Object
  -------            ----         -------     ----  ------
"A0":                                        0x298
  .intvec            ro code   0x800'0000    0x298  startup_stm32h743xx.o [1]
                             - 0x800'0298    0x298

"P1":                                       0x4fe0
  .text              ro code   0x800'0298    0xfa4  stm32h7xx_hal_eth.o [1]
  .text              ro code   0x800'123c    0x3d4  eth.o [1]
  .text              ro code   0x800'1610     0x38  stm32h7xx_hal.o [1]
  .text              ro code   0x800'1648      0xc  stm32h7xx_hal.o [1]
  .text              ro code   0x800'1654    0x730  stm32h7xx_hal_rcc.o [1]
  .text              ro code   0x800'1d84    0x148  stm32h7xx_hal_cortex.o [1]
  .text              ro code   0x800'1ecc    0x14a  main.o [1]
  .text              ro code   0x800'2016     0x3a  zero_init3.o [4]
  .text              ro code   0x800'2050      0x6  ABImemclr4.o [4]
  .text              ro code   0x800'2056    0x196  lan8742.o [1]
  .text              ro code   0x800'21ec    0x1f8  stm32h7xx_hal_gpio.o [1]
  .text              ro code   0x800'23e4     0x18  ABImemcpy_small.o [4]
  .text              ro code   0x800'23fc    0x118  buffer.o [1]
  .text              ro code   0x800'2514     0x40  stm32h7xx_hal.o [1]
  .text              ro code   0x800'2554     0x48  stm32h7xx_hal_msp.o [1]
  .text              ro code   0x800'259c    0xad0  stm32h7xx_hal_rcc_ex.o [1]
  .text              ro code   0x800'306c    0x400  uart.o [1]
  .text              ro code   0x800'346c     0x44  stm32h7xx_hal_pwr_ex.o [1]
  .text              ro code   0x800'34b0     0x32  ABImemset48.o [4]
  .text              ro code   0x800'34e4    0x16a  stm32h7xx_hal_crc.o [1]
  .text              ro code   0x800'3650    0xcb2  stm32h7xx_hal_uart.o [1]
  .text              ro code   0x800'4304    0x830  stm32h7xx_hal_dma.o [1]
  .text              ro code   0x800'4b34      0x6  ABImemclr.o [4]
  .text              ro code   0x800'4b3c     0x1e  memcmp_small.o [4]
  .text              ro code   0x800'4b5a     0x48  stm32h7xx_hal_crc_ex.o [1]
  .text              ro code   0x800'4ba2      0x2  stm32h7xx_hal_uart.o [1]
  .text              ro code   0x800'4ba4      0x2  stm32h7xx_hal_uart_ex.o [1]
  .text              ro code   0x800'4ba8    0x106  I64DivMod_small.o [4]
  .text              ro code   0x800'4cae      0x2  stm32h7xx_hal_uart.o [1]
  .text              ro code   0x800'4cb0      0x2  stm32h7xx_hal_uart.o [1]
  .text              ro code   0x800'4cb4     0x5e  ABImemset.o [4]
  .text              ro code   0x800'4d14      0x2  I64DivZer.o [4]
  .rodata            const     0x800'4d18    0x108  main.o [1]
  .text              ro code   0x800'4e20     0x78  system_stm32h7xx.o [1]
  .text              ro code   0x800'4e98     0x60  stm32h7xx_it.o [1]
  .text              ro code   0x800'4ef8     0x10  stm32h7xx_hal.o [1]
  .text              ro code   0x800'4f08     0x38  packbits_init_single.o [4]
  .text              ro code   0x800'4f40     0x28  data_init.o [4]
  .text              ro code   0x800'4f68     0x22  fpinit_M.o [3]
  .iar.init_table    const     0x800'4f8c     0x48  - Linker created -
  .text              ro code   0x800'4fd4     0x1e  cmain.o [4]
  .text              ro code   0x800'4ff2      0x4  low_level_init.o [2]
  .text              ro code   0x800'4ff6      0x4  exit.o [2]
  .text              ro code   0x800'4ffc      0xa  cexit.o [4]
  .text              ro code   0x800'5008     0x14  exit.o [5]
  .text              ro code   0x800'501c     0x10  startup_stm32h743xx.o [1]
  .text              ro code   0x800'502c      0xc  cstartup_M.o [4]
  .text              ro code   0x800'5038      0x4  startup_stm32h743xx.o [1]
  .text              ro code   0x800'503c      0x4  startup_stm32h743xx.o [1]
  .text              ro code   0x800'5040      0x4  startup_stm32h743xx.o [1]
  .text              ro code   0x800'5044      0x4  startup_stm32h743xx.o [1]
  .text              ro code   0x800'5048      0x4  startup_stm32h743xx.o [1]
  .text              ro code   0x800'504c      0x4  startup_stm32h743xx.o [1]
  .text              ro code   0x800'5050      0x4  startup_stm32h743xx.o [1]
  .text              ro code   0x800'5054      0x4  startup_stm32h743xx.o [1]
  .text              ro code   0x800'5058      0x4  startup_stm32h743xx.o [1]
  .text              ro code   0x800'505c      0x4  startup_stm32h743xx.o [1]
  .text              ro code   0x800'5060      0x4  startup_stm32h743xx.o [1]
  .text              ro code   0x800'5064      0x4  startup_stm32h743xx.o [1]
  .text              ro code   0x800'5068      0x4  startup_stm32h743xx.o [1]
  .text              ro code   0x800'506c      0x4  startup_stm32h743xx.o [1]
  .text              ro code   0x800'5070      0x4  startup_stm32h743xx.o [1]
  .text              ro code   0x800'5074      0x4  startup_stm32h743xx.o [1]
  .text              ro code   0x800'5078      0x4  startup_stm32h743xx.o [1]
  .text              ro code   0x800'507c      0x4  startup_stm32h743xx.o [1]
  .text              ro code   0x800'5080      0x4  startup_stm32h743xx.o [1]
  .text              ro code   0x800'5084      0x4  startup_stm32h743xx.o [1]
  .text              ro code   0x800'5088      0x4  startup_stm32h743xx.o [1]
  .text              ro code   0x800'508c      0x4  startup_stm32h743xx.o [1]
  .text              ro code   0x800'5090      0x4  startup_stm32h743xx.o [1]
  .text              ro code   0x800'5094      0x4  startup_stm32h743xx.o [1]
  .text              ro code   0x800'5098      0x4  startup_stm32h743xx.o [1]
  .text              ro code   0x800'509c      0x4  startup_stm32h743xx.o [1]
  .text              ro code   0x800'50a0      0x4  startup_stm32h743xx.o [1]
  .text              ro code   0x800'50a4      0x4  startup_stm32h743xx.o [1]
  .text              ro code   0x800'50a8      0x4  startup_stm32h743xx.o [1]
  .text              ro code   0x800'50ac      0x4  startup_stm32h743xx.o [1]
  .text              ro code   0x800'50b0      0x4  startup_stm32h743xx.o [1]
  .text              ro code   0x800'50b4      0x4  startup_stm32h743xx.o [1]
  .text              ro code   0x800'50b8      0x4  startup_stm32h743xx.o [1]
  .text              ro code   0x800'50bc      0x4  startup_stm32h743xx.o [1]
  .text              ro code   0x800'50c0      0x4  startup_stm32h743xx.o [1]
  .text              ro code   0x800'50c4      0x4  startup_stm32h743xx.o [1]
  .text              ro code   0x800'50c8      0x4  startup_stm32h743xx.o [1]
  .text              ro code   0x800'50cc      0x4  startup_stm32h743xx.o [1]
  .text              ro code   0x800'50d0      0x4  startup_stm32h743xx.o [1]
  .text              ro code   0x800'50d4      0x4  startup_stm32h743xx.o [1]
  .text              ro code   0x800'50d8      0x4  startup_stm32h743xx.o [1]
  .text              ro code   0x800'50dc      0x4  startup_stm32h743xx.o [1]
  .text              ro code   0x800'50e0      0x4  startup_stm32h743xx.o [1]
  .text              ro code   0x800'50e4      0x4  startup_stm32h743xx.o [1]
  .text              ro code   0x800'50e8      0x4  startup_stm32h743xx.o [1]
  .text              ro code   0x800'50ec      0x4  startup_stm32h743xx.o [1]
  .text              ro code   0x800'50f0      0x4  startup_stm32h743xx.o [1]
  .text              ro code   0x800'50f4      0x4  startup_stm32h743xx.o [1]
  .text              ro code   0x800'50f8      0x4  startup_stm32h743xx.o [1]
  .text              ro code   0x800'50fc      0x4  startup_stm32h743xx.o [1]
  .text              ro code   0x800'5100      0x4  startup_stm32h743xx.o [1]
  .text              ro code   0x800'5104      0x4  startup_stm32h743xx.o [1]
  .text              ro code   0x800'5108      0x4  startup_stm32h743xx.o [1]
  .text              ro code   0x800'510c      0x4  startup_stm32h743xx.o [1]
  .text              ro code   0x800'5110      0x4  startup_stm32h743xx.o [1]
  .text              ro code   0x800'5114      0x4  startup_stm32h743xx.o [1]
  .text              ro code   0x800'5118      0x4  startup_stm32h743xx.o [1]
  .text              ro code   0x800'511c      0x4  startup_stm32h743xx.o [1]
  .text              ro code   0x800'5120      0x4  startup_stm32h743xx.o [1]
  .text              ro code   0x800'5124      0x4  startup_stm32h743xx.o [1]
  .text              ro code   0x800'5128      0x4  startup_stm32h743xx.o [1]
  .text              ro code   0x800'512c      0x4  startup_stm32h743xx.o [1]
  .text              ro code   0x800'5130      0x4  startup_stm32h743xx.o [1]
  .text              ro code   0x800'5134      0x4  startup_stm32h743xx.o [1]
  .text              ro code   0x800'5138      0x4  startup_stm32h743xx.o [1]
  .text              ro code   0x800'513c      0x4  startup_stm32h743xx.o [1]
  .text              ro code   0x800'5140      0x4  startup_stm32h743xx.o [1]
  .text              ro code   0x800'5144      0x4  startup_stm32h743xx.o [1]
  .text              ro code   0x800'5148      0x4  startup_stm32h743xx.o [1]
  .text              ro code   0x800'514c      0x4  startup_stm32h743xx.o [1]
  .text              ro code   0x800'5150      0x4  startup_stm32h743xx.o [1]
  .text              ro code   0x800'5154      0x4  startup_stm32h743xx.o [1]
  .text              ro code   0x800'5158      0x4  startup_stm32h743xx.o [1]
  .text              ro code   0x800'515c      0x4  startup_stm32h743xx.o [1]
  .text              ro code   0x800'5160      0x4  startup_stm32h743xx.o [1]
  .text              ro code   0x800'5164      0x4  startup_stm32h743xx.o [1]
  .text              ro code   0x800'5168      0x4  startup_stm32h743xx.o [1]
  .text              ro code   0x800'516c      0x4  startup_stm32h743xx.o [1]
  .text              ro code   0x800'5170      0x4  startup_stm32h743xx.o [1]
  .text              ro code   0x800'5174      0x4  startup_stm32h743xx.o [1]
  .text              ro code   0x800'5178      0x4  startup_stm32h743xx.o [1]
  .text              ro code   0x800'517c      0x4  startup_stm32h743xx.o [1]
  .text              ro code   0x800'5180      0x4  startup_stm32h743xx.o [1]
  .text              ro code   0x800'5184      0x4  startup_stm32h743xx.o [1]
  .text              ro code   0x800'5188      0x4  startup_stm32h743xx.o [1]
  .text              ro code   0x800'518c      0x4  startup_stm32h743xx.o [1]
  .text              ro code   0x800'5190      0x4  startup_stm32h743xx.o [1]
  .text              ro code   0x800'5194      0x4  startup_stm32h743xx.o [1]
  .text              ro code   0x800'5198      0x4  startup_stm32h743xx.o [1]
  .text              ro code   0x800'519c      0x4  startup_stm32h743xx.o [1]
  .text              ro code   0x800'51a0      0x4  startup_stm32h743xx.o [1]
  .text              ro code   0x800'51a4      0x4  startup_stm32h743xx.o [1]
  .text              ro code   0x800'51a8      0x4  startup_stm32h743xx.o [1]
  .text              ro code   0x800'51ac      0x4  startup_stm32h743xx.o [1]
  .text              ro code   0x800'51b0      0x4  startup_stm32h743xx.o [1]
  .text              ro code   0x800'51b4      0x4  startup_stm32h743xx.o [1]
  .text              ro code   0x800'51b8      0x4  startup_stm32h743xx.o [1]
  .text              ro code   0x800'51bc      0x4  startup_stm32h743xx.o [1]
  .text              ro code   0x800'51c0      0x4  startup_stm32h743xx.o [1]
  .text              ro code   0x800'51c4      0x4  startup_stm32h743xx.o [1]
  .text              ro code   0x800'51c8      0x4  startup_stm32h743xx.o [1]
  .text              ro code   0x800'51cc      0x4  startup_stm32h743xx.o [1]
  .text              ro code   0x800'51d0      0x4  startup_stm32h743xx.o [1]
  .text              ro code   0x800'51d4      0x4  startup_stm32h743xx.o [1]
  .text              ro code   0x800'51d8      0x4  startup_stm32h743xx.o [1]
  .text              ro code   0x800'51dc      0x4  startup_stm32h743xx.o [1]
  .text              ro code   0x800'51e0      0x4  startup_stm32h743xx.o [1]
  .text              ro code   0x800'51e4      0x4  startup_stm32h743xx.o [1]
  .text              ro code   0x800'51e8      0x4  startup_stm32h743xx.o [1]
  .text              ro code   0x800'51ec      0x4  startup_stm32h743xx.o [1]
  .text              ro code   0x800'51f0      0x4  startup_stm32h743xx.o [1]
  .text              ro code   0x800'51f4      0x4  startup_stm32h743xx.o [1]
  .text              ro code   0x800'51f8      0x4  startup_stm32h743xx.o [1]
  .text              ro code   0x800'51fc      0x4  startup_stm32h743xx.o [1]
  .text              ro code   0x800'5200      0x4  startup_stm32h743xx.o [1]
  .text              ro code   0x800'5204      0x4  startup_stm32h743xx.o [1]
  .text              ro code   0x800'5208      0x4  startup_stm32h743xx.o [1]
  .text              ro code   0x800'520c      0x4  startup_stm32h743xx.o [1]
  .text              ro code   0x800'5210      0x4  startup_stm32h743xx.o [1]
  .text              ro code   0x800'5214      0x4  startup_stm32h743xx.o [1]
  .text              ro code   0x800'5218      0x4  startup_stm32h743xx.o [1]
  .text              ro code   0x800'521c      0x4  startup_stm32h743xx.o [1]
  .text              ro code   0x800'5220      0x4  startup_stm32h743xx.o [1]
  .text              ro code   0x800'5224      0x4  startup_stm32h743xx.o [1]
  .text              ro code   0x800'5228      0x4  startup_stm32h743xx.o [1]
  .text              ro code   0x800'522c      0x4  startup_stm32h743xx.o [1]
  .text              ro code   0x800'5230      0x4  startup_stm32h743xx.o [1]
  .text              ro code   0x800'5234      0x4  startup_stm32h743xx.o [1]
  .text              ro code   0x800'5238      0x4  startup_stm32h743xx.o [1]
  .text              ro code   0x800'523c      0x4  startup_stm32h743xx.o [1]
  .text              ro code   0x800'5240      0x4  startup_stm32h743xx.o [1]
  .text              ro code   0x800'5244      0x4  startup_stm32h743xx.o [1]
  .text              ro code   0x800'5248      0x4  startup_stm32h743xx.o [1]
  .text              ro code   0x800'524c      0x4  startup_stm32h743xx.o [1]
  .rodata            const     0x800'5250      0x0  zero_init3.o [4]
  .rodata            const     0x800'5250      0x0  packbits_init_single.o [4]
  Initializer bytes  const     0x800'5250     0x28  <for P2-1>
                             - 0x800'5278   0x4fe0

"P2", part 1 of 3:                            0x90
  P2-1                        0x2000'0000     0x90  <Init block>
    .data            inited   0x2000'0000     0x7c  eth.o [1]
    .data            inited   0x2000'007c      0xc  stm32h7xx_hal.o [1]
    .data            inited   0x2000'0088      0x4  system_stm32h7xx.o [1]
    .data            inited   0x2000'008c      0x4  system_stm32h7xx.o [1]
                            - 0x2000'0090     0x90

"P2", part 2 of 3:                           0x224
  .bss               zero     0x2000'0090     0xf0  uart.o [1]
  .bss               zero     0x2000'0180     0x80  uart.o [1]
  .bss               zero     0x2000'0200     0x68  eth.o [1]
  .bss               zero     0x2000'0268     0x24  main.o [1]
  .bss               zero     0x2000'028c     0x14  buffer.o [1]
  .bss               zero     0x2000'02a0     0x10  eth.o [1]
  .bss               zero     0x2000'02b0      0x4  uart.o [1]
                            - 0x2000'02b4    0x224

"P2", part 3 of 3:                           0x400
  CSTACK                      0x2000'02b8    0x400  <Block>
    CSTACK           uninit   0x2000'02b8    0x400  <Block tail>
                            - 0x2000'06b8    0x400

Absolute sections, part 1 of 5:            0x3ae30
  .bss               zero     0x2400'0000  0x3ae30  buffer.o [1]
                            - 0x2403'ae30  0x3ae30

Absolute sections, part 2 of 5:              0x640
  .bss               zero     0x2403'b000    0x640  uart.o [1]
                            - 0x2403'b640    0x640

Absolute sections, part 3 of 5:              0x640
  .bss               zero     0x2403'b700    0x640  uart.o [1]
                            - 0x2403'bd40    0x640

Absolute sections, part 4 of 5:               0xc0
  .bss               zero     0x3004'0000     0x60  eth.o [1]
  .bss               zero     0x3004'0060     0x60  eth.o [1]
                            - 0x3004'00c0     0xc0

Absolute sections, part 5 of 5:             0x17e0
  .bss               zero     0x3004'0200   0x17e0  eth.o [1]
                            - 0x3004'19e0   0x17e0

Unused ranges:

         From           To       Size
         ----           --       ----
   0x800'5278   0x81f'ffff  0x1f'ad88
  0x2000'02b4  0x2000'02b7        0x4
  0x2000'06b8  0x2001'ffff   0x1'f948


*******************************************************************************
*** INIT TABLE
***

          Address      Size
          -------      ----
Zero (__iar_zero_init3)
    6 destination ranges, total size 0x3d574:
          0x2000'0090    0x224
          0x2400'0000  0x3ae30
          0x2403'b000    0x640
          0x2403'b700    0x640
          0x3004'0000     0xc0
          0x3004'0200   0x17e0

Copy/packbits (__iar_packbits_init_single3)
    1 source range, total size 0x28 (27% of destination):
           0x800'5250     0x28
    1 destination range, total size 0x90:
          0x2000'0000     0x90



*******************************************************************************
*** MODULE SUMMARY
***

    Module                   ro code  ro data  rw data  rw data
                                                         (abs)
    ------                   -------  -------  -------  -------
command line/config:
    -----------------------------------------------------------
    Total:

C:\Users\nkorn\Desktop\Netscale_72_SW_Networkbridge-20190506T052343Z-001\Netscale_72_SW_Networkbridge\EWARM\Networkbridge\Obj: [1]
    buffer.o                     280                20  241 200
    eth.o                        980       34      244    6 304
    lan8742.o                    406
    main.o                       330      264       36
    startup_stm32h743xx.o      1 216
    stm32h7xx_hal.o              148        3       12
    stm32h7xx_hal_cortex.o       328
    stm32h7xx_hal_crc.o          362
    stm32h7xx_hal_crc_ex.o        72
    stm32h7xx_hal_dma.o        2 096
    stm32h7xx_hal_eth.o        4 004
    stm32h7xx_hal_gpio.o         504
    stm32h7xx_hal_msp.o           72
    stm32h7xx_hal_pwr_ex.o        68
    stm32h7xx_hal_rcc.o        1 840
    stm32h7xx_hal_rcc_ex.o     2 768
    stm32h7xx_hal_uart.o       3 256
    stm32h7xx_hal_uart_ex.o        2
    stm32h7xx_it.o                96
    system_stm32h7xx.o           120        3        8
    uart.o                     1 024               372    3 200
    -----------------------------------------------------------
    Total:                    19 972      304      692  250 704

dl7M_tlf.a: [2]
    exit.o                         4
    low_level_init.o               4
    -----------------------------------------------------------
    Total:                         8

m7M_tlv.a: [3]
    fpinit_M.o                    34
    -----------------------------------------------------------
    Total:                        34

rt7M_tl.a: [4]
    ABImemclr.o                    6
    ABImemclr4.o                   6
    ABImemcpy_small.o             24
    ABImemset.o                   94
    ABImemset48.o                 50
    I64DivMod_small.o            262
    I64DivZer.o                    2
    cexit.o                       10
    cmain.o                       30
    cstartup_M.o                  12
    data_init.o                   40
    memcmp_small.o                30
    packbits_init_single.o        56
    zero_init3.o                  58
    -----------------------------------------------------------
    Total:                       680

shb_l.a: [5]
    exit.o                        20
    -----------------------------------------------------------
    Total:                        20

    Gaps                          18        4
    Linker created                         72    1 024
---------------------------------------------------------------
    Grand Total:              20 732      380    1 716  250 704


*******************************************************************************
*** ENTRY LIST
***

Entry                       Address     Size  Type      Object
-----                       -------     ----  ----      ------
.iar.init_table$$Base    0x800'4f8c            --   Gb  - Linker created -
.iar.init_table$$Limit   0x800'4fd4            --   Gb  - Linker created -
?main                    0x800'4fd5           Code  Gb  cmain.o [4]
BusFault_Handler         0x800'4e9f      0x2  Code  Gb  stm32h7xx_it.o [1]
CRC_Handle_16            0x800'3621     0x2e  Code  Lc  stm32h7xx_hal_crc.o [1]
CRC_Handle_8             0x800'35b9     0x68  Code  Lc  stm32h7xx_hal_crc.o [1]
CSTACK$$Base            0x2000'02b8            --   Gb  - Linker created -
CSTACK$$Limit           0x2000'06b8            --   Gb  - Linker created -
D1CorePrescTable         0x800'4e88     0x10  Data  Gb  system_stm32h7xx.o [1]
DMA1_Stream0_IRQHandler
                         0x800'4ead      0x6  Code  Gb  stm32h7xx_it.o [1]
DMA1_Stream1_IRQHandler
                         0x800'4eb3      0x6  Code  Gb  stm32h7xx_it.o [1]
DMARxDscrTab            0x3004'0000     0x60  Data  Gb  eth.o [1]
DMATxDscrTab            0x3004'0060     0x60  Data  Gb  eth.o [1]
DMA_CalcBaseAndBitshift
                         0x800'4a3d     0x28  Code  Lc  stm32h7xx_hal_dma.o [1]
DMA_CalcBaseAndBitshift::flagBitshiftOffset
                         0x800'4b2c      0x8  Data  Lc  stm32h7xx_hal_dma.o [1]
DMA_CalcDMAMUXChannelBaseAndMask
                         0x800'4a65     0x4a  Code  Lc  stm32h7xx_hal_dma.o [1]
DMA_CalcDMAMUXRequestGenBaseAndMask
                         0x800'4aaf     0x38  Code  Lc  stm32h7xx_hal_dma.o [1]
DMA_SetConfig            0x800'49d1     0x6a  Code  Lc  stm32h7xx_hal_dma.o [1]
DebugMon_Handler         0x800'4ea5      0x2  Code  Gb  stm32h7xx_it.o [1]
ETH_DMARxDescListInit    0x800'0f15     0x52  Code  Lc  stm32h7xx_hal_eth.o [1]
ETH_IRQHandler           0x800'4ee3      0x6  Code  Gb  stm32h7xx_it.o [1]
ETH_MACDMAConfig         0x800'0e3d     0xd8  Code  Lc  stm32h7xx_hal_eth.o [1]
ETH_PHY_IO_DeInit        0x800'1533      0x4  Code  Gb  eth.o [1]
ETH_PHY_IO_GetTick       0x800'155d      0x4  Code  Gb  eth.o [1]
ETH_PHY_IO_Init          0x800'1527      0xc  Code  Gb  eth.o [1]
ETH_PHY_IO_ReadReg       0x800'1537     0x10  Code  Gb  eth.o [1]
ETH_PHY_IO_WriteReg      0x800'1547      0xe  Code  Gb  eth.o [1]
ETH_Prepare_Tx_Descriptors
                         0x800'0f67    0x29e  Code  Lc  stm32h7xx_hal_eth.o [1]
ETH_SetDMAConfig         0x800'0dc3     0x78  Code  Lc  stm32h7xx_hal_eth.o [1]
ETH_SetMACConfig         0x800'0c59    0x16a  Code  Lc  stm32h7xx_hal_eth.o [1]
Error_Handler            0x800'2015      0x2  Code  Gb  main.o [1]
HAL_CRCEx_Polynomial_Set
                         0x800'4b5b     0x48  Code  Gb  stm32h7xx_hal_crc_ex.o [1]
HAL_CRC_Calculate        0x800'355d     0x5c  Code  Gb  stm32h7xx_hal_crc.o [1]
HAL_CRC_Init             0x800'34e5     0x74  Code  Gb  stm32h7xx_hal_crc.o [1]
HAL_CRC_MspInit          0x800'256f     0x22  Code  Gb  stm32h7xx_hal_msp.o [1]
HAL_DMA_Abort            0x800'4587     0xdc  Code  Gb  stm32h7xx_hal_dma.o [1]
HAL_DMA_Abort_IT         0x800'4663     0x96  Code  Gb  stm32h7xx_hal_dma.o [1]
HAL_DMA_GetError         0x800'49cd      0x4  Code  Gb  stm32h7xx_hal_dma.o [1]
HAL_DMA_IRQHandler       0x800'46f9    0x2c6  Code  Gb  stm32h7xx_hal_dma.o [1]
HAL_DMA_Init             0x800'4305    0x1a0  Code  Gb  stm32h7xx_hal_dma.o [1]
HAL_DMA_Start_IT         0x800'44b3     0xc6  Code  Gb  stm32h7xx_hal_dma.o [1]
HAL_ETH_BuildRxDescriptors
                         0x800'0705     0x7c  Code  Gb  stm32h7xx_hal_eth.o [1]
HAL_ETH_DMAErrorCallback
                         0x800'1607      0x2  Code  Gb  eth.o [1]
HAL_ETH_DescAssignMemory
                         0x800'0435     0x3c  Code  Gb  stm32h7xx_hal_eth.o [1]
HAL_ETH_EEECallback      0x800'160d      0x2  Code  Gb  eth.o [1]
HAL_ETH_GetMACConfig     0x800'095f    0x188  Code  Gb  stm32h7xx_hal_eth.o [1]
HAL_ETH_GetMACFilterConfig
                         0x800'0bcd     0x6e  Code  Gb  stm32h7xx_hal_eth.o [1]
HAL_ETH_GetRxDataBuffer
                         0x800'0627     0xa6  Code  Gb  stm32h7xx_hal_eth.o [1]
HAL_ETH_GetRxDataLength
                         0x800'06cd     0x32  Code  Gb  stm32h7xx_hal_eth.o [1]
HAL_ETH_IRQHandler       0x800'0781    0x12e  Code  Gb  stm32h7xx_hal_eth.o [1]
HAL_ETH_Init             0x800'0299    0x19c  Code  Gb  stm32h7xx_hal_eth.o [1]
HAL_ETH_IsRxDataAvailable
                         0x800'0557     0xd0  Code  Gb  stm32h7xx_hal_eth.o [1]
HAL_ETH_MACErrorCallback
                         0x800'1609      0x2  Code  Gb  eth.o [1]
HAL_ETH_MspInit          0x800'139f     0xda  Code  Gb  eth.o [1]
HAL_ETH_PMTCallback      0x800'160b      0x2  Code  Gb  eth.o [1]
HAL_ETH_ReadPHYRegister
                         0x800'08af     0x56  Code  Gb  stm32h7xx_hal_eth.o [1]
HAL_ETH_RxCpltCallback   0x800'1561     0x66  Code  Gb  eth.o [1]
HAL_ETH_RxCpltCallback::RxBuff
                        0x2000'02a4      0xc  Data  Lc  eth.o [1]
HAL_ETH_RxCpltCallback::framelength
                        0x2000'02a0      0x4  Data  Lc  eth.o [1]
HAL_ETH_SetMACConfig     0x800'0af1     0x18  Code  Gb  stm32h7xx_hal_eth.o [1]
HAL_ETH_SetMACFilterConfig
                         0x800'0b69     0x5c  Code  Gb  stm32h7xx_hal_eth.o [1]
HAL_ETH_SetMDIOClockRange
                         0x800'0b09     0x54  Code  Gb  stm32h7xx_hal_eth.o [1]
HAL_ETH_Start_IT         0x800'0471     0xa6  Code  Gb  stm32h7xx_hal_eth.o [1]
HAL_ETH_Transmit_IT      0x800'0517     0x40  Code  Gb  stm32h7xx_hal_eth.o [1]
HAL_ETH_TxCpltCallback   0x800'1605      0x2  Code  Gb  eth.o [1]
HAL_ETH_WakeUpCallback   0x800'160f      0x2  Code  Gb  eth.o [1]
HAL_ETH_WritePHYRegister
                         0x800'0905     0x5a  Code  Gb  stm32h7xx_hal_eth.o [1]
HAL_GPIO_Init            0x800'21ed    0x1b2  Code  Gb  stm32h7xx_hal_gpio.o [1]
HAL_GetTick              0x800'1649      0xc  Code  Wk  stm32h7xx_hal.o [1]
HAL_IncTick              0x800'4ef9     0x10  Code  Wk  stm32h7xx_hal.o [1]
HAL_Init                 0x800'1611     0x1c  Code  Gb  stm32h7xx_hal.o [1]
HAL_InitTick             0x800'2515     0x40  Code  Wk  stm32h7xx_hal.o [1]
HAL_MPU_ConfigRegion     0x800'1e61     0x4c  Code  Gb  stm32h7xx_hal_cortex.o [1]
HAL_MPU_Disable          0x800'1e33     0x14  Code  Gb  stm32h7xx_hal_cortex.o [1]
HAL_MPU_Enable           0x800'1e47     0x1a  Code  Gb  stm32h7xx_hal_cortex.o [1]
HAL_MspInit              0x800'2555     0x1a  Code  Gb  stm32h7xx_hal_msp.o [1]
HAL_NVIC_EnableIRQ       0x800'1df3     0x18  Code  Gb  stm32h7xx_hal_cortex.o [1]
HAL_NVIC_SetPriority     0x800'1db9     0x3a  Code  Gb  stm32h7xx_hal_cortex.o [1]
HAL_NVIC_SetPriorityGrouping
                         0x800'1d9f     0x1a  Code  Gb  stm32h7xx_hal_cortex.o [1]
HAL_PWREx_ConfigSupply   0x800'346d     0x34  Code  Gb  stm32h7xx_hal_pwr_ex.o [1]
HAL_RCCEx_GetD1SysClockFreq
                         0x800'2ea1     0x22  Code  Gb  stm32h7xx_hal_rcc_ex.o [1]
HAL_RCCEx_GetD3PCLK1Freq
                         0x800'2cfb      0xa  Code  Gb  stm32h7xx_hal_rcc_ex.o [1]
HAL_RCCEx_GetPLL2ClockFreq
                         0x800'2d15     0x48  Code  Gb  stm32h7xx_hal_rcc_ex.o [1]
HAL_RCCEx_GetPLL3ClockFreq
                         0x800'2d5d     0x46  Code  Gb  stm32h7xx_hal_rcc_ex.o [1]
HAL_RCCEx_PeriphCLKConfig
                         0x800'259d    0x73e  Code  Gb  stm32h7xx_hal_rcc_ex.o [1]
HAL_RCC_ClockConfig      0x800'1655    0x168  Code  Gb  stm32h7xx_hal_rcc.o [1]
HAL_RCC_GetHCLKFreq      0x800'18cb     0x1a  Code  Gb  stm32h7xx_hal_rcc.o [1]
HAL_RCC_GetPCLK1Freq     0x800'18e5     0x10  Code  Gb  stm32h7xx_hal_rcc.o [1]
HAL_RCC_GetPCLK2Freq     0x800'18f5      0xe  Code  Gb  stm32h7xx_hal_rcc.o [1]
HAL_RCC_GetSysClockFreq
                         0x800'17d1     0xfa  Code  Gb  stm32h7xx_hal_rcc.o [1]
HAL_RCC_OscConfig        0x800'193d    0x448  Code  Wk  stm32h7xx_hal_rcc.o [1]
HAL_SYSCFG_ETHInterfaceSelect
                         0x800'162d      0xa  Code  Gb  stm32h7xx_hal.o [1]
HAL_SYSTICK_Config       0x800'1e0b     0x28  Code  Gb  stm32h7xx_hal_cortex.o [1]
HAL_UARTEx_WakeupCallback
                         0x800'4ba5      0x2  Code  Wk  stm32h7xx_hal_uart_ex.o [1]
HAL_UART_Abort_IT        0x800'383d     0xac  Code  Gb  stm32h7xx_hal_uart.o [1]
HAL_UART_DMAStop         0x800'37cf     0x50  Code  Gb  stm32h7xx_hal_uart.o [1]
HAL_UART_ErrorCallback   0x800'3345      0x2  Code  Gb  uart.o [1]
HAL_UART_IRQHandler      0x800'38f5    0x1bc  Code  Gb  stm32h7xx_hal_uart.o [1]
HAL_UART_IdleLnCallback
                         0x800'3347     0xd8  Code  Gb  uart.o [1]
HAL_UART_Init            0x800'3651     0x36  Code  Gb  stm32h7xx_hal_uart.o [1]
HAL_UART_Receive_DMA     0x800'3749     0x86  Code  Gb  stm32h7xx_hal_uart.o [1]
HAL_UART_RxCpltCallback
                         0x800'3343      0x2  Code  Gb  uart.o [1]
HAL_UART_Transmit_DMA    0x800'36d1     0x78  Code  Gb  stm32h7xx_hal_uart.o [1]
HAL_UART_TxCpltCallback
                         0x800'332d     0x16  Code  Gb  uart.o [1]
HardFault_Handler        0x800'4e9b      0x2  Code  Gb  stm32h7xx_it.o [1]
LAN8742                 0x2000'0048     0x20  Data  Gb  eth.o [1]
LAN8742_GetLinkState     0x800'214f     0x94  Code  Gb  lan8742.o [1]
LAN8742_IOCtx           0x2000'0068     0x14  Data  Gb  eth.o [1]
LAN8742_Init             0x800'2089     0xbc  Code  Gb  lan8742.o [1]
LAN8742_RegisterBusIO    0x800'2057     0x32  Code  Gb  lan8742.o [1]
MemManage_Handler        0x800'4e9d      0x2  Code  Gb  stm32h7xx_it.o [1]
NMI_Handler              0x800'4e99      0x2  Code  Gb  stm32h7xx_it.o [1]
PendSV_Handler           0x800'4ea7      0x2  Code  Gb  stm32h7xx_it.o [1]
RCCEx_PLL2_Config        0x800'2ecd     0x9a  Code  Lc  stm32h7xx_hal_rcc_ex.o [1]
RCCEx_PLL3_Config        0x800'2f67     0x9a  Code  Lc  stm32h7xx_hal_rcc_ex.o [1]
Region$$Table$$Base      0x800'4f8c            --   Gb  - Linker created -
Region$$Table$$Limit     0x800'4fd4            --   Gb  - Linker created -
Rx_Buff                 0x3004'0200   0x17e0  Data  Gb  eth.o [1]
SCB_CleanInvalidateDCache
                         0x800'306d     0x44  Code  Lc  uart.o [1]
SVC_Handler              0x800'4ea3      0x2  Code  Gb  stm32h7xx_it.o [1]
SysTick_Handler          0x800'4ea9      0x4  Code  Gb  stm32h7xx_it.o [1]
SystemClock_Config       0x800'1f4d     0xb6  Code  Gb  main.o [1]
SystemCoreClock         0x2000'0088      0x4  Data  Gb  system_stm32h7xx.o [1]
SystemD2Clock           0x2000'008c      0x4  Data  Gb  system_stm32h7xx.o [1]
SystemInit               0x800'4e21     0x54  Code  Gb  system_stm32h7xx.o [1]
TxConfig                0x2000'0008     0x34  Data  Gb  eth.o [1]
UARTPrescTable           0x800'42e8     0x18  Data  Lc  stm32h7xx_hal_uart.o [1]
UART_AdvFeatureConfig    0x800'3f99     0xc8  Code  Gb  stm32h7xx_hal_uart.o [1]
UART_CheckIdleState      0x800'4061     0x5c  Code  Gb  stm32h7xx_hal_uart.o [1]
UART_DMAAbortOnError     0x800'4209     0x10  Code  Lc  stm32h7xx_hal_uart.o [1]
UART_DMAError            0x800'41af     0x5a  Code  Lc  stm32h7xx_hal_uart.o [1]
UART_DMAReceiveCplt      0x800'4169     0x40  Code  Lc  stm32h7xx_hal_uart.o [1]
UART_DMARxAbortCallback
                         0x800'4239     0x1e  Code  Lc  stm32h7xx_hal_uart.o [1]
UART_DMARxHalfCplt       0x800'41a9      0x6  Code  Lc  stm32h7xx_hal_uart.o [1]
UART_DMATransmitCplt     0x800'4137     0x2c  Code  Lc  stm32h7xx_hal_uart.o [1]
UART_DMATxAbortCallback
                         0x800'4219     0x1e  Code  Lc  stm32h7xx_hal_uart.o [1]
UART_DMATxHalfCplt       0x800'4163      0x6  Code  Lc  stm32h7xx_hal_uart.o [1]
UART_EndRxTransfer       0x800'411b     0x1c  Code  Lc  stm32h7xx_hal_uart.o [1]
UART_Receive_IT          0x800'4279     0x6e  Code  Lc  stm32h7xx_hal_uart.o [1]
UART_SetConfig           0x800'3abd    0x456  Code  Gb  stm32h7xx_hal_uart.o [1]
UART_WaitOnFlagUntilTimeout
                         0x800'40bd     0x5e  Code  Gb  stm32h7xx_hal_uart.o [1]
USART2_IRQHandler        0x800'4eb9     0x2a  Code  Gb  stm32h7xx_it.o [1]
UsageFault_Handler       0x800'4ea1      0x2  Code  Gb  stm32h7xx_it.o [1]
__NVIC_SetPriority       0x800'1d85     0x1a  Code  Lc  stm32h7xx_hal_cortex.o [1]
__aeabi_ldiv0            0x800'4d15           Code  Gb  I64DivZer.o [4]
__aeabi_memclr           0x800'4b35           Code  Gb  ABImemclr.o [4]
__aeabi_memclr4          0x800'2051           Code  Gb  ABImemclr4.o [4]
__cmain                  0x800'4fd5           Code  Gb  cmain.o [4]
__exit                   0x800'5009     0x14  Code  Gb  exit.o [5]
__iar_Memset4_word       0x800'34b1           Code  Gb  ABImemset48.o [4]
__iar_Memset8_word       0x800'34b1           Code  Gb  ABImemset48.o [4]
__iar_Memset_word        0x800'4cb5           Code  Gb  ABImemset.o [4]
__iar_data_init3         0x800'4f41     0x28  Code  Gb  data_init.o [4]
__iar_init_vfp           0x800'4f69           Code  Gb  fpinit_M.o [3]
__iar_packbits_init_single3
                         0x800'4f09     0x38  Code  Gb  packbits_init_single.o [4]
__iar_program_start      0x800'502d           Code  Gb  cstartup_M.o [4]
__iar_small_Memcpy       0x800'23e9           Code  Gb  ABImemcpy_small.o [4]
__iar_small_memcmp       0x800'4b3d           Code  Gb  memcmp_small.o [4]
__iar_small_memcpy       0x800'23e5           Code  Gb  ABImemcpy_small.o [4]
__iar_small_memcpy4      0x800'23e5           Code  Gb  ABImemcpy_small.o [4]
__iar_small_memcpy8      0x800'23e5           Code  Gb  ABImemcpy_small.o [4]
__iar_small_uldivmod     0x800'4ba9           Code  Gb  I64DivMod_small.o [4]
__iar_zero_init3         0x800'2017     0x3a  Code  Gb  zero_init3.o [4]
__low_level_init         0x800'4ff3      0x4  Code  Gb  low_level_init.o [2]
__vector_table           0x800'0000           Data  Gb  startup_stm32h743xx.o [1]
_call_main               0x800'4fe1           Code  Gb  cmain.o [4]
_exit                    0x800'4ffd           Code  Gb  cexit.o [4]
_main                    0x800'4fef           Code  Gb  cmain.o [4]
buffer                  0x2400'0000  0x3ae30  Data  Lc  buffer.o [1]
bufferLockFlag          0x2000'028c      0x1  Data  Lc  buffer.o [1]
bufferRxPointer         0x2000'0298      0x4  Data  Lc  buffer.o [1]
bufferRxPointerCnt      0x2000'0290      0x2  Data  Lc  buffer.o [1]
bufferTxPointer         0x2000'0294      0x4  Data  Lc  buffer.o [1]
bufferTxPointerCnt      0x2000'028e      0x2  Data  Lc  buffer.o [1]
buffer_getBufferslotPointer
                         0x800'24d9      0x2  Code  Gb  buffer.o [1]
buffer_getLockStatus     0x800'2507      0x6  Code  Gb  buffer.o [1]
buffer_incrRxPointer     0x800'24a9     0x1a  Code  Gb  buffer.o [1]
buffer_incrTxPointer     0x800'248d     0x1c  Code  Gb  buffer.o [1]
buffer_init              0x800'23fd     0x1c  Code  Gb  buffer.o [1]
buffer_lock              0x800'24fb      0x4  Code  Gb  buffer.o [1]
buffer_manager           0x800'24e1     0x1a  Code  Gb  buffer.o [1]
buffer_output            0x800'2465     0x28  Code  Gb  buffer.o [1]
buffer_setMessageDirection
                         0x800'24cd      0xa  Code  Gb  buffer.o [1]
buffer_setMessageSize    0x800'24c3      0xa  Code  Gb  buffer.o [1]
buffer_setNextSlotRx     0x800'243f     0x26  Code  Gb  buffer.o [1]
buffer_setNextSlotTx     0x800'2419     0x26  Code  Gb  buffer.o [1]
buffer_unlock            0x800'24ff      0x2  Code  Gb  buffer.o [1]
eth_init                 0x800'123d    0x162  Code  Gb  eth.o [1]
eth_output               0x800'1479     0xae  Code  Gb  eth.o [1]
eth_output::Txbuffer    0x2000'003c      0xc  Data  Lc  eth.o [1]
exit                     0x800'4ff7      0x4  Code  Gb  exit.o [2]
hcrc                    0x2000'0268     0x24  Data  Gb  main.o [1]
hdma_usart2_rx          0x2000'0090     0x78  Data  Gb  uart.o [1]
hdma_usart2_tx          0x2000'0108     0x78  Data  Gb  uart.o [1]
heth                    0x2000'0200     0x68  Data  Gb  eth.o [1]
huart2                  0x2000'0180     0x80  Data  Gb  uart.o [1]
macaddress              0x2000'0000      0x8  Data  Lc  eth.o [1]
main                     0x800'1ecd     0x76  Code  Gb  main.o [1]
preAmbleSFD              0x800'3464      0x8  Data  Lc  uart.o [1]
rxBuffer                0x2403'b000    0x640  Data  Gb  uart.o [1]
topAddress              0x2000'029c      0x4  Data  Lc  buffer.o [1]
txBuffer                0x2403'b700    0x640  Data  Gb  uart.o [1]
uart_calcCRC             0x800'32eb      0xa  Code  Lc  uart.o [1]
uart_init                0x800'30b1    0x1c0  Code  Gb  uart.o [1]
uart_output              0x800'3271     0x7a  Code  Gb  uart.o [1]
uart_output::crc32      0x2000'02b0      0x4  Data  Lc  uart.o [1]
uart_receive             0x800'32f5     0x38  Code  Lc  uart.o [1]
uwTick                  0x2000'0080      0x4  Data  Lc  stm32h7xx_hal.o [1]
uwTickFreq              0x2000'007c      0x1  Data  Lc  stm32h7xx_hal.o [1]
uwTickPrio              0x2000'0084      0x4  Data  Lc  stm32h7xx_hal.o [1]


[1] = C:\Users\nkorn\Desktop\Netscale_72_SW_Networkbridge-20190506T052343Z-001\Netscale_72_SW_Networkbridge\EWARM\Networkbridge\Obj
[2] = dl7M_tlf.a
[3] = m7M_tlv.a
[4] = rt7M_tl.a
[5] = shb_l.a

  20 732 bytes of readonly  code memory
     380 bytes of readonly  data memory
   1 716 bytes of readwrite data memory (+ 250 704 absolute)

Errors: none
Warnings: none
