###############################################################################
#
# IAR ELF Linker V8.32.1.169/W32 for ARM                  24/May/2019  19:16:13
# Copyright 2007-2018 IAR Systems AB.
#
#    Output file  =  
#        C:\Users\nkorn\Desktop\Netscale_72_SW_Networkbridge\EWARM\Networkbridge\Exe\Networkbridge.out
#    Map file     =  
#        C:\Users\nkorn\Desktop\Netscale_72_SW_Networkbridge\EWARM\Networkbridge\List\Networkbridge.map
#    Command line =  
#        -f C:\Users\nkorn\AppData\Local\Temp\EWCFD9.tmp
#        (C:\Users\nkorn\Desktop\Netscale_72_SW_Networkbridge\EWARM\Networkbridge\Obj\buffer.o
#        C:\Users\nkorn\Desktop\Netscale_72_SW_Networkbridge\EWARM\Networkbridge\Obj\eth.o
#        C:\Users\nkorn\Desktop\Netscale_72_SW_Networkbridge\EWARM\Networkbridge\Obj\lan8742.o
#        C:\Users\nkorn\Desktop\Netscale_72_SW_Networkbridge\EWARM\Networkbridge\Obj\main.o
#        C:\Users\nkorn\Desktop\Netscale_72_SW_Networkbridge\EWARM\Networkbridge\Obj\startup_stm32h743xx.o
#        C:\Users\nkorn\Desktop\Netscale_72_SW_Networkbridge\EWARM\Networkbridge\Obj\stm32h7xx_hal.o
#        C:\Users\nkorn\Desktop\Netscale_72_SW_Networkbridge\EWARM\Networkbridge\Obj\stm32h7xx_hal_cortex.o
#        C:\Users\nkorn\Desktop\Netscale_72_SW_Networkbridge\EWARM\Networkbridge\Obj\stm32h7xx_hal_crc.o
#        C:\Users\nkorn\Desktop\Netscale_72_SW_Networkbridge\EWARM\Networkbridge\Obj\stm32h7xx_hal_crc_ex.o
#        C:\Users\nkorn\Desktop\Netscale_72_SW_Networkbridge\EWARM\Networkbridge\Obj\stm32h7xx_hal_dma.o
#        C:\Users\nkorn\Desktop\Netscale_72_SW_Networkbridge\EWARM\Networkbridge\Obj\stm32h7xx_hal_dma_ex.o
#        C:\Users\nkorn\Desktop\Netscale_72_SW_Networkbridge\EWARM\Networkbridge\Obj\stm32h7xx_hal_eth.o
#        C:\Users\nkorn\Desktop\Netscale_72_SW_Networkbridge\EWARM\Networkbridge\Obj\stm32h7xx_hal_eth_ex.o
#        C:\Users\nkorn\Desktop\Netscale_72_SW_Networkbridge\EWARM\Networkbridge\Obj\stm32h7xx_hal_flash.o
#        C:\Users\nkorn\Desktop\Netscale_72_SW_Networkbridge\EWARM\Networkbridge\Obj\stm32h7xx_hal_flash_ex.o
#        C:\Users\nkorn\Desktop\Netscale_72_SW_Networkbridge\EWARM\Networkbridge\Obj\stm32h7xx_hal_gpio.o
#        C:\Users\nkorn\Desktop\Netscale_72_SW_Networkbridge\EWARM\Networkbridge\Obj\stm32h7xx_hal_hsem.o
#        C:\Users\nkorn\Desktop\Netscale_72_SW_Networkbridge\EWARM\Networkbridge\Obj\stm32h7xx_hal_i2c.o
#        C:\Users\nkorn\Desktop\Netscale_72_SW_Networkbridge\EWARM\Networkbridge\Obj\stm32h7xx_hal_i2c_ex.o
#        C:\Users\nkorn\Desktop\Netscale_72_SW_Networkbridge\EWARM\Networkbridge\Obj\stm32h7xx_hal_mdma.o
#        C:\Users\nkorn\Desktop\Netscale_72_SW_Networkbridge\EWARM\Networkbridge\Obj\stm32h7xx_hal_msp.o
#        C:\Users\nkorn\Desktop\Netscale_72_SW_Networkbridge\EWARM\Networkbridge\Obj\stm32h7xx_hal_pwr.o
#        C:\Users\nkorn\Desktop\Netscale_72_SW_Networkbridge\EWARM\Networkbridge\Obj\stm32h7xx_hal_pwr_ex.o
#        C:\Users\nkorn\Desktop\Netscale_72_SW_Networkbridge\EWARM\Networkbridge\Obj\stm32h7xx_hal_rcc.o
#        C:\Users\nkorn\Desktop\Netscale_72_SW_Networkbridge\EWARM\Networkbridge\Obj\stm32h7xx_hal_rcc_ex.o
#        C:\Users\nkorn\Desktop\Netscale_72_SW_Networkbridge\EWARM\Networkbridge\Obj\stm32h7xx_hal_tim.o
#        C:\Users\nkorn\Desktop\Netscale_72_SW_Networkbridge\EWARM\Networkbridge\Obj\stm32h7xx_hal_tim_ex.o
#        C:\Users\nkorn\Desktop\Netscale_72_SW_Networkbridge\EWARM\Networkbridge\Obj\stm32h7xx_hal_uart.o
#        C:\Users\nkorn\Desktop\Netscale_72_SW_Networkbridge\EWARM\Networkbridge\Obj\stm32h7xx_hal_uart_ex.o
#        C:\Users\nkorn\Desktop\Netscale_72_SW_Networkbridge\EWARM\Networkbridge\Obj\stm32h7xx_it.o
#        C:\Users\nkorn\Desktop\Netscale_72_SW_Networkbridge\EWARM\Networkbridge\Obj\system_stm32h7xx.o
#        C:\Users\nkorn\Desktop\Netscale_72_SW_Networkbridge\EWARM\Networkbridge\Obj\uart.o
#        --redirect _Printf=_PrintfFull --redirect _Scanf=_ScanfFull
#        --no_out_extension -o
#        C:\Users\nkorn\Desktop\Netscale_72_SW_Networkbridge\EWARM\Networkbridge\Exe\Networkbridge.out
#        --map
#        C:\Users\nkorn\Desktop\Netscale_72_SW_Networkbridge\EWARM\Networkbridge\List\Networkbridge.map
#        --config
#        C:\Users\nkorn\Desktop\Netscale_72_SW_Networkbridge\EWARM/stm32h743xx_flash.icf
#        --semihosting --entry __iar_program_start --vfe --text_out locale)
#
###############################################################################

*******************************************************************************
*** RUNTIME MODEL ATTRIBUTES
***

CppFlavor       = *
__Heap_Handler  = DLMalloc
__SystemLibrary = DLib
__dlib_version  = 6


*******************************************************************************
*** HEAP SELECTION
***

The advanced heap was selected because the application calls memory
allocation functions outside of system library functions, and there
are calls to deallocation functions in the application.


*******************************************************************************
*** PLACEMENT SUMMARY
***

"A0":  place at 0x800'0000 { ro section .intvec };
"P1":  place in [from 0x800'0000 to 0x81f'ffff] { ro };
define block CSTACK with size = 512, alignment = 8 { };
define block HEAP with size = 112000, alignment = 8 { };
"P2":  place in [from 0x2000'0000 to 0x2001'ffff] {
          rw, block CSTACK, block HEAP };
initialize by copy { rw };

  Section            Kind         Address     Size  Object
  -------            ----         -------     ----  ------
"A0":                                        0x298
  .intvec            ro code   0x800'0000    0x298  startup_stm32h743xx.o [1]
                             - 0x800'0298    0x298

"P1":                                       0x6a3a
  .text              ro code   0x800'0298   0x14e0  dlmalloc.o [2]
  .text              ro code   0x800'1778      0x6  abort.o [2]
  .text              ro code   0x800'177e     0x3a  zero_init3.o [4]
  .text              ro code   0x800'17b8     0x2c  xgetmemchunk.o [2]
  .text              ro code   0x800'17e4     0x14  exit.o [5]
  .text              ro code   0x800'17f8    0xfa4  stm32h7xx_hal_eth.o [1]
  .text              ro code   0x800'279c    0x3c0  eth.o [1]
  .text              ro code   0x800'2b5c     0x38  stm32h7xx_hal.o [1]
  .text              ro code   0x800'2b94      0xc  stm32h7xx_hal.o [1]
  .text              ro code   0x800'2ba0    0x730  stm32h7xx_hal_rcc.o [1]
  .text              ro code   0x800'32d0    0x148  stm32h7xx_hal_cortex.o [1]
  .text              ro code   0x800'3418    0x17e  main.o [1]
  .text              ro code   0x800'3598      0x6  ABImemclr4.o [4]
  .text              ro code   0x800'359e    0x196  lan8742.o [1]
  .text              ro code   0x800'3734    0x200  stm32h7xx_hal_gpio.o [1]
  .text              ro code   0x800'3934     0x18  ABImemcpy_small.o [4]
  .text              ro code   0x800'394c    0x17c  buffer.o [1]
  .text              ro code   0x800'3ac8     0x40  stm32h7xx_hal.o [1]
  .text              ro code   0x800'3b08     0x48  stm32h7xx_hal_msp.o [1]
  .text              ro code   0x800'3b50    0xad0  stm32h7xx_hal_rcc_ex.o [1]
  .text              ro code   0x800'4620    0x548  uart.o [1]
  .text              ro code   0x800'4b68     0x44  stm32h7xx_hal_pwr_ex.o [1]
  .text              ro code   0x800'4bac     0x32  ABImemset48.o [4]
  .text              ro code   0x800'4be0    0x2aa  stm32h7xx_hal_tim.o [1]
  .text              ro code   0x800'4e8a      0x4  heaptramp0.o [2]
  .text              ro code   0x800'4e90    0x16a  stm32h7xx_hal_crc.o [1]
  .text              ro code   0x800'4ffc    0xcb2  stm32h7xx_hal_uart.o [1]
  .text              ro code   0x800'5cb0    0x830  stm32h7xx_hal_dma.o [1]
  .text              ro code   0x800'64e0     0xa4  rand.o [2]
  .text              ro code   0x800'6584      0x6  ABImemclr.o [4]
  .text              ro code   0x800'658c     0x1e  memcmp_small.o [4]
  .text              ro code   0x800'65aa      0x2  stm32h7xx_hal_tim.o [1]
  .text              ro code   0x800'65ac      0x2  stm32h7xx_hal_tim.o [1]
  .text              ro code   0x800'65ae      0x2  stm32h7xx_hal_tim_ex.o [1]
  .text              ro code   0x800'65b0      0x2  stm32h7xx_hal_tim.o [1]
  .text              ro code   0x800'65b2      0x2  stm32h7xx_hal_tim_ex.o [1]
  .text              ro code   0x800'65b4      0x2  stm32h7xx_hal_tim.o [1]
  .text              ro code   0x800'65b6     0x48  stm32h7xx_hal_crc_ex.o [1]
  .text              ro code   0x800'65fe      0x2  stm32h7xx_hal_uart.o [1]
  .text              ro code   0x800'6600      0x2  stm32h7xx_hal_uart_ex.o [1]
  .text              ro code   0x800'6604    0x106  I64DivMod_small.o [4]
  .text              ro code   0x800'670a      0x2  stm32h7xx_hal_uart.o [1]
  .text              ro code   0x800'670c      0x2  stm32h7xx_hal_uart.o [1]
  .text              ro code   0x800'6710     0x5e  ABImemset.o [4]
  .text              ro code   0x800'6770      0x2  I64DivZer.o [4]
  .rodata            const     0x800'6774    0x108  main.o [1]
  .text              ro code   0x800'687c     0x80  stm32h7xx_it.o [1]
  .text              ro code   0x800'68fc     0x10  stm32h7xx_hal.o [1]
  .text              ro code   0x800'690c     0x78  system_stm32h7xx.o [1]
  .text              ro code   0x800'6984     0x38  packbits_init_single.o [4]
  .text              ro code   0x800'69bc     0x28  data_init.o [4]
  .text              ro code   0x800'69e4     0x22  fpinit_M.o [3]
  .iar.init_table    const     0x800'6a08     0x40  - Linker created -
  .text              ro code   0x800'6a48     0x1e  cmain.o [4]
  .text              ro code   0x800'6a66      0x4  low_level_init.o [2]
  .text              ro code   0x800'6a6a      0x4  exit.o [2]
  .text              ro code   0x800'6a70      0xa  cexit.o [4]
  .text              ro code   0x800'6a7c     0x10  startup_stm32h743xx.o [1]
  .text              ro code   0x800'6a8c      0xc  cstartup_M.o [4]
  .text              ro code   0x800'6a98      0x4  startup_stm32h743xx.o [1]
  .text              ro code   0x800'6a9c      0x4  startup_stm32h743xx.o [1]
  .text              ro code   0x800'6aa0      0x4  startup_stm32h743xx.o [1]
  .text              ro code   0x800'6aa4      0x4  startup_stm32h743xx.o [1]
  .text              ro code   0x800'6aa8      0x4  startup_stm32h743xx.o [1]
  .text              ro code   0x800'6aac      0x4  startup_stm32h743xx.o [1]
  .text              ro code   0x800'6ab0      0x4  startup_stm32h743xx.o [1]
  .text              ro code   0x800'6ab4      0x4  startup_stm32h743xx.o [1]
  .text              ro code   0x800'6ab8      0x4  startup_stm32h743xx.o [1]
  .text              ro code   0x800'6abc      0x4  startup_stm32h743xx.o [1]
  .text              ro code   0x800'6ac0      0x4  startup_stm32h743xx.o [1]
  .text              ro code   0x800'6ac4      0x4  startup_stm32h743xx.o [1]
  .text              ro code   0x800'6ac8      0x4  startup_stm32h743xx.o [1]
  .text              ro code   0x800'6acc      0x4  startup_stm32h743xx.o [1]
  .text              ro code   0x800'6ad0      0x4  startup_stm32h743xx.o [1]
  .text              ro code   0x800'6ad4      0x4  startup_stm32h743xx.o [1]
  .text              ro code   0x800'6ad8      0x4  startup_stm32h743xx.o [1]
  .text              ro code   0x800'6adc      0x4  startup_stm32h743xx.o [1]
  .text              ro code   0x800'6ae0      0x4  startup_stm32h743xx.o [1]
  .text              ro code   0x800'6ae4      0x4  startup_stm32h743xx.o [1]
  .text              ro code   0x800'6ae8      0x4  startup_stm32h743xx.o [1]
  .text              ro code   0x800'6aec      0x4  startup_stm32h743xx.o [1]
  .text              ro code   0x800'6af0      0x4  startup_stm32h743xx.o [1]
  .text              ro code   0x800'6af4      0x4  startup_stm32h743xx.o [1]
  .text              ro code   0x800'6af8      0x4  startup_stm32h743xx.o [1]
  .text              ro code   0x800'6afc      0x4  startup_stm32h743xx.o [1]
  .text              ro code   0x800'6b00      0x4  startup_stm32h743xx.o [1]
  .text              ro code   0x800'6b04      0x4  startup_stm32h743xx.o [1]
  .text              ro code   0x800'6b08      0x4  startup_stm32h743xx.o [1]
  .text              ro code   0x800'6b0c      0x4  startup_stm32h743xx.o [1]
  .text              ro code   0x800'6b10      0x4  startup_stm32h743xx.o [1]
  .text              ro code   0x800'6b14      0x4  startup_stm32h743xx.o [1]
  .text              ro code   0x800'6b18      0x4  startup_stm32h743xx.o [1]
  .text              ro code   0x800'6b1c      0x4  startup_stm32h743xx.o [1]
  .text              ro code   0x800'6b20      0x4  startup_stm32h743xx.o [1]
  .text              ro code   0x800'6b24      0x4  startup_stm32h743xx.o [1]
  .text              ro code   0x800'6b28      0x4  startup_stm32h743xx.o [1]
  .text              ro code   0x800'6b2c      0x4  startup_stm32h743xx.o [1]
  .text              ro code   0x800'6b30      0x4  startup_stm32h743xx.o [1]
  .text              ro code   0x800'6b34      0x4  startup_stm32h743xx.o [1]
  .text              ro code   0x800'6b38      0x4  startup_stm32h743xx.o [1]
  .text              ro code   0x800'6b3c      0x4  startup_stm32h743xx.o [1]
  .text              ro code   0x800'6b40      0x4  startup_stm32h743xx.o [1]
  .text              ro code   0x800'6b44      0x4  startup_stm32h743xx.o [1]
  .text              ro code   0x800'6b48      0x4  startup_stm32h743xx.o [1]
  .text              ro code   0x800'6b4c      0x4  startup_stm32h743xx.o [1]
  .text              ro code   0x800'6b50      0x4  startup_stm32h743xx.o [1]
  .text              ro code   0x800'6b54      0x4  startup_stm32h743xx.o [1]
  .text              ro code   0x800'6b58      0x4  startup_stm32h743xx.o [1]
  .text              ro code   0x800'6b5c      0x4  startup_stm32h743xx.o [1]
  .text              ro code   0x800'6b60      0x4  startup_stm32h743xx.o [1]
  .text              ro code   0x800'6b64      0x4  startup_stm32h743xx.o [1]
  .text              ro code   0x800'6b68      0x4  startup_stm32h743xx.o [1]
  .text              ro code   0x800'6b6c      0x4  startup_stm32h743xx.o [1]
  .text              ro code   0x800'6b70      0x4  startup_stm32h743xx.o [1]
  .text              ro code   0x800'6b74      0x4  startup_stm32h743xx.o [1]
  .text              ro code   0x800'6b78      0x4  startup_stm32h743xx.o [1]
  .text              ro code   0x800'6b7c      0x4  startup_stm32h743xx.o [1]
  .text              ro code   0x800'6b80      0x4  startup_stm32h743xx.o [1]
  .text              ro code   0x800'6b84      0x4  startup_stm32h743xx.o [1]
  .text              ro code   0x800'6b88      0x4  startup_stm32h743xx.o [1]
  .text              ro code   0x800'6b8c      0x4  startup_stm32h743xx.o [1]
  .text              ro code   0x800'6b90      0x4  startup_stm32h743xx.o [1]
  .text              ro code   0x800'6b94      0x4  startup_stm32h743xx.o [1]
  .text              ro code   0x800'6b98      0x4  startup_stm32h743xx.o [1]
  .text              ro code   0x800'6b9c      0x4  startup_stm32h743xx.o [1]
  .text              ro code   0x800'6ba0      0x4  startup_stm32h743xx.o [1]
  .text              ro code   0x800'6ba4      0x4  startup_stm32h743xx.o [1]
  .text              ro code   0x800'6ba8      0x4  startup_stm32h743xx.o [1]
  .text              ro code   0x800'6bac      0x4  startup_stm32h743xx.o [1]
  .text              ro code   0x800'6bb0      0x4  startup_stm32h743xx.o [1]
  .text              ro code   0x800'6bb4      0x4  startup_stm32h743xx.o [1]
  .text              ro code   0x800'6bb8      0x4  startup_stm32h743xx.o [1]
  .text              ro code   0x800'6bbc      0x4  startup_stm32h743xx.o [1]
  .text              ro code   0x800'6bc0      0x4  startup_stm32h743xx.o [1]
  .text              ro code   0x800'6bc4      0x4  startup_stm32h743xx.o [1]
  .text              ro code   0x800'6bc8      0x4  startup_stm32h743xx.o [1]
  .text              ro code   0x800'6bcc      0x4  startup_stm32h743xx.o [1]
  .text              ro code   0x800'6bd0      0x4  startup_stm32h743xx.o [1]
  .text              ro code   0x800'6bd4      0x4  startup_stm32h743xx.o [1]
  .text              ro code   0x800'6bd8      0x4  startup_stm32h743xx.o [1]
  .text              ro code   0x800'6bdc      0x4  startup_stm32h743xx.o [1]
  .text              ro code   0x800'6be0      0x4  startup_stm32h743xx.o [1]
  .text              ro code   0x800'6be4      0x4  startup_stm32h743xx.o [1]
  .text              ro code   0x800'6be8      0x4  startup_stm32h743xx.o [1]
  .text              ro code   0x800'6bec      0x4  startup_stm32h743xx.o [1]
  .text              ro code   0x800'6bf0      0x4  startup_stm32h743xx.o [1]
  .text              ro code   0x800'6bf4      0x4  startup_stm32h743xx.o [1]
  .text              ro code   0x800'6bf8      0x4  startup_stm32h743xx.o [1]
  .text              ro code   0x800'6bfc      0x4  startup_stm32h743xx.o [1]
  .text              ro code   0x800'6c00      0x4  startup_stm32h743xx.o [1]
  .text              ro code   0x800'6c04      0x4  startup_stm32h743xx.o [1]
  .text              ro code   0x800'6c08      0x4  startup_stm32h743xx.o [1]
  .text              ro code   0x800'6c0c      0x4  startup_stm32h743xx.o [1]
  .text              ro code   0x800'6c10      0x4  startup_stm32h743xx.o [1]
  .text              ro code   0x800'6c14      0x4  startup_stm32h743xx.o [1]
  .text              ro code   0x800'6c18      0x4  startup_stm32h743xx.o [1]
  .text              ro code   0x800'6c1c      0x4  startup_stm32h743xx.o [1]
  .text              ro code   0x800'6c20      0x4  startup_stm32h743xx.o [1]
  .text              ro code   0x800'6c24      0x4  startup_stm32h743xx.o [1]
  .text              ro code   0x800'6c28      0x4  startup_stm32h743xx.o [1]
  .text              ro code   0x800'6c2c      0x4  startup_stm32h743xx.o [1]
  .text              ro code   0x800'6c30      0x4  startup_stm32h743xx.o [1]
  .text              ro code   0x800'6c34      0x4  startup_stm32h743xx.o [1]
  .text              ro code   0x800'6c38      0x4  startup_stm32h743xx.o [1]
  .text              ro code   0x800'6c3c      0x4  startup_stm32h743xx.o [1]
  .text              ro code   0x800'6c40      0x4  startup_stm32h743xx.o [1]
  .text              ro code   0x800'6c44      0x4  startup_stm32h743xx.o [1]
  .text              ro code   0x800'6c48      0x4  startup_stm32h743xx.o [1]
  .text              ro code   0x800'6c4c      0x4  startup_stm32h743xx.o [1]
  .text              ro code   0x800'6c50      0x4  startup_stm32h743xx.o [1]
  .text              ro code   0x800'6c54      0x4  startup_stm32h743xx.o [1]
  .text              ro code   0x800'6c58      0x4  startup_stm32h743xx.o [1]
  .text              ro code   0x800'6c5c      0x4  startup_stm32h743xx.o [1]
  .text              ro code   0x800'6c60      0x4  startup_stm32h743xx.o [1]
  .text              ro code   0x800'6c64      0x4  startup_stm32h743xx.o [1]
  .text              ro code   0x800'6c68      0x4  startup_stm32h743xx.o [1]
  .text              ro code   0x800'6c6c      0x4  startup_stm32h743xx.o [1]
  .text              ro code   0x800'6c70      0x4  startup_stm32h743xx.o [1]
  .text              ro code   0x800'6c74      0x4  startup_stm32h743xx.o [1]
  .text              ro code   0x800'6c78      0x4  startup_stm32h743xx.o [1]
  .text              ro code   0x800'6c7c      0x4  startup_stm32h743xx.o [1]
  .text              ro code   0x800'6c80      0x4  startup_stm32h743xx.o [1]
  .text              ro code   0x800'6c84      0x4  startup_stm32h743xx.o [1]
  .text              ro code   0x800'6c88      0x4  startup_stm32h743xx.o [1]
  .text              ro code   0x800'6c8c      0x4  startup_stm32h743xx.o [1]
  .text              ro code   0x800'6c90      0x4  startup_stm32h743xx.o [1]
  .text              ro code   0x800'6c94      0x4  startup_stm32h743xx.o [1]
  .text              ro code   0x800'6c98      0x4  startup_stm32h743xx.o [1]
  .text              ro code   0x800'6c9c      0x4  startup_stm32h743xx.o [1]
  .text              ro code   0x800'6ca0      0x4  startup_stm32h743xx.o [1]
  .rodata            const     0x800'6ca4      0x0  zero_init3.o [4]
  .rodata            const     0x800'6ca4      0x0  packbits_init_single.o [4]
  Initializer bytes  const     0x800'6ca4     0x2e  <for P2-1>
                             - 0x800'6cd2   0x6a3a

"P2", part 1 of 3:                            0x98
  P2-1                        0x2000'0000     0x98  <Init block>
    .data            inited   0x2000'0000     0x7c  eth.o [1]
    .data            inited   0x2000'007c      0xc  stm32h7xx_hal.o [1]
    .data            inited   0x2000'0088      0x4  system_stm32h7xx.o [1]
    .data            inited   0x2000'008c      0x4  system_stm32h7xx.o [1]
    .data            inited   0x2000'0090      0x8  rand.o [2]
                            - 0x2000'0098     0x98

"P2", part 2 of 3:                           0x564
  .bss               zero     0x2000'0098    0x1d8  dlmalloc.o [2]
  .bss               zero     0x2000'0270     0xf0  uart.o [1]
  .bss               zero     0x2000'0360     0x84  rand.o [2]
  .bss               zero     0x2000'03e4     0x80  uart.o [1]
  .bss               zero     0x2000'0464     0x68  eth.o [1]
  .bss               zero     0x2000'04cc     0x68  uart.o [1]
  .bss               zero     0x2000'0534     0x54  buffer.o [1]
  .bss               zero     0x2000'0588     0x48  uart.o [1]
  .bss               zero     0x2000'05d0     0x18  dlmalloc.o [2]
  .bss               zero     0x2000'05e8     0x10  eth.o [1]
  .bss               zero     0x2000'05f8      0x4  xgetmemchunk.o [2]
                            - 0x2000'05fc    0x564

"P2", part 3 of 3:                         0x1b780
  CSTACK                      0x2000'0600    0x200  <Block>
    CSTACK           uninit   0x2000'0600    0x200  <Block tail>
  HEAP                        0x2000'0800  0x1b580  <Block>
    HEAP             uninit   0x2000'0800  0x1b580  <Block tail>
                            - 0x2001'bd80  0x1b780

Absolute sections, part 1 of 4:              0x640
  .bss               zero     0x2403'b000    0x640  uart.o [1]
                            - 0x2403'b640    0x640

Absolute sections, part 2 of 4:              0x640
  .bss               zero     0x2403'b700    0x640  uart.o [1]
                            - 0x2403'bd40    0x640

Absolute sections, part 3 of 4:               0xc0
  .bss               zero     0x3004'0000     0x60  eth.o [1]
  .bss               zero     0x3004'0060     0x60  eth.o [1]
                            - 0x3004'00c0     0xc0

Absolute sections, part 4 of 4:             0x17e0
  .bss               zero     0x3004'0200   0x17e0  eth.o [1]
                            - 0x3004'19e0   0x17e0

Unused ranges:

         From           To       Size
         ----           --       ----
   0x800'6cd2   0x81f'ffff  0x1f'932e
  0x2000'05fc  0x2000'05ff        0x4
  0x2001'bd80  0x2001'ffff     0x4280


*******************************************************************************
*** INIT TABLE
***

          Address      Size
          -------      ----
Zero (__iar_zero_init3)
    5 destination ranges, total size 0x2a84:
          0x2000'0098   0x564
          0x2403'b000   0x640
          0x2403'b700   0x640
          0x3004'0000    0xc0
          0x3004'0200  0x17e0

Copy/packbits (__iar_packbits_init_single3)
    1 source range, total size 0x2e (30% of destination):
           0x800'6ca4    0x2e
    1 destination range, total size 0x98:
          0x2000'0000    0x98



*******************************************************************************
*** MODULE SUMMARY
***

    Module                   ro code  ro data  rw data  rw data
                                                         (abs)
    ------                   -------  -------  -------  -------
command line/config:
    -----------------------------------------------------------
    Total:

C:\Users\nkorn\Desktop\Netscale_72_SW_Networkbridge\EWARM\Networkbridge\Obj: [1]
    buffer.o                     380                84
    eth.o                        960       37      244    6 304
    lan8742.o                    406
    main.o                       382      264
    startup_stm32h743xx.o      1 204
    stm32h7xx_hal.o              148        4       12
    stm32h7xx_hal_cortex.o       328
    stm32h7xx_hal_crc.o          362
    stm32h7xx_hal_crc_ex.o        72
    stm32h7xx_hal_dma.o        2 096
    stm32h7xx_hal_eth.o        4 004
    stm32h7xx_hal_gpio.o         512
    stm32h7xx_hal_msp.o           72
    stm32h7xx_hal_pwr_ex.o        68
    stm32h7xx_hal_rcc.o        1 840
    stm32h7xx_hal_rcc_ex.o     2 768
    stm32h7xx_hal_tim.o          690
    stm32h7xx_hal_tim_ex.o         4
    stm32h7xx_hal_uart.o       3 256
    stm32h7xx_hal_uart_ex.o        2
    stm32h7xx_it.o               128
    system_stm32h7xx.o           120        2        8
    uart.o                     1 352               544    3 200
    -----------------------------------------------------------
    Total:                    21 154      307      892    9 504

dl7M_tlf.a: [2]
    abort.o                        6
    dlmalloc.o                 5 344               496
    exit.o                         4
    heaptramp0.o                   4
    low_level_init.o               4
    rand.o                       164        3      140
    xgetmemchunk.o                44                 4
    -----------------------------------------------------------
    Total:                     5 570        3      640

m7M_tlv.a: [3]
    fpinit_M.o                    34
    -----------------------------------------------------------
    Total:                        34

rt7M_tl.a: [4]
    ABImemclr.o                    6
    ABImemclr4.o                   6
    ABImemcpy_small.o             24
    ABImemset.o                   94
    ABImemset48.o                 50
    I64DivMod_small.o            262
    I64DivZer.o                    2
    cexit.o                       10
    cmain.o                       30
    cstartup_M.o                  12
    data_init.o                   40
    memcmp_small.o                30
    packbits_init_single.o        56
    zero_init3.o                  58
    -----------------------------------------------------------
    Total:                       680

shb_l.a: [5]
    exit.o                        20
    -----------------------------------------------------------
    Total:                        20

    Gaps                          22        4
    Linker created                         64  112 512
---------------------------------------------------------------
    Grand Total:              27 480      378  114 044    9 504


*******************************************************************************
*** ENTRY LIST
***

Entry                       Address    Size  Type      Object
-----                       -------    ----  ----      ------
.iar.init_table$$Base    0x800'6a08           --   Gb  - Linker created -
.iar.init_table$$Limit   0x800'6a48           --   Gb  - Linker created -
?main                    0x800'6a49          Code  Gb  cmain.o [4]
BusFault_Handler         0x800'6883     0x2  Code  Gb  stm32h7xx_it.o [1]
BusTimHandle            0x2000'0590    0x40  Data  Gb  uart.o [1]
CRC_Handle_16            0x800'4fcd    0x2e  Code  Lc  stm32h7xx_hal_crc.o [1]
CRC_Handle_8             0x800'4f65    0x68  Code  Lc  stm32h7xx_hal_crc.o [1]
CSTACK$$Base            0x2000'0600           --   Gb  - Linker created -
CSTACK$$Limit           0x2000'0800           --   Gb  - Linker created -
D1CorePrescTable         0x800'6974    0x10  Data  Gb  system_stm32h7xx.o [1]
DMA1_Stream0_IRQHandler
                         0x800'6891     0x6  Code  Gb  stm32h7xx_it.o [1]
DMA1_Stream1_IRQHandler
                         0x800'6897     0x6  Code  Gb  stm32h7xx_it.o [1]
DMARxDscrTab            0x3004'0000    0x60  Data  Gb  eth.o [1]
DMATxDscrTab            0x3004'0060    0x60  Data  Gb  eth.o [1]
DMA_CalcBaseAndBitshift
                         0x800'63e9    0x28  Code  Lc  stm32h7xx_hal_dma.o [1]
DMA_CalcBaseAndBitshift::flagBitshiftOffset
                         0x800'64d8     0x8  Data  Lc  stm32h7xx_hal_dma.o [1]
DMA_CalcDMAMUXChannelBaseAndMask
                         0x800'6411    0x4a  Code  Lc  stm32h7xx_hal_dma.o [1]
DMA_CalcDMAMUXRequestGenBaseAndMask
                         0x800'645b    0x38  Code  Lc  stm32h7xx_hal_dma.o [1]
DMA_SetConfig            0x800'637d    0x6a  Code  Lc  stm32h7xx_hal_dma.o [1]
DebugMon_Handler         0x800'6889     0x2  Code  Gb  stm32h7xx_it.o [1]
ETH_DMARxDescListInit    0x800'2475    0x52  Code  Lc  stm32h7xx_hal_eth.o [1]
ETH_IRQHandler           0x800'68c7     0x6  Code  Gb  stm32h7xx_it.o [1]
ETH_MACDMAConfig         0x800'239d    0xd8  Code  Lc  stm32h7xx_hal_eth.o [1]
ETH_PHY_IO_DeInit        0x800'2a93     0x4  Code  Gb  eth.o [1]
ETH_PHY_IO_GetTick       0x800'2abd     0x4  Code  Gb  eth.o [1]
ETH_PHY_IO_Init          0x800'2a87     0xc  Code  Gb  eth.o [1]
ETH_PHY_IO_ReadReg       0x800'2a97    0x10  Code  Gb  eth.o [1]
ETH_PHY_IO_WriteReg      0x800'2aa7     0xe  Code  Gb  eth.o [1]
ETH_Prepare_Tx_Descriptors
                         0x800'24c7   0x29e  Code  Lc  stm32h7xx_hal_eth.o [1]
ETH_SetDMAConfig         0x800'2323    0x78  Code  Lc  stm32h7xx_hal_eth.o [1]
ETH_SetMACConfig         0x800'21b9   0x16a  Code  Lc  stm32h7xx_hal_eth.o [1]
Error_Handler            0x800'3595     0x2  Code  Gb  main.o [1]
HAL_CRCEx_Polynomial_Set
                         0x800'65b7    0x48  Code  Gb  stm32h7xx_hal_crc_ex.o [1]
HAL_CRC_Calculate        0x800'4f09    0x5c  Code  Gb  stm32h7xx_hal_crc.o [1]
HAL_CRC_Init             0x800'4e91    0x74  Code  Gb  stm32h7xx_hal_crc.o [1]
HAL_CRC_MspInit          0x800'3b23    0x22  Code  Gb  stm32h7xx_hal_msp.o [1]
HAL_DMA_Abort            0x800'5f33    0xdc  Code  Gb  stm32h7xx_hal_dma.o [1]
HAL_DMA_Abort_IT         0x800'600f    0x96  Code  Gb  stm32h7xx_hal_dma.o [1]
HAL_DMA_GetError         0x800'6379     0x4  Code  Gb  stm32h7xx_hal_dma.o [1]
HAL_DMA_IRQHandler       0x800'60a5   0x2c6  Code  Gb  stm32h7xx_hal_dma.o [1]
HAL_DMA_Init             0x800'5cb1   0x1a0  Code  Gb  stm32h7xx_hal_dma.o [1]
HAL_DMA_Start_IT         0x800'5e5f    0xc6  Code  Gb  stm32h7xx_hal_dma.o [1]
HAL_ETH_BuildRxDescriptors
                         0x800'1c65    0x7c  Code  Gb  stm32h7xx_hal_eth.o [1]
HAL_ETH_DMAErrorCallback
                         0x800'2b53     0x2  Code  Gb  eth.o [1]
HAL_ETH_DescAssignMemory
                         0x800'1995    0x3c  Code  Gb  stm32h7xx_hal_eth.o [1]
HAL_ETH_EEECallback      0x800'2b59     0x2  Code  Gb  eth.o [1]
HAL_ETH_GetMACConfig     0x800'1ebf   0x188  Code  Gb  stm32h7xx_hal_eth.o [1]
HAL_ETH_GetMACFilterConfig
                         0x800'212d    0x6e  Code  Gb  stm32h7xx_hal_eth.o [1]
HAL_ETH_GetRxDataBuffer
                         0x800'1b87    0xa6  Code  Gb  stm32h7xx_hal_eth.o [1]
HAL_ETH_GetRxDataLength
                         0x800'1c2d    0x32  Code  Gb  stm32h7xx_hal_eth.o [1]
HAL_ETH_IRQHandler       0x800'1ce1   0x12e  Code  Gb  stm32h7xx_hal_eth.o [1]
HAL_ETH_Init             0x800'17f9   0x19c  Code  Gb  stm32h7xx_hal_eth.o [1]
HAL_ETH_IsRxDataAvailable
                         0x800'1ab7    0xd0  Code  Gb  stm32h7xx_hal_eth.o [1]
HAL_ETH_MACErrorCallback
                         0x800'2b55     0x2  Code  Gb  eth.o [1]
HAL_ETH_MspInit          0x800'28ff    0xda  Code  Gb  eth.o [1]
HAL_ETH_PMTCallback      0x800'2b57     0x2  Code  Gb  eth.o [1]
HAL_ETH_ReadPHYRegister
                         0x800'1e0f    0x56  Code  Gb  stm32h7xx_hal_eth.o [1]
HAL_ETH_RxCpltCallback   0x800'2ac1    0x54  Code  Gb  eth.o [1]
HAL_ETH_RxCpltCallback::RxBuff
                        0x2000'05ec     0xc  Data  Lc  eth.o [1]
HAL_ETH_RxCpltCallback::framelength
                        0x2000'05e8     0x4  Data  Lc  eth.o [1]
HAL_ETH_SetMACConfig     0x800'2051    0x18  Code  Gb  stm32h7xx_hal_eth.o [1]
HAL_ETH_SetMACFilterConfig
                         0x800'20c9    0x5c  Code  Gb  stm32h7xx_hal_eth.o [1]
HAL_ETH_SetMDIOClockRange
                         0x800'2069    0x54  Code  Gb  stm32h7xx_hal_eth.o [1]
HAL_ETH_Start_IT         0x800'19d1    0xa6  Code  Gb  stm32h7xx_hal_eth.o [1]
HAL_ETH_Transmit_IT      0x800'1a77    0x40  Code  Gb  stm32h7xx_hal_eth.o [1]
HAL_ETH_TxCpltCallback   0x800'2b51     0x2  Code  Gb  eth.o [1]
HAL_ETH_WakeUpCallback   0x800'2b5b     0x2  Code  Gb  eth.o [1]
HAL_ETH_WritePHYRegister
                         0x800'1e65    0x5a  Code  Gb  stm32h7xx_hal_eth.o [1]
HAL_GPIO_Init            0x800'3735   0x1b2  Code  Gb  stm32h7xx_hal_gpio.o [1]
HAL_GPIO_WritePin        0x800'38f7     0xa  Code  Gb  stm32h7xx_hal_gpio.o [1]
HAL_GetTick              0x800'2b95     0xc  Code  Wk  stm32h7xx_hal.o [1]
HAL_IncTick              0x800'68fd    0x10  Code  Wk  stm32h7xx_hal.o [1]
HAL_Init                 0x800'2b5d    0x1c  Code  Gb  stm32h7xx_hal.o [1]
HAL_InitTick             0x800'3ac9    0x40  Code  Wk  stm32h7xx_hal.o [1]
HAL_MPU_ConfigRegion     0x800'33ad    0x4c  Code  Gb  stm32h7xx_hal_cortex.o [1]
HAL_MPU_Disable          0x800'337f    0x14  Code  Gb  stm32h7xx_hal_cortex.o [1]
HAL_MPU_Enable           0x800'3393    0x1a  Code  Gb  stm32h7xx_hal_cortex.o [1]
HAL_MspInit              0x800'3b09    0x1a  Code  Gb  stm32h7xx_hal_msp.o [1]
HAL_NVIC_EnableIRQ       0x800'333f    0x18  Code  Gb  stm32h7xx_hal_cortex.o [1]
HAL_NVIC_SetPriority     0x800'3305    0x3a  Code  Gb  stm32h7xx_hal_cortex.o [1]
HAL_NVIC_SetPriorityGrouping
                         0x800'32eb    0x1a  Code  Gb  stm32h7xx_hal_cortex.o [1]
HAL_PWREx_ConfigSupply   0x800'4b69    0x34  Code  Gb  stm32h7xx_hal_pwr_ex.o [1]
HAL_RCCEx_GetD1SysClockFreq
                         0x800'4455    0x22  Code  Gb  stm32h7xx_hal_rcc_ex.o [1]
HAL_RCCEx_GetD3PCLK1Freq
                         0x800'42af     0xa  Code  Gb  stm32h7xx_hal_rcc_ex.o [1]
HAL_RCCEx_GetPLL2ClockFreq
                         0x800'42c9    0x48  Code  Gb  stm32h7xx_hal_rcc_ex.o [1]
HAL_RCCEx_GetPLL3ClockFreq
                         0x800'4311    0x46  Code  Gb  stm32h7xx_hal_rcc_ex.o [1]
HAL_RCCEx_PeriphCLKConfig
                         0x800'3b51   0x73e  Code  Gb  stm32h7xx_hal_rcc_ex.o [1]
HAL_RCC_ClockConfig      0x800'2ba1   0x168  Code  Gb  stm32h7xx_hal_rcc.o [1]
HAL_RCC_GetHCLKFreq      0x800'2e17    0x1a  Code  Gb  stm32h7xx_hal_rcc.o [1]
HAL_RCC_GetPCLK1Freq     0x800'2e31    0x10  Code  Gb  stm32h7xx_hal_rcc.o [1]
HAL_RCC_GetPCLK2Freq     0x800'2e41     0xe  Code  Gb  stm32h7xx_hal_rcc.o [1]
HAL_RCC_GetSysClockFreq
                         0x800'2d1d    0xfa  Code  Gb  stm32h7xx_hal_rcc.o [1]
HAL_RCC_OscConfig        0x800'2e89   0x448  Code  Wk  stm32h7xx_hal_rcc.o [1]
HAL_SYSCFG_ETHInterfaceSelect
                         0x800'2b79     0xa  Code  Gb  stm32h7xx_hal.o [1]
HAL_SYSTICK_Config       0x800'3357    0x28  Code  Gb  stm32h7xx_hal_cortex.o [1]
HAL_TIMEx_BreakCallback
                         0x800'65af     0x2  Code  Wk  stm32h7xx_hal_tim_ex.o [1]
HAL_TIMEx_CommutationCallback
                         0x800'65b3     0x2  Code  Wk  stm32h7xx_hal_tim_ex.o [1]
HAL_TIM_Base_Init        0x800'4be1    0x1a  Code  Gb  stm32h7xx_hal_tim.o [1]
HAL_TIM_Base_Start_IT    0x800'4bfb    0x16  Code  Gb  stm32h7xx_hal_tim.o [1]
HAL_TIM_Base_Stop_IT     0x800'4c11    0x2e  Code  Gb  stm32h7xx_hal_tim.o [1]
HAL_TIM_IRQHandler       0x800'4c63   0x158  Code  Gb  stm32h7xx_hal_tim.o [1]
HAL_TIM_PeriodElapsedCallback
                         0x800'354f    0x2e  Code  Gb  main.o [1]
HAL_UARTEx_WakeupCallback
                         0x800'6601     0x2  Code  Wk  stm32h7xx_hal_uart_ex.o [1]
HAL_UART_Abort_IT        0x800'51e9    0xac  Code  Gb  stm32h7xx_hal_uart.o [1]
HAL_UART_DMAStop         0x800'517b    0x50  Code  Gb  stm32h7xx_hal_uart.o [1]
HAL_UART_ErrorCallback   0x800'4a05     0x2  Code  Gb  uart.o [1]
HAL_UART_IRQHandler      0x800'52a1   0x1bc  Code  Gb  stm32h7xx_hal_uart.o [1]
HAL_UART_IdleLnCallback
                         0x800'4a07    0xd4  Code  Gb  uart.o [1]
HAL_UART_IdleLnCallback::preAmblePointer
                        0x2000'0530     0x4  Data  Lc  uart.o [1]
HAL_UART_Init            0x800'4ffd    0x36  Code  Gb  stm32h7xx_hal_uart.o [1]
HAL_UART_Receive_DMA     0x800'50f5    0x86  Code  Gb  stm32h7xx_hal_uart.o [1]
HAL_UART_RxCpltCallback
                         0x800'4a03     0x2  Code  Gb  uart.o [1]
HAL_UART_Transmit_DMA    0x800'507d    0x78  Code  Gb  stm32h7xx_hal_uart.o [1]
HAL_UART_TxCpltCallback
                         0x800'49ed    0x16  Code  Gb  uart.o [1]
HEAP$$Base              0x2000'0800           --   Gb  - Linker created -
HEAP$$Limit             0x2001'bd80           --   Gb  - Linker created -
HardFault_Handler        0x800'687f     0x2  Code  Gb  stm32h7xx_it.o [1]
LAN8742                 0x2000'0048    0x20  Data  Gb  eth.o [1]
LAN8742_GetLinkState     0x800'3697    0x94  Code  Gb  lan8742.o [1]
LAN8742_IOCtx           0x2000'0068    0x14  Data  Gb  eth.o [1]
LAN8742_Init             0x800'35d1    0xbc  Code  Gb  lan8742.o [1]
LAN8742_RegisterBusIO    0x800'359f    0x32  Code  Gb  lan8742.o [1]
LedMallocTimHandle      0x2000'0538    0x40  Data  Gb  buffer.o [1]
LedTimHandle            0x2000'04f0    0x40  Data  Gb  uart.o [1]
MemManage_Handler        0x800'6881     0x2  Code  Gb  stm32h7xx_it.o [1]
NMI_Handler              0x800'687d     0x2  Code  Gb  stm32h7xx_it.o [1]
PendSV_Handler           0x800'688b     0x2  Code  Gb  stm32h7xx_it.o [1]
RCCEx_PLL2_Config        0x800'4481    0x9a  Code  Lc  stm32h7xx_hal_rcc_ex.o [1]
RCCEx_PLL3_Config        0x800'451b    0x9a  Code  Lc  stm32h7xx_hal_rcc_ex.o [1]
Region$$Table$$Base      0x800'6a08           --   Gb  - Linker created -
Region$$Table$$Limit     0x800'6a48           --   Gb  - Linker created -
Rx_Buff                 0x3004'0200  0x17e0  Data  Gb  eth.o [1]
SCB_CleanInvalidateDCache
                         0x800'4621    0x44  Code  Lc  uart.o [1]
SVC_Handler              0x800'6887     0x2  Code  Gb  stm32h7xx_it.o [1]
SysTick_Handler          0x800'688d     0x4  Code  Gb  stm32h7xx_it.o [1]
SystemClock_Config       0x800'3499    0xb6  Code  Gb  main.o [1]
SystemCoreClock         0x2000'0088     0x4  Data  Gb  system_stm32h7xx.o [1]
SystemD2Clock           0x2000'008c     0x4  Data  Gb  system_stm32h7xx.o [1]
SystemInit               0x800'690d    0x54  Code  Gb  system_stm32h7xx.o [1]
TIM2_IRQHandler          0x800'68cd     0x6  Code  Gb  stm32h7xx_it.o [1]
TIM3_IRQHandler          0x800'68d3     0x6  Code  Gb  stm32h7xx_it.o [1]
TIM4_IRQHandler          0x800'68d9     0x6  Code  Gb  stm32h7xx_it.o [1]
TIM_Base_SetConfig       0x800'4dc1    0xa6  Code  Gb  stm32h7xx_hal_tim.o [1]
TxConfig                0x2000'0008    0x34  Data  Gb  eth.o [1]
UARTPrescTable           0x800'5c94    0x18  Data  Lc  stm32h7xx_hal_uart.o [1]
UART_AdvFeatureConfig    0x800'5945    0xc8  Code  Gb  stm32h7xx_hal_uart.o [1]
UART_CheckIdleState      0x800'5a0d    0x5c  Code  Gb  stm32h7xx_hal_uart.o [1]
UART_DMAAbortOnError     0x800'5bb5    0x10  Code  Lc  stm32h7xx_hal_uart.o [1]
UART_DMAError            0x800'5b5b    0x5a  Code  Lc  stm32h7xx_hal_uart.o [1]
UART_DMAReceiveCplt      0x800'5b15    0x40  Code  Lc  stm32h7xx_hal_uart.o [1]
UART_DMARxAbortCallback
                         0x800'5be5    0x1e  Code  Lc  stm32h7xx_hal_uart.o [1]
UART_DMARxHalfCplt       0x800'5b55     0x6  Code  Lc  stm32h7xx_hal_uart.o [1]
UART_DMATransmitCplt     0x800'5ae3    0x2c  Code  Lc  stm32h7xx_hal_uart.o [1]
UART_DMATxAbortCallback
                         0x800'5bc5    0x1e  Code  Lc  stm32h7xx_hal_uart.o [1]
UART_DMATxHalfCplt       0x800'5b0f     0x6  Code  Lc  stm32h7xx_hal_uart.o [1]
UART_EndRxTransfer       0x800'5ac7    0x1c  Code  Lc  stm32h7xx_hal_uart.o [1]
UART_Receive_IT          0x800'5c25    0x6e  Code  Lc  stm32h7xx_hal_uart.o [1]
UART_SetConfig           0x800'5469   0x456  Code  Gb  stm32h7xx_hal_uart.o [1]
UART_WaitOnFlagUntilTimeout
                         0x800'5a69    0x5e  Code  Gb  stm32h7xx_hal_uart.o [1]
USART2_IRQHandler        0x800'689d    0x2a  Code  Gb  stm32h7xx_it.o [1]
UsageFault_Handler       0x800'6885     0x2  Code  Gb  stm32h7xx_it.o [1]
_Rand_idx               0x2000'03e0     0x4  Data  Lc  rand.o [2]
_Rand_rv                0x2000'0360    0x80  Data  Lc  rand.o [2]
_Randinit               0x2000'0090     0x1  Data  Gb  rand.o [2]
_Randseed               0x2000'0094     0x4  Data  Gb  rand.o [2]
__NVIC_SetPriority       0x800'32d1    0x1a  Code  Lc  stm32h7xx_hal_cortex.o [1]
__aeabi_ldiv0            0x800'6771          Code  Gb  I64DivZer.o [4]
__aeabi_memclr           0x800'6585          Code  Gb  ABImemclr.o [4]
__aeabi_memclr4          0x800'3599          Code  Gb  ABImemclr4.o [4]
__cmain                  0x800'6a49          Code  Gb  cmain.o [4]
__data_GetMemChunk       0x800'17b9    0x2c  Code  Gb  xgetmemchunk.o [2]
__data_GetMemChunk::start
                        0x2000'05f8     0x4  Data  Lc  xgetmemchunk.o [2]
__exit                   0x800'17e5    0x14  Code  Gb  exit.o [5]
__iar_Memset4_word       0x800'4bad          Code  Gb  ABImemset48.o [4]
__iar_Memset8_word       0x800'4bad          Code  Gb  ABImemset48.o [4]
__iar_Memset_word        0x800'6711          Code  Gb  ABImemset.o [4]
__iar_data_init3         0x800'69bd    0x28  Code  Gb  data_init.o [4]
__iar_dlfree             0x800'1277   0x4f6  Code  Gb  dlmalloc.o [2]
__iar_dlmalloc           0x800'0fc1   0x2b6  Code  Gb  dlmalloc.o [2]
__iar_init_vfp           0x800'69e5          Code  Gb  fpinit_M.o [3]
__iar_packbits_init_single3
                         0x800'6985    0x38  Code  Gb  packbits_init_single.o [4]
__iar_program_start      0x800'6a8d          Code  Gb  cstartup_M.o [4]
__iar_small_Memcpy       0x800'3939          Code  Gb  ABImemcpy_small.o [4]
__iar_small_memcmp       0x800'658d          Code  Gb  memcmp_small.o [4]
__iar_small_memcpy       0x800'3935          Code  Gb  ABImemcpy_small.o [4]
__iar_small_memcpy4      0x800'3935          Code  Gb  ABImemcpy_small.o [4]
__iar_small_memcpy8      0x800'3935          Code  Gb  ABImemcpy_small.o [4]
__iar_small_uldivmod     0x800'6605          Code  Gb  I64DivMod_small.o [4]
__iar_zero_init3         0x800'177f    0x3a  Code  Gb  zero_init3.o [4]
__low_level_init         0x800'6a67     0x4  Code  Gb  low_level_init.o [2]
__vector_table           0x800'0000          Data  Gb  startup_stm32h743xx.o [1]
_call_main               0x800'6a55          Code  Gb  cmain.o [4]
_exit                    0x800'6a71          Code  Gb  cexit.o [4]
_gm_                    0x2000'0098   0x1d8  Data  Lc  dlmalloc.o [2]
_main                    0x800'6a63          Code  Gb  cmain.o [4]
abort                    0x800'1779     0x6  Code  Gb  abort.o [2]
add_segment              0x800'0661   0x1f2  Code  Lc  dlmalloc.o [2]
buffer_getLockStatus     0x800'3a35     0x6  Code  Gb  buffer.o [1]
buffer_init              0x800'394d    0x96  Code  Gb  buffer.o [1]
buffer_insertData        0x800'3a3b    0x5c  Code  Gb  buffer.o [1]
buffer_ledTimerCallback
                         0x800'3a97    0x12  Code  Gb  buffer.o [1]
buffer_lock              0x800'3a29     0x4  Code  Gb  buffer.o [1]
buffer_manager           0x800'39e3    0x46  Code  Gb  buffer.o [1]
buffer_unlock            0x800'3a2d     0x2  Code  Gb  buffer.o [1]
eth_init                 0x800'279d   0x162  Code  Gb  eth.o [1]
eth_output               0x800'29d9    0xae  Code  Gb  eth.o [1]
eth_output::Txbuffer    0x2000'003c     0xc  Data  Lc  eth.o [1]
exit                     0x800'6a6b     0x4  Code  Gb  exit.o [2]
free                     0x800'4e8b     0x4  Code  Gb  heaptramp0.o [2]
hcrc                    0x2000'04cc    0x24  Data  Gb  uart.o [1]
hdma_usart2_rx          0x2000'0270    0x78  Data  Gb  uart.o [1]
hdma_usart2_tx          0x2000'02e8    0x78  Data  Gb  uart.o [1]
head                    0x2000'0578     0x4  Data  Lc  buffer.o [1]
heth                    0x2000'0464    0x68  Data  Gb  eth.o [1]
huart2                  0x2000'03e4    0x80  Data  Gb  uart.o [1]
init_mparams             0x800'02b3    0x32  Code  Lc  dlmalloc.o [2]
init_top                 0x800'02e5    0x36  Code  Lc  dlmalloc.o [2]
listLength              0x2000'0580     0x4  Data  Lc  buffer.o [1]
macaddress              0x2000'0000     0x8  Data  Lc  eth.o [1]
main                     0x800'3419    0x76  Code  Gb  main.o [1]
mallocFailCounter       0x2000'0584     0x4  Data  Lc  buffer.o [1]
mparams                 0x2000'05d0    0x18  Data  Lc  dlmalloc.o [2]
oldhead                 0x2000'057c     0x4  Data  Lc  buffer.o [1]
preAmbleSFD              0x800'4b60     0x8  Data  Lc  uart.o [1]
prepend_alloc            0x800'031b   0x346  Code  Lc  dlmalloc.o [2]
rand                     0x800'64e1    0x94  Code  Gb  rand.o [2]
rxBuffer                0x2403'b000   0x640  Data  Gb  uart.o [1]
segment_holding          0x800'0299    0x1a  Code  Lc  dlmalloc.o [2]
sourceLockFlag          0x2000'0534     0x1  Data  Lc  buffer.o [1]
sys_alloc                0x800'0859   0x164  Code  Lc  dlmalloc.o [2]
sys_trim                 0x800'09bd    0x64  Code  Lc  dlmalloc.o [2]
tmalloc_large            0x800'0a2d   0x386  Code  Lc  dlmalloc.o [2]
tmalloc_small            0x800'0db3   0x200  Code  Lc  dlmalloc.o [2]
txBuffer                0x2403'b700   0x640  Data  Gb  uart.o [1]
uartBusAccessFlag       0x2000'0588     0x1  Data  Gb  uart.o [1]
uart_calcCRC             0x800'49ab     0xa  Code  Lc  uart.o [1]
uart_init                0x800'4665   0x28e  Code  Gb  uart.o [1]
uart_ledTimerCallback    0x800'4ae5    0x12  Code  Gb  uart.o [1]
uart_output              0x800'48ff    0xac  Code  Gb  uart.o [1]
uart_output::crc32      0x2000'058c     0x4  Data  Lc  uart.o [1]
uart_receive             0x800'49b5    0x38  Code  Lc  uart.o [1]
uart_setUartAccessFlag   0x800'4adb     0x4  Code  Gb  uart.o [1]
uwTick                  0x2000'0080     0x4  Data  Lc  stm32h7xx_hal.o [1]
uwTickFreq              0x2000'007c     0x1  Data  Lc  stm32h7xx_hal.o [1]
uwTickPrio              0x2000'0084     0x4  Data  Lc  stm32h7xx_hal.o [1]


[1] = C:\Users\nkorn\Desktop\Netscale_72_SW_Networkbridge\EWARM\Networkbridge\Obj
[2] = dl7M_tlf.a
[3] = m7M_tlv.a
[4] = rt7M_tl.a
[5] = shb_l.a

   27 480 bytes of readonly  code memory
      378 bytes of readonly  data memory
  114 044 bytes of readwrite data memory (+ 9 504 absolute)

Errors: none
Warnings: none
