###############################################################################
#
# IAR ELF Linker V8.32.1.169/W32 for ARM                  04/Jun/2019  09:33:38
# Copyright 2007-2018 IAR Systems AB.
#
#    Output file  =  
#        C:\Users\nkorn\Documents\GitHub\Netscale_72_SW_Networkbridge\EWARM\Networkbridge\Exe\Networkbridge.out
#    Map file     =  
#        C:\Users\nkorn\Documents\GitHub\Netscale_72_SW_Networkbridge\EWARM\Networkbridge\List\Networkbridge.map
#    Command line =  
#        -f C:\Users\nkorn\AppData\Local\Temp\EW380.tmp
#        (C:\Users\nkorn\Documents\GitHub\Netscale_72_SW_Networkbridge\EWARM\Networkbridge\Obj\eth.o
#        C:\Users\nkorn\Documents\GitHub\Netscale_72_SW_Networkbridge\EWARM\Networkbridge\Obj\lan8742.o
#        C:\Users\nkorn\Documents\GitHub\Netscale_72_SW_Networkbridge\EWARM\Networkbridge\Obj\list.o
#        C:\Users\nkorn\Documents\GitHub\Netscale_72_SW_Networkbridge\EWARM\Networkbridge\Obj\main.o
#        C:\Users\nkorn\Documents\GitHub\Netscale_72_SW_Networkbridge\EWARM\Networkbridge\Obj\startup_stm32h743xx.o
#        C:\Users\nkorn\Documents\GitHub\Netscale_72_SW_Networkbridge\EWARM\Networkbridge\Obj\stm32h7xx_hal.o
#        C:\Users\nkorn\Documents\GitHub\Netscale_72_SW_Networkbridge\EWARM\Networkbridge\Obj\stm32h7xx_hal_cortex.o
#        C:\Users\nkorn\Documents\GitHub\Netscale_72_SW_Networkbridge\EWARM\Networkbridge\Obj\stm32h7xx_hal_crc.o
#        C:\Users\nkorn\Documents\GitHub\Netscale_72_SW_Networkbridge\EWARM\Networkbridge\Obj\stm32h7xx_hal_crc_ex.o
#        C:\Users\nkorn\Documents\GitHub\Netscale_72_SW_Networkbridge\EWARM\Networkbridge\Obj\stm32h7xx_hal_dma.o
#        C:\Users\nkorn\Documents\GitHub\Netscale_72_SW_Networkbridge\EWARM\Networkbridge\Obj\stm32h7xx_hal_dma_ex.o
#        C:\Users\nkorn\Documents\GitHub\Netscale_72_SW_Networkbridge\EWARM\Networkbridge\Obj\stm32h7xx_hal_eth.o
#        C:\Users\nkorn\Documents\GitHub\Netscale_72_SW_Networkbridge\EWARM\Networkbridge\Obj\stm32h7xx_hal_eth_ex.o
#        C:\Users\nkorn\Documents\GitHub\Netscale_72_SW_Networkbridge\EWARM\Networkbridge\Obj\stm32h7xx_hal_flash.o
#        C:\Users\nkorn\Documents\GitHub\Netscale_72_SW_Networkbridge\EWARM\Networkbridge\Obj\stm32h7xx_hal_flash_ex.o
#        C:\Users\nkorn\Documents\GitHub\Netscale_72_SW_Networkbridge\EWARM\Networkbridge\Obj\stm32h7xx_hal_gpio.o
#        C:\Users\nkorn\Documents\GitHub\Netscale_72_SW_Networkbridge\EWARM\Networkbridge\Obj\stm32h7xx_hal_hsem.o
#        C:\Users\nkorn\Documents\GitHub\Netscale_72_SW_Networkbridge\EWARM\Networkbridge\Obj\stm32h7xx_hal_i2c.o
#        C:\Users\nkorn\Documents\GitHub\Netscale_72_SW_Networkbridge\EWARM\Networkbridge\Obj\stm32h7xx_hal_i2c_ex.o
#        C:\Users\nkorn\Documents\GitHub\Netscale_72_SW_Networkbridge\EWARM\Networkbridge\Obj\stm32h7xx_hal_mdma.o
#        C:\Users\nkorn\Documents\GitHub\Netscale_72_SW_Networkbridge\EWARM\Networkbridge\Obj\stm32h7xx_hal_msp.o
#        C:\Users\nkorn\Documents\GitHub\Netscale_72_SW_Networkbridge\EWARM\Networkbridge\Obj\stm32h7xx_hal_pwr.o
#        C:\Users\nkorn\Documents\GitHub\Netscale_72_SW_Networkbridge\EWARM\Networkbridge\Obj\stm32h7xx_hal_pwr_ex.o
#        C:\Users\nkorn\Documents\GitHub\Netscale_72_SW_Networkbridge\EWARM\Networkbridge\Obj\stm32h7xx_hal_rcc.o
#        C:\Users\nkorn\Documents\GitHub\Netscale_72_SW_Networkbridge\EWARM\Networkbridge\Obj\stm32h7xx_hal_rcc_ex.o
#        C:\Users\nkorn\Documents\GitHub\Netscale_72_SW_Networkbridge\EWARM\Networkbridge\Obj\stm32h7xx_hal_tim.o
#        C:\Users\nkorn\Documents\GitHub\Netscale_72_SW_Networkbridge\EWARM\Networkbridge\Obj\stm32h7xx_hal_tim_ex.o
#        C:\Users\nkorn\Documents\GitHub\Netscale_72_SW_Networkbridge\EWARM\Networkbridge\Obj\stm32h7xx_hal_uart.o
#        C:\Users\nkorn\Documents\GitHub\Netscale_72_SW_Networkbridge\EWARM\Networkbridge\Obj\stm32h7xx_hal_uart_ex.o
#        C:\Users\nkorn\Documents\GitHub\Netscale_72_SW_Networkbridge\EWARM\Networkbridge\Obj\stm32h7xx_it.o
#        C:\Users\nkorn\Documents\GitHub\Netscale_72_SW_Networkbridge\EWARM\Networkbridge\Obj\system_stm32h7xx.o
#        C:\Users\nkorn\Documents\GitHub\Netscale_72_SW_Networkbridge\EWARM\Networkbridge\Obj\uart.o
#        --redirect _Printf=_PrintfFull --redirect _Scanf=_ScanfFull
#        --no_out_extension -o
#        C:\Users\nkorn\Documents\GitHub\Netscale_72_SW_Networkbridge\EWARM\Networkbridge\Exe\Networkbridge.out
#        --map
#        C:\Users\nkorn\Documents\GitHub\Netscale_72_SW_Networkbridge\EWARM\Networkbridge\List\Networkbridge.map
#        --config
#        C:\Users\nkorn\Documents\GitHub\Netscale_72_SW_Networkbridge\EWARM/stm32h743xx_flash.icf
#        --semihosting --entry __iar_program_start --vfe --text_out locale)
#
###############################################################################

*******************************************************************************
*** RUNTIME MODEL ATTRIBUTES
***

CppFlavor       = *
__Heap_Handler  = DLMalloc
__SystemLibrary = DLib
__dlib_version  = 6


*******************************************************************************
*** HEAP SELECTION
***

The advanced heap was selected because the application calls memory
allocation functions outside of system library functions, and there
are calls to deallocation functions in the application.


*******************************************************************************
*** PLACEMENT SUMMARY
***

"A0":  place at 0x800'0000 { ro section .intvec };
"P1":  place in [from 0x800'0000 to 0x81f'ffff] { ro };
define block CSTACK with size = 125K, alignment = 8 { };
define block HEAP with size = 375K, alignment = 8 { };
"P2":  place in [from 0x2400'0000 to 0x2407'ffff] {
          rw, block CSTACK, block HEAP };
initialize by copy { rw };

  Section            Kind         Address     Size  Object
  -------            ----         -------     ----  ------
"A0":                                        0x298
  .intvec            ro code   0x800'0000    0x298  startup_stm32h743xx.o [1]
                             - 0x800'0298    0x298

"P1":                                       0x6a76
  .text              ro code   0x800'0298   0x14e0  dlmalloc.o [2]
  .text              ro code   0x800'1778      0x6  abort.o [2]
  .text              ro code   0x800'177e     0x3a  zero_init3.o [4]
  .text              ro code   0x800'17b8     0x2c  xgetmemchunk.o [2]
  .text              ro code   0x800'17e4     0x14  exit.o [5]
  .text              ro code   0x800'17f8    0xfa4  stm32h7xx_hal_eth.o [1]
  .text              ro code   0x800'279c    0x3a0  eth.o [1]
  .text              ro code   0x800'2b3c     0x38  stm32h7xx_hal.o [1]
  .text              ro code   0x800'2b74      0xc  stm32h7xx_hal.o [1]
  .text              ro code   0x800'2b80    0x730  stm32h7xx_hal_rcc.o [1]
  .text              ro code   0x800'32b0    0x148  stm32h7xx_hal_cortex.o [1]
  .text              ro code   0x800'33f8    0x18e  main.o [1]
  .text              ro code   0x800'3588      0x6  ABImemclr4.o [4]
  .text              ro code   0x800'358e    0x196  lan8742.o [1]
  .text              ro code   0x800'3724    0x208  stm32h7xx_hal_gpio.o [1]
  .text              ro code   0x800'392c     0x18  ABImemcpy_small.o [4]
  .text              ro code   0x800'3944    0x16c  list.o [1]
  .text              ro code   0x800'3ab0     0x40  stm32h7xx_hal.o [1]
  .text              ro code   0x800'3af0     0x48  stm32h7xx_hal_msp.o [1]
  .text              ro code   0x800'3b38    0xad0  stm32h7xx_hal_rcc_ex.o [1]
  .text              ro code   0x800'4608    0x5a8  uart.o [1]
  .text              ro code   0x800'4bb0     0x44  stm32h7xx_hal_pwr_ex.o [1]
  .text              ro code   0x800'4bf4     0x32  ABImemset48.o [4]
  .text              ro code   0x800'4c28    0x2aa  stm32h7xx_hal_tim.o [1]
  .text              ro code   0x800'4ed2      0x4  heaptramp0.o [2]
  .text              ro code   0x800'4ed8    0x16a  stm32h7xx_hal_crc.o [1]
  .text              ro code   0x800'5044    0xcb2  stm32h7xx_hal_uart.o [1]
  .text              ro code   0x800'5cf8    0x830  stm32h7xx_hal_dma.o [1]
  .text              ro code   0x800'6528     0xa4  rand.o [2]
  .text              ro code   0x800'65cc     0x1e  memcmp_small.o [4]
  .text              ro code   0x800'65ea      0x2  stm32h7xx_hal_tim.o [1]
  .text              ro code   0x800'65ec      0x2  stm32h7xx_hal_tim.o [1]
  .text              ro code   0x800'65ee      0x2  stm32h7xx_hal_tim_ex.o [1]
  .text              ro code   0x800'65f0      0x2  stm32h7xx_hal_tim.o [1]
  .text              ro code   0x800'65f2      0x2  stm32h7xx_hal_tim_ex.o [1]
  .text              ro code   0x800'65f4      0x2  stm32h7xx_hal_tim.o [1]
  .text              ro code   0x800'65f6     0x48  stm32h7xx_hal_crc_ex.o [1]
  .text              ro code   0x800'663e      0x2  stm32h7xx_hal_uart.o [1]
  .text              ro code   0x800'6640      0x2  stm32h7xx_hal_uart_ex.o [1]
  .text              ro code   0x800'6644    0x106  I64DivMod_small.o [4]
  .text              ro code   0x800'674a      0x2  stm32h7xx_hal_uart.o [1]
  .text              ro code   0x800'674c      0x2  stm32h7xx_hal_uart.o [1]
  .text              ro code   0x800'6750      0x2  I64DivZer.o [4]
  .rodata            const     0x800'6754    0x108  main.o [1]
  .text              ro code   0x800'685c     0x90  stm32h7xx_it.o [1]
  .text              ro code   0x800'68ec     0x10  stm32h7xx_hal.o [1]
  .text              ro code   0x800'68fc     0x78  system_stm32h7xx.o [1]
  .text              ro code   0x800'6974     0x38  packbits_init_single.o [4]
  .text              ro code   0x800'69ac     0x28  data_init.o [4]
  .text              ro code   0x800'69d4     0x22  fpinit_M.o [3]
  .iar.init_table    const     0x800'69f8     0x30  - Linker created -
  .text              ro code   0x800'6a28     0x1e  cmain.o [4]
  .text              ro code   0x800'6a46      0x4  low_level_init.o [2]
  .text              ro code   0x800'6a4a      0x4  exit.o [2]
  .text              ro code   0x800'6a50      0xa  cexit.o [4]
  .text              ro code   0x800'6a5c     0x10  startup_stm32h743xx.o [1]
  .text              ro code   0x800'6a6c      0xc  cstartup_M.o [4]
  .text              ro code   0x800'6a78      0x4  startup_stm32h743xx.o [1]
  .text              ro code   0x800'6a7c      0x4  startup_stm32h743xx.o [1]
  .text              ro code   0x800'6a80      0x4  startup_stm32h743xx.o [1]
  .text              ro code   0x800'6a84      0x4  startup_stm32h743xx.o [1]
  .text              ro code   0x800'6a88      0x4  startup_stm32h743xx.o [1]
  .text              ro code   0x800'6a8c      0x4  startup_stm32h743xx.o [1]
  .text              ro code   0x800'6a90      0x4  startup_stm32h743xx.o [1]
  .text              ro code   0x800'6a94      0x4  startup_stm32h743xx.o [1]
  .text              ro code   0x800'6a98      0x4  startup_stm32h743xx.o [1]
  .text              ro code   0x800'6a9c      0x4  startup_stm32h743xx.o [1]
  .text              ro code   0x800'6aa0      0x4  startup_stm32h743xx.o [1]
  .text              ro code   0x800'6aa4      0x4  startup_stm32h743xx.o [1]
  .text              ro code   0x800'6aa8      0x4  startup_stm32h743xx.o [1]
  .text              ro code   0x800'6aac      0x4  startup_stm32h743xx.o [1]
  .text              ro code   0x800'6ab0      0x4  startup_stm32h743xx.o [1]
  .text              ro code   0x800'6ab4      0x4  startup_stm32h743xx.o [1]
  .text              ro code   0x800'6ab8      0x4  startup_stm32h743xx.o [1]
  .text              ro code   0x800'6abc      0x4  startup_stm32h743xx.o [1]
  .text              ro code   0x800'6ac0      0x4  startup_stm32h743xx.o [1]
  .text              ro code   0x800'6ac4      0x4  startup_stm32h743xx.o [1]
  .text              ro code   0x800'6ac8      0x4  startup_stm32h743xx.o [1]
  .text              ro code   0x800'6acc      0x4  startup_stm32h743xx.o [1]
  .text              ro code   0x800'6ad0      0x4  startup_stm32h743xx.o [1]
  .text              ro code   0x800'6ad4      0x4  startup_stm32h743xx.o [1]
  .text              ro code   0x800'6ad8      0x4  startup_stm32h743xx.o [1]
  .text              ro code   0x800'6adc      0x4  startup_stm32h743xx.o [1]
  .text              ro code   0x800'6ae0      0x4  startup_stm32h743xx.o [1]
  .text              ro code   0x800'6ae4      0x4  startup_stm32h743xx.o [1]
  .text              ro code   0x800'6ae8      0x4  startup_stm32h743xx.o [1]
  .text              ro code   0x800'6aec      0x4  startup_stm32h743xx.o [1]
  .text              ro code   0x800'6af0      0x4  startup_stm32h743xx.o [1]
  .text              ro code   0x800'6af4      0x4  startup_stm32h743xx.o [1]
  .text              ro code   0x800'6af8      0x4  startup_stm32h743xx.o [1]
  .text              ro code   0x800'6afc      0x4  startup_stm32h743xx.o [1]
  .text              ro code   0x800'6b00      0x4  startup_stm32h743xx.o [1]
  .text              ro code   0x800'6b04      0x4  startup_stm32h743xx.o [1]
  .text              ro code   0x800'6b08      0x4  startup_stm32h743xx.o [1]
  .text              ro code   0x800'6b0c      0x4  startup_stm32h743xx.o [1]
  .text              ro code   0x800'6b10      0x4  startup_stm32h743xx.o [1]
  .text              ro code   0x800'6b14      0x4  startup_stm32h743xx.o [1]
  .text              ro code   0x800'6b18      0x4  startup_stm32h743xx.o [1]
  .text              ro code   0x800'6b1c      0x4  startup_stm32h743xx.o [1]
  .text              ro code   0x800'6b20      0x4  startup_stm32h743xx.o [1]
  .text              ro code   0x800'6b24      0x4  startup_stm32h743xx.o [1]
  .text              ro code   0x800'6b28      0x4  startup_stm32h743xx.o [1]
  .text              ro code   0x800'6b2c      0x4  startup_stm32h743xx.o [1]
  .text              ro code   0x800'6b30      0x4  startup_stm32h743xx.o [1]
  .text              ro code   0x800'6b34      0x4  startup_stm32h743xx.o [1]
  .text              ro code   0x800'6b38      0x4  startup_stm32h743xx.o [1]
  .text              ro code   0x800'6b3c      0x4  startup_stm32h743xx.o [1]
  .text              ro code   0x800'6b40      0x4  startup_stm32h743xx.o [1]
  .text              ro code   0x800'6b44      0x4  startup_stm32h743xx.o [1]
  .text              ro code   0x800'6b48      0x4  startup_stm32h743xx.o [1]
  .text              ro code   0x800'6b4c      0x4  startup_stm32h743xx.o [1]
  .text              ro code   0x800'6b50      0x4  startup_stm32h743xx.o [1]
  .text              ro code   0x800'6b54      0x4  startup_stm32h743xx.o [1]
  .text              ro code   0x800'6b58      0x4  startup_stm32h743xx.o [1]
  .text              ro code   0x800'6b5c      0x4  startup_stm32h743xx.o [1]
  .text              ro code   0x800'6b60      0x4  startup_stm32h743xx.o [1]
  .text              ro code   0x800'6b64      0x4  startup_stm32h743xx.o [1]
  .text              ro code   0x800'6b68      0x4  startup_stm32h743xx.o [1]
  .text              ro code   0x800'6b6c      0x4  startup_stm32h743xx.o [1]
  .text              ro code   0x800'6b70      0x4  startup_stm32h743xx.o [1]
  .text              ro code   0x800'6b74      0x4  startup_stm32h743xx.o [1]
  .text              ro code   0x800'6b78      0x4  startup_stm32h743xx.o [1]
  .text              ro code   0x800'6b7c      0x4  startup_stm32h743xx.o [1]
  .text              ro code   0x800'6b80      0x4  startup_stm32h743xx.o [1]
  .text              ro code   0x800'6b84      0x4  startup_stm32h743xx.o [1]
  .text              ro code   0x800'6b88      0x4  startup_stm32h743xx.o [1]
  .text              ro code   0x800'6b8c      0x4  startup_stm32h743xx.o [1]
  .text              ro code   0x800'6b90      0x4  startup_stm32h743xx.o [1]
  .text              ro code   0x800'6b94      0x4  startup_stm32h743xx.o [1]
  .text              ro code   0x800'6b98      0x4  startup_stm32h743xx.o [1]
  .text              ro code   0x800'6b9c      0x4  startup_stm32h743xx.o [1]
  .text              ro code   0x800'6ba0      0x4  startup_stm32h743xx.o [1]
  .text              ro code   0x800'6ba4      0x4  startup_stm32h743xx.o [1]
  .text              ro code   0x800'6ba8      0x4  startup_stm32h743xx.o [1]
  .text              ro code   0x800'6bac      0x4  startup_stm32h743xx.o [1]
  .text              ro code   0x800'6bb0      0x4  startup_stm32h743xx.o [1]
  .text              ro code   0x800'6bb4      0x4  startup_stm32h743xx.o [1]
  .text              ro code   0x800'6bb8      0x4  startup_stm32h743xx.o [1]
  .text              ro code   0x800'6bbc      0x4  startup_stm32h743xx.o [1]
  .text              ro code   0x800'6bc0      0x4  startup_stm32h743xx.o [1]
  .text              ro code   0x800'6bc4      0x4  startup_stm32h743xx.o [1]
  .text              ro code   0x800'6bc8      0x4  startup_stm32h743xx.o [1]
  .text              ro code   0x800'6bcc      0x4  startup_stm32h743xx.o [1]
  .text              ro code   0x800'6bd0      0x4  startup_stm32h743xx.o [1]
  .text              ro code   0x800'6bd4      0x4  startup_stm32h743xx.o [1]
  .text              ro code   0x800'6bd8      0x4  startup_stm32h743xx.o [1]
  .text              ro code   0x800'6bdc      0x4  startup_stm32h743xx.o [1]
  .text              ro code   0x800'6be0      0x4  startup_stm32h743xx.o [1]
  .text              ro code   0x800'6be4      0x4  startup_stm32h743xx.o [1]
  .text              ro code   0x800'6be8      0x4  startup_stm32h743xx.o [1]
  .text              ro code   0x800'6bec      0x4  startup_stm32h743xx.o [1]
  .text              ro code   0x800'6bf0      0x4  startup_stm32h743xx.o [1]
  .text              ro code   0x800'6bf4      0x4  startup_stm32h743xx.o [1]
  .text              ro code   0x800'6bf8      0x4  startup_stm32h743xx.o [1]
  .text              ro code   0x800'6bfc      0x4  startup_stm32h743xx.o [1]
  .text              ro code   0x800'6c00      0x4  startup_stm32h743xx.o [1]
  .text              ro code   0x800'6c04      0x4  startup_stm32h743xx.o [1]
  .text              ro code   0x800'6c08      0x4  startup_stm32h743xx.o [1]
  .text              ro code   0x800'6c0c      0x4  startup_stm32h743xx.o [1]
  .text              ro code   0x800'6c10      0x4  startup_stm32h743xx.o [1]
  .text              ro code   0x800'6c14      0x4  startup_stm32h743xx.o [1]
  .text              ro code   0x800'6c18      0x4  startup_stm32h743xx.o [1]
  .text              ro code   0x800'6c1c      0x4  startup_stm32h743xx.o [1]
  .text              ro code   0x800'6c20      0x4  startup_stm32h743xx.o [1]
  .text              ro code   0x800'6c24      0x4  startup_stm32h743xx.o [1]
  .text              ro code   0x800'6c28      0x4  startup_stm32h743xx.o [1]
  .text              ro code   0x800'6c2c      0x4  startup_stm32h743xx.o [1]
  .text              ro code   0x800'6c30      0x4  startup_stm32h743xx.o [1]
  .text              ro code   0x800'6c34      0x4  startup_stm32h743xx.o [1]
  .text              ro code   0x800'6c38      0x4  startup_stm32h743xx.o [1]
  .text              ro code   0x800'6c3c      0x4  startup_stm32h743xx.o [1]
  .text              ro code   0x800'6c40      0x4  startup_stm32h743xx.o [1]
  .text              ro code   0x800'6c44      0x4  startup_stm32h743xx.o [1]
  .text              ro code   0x800'6c48      0x4  startup_stm32h743xx.o [1]
  .text              ro code   0x800'6c4c      0x4  startup_stm32h743xx.o [1]
  .text              ro code   0x800'6c50      0x4  startup_stm32h743xx.o [1]
  .text              ro code   0x800'6c54      0x4  startup_stm32h743xx.o [1]
  .text              ro code   0x800'6c58      0x4  startup_stm32h743xx.o [1]
  .text              ro code   0x800'6c5c      0x4  startup_stm32h743xx.o [1]
  .text              ro code   0x800'6c60      0x4  startup_stm32h743xx.o [1]
  .text              ro code   0x800'6c64      0x4  startup_stm32h743xx.o [1]
  .text              ro code   0x800'6c68      0x4  startup_stm32h743xx.o [1]
  .text              ro code   0x800'6c6c      0x4  startup_stm32h743xx.o [1]
  .text              ro code   0x800'6c70      0x4  startup_stm32h743xx.o [1]
  .text              ro code   0x800'6c74      0x4  startup_stm32h743xx.o [1]
  .text              ro code   0x800'6c78      0x4  startup_stm32h743xx.o [1]
  .text              ro code   0x800'6c7c      0x4  startup_stm32h743xx.o [1]
  .rodata            const     0x800'6c80      0x0  zero_init3.o [4]
  .rodata            const     0x800'6c80      0x0  packbits_init_single.o [4]
  Initializer bytes  const     0x800'6c80     0x8e  <for P2-1>
                             - 0x800'6d0e   0x6a76

"P2", part 1 of 3:                          0x186c
  P2-1                        0x2400'0000   0x186c  <Init block>
    .data            inited   0x2400'0000   0x1850  eth.o [1]
    .data            inited   0x2400'1850      0xc  stm32h7xx_hal.o [1]
    .data            inited   0x2400'185c      0x4  system_stm32h7xx.o [1]
    .data            inited   0x2400'1860      0x4  system_stm32h7xx.o [1]
    .data            inited   0x2400'1864      0x8  rand.o [2]
                            - 0x2400'186c   0x186c

"P2", part 2 of 3:                          0x1214
  .bss               zero     0x2400'186c    0x6cc  uart.o [1]
  .bss               zero     0x2400'1f38    0x640  uart.o [1]
  .bss               zero     0x2400'2578    0x1d8  dlmalloc.o [2]
  .bss               zero     0x2400'2750     0xf0  uart.o [1]
  .bss               zero     0x2400'2840     0x84  rand.o [2]
  .bss               zero     0x2400'28c4     0x80  uart.o [1]
  .bss               zero     0x2400'2944     0x68  eth.o [1]
  .bss               zero     0x2400'29ac     0x64  uart.o [1]
  .bss               zero     0x2400'2a10     0x54  list.o [1]
  .bss               zero     0x2400'2a64     0x18  dlmalloc.o [2]
  .bss               zero     0x2400'2a7c      0x4  xgetmemchunk.o [2]
                            - 0x2400'2a80   0x1214

"P2", part 3 of 3:                         0x7d000
  CSTACK                      0x2400'2a80  0x1f400  <Block>
    CSTACK           uninit   0x2400'2a80  0x1f400  <Block tail>
  HEAP                        0x2402'1e80  0x5dc00  <Block>
    HEAP             uninit   0x2402'1e80  0x5dc00  <Block tail>
                            - 0x2407'fa80  0x7d000

Absolute sections, part 1 of 2:               0xc0
  .bss               zero     0x3004'0000     0x60  eth.o [1]
  .bss               zero     0x3004'0060     0x60  eth.o [1]
                            - 0x3004'00c0     0xc0

Absolute sections, part 2 of 2:             0x17e0
  .bss               zero     0x3004'0200   0x17e0  eth.o [1]
                            - 0x3004'19e0   0x17e0

Unused ranges:

         From           To       Size
         ----           --       ----
   0x800'6d0e   0x81f'ffff  0x1f'92f2
  0x2407'fa80  0x2407'ffff      0x580


*******************************************************************************
*** INIT TABLE
***

          Address      Size
          -------      ----
Zero (__iar_zero_init3)
    3 destination ranges, total size 0x2ab4:
          0x2400'186c  0x1214
          0x3004'0000    0xc0
          0x3004'0200  0x17e0

Copy/packbits (__iar_packbits_init_single3)
    1 source range, total size 0x8e (2% of destination):
           0x800'6c80    0x8e
    1 destination range, total size 0x186c:
          0x2400'0000  0x186c



*******************************************************************************
*** MODULE SUMMARY
***

    Module                   ro code  ro data  rw data  rw data
                                                         (abs)
    ------                   -------  -------  -------  -------
command line/config:
    -----------------------------------------------------------
    Total:

C:\Users\nkorn\Documents\GitHub\Netscale_72_SW_Networkbridge\EWARM\Networkbridge\Obj: [1]
    eth.o                        928      141    6 328    6 304
    lan8742.o                    406
    list.o                       364                84
    main.o                       398      264
    startup_stm32h743xx.o      1 200
    stm32h7xx_hal.o              148                12
    stm32h7xx_hal_cortex.o       328
    stm32h7xx_hal_crc.o          362
    stm32h7xx_hal_crc_ex.o        72
    stm32h7xx_hal_dma.o        2 096
    stm32h7xx_hal_eth.o        4 004
    stm32h7xx_hal_gpio.o         520
    stm32h7xx_hal_msp.o           72
    stm32h7xx_hal_pwr_ex.o        68
    stm32h7xx_hal_rcc.o        1 840
    stm32h7xx_hal_rcc_ex.o     2 768
    stm32h7xx_hal_tim.o          690
    stm32h7xx_hal_tim_ex.o         4
    stm32h7xx_hal_uart.o       3 256
    stm32h7xx_hal_uart_ex.o        2
    stm32h7xx_it.o               144
    system_stm32h7xx.o           120                 8
    uart.o                     1 448             3 808
    -----------------------------------------------------------
    Total:                    21 238      405   10 240    6 304

dl7M_tlf.a: [2]
    abort.o                        6
    dlmalloc.o                 5 344               496
    exit.o                         4
    heaptramp0.o                   4
    low_level_init.o               4
    rand.o                       164        1      140
    xgetmemchunk.o                44                 4
    -----------------------------------------------------------
    Total:                     5 570        1      640

m7M_tlv.a: [3]
    fpinit_M.o                    34
    -----------------------------------------------------------
    Total:                        34

rt7M_tl.a: [4]
    ABImemclr4.o                   6
    ABImemcpy_small.o             24
    ABImemset48.o                 50
    I64DivMod_small.o            262
    I64DivZer.o                    2
    cexit.o                       10
    cmain.o                       30
    cstartup_M.o                  12
    data_init.o                   40
    memcmp_small.o                30
    packbits_init_single.o        56
    zero_init3.o                  58
    -----------------------------------------------------------
    Total:                       580

shb_l.a: [5]
    exit.o                        20
    -----------------------------------------------------------
    Total:                        20

    Gaps                          18        4
    Linker created                         48  512 000
---------------------------------------------------------------
    Grand Total:              27 460      458  522 880    6 304


*******************************************************************************
*** ENTRY LIST
***

Entry                       Address    Size  Type      Object
-----                       -------    ----  ----      ------
.iar.init_table$$Base    0x800'69f8           --   Gb  - Linker created -
.iar.init_table$$Limit   0x800'6a28           --   Gb  - Linker created -
?main                    0x800'6a29          Code  Gb  cmain.o [4]
BTimeoutTimHandle       0x2400'18b8    0x40  Data  Gb  uart.o [1]
BusFault_Handler         0x800'6863     0x2  Code  Gb  stm32h7xx_it.o [1]
BusTimHandle            0x2400'29d0    0x40  Data  Gb  uart.o [1]
CRC_Handle_16            0x800'5015    0x2e  Code  Lc  stm32h7xx_hal_crc.o [1]
CRC_Handle_8             0x800'4fad    0x68  Code  Lc  stm32h7xx_hal_crc.o [1]
CSTACK$$Base            0x2400'2a80           --   Gb  - Linker created -
CSTACK$$Limit           0x2402'1e80           --   Gb  - Linker created -
D1CorePrescTable         0x800'6964    0x10  Data  Gb  system_stm32h7xx.o [1]
DMA1_Stream0_IRQHandler
                         0x800'6871     0x6  Code  Gb  stm32h7xx_it.o [1]
DMA1_Stream1_IRQHandler
                         0x800'6877     0x6  Code  Gb  stm32h7xx_it.o [1]
DMARxDscrTab            0x3004'0000    0x60  Data  Gb  eth.o [1]
DMATxDscrTab            0x3004'0060    0x60  Data  Gb  eth.o [1]
DMA_CalcBaseAndBitshift
                         0x800'6431    0x28  Code  Lc  stm32h7xx_hal_dma.o [1]
DMA_CalcBaseAndBitshift::flagBitshiftOffset
                         0x800'6520     0x8  Data  Lc  stm32h7xx_hal_dma.o [1]
DMA_CalcDMAMUXChannelBaseAndMask
                         0x800'6459    0x4a  Code  Lc  stm32h7xx_hal_dma.o [1]
DMA_CalcDMAMUXRequestGenBaseAndMask
                         0x800'64a3    0x38  Code  Lc  stm32h7xx_hal_dma.o [1]
DMA_SetConfig            0x800'63c5    0x6a  Code  Lc  stm32h7xx_hal_dma.o [1]
DebugMon_Handler         0x800'6869     0x2  Code  Gb  stm32h7xx_it.o [1]
ETH_DMARxDescListInit    0x800'2475    0x52  Code  Lc  stm32h7xx_hal_eth.o [1]
ETH_IRQHandler           0x800'68af     0x6  Code  Gb  stm32h7xx_it.o [1]
ETH_MACDMAConfig         0x800'239d    0xd8  Code  Lc  stm32h7xx_hal_eth.o [1]
ETH_PHY_IO_DeInit        0x800'2a9b     0x4  Code  Gb  eth.o [1]
ETH_PHY_IO_GetTick       0x800'2ac5     0x4  Code  Gb  eth.o [1]
ETH_PHY_IO_Init          0x800'2a8f     0xc  Code  Gb  eth.o [1]
ETH_PHY_IO_ReadReg       0x800'2a9f    0x10  Code  Gb  eth.o [1]
ETH_PHY_IO_WriteReg      0x800'2aaf     0xe  Code  Gb  eth.o [1]
ETH_Prepare_Tx_Descriptors
                         0x800'24c7   0x29e  Code  Lc  stm32h7xx_hal_eth.o [1]
ETH_SetDMAConfig         0x800'2323    0x78  Code  Lc  stm32h7xx_hal_eth.o [1]
ETH_SetMACConfig         0x800'21b9   0x16a  Code  Lc  stm32h7xx_hal_eth.o [1]
Error_Handler            0x800'3585     0x2  Code  Gb  main.o [1]
HAL_CRCEx_Polynomial_Set
                         0x800'65f7    0x48  Code  Gb  stm32h7xx_hal_crc_ex.o [1]
HAL_CRC_Calculate        0x800'4f51    0x5c  Code  Gb  stm32h7xx_hal_crc.o [1]
HAL_CRC_Init             0x800'4ed9    0x74  Code  Gb  stm32h7xx_hal_crc.o [1]
HAL_CRC_MspInit          0x800'3b0b    0x22  Code  Gb  stm32h7xx_hal_msp.o [1]
HAL_DMA_Abort            0x800'5f7b    0xdc  Code  Gb  stm32h7xx_hal_dma.o [1]
HAL_DMA_Abort_IT         0x800'6057    0x96  Code  Gb  stm32h7xx_hal_dma.o [1]
HAL_DMA_GetError         0x800'63c1     0x4  Code  Gb  stm32h7xx_hal_dma.o [1]
HAL_DMA_IRQHandler       0x800'60ed   0x2c6  Code  Gb  stm32h7xx_hal_dma.o [1]
HAL_DMA_Init             0x800'5cf9   0x1a0  Code  Gb  stm32h7xx_hal_dma.o [1]
HAL_DMA_Start_IT         0x800'5ea7    0xc6  Code  Gb  stm32h7xx_hal_dma.o [1]
HAL_ETH_BuildRxDescriptors
                         0x800'1c65    0x7c  Code  Gb  stm32h7xx_hal_eth.o [1]
HAL_ETH_DMAErrorCallback
                         0x800'2b33     0x2  Code  Gb  eth.o [1]
HAL_ETH_DescAssignMemory
                         0x800'1995    0x3c  Code  Gb  stm32h7xx_hal_eth.o [1]
HAL_ETH_EEECallback      0x800'2b39     0x2  Code  Gb  eth.o [1]
HAL_ETH_GetMACConfig     0x800'1ebf   0x188  Code  Gb  stm32h7xx_hal_eth.o [1]
HAL_ETH_GetMACFilterConfig
                         0x800'212d    0x6e  Code  Gb  stm32h7xx_hal_eth.o [1]
HAL_ETH_GetRxDataBuffer
                         0x800'1b87    0xa6  Code  Gb  stm32h7xx_hal_eth.o [1]
HAL_ETH_GetRxDataLength
                         0x800'1c2d    0x32  Code  Gb  stm32h7xx_hal_eth.o [1]
HAL_ETH_IRQHandler       0x800'1ce1   0x12e  Code  Gb  stm32h7xx_hal_eth.o [1]
HAL_ETH_Init             0x800'17f9   0x19c  Code  Gb  stm32h7xx_hal_eth.o [1]
HAL_ETH_IsRxDataAvailable
                         0x800'1ab7    0xd0  Code  Gb  stm32h7xx_hal_eth.o [1]
HAL_ETH_MACErrorCallback
                         0x800'2b35     0x2  Code  Gb  eth.o [1]
HAL_ETH_MspInit          0x800'2927    0xda  Code  Gb  eth.o [1]
HAL_ETH_PMTCallback      0x800'2b37     0x2  Code  Gb  eth.o [1]
HAL_ETH_ReadPHYRegister
                         0x800'1e0f    0x56  Code  Gb  stm32h7xx_hal_eth.o [1]
HAL_ETH_RxCpltCallback   0x800'2ac9    0x36  Code  Gb  eth.o [1]
HAL_ETH_SetMACConfig     0x800'2051    0x18  Code  Gb  stm32h7xx_hal_eth.o [1]
HAL_ETH_SetMACFilterConfig
                         0x800'20c9    0x5c  Code  Gb  stm32h7xx_hal_eth.o [1]
HAL_ETH_SetMDIOClockRange
                         0x800'2069    0x54  Code  Gb  stm32h7xx_hal_eth.o [1]
HAL_ETH_Start_IT         0x800'19d1    0xa6  Code  Gb  stm32h7xx_hal_eth.o [1]
HAL_ETH_Transmit_IT      0x800'1a77    0x40  Code  Gb  stm32h7xx_hal_eth.o [1]
HAL_ETH_TxCpltCallback   0x800'2b31     0x2  Code  Gb  eth.o [1]
HAL_ETH_WakeUpCallback   0x800'2b3b     0x2  Code  Gb  eth.o [1]
HAL_ETH_WritePHYRegister
                         0x800'1e65    0x5a  Code  Gb  stm32h7xx_hal_eth.o [1]
HAL_GPIO_Init            0x800'3725   0x1b2  Code  Gb  stm32h7xx_hal_gpio.o [1]
HAL_GPIO_TogglePin       0x800'38f1     0x8  Code  Gb  stm32h7xx_hal_gpio.o [1]
HAL_GPIO_WritePin        0x800'38e7     0xa  Code  Gb  stm32h7xx_hal_gpio.o [1]
HAL_GetTick              0x800'2b75     0xc  Code  Wk  stm32h7xx_hal.o [1]
HAL_IncTick              0x800'68ed    0x10  Code  Wk  stm32h7xx_hal.o [1]
HAL_Init                 0x800'2b3d    0x1c  Code  Gb  stm32h7xx_hal.o [1]
HAL_InitTick             0x800'3ab1    0x40  Code  Wk  stm32h7xx_hal.o [1]
HAL_MPU_ConfigRegion     0x800'338d    0x4c  Code  Gb  stm32h7xx_hal_cortex.o [1]
HAL_MPU_Disable          0x800'335f    0x14  Code  Gb  stm32h7xx_hal_cortex.o [1]
HAL_MPU_Enable           0x800'3373    0x1a  Code  Gb  stm32h7xx_hal_cortex.o [1]
HAL_MspInit              0x800'3af1    0x1a  Code  Gb  stm32h7xx_hal_msp.o [1]
HAL_NVIC_EnableIRQ       0x800'331f    0x18  Code  Gb  stm32h7xx_hal_cortex.o [1]
HAL_NVIC_SetPriority     0x800'32e5    0x3a  Code  Gb  stm32h7xx_hal_cortex.o [1]
HAL_NVIC_SetPriorityGrouping
                         0x800'32cb    0x1a  Code  Gb  stm32h7xx_hal_cortex.o [1]
HAL_PWREx_ConfigSupply   0x800'4bb1    0x34  Code  Gb  stm32h7xx_hal_pwr_ex.o [1]
HAL_RCCEx_GetD1SysClockFreq
                         0x800'443d    0x22  Code  Gb  stm32h7xx_hal_rcc_ex.o [1]
HAL_RCCEx_GetD3PCLK1Freq
                         0x800'4297     0xa  Code  Gb  stm32h7xx_hal_rcc_ex.o [1]
HAL_RCCEx_GetPLL2ClockFreq
                         0x800'42b1    0x48  Code  Gb  stm32h7xx_hal_rcc_ex.o [1]
HAL_RCCEx_GetPLL3ClockFreq
                         0x800'42f9    0x46  Code  Gb  stm32h7xx_hal_rcc_ex.o [1]
HAL_RCCEx_PeriphCLKConfig
                         0x800'3b39   0x73e  Code  Gb  stm32h7xx_hal_rcc_ex.o [1]
HAL_RCC_ClockConfig      0x800'2b81   0x168  Code  Gb  stm32h7xx_hal_rcc.o [1]
HAL_RCC_GetHCLKFreq      0x800'2df7    0x1a  Code  Gb  stm32h7xx_hal_rcc.o [1]
HAL_RCC_GetPCLK1Freq     0x800'2e11    0x10  Code  Gb  stm32h7xx_hal_rcc.o [1]
HAL_RCC_GetPCLK2Freq     0x800'2e21     0xe  Code  Gb  stm32h7xx_hal_rcc.o [1]
HAL_RCC_GetSysClockFreq
                         0x800'2cfd    0xfa  Code  Gb  stm32h7xx_hal_rcc.o [1]
HAL_RCC_OscConfig        0x800'2e69   0x448  Code  Wk  stm32h7xx_hal_rcc.o [1]
HAL_SYSCFG_ETHInterfaceSelect
                         0x800'2b59     0xa  Code  Gb  stm32h7xx_hal.o [1]
HAL_SYSTICK_Config       0x800'3337    0x28  Code  Gb  stm32h7xx_hal_cortex.o [1]
HAL_TIMEx_BreakCallback
                         0x800'65ef     0x2  Code  Wk  stm32h7xx_hal_tim_ex.o [1]
HAL_TIMEx_CommutationCallback
                         0x800'65f3     0x2  Code  Wk  stm32h7xx_hal_tim_ex.o [1]
HAL_TIM_Base_Init        0x800'4c29    0x1a  Code  Gb  stm32h7xx_hal_tim.o [1]
HAL_TIM_Base_Start_IT    0x800'4c43    0x16  Code  Gb  stm32h7xx_hal_tim.o [1]
HAL_TIM_Base_Stop_IT     0x800'4c59    0x2e  Code  Gb  stm32h7xx_hal_tim.o [1]
HAL_TIM_IRQHandler       0x800'4cab   0x158  Code  Gb  stm32h7xx_hal_tim.o [1]
HAL_TIM_PeriodElapsedCallback
                         0x800'352d    0x3a  Code  Gb  main.o [1]
HAL_UARTEx_WakeupCallback
                         0x800'6641     0x2  Code  Wk  stm32h7xx_hal_uart_ex.o [1]
HAL_UART_Abort_IT        0x800'5231    0xac  Code  Gb  stm32h7xx_hal_uart.o [1]
HAL_UART_DMAStop         0x800'51c3    0x50  Code  Gb  stm32h7xx_hal_uart.o [1]
HAL_UART_ErrorCallback   0x800'4a0f    0x48  Code  Gb  uart.o [1]
HAL_UART_IRQHandler      0x800'52e9   0x1bc  Code  Gb  stm32h7xx_hal_uart.o [1]
HAL_UART_IdleLnCallback
                         0x800'4a71    0x82  Code  Gb  uart.o [1]
HAL_UART_IdleLnCallback::bytesLeft
                        0x2400'1874     0x2  Data  Lc  uart.o [1]
HAL_UART_Init            0x800'5045    0x36  Code  Gb  stm32h7xx_hal_uart.o [1]
HAL_UART_Receive_DMA     0x800'513d    0x86  Code  Gb  stm32h7xx_hal_uart.o [1]
HAL_UART_RxCpltCallback
                         0x800'49f3    0x1c  Code  Gb  uart.o [1]
HAL_UART_Transmit_DMA    0x800'50c5    0x78  Code  Gb  stm32h7xx_hal_uart.o [1]
HAL_UART_TxCpltCallback
                         0x800'49e5     0xe  Code  Gb  uart.o [1]
HEAP$$Base              0x2402'1e80           --   Gb  - Linker created -
HEAP$$Limit             0x2407'fa80           --   Gb  - Linker created -
HardFault_Handler        0x800'685f     0x2  Code  Gb  stm32h7xx_it.o [1]
LAN8742                 0x2400'181c    0x20  Data  Gb  eth.o [1]
LAN8742_GetLinkState     0x800'3687    0x94  Code  Gb  lan8742.o [1]
LAN8742_IOCtx           0x2400'183c    0x14  Data  Gb  eth.o [1]
LAN8742_Init             0x800'35c1    0xbc  Code  Gb  lan8742.o [1]
LAN8742_RegisterBusIO    0x800'358f    0x32  Code  Gb  lan8742.o [1]
LedMallocTimHandle      0x2400'2a14    0x40  Data  Gb  list.o [1]
LedTimHandle            0x2400'1878    0x40  Data  Gb  uart.o [1]
MemManage_Handler        0x800'6861     0x2  Code  Gb  stm32h7xx_it.o [1]
NMI_Handler              0x800'685d     0x2  Code  Gb  stm32h7xx_it.o [1]
PendSV_Handler           0x800'686b     0x2  Code  Gb  stm32h7xx_it.o [1]
RCCEx_PLL2_Config        0x800'4469    0x9a  Code  Lc  stm32h7xx_hal_rcc_ex.o [1]
RCCEx_PLL3_Config        0x800'4503    0x9a  Code  Lc  stm32h7xx_hal_rcc_ex.o [1]
Region$$Table$$Base      0x800'69f8           --   Gb  - Linker created -
Region$$Table$$Limit     0x800'6a28           --   Gb  - Linker created -
Rx_Buff                 0x3004'0200  0x17e0  Data  Gb  eth.o [1]
SCB_CleanInvalidateDCache_by_Addr
                         0x800'279d    0x1e  Code  Lc  eth.o [1]
SCB_CleanInvalidateDCache_by_Addr
                         0x800'4609    0x1e  Code  Lc  uart.o [1]
SVC_Handler              0x800'6867     0x2  Code  Gb  stm32h7xx_it.o [1]
SysTick_Handler          0x800'686d     0x4  Code  Gb  stm32h7xx_it.o [1]
SystemClock_Config       0x800'3479    0xb4  Code  Gb  main.o [1]
SystemCoreClock         0x2400'185c     0x4  Data  Gb  system_stm32h7xx.o [1]
SystemD2Clock           0x2400'1860     0x4  Data  Gb  system_stm32h7xx.o [1]
SystemInit               0x800'68fd    0x54  Code  Gb  system_stm32h7xx.o [1]
TIM2_IRQHandler          0x800'68b5     0x6  Code  Gb  stm32h7xx_it.o [1]
TIM3_IRQHandler          0x800'68bb     0x6  Code  Gb  stm32h7xx_it.o [1]
TIM4_IRQHandler          0x800'68c1     0x6  Code  Gb  stm32h7xx_it.o [1]
TIM5_IRQHandler          0x800'68c7     0x6  Code  Gb  stm32h7xx_it.o [1]
TIM_Base_SetConfig       0x800'4e09    0xa6  Code  Gb  stm32h7xx_hal_tim.o [1]
TxConfig                0x2400'0008    0x34  Data  Gb  eth.o [1]
Tx_Buff                 0x2400'003c  0x17e0  Data  Lc  eth.o [1]
UARTPrescTable           0x800'5cdc    0x18  Data  Lc  stm32h7xx_hal_uart.o [1]
UART_AdvFeatureConfig    0x800'598d    0xc8  Code  Gb  stm32h7xx_hal_uart.o [1]
UART_CheckIdleState      0x800'5a55    0x5c  Code  Gb  stm32h7xx_hal_uart.o [1]
UART_DMAAbortOnError     0x800'5bfd    0x10  Code  Lc  stm32h7xx_hal_uart.o [1]
UART_DMAError            0x800'5ba3    0x5a  Code  Lc  stm32h7xx_hal_uart.o [1]
UART_DMAReceiveCplt      0x800'5b5d    0x40  Code  Lc  stm32h7xx_hal_uart.o [1]
UART_DMARxAbortCallback
                         0x800'5c2d    0x1e  Code  Lc  stm32h7xx_hal_uart.o [1]
UART_DMARxHalfCplt       0x800'5b9d     0x6  Code  Lc  stm32h7xx_hal_uart.o [1]
UART_DMATransmitCplt     0x800'5b2b    0x2c  Code  Lc  stm32h7xx_hal_uart.o [1]
UART_DMATxAbortCallback
                         0x800'5c0d    0x1e  Code  Lc  stm32h7xx_hal_uart.o [1]
UART_DMATxHalfCplt       0x800'5b57     0x6  Code  Lc  stm32h7xx_hal_uart.o [1]
UART_EndRxTransfer       0x800'5b0f    0x1c  Code  Lc  stm32h7xx_hal_uart.o [1]
UART_Receive_IT          0x800'5c6d    0x6e  Code  Lc  stm32h7xx_hal_uart.o [1]
UART_SetConfig           0x800'54b1   0x456  Code  Gb  stm32h7xx_hal_uart.o [1]
UART_WaitOnFlagUntilTimeout
                         0x800'5ab1    0x5e  Code  Gb  stm32h7xx_hal_uart.o [1]
USART2_IRQHandler        0x800'687d    0x32  Code  Gb  stm32h7xx_it.o [1]
UsageFault_Handler       0x800'6865     0x2  Code  Gb  stm32h7xx_it.o [1]
_Rand_idx               0x2400'28c0     0x4  Data  Lc  rand.o [2]
_Rand_rv                0x2400'2840    0x80  Data  Lc  rand.o [2]
_Randinit               0x2400'1864     0x1  Data  Gb  rand.o [2]
_Randseed               0x2400'1868     0x4  Data  Gb  rand.o [2]
__NVIC_SetPriority       0x800'32b1    0x1a  Code  Lc  stm32h7xx_hal_cortex.o [1]
__aeabi_ldiv0            0x800'6751          Code  Gb  I64DivZer.o [4]
__aeabi_memclr4          0x800'3589          Code  Gb  ABImemclr4.o [4]
__cmain                  0x800'6a29          Code  Gb  cmain.o [4]
__data_GetMemChunk       0x800'17b9    0x2c  Code  Gb  xgetmemchunk.o [2]
__data_GetMemChunk::start
                        0x2400'2a7c     0x4  Data  Lc  xgetmemchunk.o [2]
__exit                   0x800'17e5    0x14  Code  Gb  exit.o [5]
__iar_Memset4_word       0x800'4bf5          Code  Gb  ABImemset48.o [4]
__iar_Memset8_word       0x800'4bf5          Code  Gb  ABImemset48.o [4]
__iar_data_init3         0x800'69ad    0x28  Code  Gb  data_init.o [4]
__iar_dlfree             0x800'1277   0x4f6  Code  Gb  dlmalloc.o [2]
__iar_dlmalloc           0x800'0fc1   0x2b6  Code  Gb  dlmalloc.o [2]
__iar_init_vfp           0x800'69d5          Code  Gb  fpinit_M.o [3]
__iar_packbits_init_single3
                         0x800'6975    0x38  Code  Gb  packbits_init_single.o [4]
__iar_program_start      0x800'6a6d          Code  Gb  cstartup_M.o [4]
__iar_small_Memcpy       0x800'3931          Code  Gb  ABImemcpy_small.o [4]
__iar_small_memcmp       0x800'65cd          Code  Gb  memcmp_small.o [4]
__iar_small_memcpy       0x800'392d          Code  Gb  ABImemcpy_small.o [4]
__iar_small_memcpy4      0x800'392d          Code  Gb  ABImemcpy_small.o [4]
__iar_small_memcpy8      0x800'392d          Code  Gb  ABImemcpy_small.o [4]
__iar_small_uldivmod     0x800'6645          Code  Gb  I64DivMod_small.o [4]
__iar_zero_init3         0x800'177f    0x3a  Code  Gb  zero_init3.o [4]
__low_level_init         0x800'6a47     0x4  Code  Gb  low_level_init.o [2]
__vector_table           0x800'0000          Data  Gb  startup_stm32h743xx.o [1]
_call_main               0x800'6a35          Code  Gb  cmain.o [4]
_exit                    0x800'6a51          Code  Gb  cexit.o [4]
_gm_                    0x2400'2578   0x1d8  Data  Lc  dlmalloc.o [2]
_main                    0x800'6a43          Code  Gb  cmain.o [4]
abort                    0x800'1779     0x6  Code  Gb  abort.o [2]
add_segment              0x800'0661   0x1f2  Code  Lc  dlmalloc.o [2]
eth_init                 0x800'27bb   0x16c  Code  Gb  eth.o [1]
eth_output               0x800'2a01    0x8e  Code  Gb  eth.o [1]
exit                     0x800'6a4b     0x4  Code  Gb  exit.o [2]
free                     0x800'4ed3     0x4  Code  Gb  heaptramp0.o [2]
hcrc                    0x2400'29ac    0x24  Data  Gb  uart.o [1]
hdma_usart2_rx          0x2400'2750    0x78  Data  Gb  uart.o [1]
hdma_usart2_tx          0x2400'27c8    0x78  Data  Gb  uart.o [1]
head                    0x2400'2a54     0x4  Data  Lc  list.o [1]
heth                    0x2400'2944    0x68  Data  Gb  eth.o [1]
huart2                  0x2400'28c4    0x80  Data  Gb  uart.o [1]
init_mparams             0x800'02b3    0x32  Code  Lc  dlmalloc.o [2]
init_top                 0x800'02e5    0x36  Code  Lc  dlmalloc.o [2]
listLength              0x2400'2a5c     0x4  Data  Lc  list.o [1]
listLockFlag            0x2400'2a10     0x1  Data  Lc  list.o [1]
list_init                0x800'3945    0xa4  Code  Gb  list.o [1]
list_insertData          0x800'3a2d    0x60  Code  Gb  list.o [1]
list_ledTimerCallback    0x800'3a8d     0x8  Code  Gb  list.o [1]
list_manager             0x800'39e9    0x44  Code  Gb  list.o [1]
macaddress              0x2400'0000     0x8  Data  Lc  eth.o [1]
main                     0x800'33f9    0x76  Code  Gb  main.o [1]
mallocFailCounter       0x2400'2a60     0x4  Data  Lc  list.o [1]
mparams                 0x2400'2a64    0x18  Data  Lc  dlmalloc.o [2]
oldhead                 0x2400'2a58     0x4  Data  Lc  list.o [1]
preAmbleSFD              0x800'4ba8     0x8  Data  Lc  uart.o [1]
prepend_alloc            0x800'031b   0x346  Code  Lc  dlmalloc.o [2]
rand                     0x800'6529    0x94  Code  Gb  rand.o [2]
rxBuffer                0x2400'18f8   0x640  Data  Lc  uart.o [1]
segment_holding          0x800'0299    0x1a  Code  Lc  dlmalloc.o [2]
sys_alloc                0x800'0859   0x164  Code  Lc  dlmalloc.o [2]
sys_trim                 0x800'09bd    0x64  Code  Lc  dlmalloc.o [2]
tmalloc_large            0x800'0a2d   0x386  Code  Lc  dlmalloc.o [2]
tmalloc_small            0x800'0db3   0x200  Code  Lc  dlmalloc.o [2]
txActiveFlag            0x2400'186e     0x1  Data  Gb  uart.o [1]
txBuffer                0x2400'1f38   0x640  Data  Lc  uart.o [1]
uartBusAccessFlag       0x2400'186c     0x1  Data  Lc  uart.o [1]
uartBusActiveFlag       0x2400'186d     0x1  Data  Lc  uart.o [1]
uart_bytetimeoutTimerCallback
                         0x800'4b15     0xc  Code  Gb  uart.o [1]
uart_customCallback      0x800'4b33    0x18  Code  Gb  uart.o [1]
uart_init                0x800'4629   0x29e  Code  Gb  uart.o [1]
uart_ledTimerCallback    0x800'4afd    0x18  Code  Gb  uart.o [1]
uart_output              0x800'48d3    0xd0  Code  Gb  uart.o [1]
uart_output::crc32      0x2400'1870     0x4  Data  Lc  uart.o [1]
uart_receive             0x800'49a3    0x42  Code  Lc  uart.o [1]
uart_send::goFlag       0x2400'186f     0x1  Data  Lc  uart.o [1]
uart_setUartAccessFlag   0x800'4af3     0x4  Code  Gb  uart.o [1]
uart_startBytetimeout    0x800'4b21    0x12  Code  Gb  uart.o [1]
uwTick                  0x2400'1854     0x4  Data  Lc  stm32h7xx_hal.o [1]
uwTickFreq              0x2400'1850     0x1  Data  Lc  stm32h7xx_hal.o [1]
uwTickPrio              0x2400'1858     0x4  Data  Lc  stm32h7xx_hal.o [1]


[1] = C:\Users\nkorn\Documents\GitHub\Netscale_72_SW_Networkbridge\EWARM\Networkbridge\Obj
[2] = dl7M_tlf.a
[3] = m7M_tlv.a
[4] = rt7M_tl.a
[5] = shb_l.a

   27 460 bytes of readonly  code memory
      458 bytes of readonly  data memory
  522 880 bytes of readwrite data memory (+ 6 304 absolute)

Errors: none
Warnings: none
