###############################################################################
#
# IAR ELF Linker V8.32.1.169/W32 for ARM                  26/Apr/2019  18:29:19
# Copyright 2007-2018 IAR Systems AB.
#
#    Output file  =  
#        C:\Users\nkorn\Documents\GitHub\Netscale_72_SW_Networkbridge\EWARM\Networkbridge\Exe\Networkbridge.out
#    Map file     =  
#        C:\Users\nkorn\Documents\GitHub\Netscale_72_SW_Networkbridge\EWARM\Networkbridge\List\Networkbridge.map
#    Command line =  
#        -f C:\Users\nkorn\AppData\Local\Temp\EWD681.tmp
#        (C:\Users\nkorn\Documents\GitHub\Netscale_72_SW_Networkbridge\EWARM\Networkbridge\Obj\buffer.o
#        C:\Users\nkorn\Documents\GitHub\Netscale_72_SW_Networkbridge\EWARM\Networkbridge\Obj\eth.o
#        C:\Users\nkorn\Documents\GitHub\Netscale_72_SW_Networkbridge\EWARM\Networkbridge\Obj\lan8742.o
#        C:\Users\nkorn\Documents\GitHub\Netscale_72_SW_Networkbridge\EWARM\Networkbridge\Obj\main.o
#        C:\Users\nkorn\Documents\GitHub\Netscale_72_SW_Networkbridge\EWARM\Networkbridge\Obj\startup_stm32h743xx.o
#        C:\Users\nkorn\Documents\GitHub\Netscale_72_SW_Networkbridge\EWARM\Networkbridge\Obj\stm32h7xx_hal.o
#        C:\Users\nkorn\Documents\GitHub\Netscale_72_SW_Networkbridge\EWARM\Networkbridge\Obj\stm32h7xx_hal_cortex.o
#        C:\Users\nkorn\Documents\GitHub\Netscale_72_SW_Networkbridge\EWARM\Networkbridge\Obj\stm32h7xx_hal_crc.o
#        C:\Users\nkorn\Documents\GitHub\Netscale_72_SW_Networkbridge\EWARM\Networkbridge\Obj\stm32h7xx_hal_crc_ex.o
#        C:\Users\nkorn\Documents\GitHub\Netscale_72_SW_Networkbridge\EWARM\Networkbridge\Obj\stm32h7xx_hal_dma.o
#        C:\Users\nkorn\Documents\GitHub\Netscale_72_SW_Networkbridge\EWARM\Networkbridge\Obj\stm32h7xx_hal_dma_ex.o
#        C:\Users\nkorn\Documents\GitHub\Netscale_72_SW_Networkbridge\EWARM\Networkbridge\Obj\stm32h7xx_hal_eth.o
#        C:\Users\nkorn\Documents\GitHub\Netscale_72_SW_Networkbridge\EWARM\Networkbridge\Obj\stm32h7xx_hal_eth_ex.o
#        C:\Users\nkorn\Documents\GitHub\Netscale_72_SW_Networkbridge\EWARM\Networkbridge\Obj\stm32h7xx_hal_flash.o
#        C:\Users\nkorn\Documents\GitHub\Netscale_72_SW_Networkbridge\EWARM\Networkbridge\Obj\stm32h7xx_hal_flash_ex.o
#        C:\Users\nkorn\Documents\GitHub\Netscale_72_SW_Networkbridge\EWARM\Networkbridge\Obj\stm32h7xx_hal_gpio.o
#        C:\Users\nkorn\Documents\GitHub\Netscale_72_SW_Networkbridge\EWARM\Networkbridge\Obj\stm32h7xx_hal_hsem.o
#        C:\Users\nkorn\Documents\GitHub\Netscale_72_SW_Networkbridge\EWARM\Networkbridge\Obj\stm32h7xx_hal_i2c.o
#        C:\Users\nkorn\Documents\GitHub\Netscale_72_SW_Networkbridge\EWARM\Networkbridge\Obj\stm32h7xx_hal_i2c_ex.o
#        C:\Users\nkorn\Documents\GitHub\Netscale_72_SW_Networkbridge\EWARM\Networkbridge\Obj\stm32h7xx_hal_mdma.o
#        C:\Users\nkorn\Documents\GitHub\Netscale_72_SW_Networkbridge\EWARM\Networkbridge\Obj\stm32h7xx_hal_msp.o
#        C:\Users\nkorn\Documents\GitHub\Netscale_72_SW_Networkbridge\EWARM\Networkbridge\Obj\stm32h7xx_hal_pwr.o
#        C:\Users\nkorn\Documents\GitHub\Netscale_72_SW_Networkbridge\EWARM\Networkbridge\Obj\stm32h7xx_hal_pwr_ex.o
#        C:\Users\nkorn\Documents\GitHub\Netscale_72_SW_Networkbridge\EWARM\Networkbridge\Obj\stm32h7xx_hal_rcc.o
#        C:\Users\nkorn\Documents\GitHub\Netscale_72_SW_Networkbridge\EWARM\Networkbridge\Obj\stm32h7xx_hal_rcc_ex.o
#        C:\Users\nkorn\Documents\GitHub\Netscale_72_SW_Networkbridge\EWARM\Networkbridge\Obj\stm32h7xx_hal_tim.o
#        C:\Users\nkorn\Documents\GitHub\Netscale_72_SW_Networkbridge\EWARM\Networkbridge\Obj\stm32h7xx_hal_tim_ex.o
#        C:\Users\nkorn\Documents\GitHub\Netscale_72_SW_Networkbridge\EWARM\Networkbridge\Obj\stm32h7xx_hal_uart.o
#        C:\Users\nkorn\Documents\GitHub\Netscale_72_SW_Networkbridge\EWARM\Networkbridge\Obj\stm32h7xx_hal_uart_ex.o
#        C:\Users\nkorn\Documents\GitHub\Netscale_72_SW_Networkbridge\EWARM\Networkbridge\Obj\stm32h7xx_it.o
#        C:\Users\nkorn\Documents\GitHub\Netscale_72_SW_Networkbridge\EWARM\Networkbridge\Obj\system_stm32h7xx.o
#        C:\Users\nkorn\Documents\GitHub\Netscale_72_SW_Networkbridge\EWARM\Networkbridge\Obj\uart.o
#        --redirect _Printf=_PrintfFull --redirect _Scanf=_ScanfFull
#        --no_out_extension -o
#        C:\Users\nkorn\Documents\GitHub\Netscale_72_SW_Networkbridge\EWARM\Networkbridge\Exe\Networkbridge.out
#        --map
#        C:\Users\nkorn\Documents\GitHub\Netscale_72_SW_Networkbridge\EWARM\Networkbridge\List\Networkbridge.map
#        --config
#        C:\Users\nkorn\Documents\GitHub\Netscale_72_SW_Networkbridge\EWARM/stm32h743xx_flash.icf
#        --semihosting --entry __iar_program_start --vfe --text_out locale)
#
###############################################################################

*******************************************************************************
*** RUNTIME MODEL ATTRIBUTES
***

CppFlavor       = *
__SystemLibrary = DLib
__dlib_version  = 6


*******************************************************************************
*** HEAP SELECTION
***

The basic heap was selected because no calls to memory allocation
functions were found in the application outside of system library
functions, and there are calls to deallocation functions in the
application.


*******************************************************************************
*** PLACEMENT SUMMARY
***

"A0":  place at 0x800'0000 { ro section .intvec };
"P1":  place in [from 0x800'0000 to 0x81f'ffff] { ro };
define block CSTACK with size = 1K, alignment = 8 { };
define block HEAP with size = 512, alignment = 8 { };
"P2":  place in [from 0x2000'0000 to 0x2001'ffff] {
          rw, block CSTACK, block HEAP };
initialize by copy { rw };

  Section            Kind         Address     Size  Object
  -------            ----         -------     ----  ------
"A0":                                        0x298
  .intvec            ro code   0x800'0000    0x298  startup_stm32h743xx.o [1]
                             - 0x800'0298    0x298

"P1":                                       0x4728
  .text              ro code   0x800'0298    0xfa4  stm32h7xx_hal_eth.o [1]
  .text              ro code   0x800'123c    0x37e  eth.o [1]
  .text              ro code   0x800'15ba     0x3a  zero_init3.o [4]
  .text              ro code   0x800'15f4     0x38  stm32h7xx_hal.o [1]
  .text              ro code   0x800'162c      0xc  stm32h7xx_hal.o [1]
  .text              ro code   0x800'1638    0x730  stm32h7xx_hal_rcc.o [1]
  .text              ro code   0x800'1d68    0x148  stm32h7xx_hal_cortex.o [1]
  .text              ro code   0x800'1eb0    0x146  main.o [1]
  .text              ro code   0x800'1ff8      0x6  ABImemclr4.o [4]
  .text              ro code   0x800'1ffe    0x196  lan8742.o [1]
  .text              ro code   0x800'2194    0x200  stm32h7xx_hal_gpio.o [1]
  .text              ro code   0x800'2394     0x18  ABImemcpy_small.o [4]
  .text              ro code   0x800'23ac    0x100  buffer.o [1]
  .text              ro code   0x800'24ac     0x40  stm32h7xx_hal.o [1]
  .text              ro code   0x800'24ec     0x4c  stm32h7xx_hal_msp.o [1]
  .text              ro code   0x800'2538    0xad0  stm32h7xx_hal_rcc_ex.o [1]
  .text              ro code   0x800'3008    0x16a  stm32h7xx_hal_crc.o [1]
  .text              ro code   0x800'3174    0x274  uart.o [1]
  .text              ro code   0x800'33e8     0x32  ABImemset48.o [4]
  .text              ro code   0x800'341a     0x48  stm32h7xx_hal_crc_ex.o [1]
  .text              ro code   0x800'3464    0xb5c  stm32h7xx_hal_uart.o [1]
  .text              ro code   0x800'3fc0     0x1e  memcmp_small.o [4]
  .text              ro code   0x800'3fe0    0x388  stm32h7xx_hal_dma.o [1]
  .text              ro code   0x800'4368      0x2  stm32h7xx_hal_uart.o [1]
  .text              ro code   0x800'436a      0x2  stm32h7xx_hal_uart_ex.o [1]
  .text              ro code   0x800'436c    0x106  I64DivMod_small.o [4]
  .text              ro code   0x800'4474      0x2  I64DivZer.o [4]
  .rodata            const     0x800'4478    0x108  main.o [1]
  .text              ro code   0x800'4580     0x78  system_stm32h7xx.o [1]
  .text              ro code   0x800'45f8     0x60  stm32h7xx_it.o [1]
  .text              ro code   0x800'4658     0x10  stm32h7xx_hal.o [1]
  .text              ro code   0x800'4668     0x38  packbits_init_single.o [4]
  .text              ro code   0x800'46a0     0x28  data_init.o [4]
  .text              ro code   0x800'46c8     0x22  fpinit_M.o [3]
  .iar.init_table    const     0x800'46ec     0x30  - Linker created -
  .text              ro code   0x800'471c     0x1e  cmain.o [4]
  .text              ro code   0x800'473a      0x4  low_level_init.o [2]
  .text              ro code   0x800'473e      0x4  exit.o [2]
  .text              ro code   0x800'4744      0xa  cexit.o [4]
  .text              ro code   0x800'4750     0x14  exit.o [5]
  .text              ro code   0x800'4764     0x10  startup_stm32h743xx.o [1]
  .text              ro code   0x800'4774      0xc  cstartup_M.o [4]
  .text              ro code   0x800'4780      0x4  startup_stm32h743xx.o [1]
  .text              ro code   0x800'4784      0x4  startup_stm32h743xx.o [1]
  .text              ro code   0x800'4788      0x4  startup_stm32h743xx.o [1]
  .text              ro code   0x800'478c      0x4  startup_stm32h743xx.o [1]
  .text              ro code   0x800'4790      0x4  startup_stm32h743xx.o [1]
  .text              ro code   0x800'4794      0x4  startup_stm32h743xx.o [1]
  .text              ro code   0x800'4798      0x4  startup_stm32h743xx.o [1]
  .text              ro code   0x800'479c      0x4  startup_stm32h743xx.o [1]
  .text              ro code   0x800'47a0      0x4  startup_stm32h743xx.o [1]
  .text              ro code   0x800'47a4      0x4  startup_stm32h743xx.o [1]
  .text              ro code   0x800'47a8      0x4  startup_stm32h743xx.o [1]
  .text              ro code   0x800'47ac      0x4  startup_stm32h743xx.o [1]
  .text              ro code   0x800'47b0      0x4  startup_stm32h743xx.o [1]
  .text              ro code   0x800'47b4      0x4  startup_stm32h743xx.o [1]
  .text              ro code   0x800'47b8      0x4  startup_stm32h743xx.o [1]
  .text              ro code   0x800'47bc      0x4  startup_stm32h743xx.o [1]
  .text              ro code   0x800'47c0      0x4  startup_stm32h743xx.o [1]
  .text              ro code   0x800'47c4      0x4  startup_stm32h743xx.o [1]
  .text              ro code   0x800'47c8      0x4  startup_stm32h743xx.o [1]
  .text              ro code   0x800'47cc      0x4  startup_stm32h743xx.o [1]
  .text              ro code   0x800'47d0      0x4  startup_stm32h743xx.o [1]
  .text              ro code   0x800'47d4      0x4  startup_stm32h743xx.o [1]
  .text              ro code   0x800'47d8      0x4  startup_stm32h743xx.o [1]
  .text              ro code   0x800'47dc      0x4  startup_stm32h743xx.o [1]
  .text              ro code   0x800'47e0      0x4  startup_stm32h743xx.o [1]
  .text              ro code   0x800'47e4      0x4  startup_stm32h743xx.o [1]
  .text              ro code   0x800'47e8      0x4  startup_stm32h743xx.o [1]
  .text              ro code   0x800'47ec      0x4  startup_stm32h743xx.o [1]
  .text              ro code   0x800'47f0      0x4  startup_stm32h743xx.o [1]
  .text              ro code   0x800'47f4      0x4  startup_stm32h743xx.o [1]
  .text              ro code   0x800'47f8      0x4  startup_stm32h743xx.o [1]
  .text              ro code   0x800'47fc      0x4  startup_stm32h743xx.o [1]
  .text              ro code   0x800'4800      0x4  startup_stm32h743xx.o [1]
  .text              ro code   0x800'4804      0x4  startup_stm32h743xx.o [1]
  .text              ro code   0x800'4808      0x4  startup_stm32h743xx.o [1]
  .text              ro code   0x800'480c      0x4  startup_stm32h743xx.o [1]
  .text              ro code   0x800'4810      0x4  startup_stm32h743xx.o [1]
  .text              ro code   0x800'4814      0x4  startup_stm32h743xx.o [1]
  .text              ro code   0x800'4818      0x4  startup_stm32h743xx.o [1]
  .text              ro code   0x800'481c      0x4  startup_stm32h743xx.o [1]
  .text              ro code   0x800'4820      0x4  startup_stm32h743xx.o [1]
  .text              ro code   0x800'4824      0x4  startup_stm32h743xx.o [1]
  .text              ro code   0x800'4828      0x4  startup_stm32h743xx.o [1]
  .text              ro code   0x800'482c      0x4  startup_stm32h743xx.o [1]
  .text              ro code   0x800'4830      0x4  startup_stm32h743xx.o [1]
  .text              ro code   0x800'4834      0x4  startup_stm32h743xx.o [1]
  .text              ro code   0x800'4838      0x4  startup_stm32h743xx.o [1]
  .text              ro code   0x800'483c      0x4  startup_stm32h743xx.o [1]
  .text              ro code   0x800'4840      0x4  startup_stm32h743xx.o [1]
  .text              ro code   0x800'4844      0x4  startup_stm32h743xx.o [1]
  .text              ro code   0x800'4848      0x4  startup_stm32h743xx.o [1]
  .text              ro code   0x800'484c      0x4  startup_stm32h743xx.o [1]
  .text              ro code   0x800'4850      0x4  startup_stm32h743xx.o [1]
  .text              ro code   0x800'4854      0x4  startup_stm32h743xx.o [1]
  .text              ro code   0x800'4858      0x4  startup_stm32h743xx.o [1]
  .text              ro code   0x800'485c      0x4  startup_stm32h743xx.o [1]
  .text              ro code   0x800'4860      0x4  startup_stm32h743xx.o [1]
  .text              ro code   0x800'4864      0x4  startup_stm32h743xx.o [1]
  .text              ro code   0x800'4868      0x4  startup_stm32h743xx.o [1]
  .text              ro code   0x800'486c      0x4  startup_stm32h743xx.o [1]
  .text              ro code   0x800'4870      0x4  startup_stm32h743xx.o [1]
  .text              ro code   0x800'4874      0x4  startup_stm32h743xx.o [1]
  .text              ro code   0x800'4878      0x4  startup_stm32h743xx.o [1]
  .text              ro code   0x800'487c      0x4  startup_stm32h743xx.o [1]
  .text              ro code   0x800'4880      0x4  startup_stm32h743xx.o [1]
  .text              ro code   0x800'4884      0x4  startup_stm32h743xx.o [1]
  .text              ro code   0x800'4888      0x4  startup_stm32h743xx.o [1]
  .text              ro code   0x800'488c      0x4  startup_stm32h743xx.o [1]
  .text              ro code   0x800'4890      0x4  startup_stm32h743xx.o [1]
  .text              ro code   0x800'4894      0x4  startup_stm32h743xx.o [1]
  .text              ro code   0x800'4898      0x4  startup_stm32h743xx.o [1]
  .text              ro code   0x800'489c      0x4  startup_stm32h743xx.o [1]
  .text              ro code   0x800'48a0      0x4  startup_stm32h743xx.o [1]
  .text              ro code   0x800'48a4      0x4  startup_stm32h743xx.o [1]
  .text              ro code   0x800'48a8      0x4  startup_stm32h743xx.o [1]
  .text              ro code   0x800'48ac      0x4  startup_stm32h743xx.o [1]
  .text              ro code   0x800'48b0      0x4  startup_stm32h743xx.o [1]
  .text              ro code   0x800'48b4      0x4  startup_stm32h743xx.o [1]
  .text              ro code   0x800'48b8      0x4  startup_stm32h743xx.o [1]
  .text              ro code   0x800'48bc      0x4  startup_stm32h743xx.o [1]
  .text              ro code   0x800'48c0      0x4  startup_stm32h743xx.o [1]
  .text              ro code   0x800'48c4      0x4  startup_stm32h743xx.o [1]
  .text              ro code   0x800'48c8      0x4  startup_stm32h743xx.o [1]
  .text              ro code   0x800'48cc      0x4  startup_stm32h743xx.o [1]
  .text              ro code   0x800'48d0      0x4  startup_stm32h743xx.o [1]
  .text              ro code   0x800'48d4      0x4  startup_stm32h743xx.o [1]
  .text              ro code   0x800'48d8      0x4  startup_stm32h743xx.o [1]
  .text              ro code   0x800'48dc      0x4  startup_stm32h743xx.o [1]
  .text              ro code   0x800'48e0      0x4  startup_stm32h743xx.o [1]
  .text              ro code   0x800'48e4      0x4  startup_stm32h743xx.o [1]
  .text              ro code   0x800'48e8      0x4  startup_stm32h743xx.o [1]
  .text              ro code   0x800'48ec      0x4  startup_stm32h743xx.o [1]
  .text              ro code   0x800'48f0      0x4  startup_stm32h743xx.o [1]
  .text              ro code   0x800'48f4      0x4  startup_stm32h743xx.o [1]
  .text              ro code   0x800'48f8      0x4  startup_stm32h743xx.o [1]
  .text              ro code   0x800'48fc      0x4  startup_stm32h743xx.o [1]
  .text              ro code   0x800'4900      0x4  startup_stm32h743xx.o [1]
  .text              ro code   0x800'4904      0x4  startup_stm32h743xx.o [1]
  .text              ro code   0x800'4908      0x4  startup_stm32h743xx.o [1]
  .text              ro code   0x800'490c      0x4  startup_stm32h743xx.o [1]
  .text              ro code   0x800'4910      0x4  startup_stm32h743xx.o [1]
  .text              ro code   0x800'4914      0x4  startup_stm32h743xx.o [1]
  .text              ro code   0x800'4918      0x4  startup_stm32h743xx.o [1]
  .text              ro code   0x800'491c      0x4  startup_stm32h743xx.o [1]
  .text              ro code   0x800'4920      0x4  startup_stm32h743xx.o [1]
  .text              ro code   0x800'4924      0x4  startup_stm32h743xx.o [1]
  .text              ro code   0x800'4928      0x4  startup_stm32h743xx.o [1]
  .text              ro code   0x800'492c      0x4  startup_stm32h743xx.o [1]
  .text              ro code   0x800'4930      0x4  startup_stm32h743xx.o [1]
  .text              ro code   0x800'4934      0x4  startup_stm32h743xx.o [1]
  .text              ro code   0x800'4938      0x4  startup_stm32h743xx.o [1]
  .text              ro code   0x800'493c      0x4  startup_stm32h743xx.o [1]
  .text              ro code   0x800'4940      0x4  startup_stm32h743xx.o [1]
  .text              ro code   0x800'4944      0x4  startup_stm32h743xx.o [1]
  .text              ro code   0x800'4948      0x4  startup_stm32h743xx.o [1]
  .text              ro code   0x800'494c      0x4  startup_stm32h743xx.o [1]
  .text              ro code   0x800'4950      0x4  startup_stm32h743xx.o [1]
  .text              ro code   0x800'4954      0x4  startup_stm32h743xx.o [1]
  .text              ro code   0x800'4958      0x4  startup_stm32h743xx.o [1]
  .text              ro code   0x800'495c      0x4  startup_stm32h743xx.o [1]
  .text              ro code   0x800'4960      0x4  startup_stm32h743xx.o [1]
  .text              ro code   0x800'4964      0x4  startup_stm32h743xx.o [1]
  .text              ro code   0x800'4968      0x4  startup_stm32h743xx.o [1]
  .text              ro code   0x800'496c      0x4  startup_stm32h743xx.o [1]
  .text              ro code   0x800'4970      0x4  startup_stm32h743xx.o [1]
  .text              ro code   0x800'4974      0x4  startup_stm32h743xx.o [1]
  .text              ro code   0x800'4978      0x4  startup_stm32h743xx.o [1]
  .text              ro code   0x800'497c      0x4  startup_stm32h743xx.o [1]
  .text              ro code   0x800'4980      0x4  startup_stm32h743xx.o [1]
  .text              ro code   0x800'4984      0x4  startup_stm32h743xx.o [1]
  .text              ro code   0x800'4988      0x4  startup_stm32h743xx.o [1]
  .text              ro code   0x800'498c      0x4  startup_stm32h743xx.o [1]
  .text              ro code   0x800'4990      0x4  startup_stm32h743xx.o [1]
  .text              ro code   0x800'4994      0x4  startup_stm32h743xx.o [1]
  .rodata            const     0x800'4998      0x0  zero_init3.o [4]
  .rodata            const     0x800'4998      0x0  packbits_init_single.o [4]
  Initializer bytes  const     0x800'4998     0x28  <for P2-1>
                             - 0x800'49c0   0x4728

"P2", part 1 of 3:                            0x90
  P2-1                        0x2000'0000     0x90  <Init block>
    .data            inited   0x2000'0000     0x7c  eth.o [1]
    .data            inited   0x2000'007c      0xc  stm32h7xx_hal.o [1]
    .data            inited   0x2000'0088      0x4  system_stm32h7xx.o [1]
    .data            inited   0x2000'008c      0x4  system_stm32h7xx.o [1]
                            - 0x2000'0090     0x90

"P2", part 2 of 3:                         0x1e494
  .bss               zero     0x2000'0090  0x1d600  buffer.o [1]
  .bss               zero     0x2001'd690    0x6c4  uart.o [1]
  .bss               zero     0x2001'dd54    0x640  uart.o [1]
  .bss               zero     0x2001'e394     0x78  uart.o [1]
  .bss               zero     0x2001'e40c     0x78  uart.o [1]
  .bss               zero     0x2001'e484     0x68  eth.o [1]
  .bss               zero     0x2001'e4ec     0x24  main.o [1]
  .bss               zero     0x2001'e510     0x10  eth.o [1]
  .bss               zero     0x2001'e520      0x4  uart.o [1]
                            - 0x2001'e524  0x1e494

"P2", part 3 of 3:                           0x400
  CSTACK                      0x2001'e528    0x400  <Block>
    CSTACK           uninit   0x2001'e528    0x400  <Block tail>
                            - 0x2001'e928    0x400

Absolute sections, part 1 of 2:               0xc0
  .bss               zero     0x3004'0000     0x60  eth.o [1]
  .bss               zero     0x3004'0060     0x60  eth.o [1]
                            - 0x3004'00c0     0xc0

Absolute sections, part 2 of 2:             0x17e0
  .bss               zero     0x3004'0200   0x17e0  eth.o [1]
                            - 0x3004'19e0   0x17e0

Unused ranges:

         From           To       Size
         ----           --       ----
   0x800'49c0   0x81f'ffff  0x1f'b640
  0x2001'e524  0x2001'e527        0x4
  0x2001'e928  0x2001'ffff     0x16d8


*******************************************************************************
*** INIT TABLE
***

          Address      Size
          -------      ----
Zero (__iar_zero_init3)
    3 destination ranges, total size 0x1fd34:
          0x2000'0090  0x1e494
          0x3004'0000     0xc0
          0x3004'0200   0x17e0

Copy/packbits (__iar_packbits_init_single3)
    1 source range, total size 0x28 (27% of destination):
           0x800'4998     0x28
    1 destination range, total size 0x90:
          0x2000'0000     0x90



*******************************************************************************
*** MODULE SUMMARY
***

    Module                   ro code  ro data  rw data  rw data
                                                         (abs)
    ------                   -------  -------  -------  -------
command line/config:
    -----------------------------------------------------------
    Total:

C:\Users\nkorn\Documents\GitHub\Netscale_72_SW_Networkbridge\EWARM\Networkbridge\Obj: [1]
    buffer.o                     256           120 320
    eth.o                        894       34      244    6 304
    lan8742.o                    406
    main.o                       326      264       36
    startup_stm32h743xx.o      1 216
    stm32h7xx_hal.o              148        3       12
    stm32h7xx_hal_cortex.o       328
    stm32h7xx_hal_crc.o          362
    stm32h7xx_hal_crc_ex.o        72
    stm32h7xx_hal_dma.o          904
    stm32h7xx_hal_eth.o        4 004
    stm32h7xx_hal_gpio.o         512
    stm32h7xx_hal_msp.o           76
    stm32h7xx_hal_rcc.o        1 840
    stm32h7xx_hal_rcc_ex.o     2 768
    stm32h7xx_hal_uart.o       2 910
    stm32h7xx_hal_uart_ex.o        2
    stm32h7xx_it.o                96
    system_stm32h7xx.o           120        3        8
    uart.o                       628             3 576
    -----------------------------------------------------------
    Total:                    17 868      304  124 196    6 304

dl7M_tlf.a: [2]
    exit.o                         4
    low_level_init.o               4
    -----------------------------------------------------------
    Total:                         8

m7M_tlv.a: [3]
    fpinit_M.o                    34
    -----------------------------------------------------------
    Total:                        34

rt7M_tl.a: [4]
    ABImemclr4.o                   6
    ABImemcpy_small.o             24
    ABImemset48.o                 50
    I64DivMod_small.o            262
    I64DivZer.o                    2
    cexit.o                       10
    cmain.o                       30
    cstartup_M.o                  12
    data_init.o                   40
    memcmp_small.o                30
    packbits_init_single.o        56
    zero_init3.o                  58
    -----------------------------------------------------------
    Total:                       580

shb_l.a: [5]
    exit.o                        20
    -----------------------------------------------------------
    Total:                        20

    Gaps                          14        4
    Linker created                         48    1 024
---------------------------------------------------------------
    Grand Total:              18 524      356  125 220    6 304


*******************************************************************************
*** ENTRY LIST
***

Entry                       Address     Size  Type      Object
-----                       -------     ----  ----      ------
.iar.init_table$$Base    0x800'46ec            --   Gb  - Linker created -
.iar.init_table$$Limit   0x800'471c            --   Gb  - Linker created -
?main                    0x800'471d           Code  Gb  cmain.o [4]
BusFault_Handler         0x800'45ff      0x2  Code  Gb  stm32h7xx_it.o [1]
CRC_Handle_16            0x800'3145     0x2e  Code  Lc  stm32h7xx_hal_crc.o [1]
CRC_Handle_8             0x800'30dd     0x68  Code  Lc  stm32h7xx_hal_crc.o [1]
CSTACK$$Base            0x2001'e528            --   Gb  - Linker created -
CSTACK$$Limit           0x2001'e928            --   Gb  - Linker created -
D1CorePrescTable         0x800'45e8     0x10  Data  Gb  system_stm32h7xx.o [1]
DMA1_Stream0_IRQHandler
                         0x800'460d      0x6  Code  Gb  stm32h7xx_it.o [1]
DMA1_Stream1_IRQHandler
                         0x800'4613      0x6  Code  Gb  stm32h7xx_it.o [1]
DMARxDscrTab            0x3004'0000     0x60  Data  Gb  eth.o [1]
DMATxDscrTab            0x3004'0060     0x60  Data  Gb  eth.o [1]
DebugMon_Handler         0x800'4605      0x2  Code  Gb  stm32h7xx_it.o [1]
ETH_DMARxDescListInit    0x800'0f15     0x52  Code  Lc  stm32h7xx_hal_eth.o [1]
ETH_IRQHandler           0x800'4643      0x6  Code  Gb  stm32h7xx_it.o [1]
ETH_MACDMAConfig         0x800'0e3d     0xd8  Code  Lc  stm32h7xx_hal_eth.o [1]
ETH_PHY_IO_DeInit        0x800'14fb      0x4  Code  Gb  eth.o [1]
ETH_PHY_IO_GetTick       0x800'1525      0x4  Code  Gb  eth.o [1]
ETH_PHY_IO_Init          0x800'14ef      0xc  Code  Gb  eth.o [1]
ETH_PHY_IO_ReadReg       0x800'14ff     0x10  Code  Gb  eth.o [1]
ETH_PHY_IO_WriteReg      0x800'150f      0xe  Code  Gb  eth.o [1]
ETH_Prepare_Tx_Descriptors
                         0x800'0f67    0x29e  Code  Lc  stm32h7xx_hal_eth.o [1]
ETH_SetDMAConfig         0x800'0dc3     0x78  Code  Lc  stm32h7xx_hal_eth.o [1]
ETH_SetMACConfig         0x800'0c59    0x16a  Code  Lc  stm32h7xx_hal_eth.o [1]
Error_Handler            0x800'1ff5      0x2  Code  Gb  main.o [1]
HAL_CRCEx_Polynomial_Set
                         0x800'341b     0x48  Code  Gb  stm32h7xx_hal_crc_ex.o [1]
HAL_CRC_Calculate        0x800'3081     0x5c  Code  Gb  stm32h7xx_hal_crc.o [1]
HAL_CRC_Init             0x800'3009     0x74  Code  Gb  stm32h7xx_hal_crc.o [1]
HAL_CRC_MspInit          0x800'2507     0x22  Code  Gb  stm32h7xx_hal_msp.o [1]
HAL_DMA_Abort_IT         0x800'3fe1     0x96  Code  Gb  stm32h7xx_hal_dma.o [1]
HAL_DMA_IRQHandler       0x800'4077    0x2c6  Code  Gb  stm32h7xx_hal_dma.o [1]
HAL_ETH_BuildRxDescriptors
                         0x800'0705     0x7c  Code  Gb  stm32h7xx_hal_eth.o [1]
HAL_ETH_DMAErrorCallback
                         0x800'15a7      0x4  Code  Gb  eth.o [1]
HAL_ETH_DescAssignMemory
                         0x800'0435     0x3c  Code  Gb  stm32h7xx_hal_eth.o [1]
HAL_ETH_EEECallback      0x800'15b3      0x4  Code  Gb  eth.o [1]
HAL_ETH_GetMACConfig     0x800'095f    0x188  Code  Gb  stm32h7xx_hal_eth.o [1]
HAL_ETH_GetMACFilterConfig
                         0x800'0bcd     0x6e  Code  Gb  stm32h7xx_hal_eth.o [1]
HAL_ETH_GetRxDataBuffer
                         0x800'0627     0xa6  Code  Gb  stm32h7xx_hal_eth.o [1]
HAL_ETH_GetRxDataLength
                         0x800'06cd     0x32  Code  Gb  stm32h7xx_hal_eth.o [1]
HAL_ETH_IRQHandler       0x800'0781    0x12e  Code  Gb  stm32h7xx_hal_eth.o [1]
HAL_ETH_Init             0x800'0299    0x19c  Code  Gb  stm32h7xx_hal_eth.o [1]
HAL_ETH_IsRxDataAvailable
                         0x800'0557     0xd0  Code  Gb  stm32h7xx_hal_eth.o [1]
HAL_ETH_MACErrorCallback
                         0x800'15ab      0x4  Code  Gb  eth.o [1]
HAL_ETH_MspInit          0x800'13a1     0xda  Code  Gb  eth.o [1]
HAL_ETH_PMTCallback      0x800'15af      0x4  Code  Gb  eth.o [1]
HAL_ETH_ReadPHYRegister
                         0x800'08af     0x56  Code  Gb  stm32h7xx_hal_eth.o [1]
HAL_ETH_RxCpltCallback   0x800'1529     0x4c  Code  Gb  eth.o [1]
HAL_ETH_RxCpltCallback::RxBuff
                        0x2001'e514      0xc  Data  Lc  eth.o [1]
HAL_ETH_RxCpltCallback::framelength
                        0x2001'e510      0x4  Data  Lc  eth.o [1]
HAL_ETH_SetMACConfig     0x800'0af1     0x18  Code  Gb  stm32h7xx_hal_eth.o [1]
HAL_ETH_SetMACFilterConfig
                         0x800'0b69     0x5c  Code  Gb  stm32h7xx_hal_eth.o [1]
HAL_ETH_SetMDIOClockRange
                         0x800'0b09     0x54  Code  Gb  stm32h7xx_hal_eth.o [1]
HAL_ETH_Start_IT         0x800'0471     0xa6  Code  Gb  stm32h7xx_hal_eth.o [1]
HAL_ETH_Transmit_IT      0x800'0517     0x40  Code  Gb  stm32h7xx_hal_eth.o [1]
HAL_ETH_TxCpltCallback   0x800'15a5      0x2  Code  Gb  eth.o [1]
HAL_ETH_WakeUpCallback   0x800'15b7      0x4  Code  Gb  eth.o [1]
HAL_ETH_WritePHYRegister
                         0x800'0905     0x5a  Code  Gb  stm32h7xx_hal_eth.o [1]
HAL_GPIO_Init            0x800'2195    0x1b2  Code  Gb  stm32h7xx_hal_gpio.o [1]
HAL_GPIO_WritePin        0x800'2357      0xa  Code  Gb  stm32h7xx_hal_gpio.o [1]
HAL_GetTick              0x800'162d      0xc  Code  Wk  stm32h7xx_hal.o [1]
HAL_IncTick              0x800'4659     0x10  Code  Wk  stm32h7xx_hal.o [1]
HAL_Init                 0x800'15f5     0x1c  Code  Gb  stm32h7xx_hal.o [1]
HAL_InitTick             0x800'24ad     0x40  Code  Wk  stm32h7xx_hal.o [1]
HAL_MPU_ConfigRegion     0x800'1e45     0x4c  Code  Gb  stm32h7xx_hal_cortex.o [1]
HAL_MPU_Disable          0x800'1e17     0x14  Code  Gb  stm32h7xx_hal_cortex.o [1]
HAL_MPU_Enable           0x800'1e2b     0x1a  Code  Gb  stm32h7xx_hal_cortex.o [1]
HAL_MspInit              0x800'24ed     0x1a  Code  Gb  stm32h7xx_hal_msp.o [1]
HAL_NVIC_EnableIRQ       0x800'1dd7     0x18  Code  Gb  stm32h7xx_hal_cortex.o [1]
HAL_NVIC_SetPriority     0x800'1d9d     0x3a  Code  Gb  stm32h7xx_hal_cortex.o [1]
HAL_NVIC_SetPriorityGrouping
                         0x800'1d83     0x1a  Code  Gb  stm32h7xx_hal_cortex.o [1]
HAL_RCCEx_GetD1SysClockFreq
                         0x800'2e3d     0x22  Code  Gb  stm32h7xx_hal_rcc_ex.o [1]
HAL_RCCEx_GetD3PCLK1Freq
                         0x800'2c97      0xa  Code  Gb  stm32h7xx_hal_rcc_ex.o [1]
HAL_RCCEx_GetPLL2ClockFreq
                         0x800'2cb1     0x48  Code  Gb  stm32h7xx_hal_rcc_ex.o [1]
HAL_RCCEx_GetPLL3ClockFreq
                         0x800'2cf9     0x46  Code  Gb  stm32h7xx_hal_rcc_ex.o [1]
HAL_RCCEx_PeriphCLKConfig
                         0x800'2539    0x73e  Code  Gb  stm32h7xx_hal_rcc_ex.o [1]
HAL_RCC_ClockConfig      0x800'1639    0x168  Code  Gb  stm32h7xx_hal_rcc.o [1]
HAL_RCC_GetHCLKFreq      0x800'18af     0x1a  Code  Gb  stm32h7xx_hal_rcc.o [1]
HAL_RCC_GetPCLK1Freq     0x800'18c9     0x10  Code  Gb  stm32h7xx_hal_rcc.o [1]
HAL_RCC_GetPCLK2Freq     0x800'18d9      0xe  Code  Gb  stm32h7xx_hal_rcc.o [1]
HAL_RCC_GetSysClockFreq
                         0x800'17b5     0xfa  Code  Gb  stm32h7xx_hal_rcc.o [1]
HAL_RCC_OscConfig        0x800'1921    0x448  Code  Wk  stm32h7xx_hal_rcc.o [1]
HAL_SYSCFG_ETHInterfaceSelect
                         0x800'1611      0xa  Code  Gb  stm32h7xx_hal.o [1]
HAL_SYSTICK_Config       0x800'1def     0x28  Code  Gb  stm32h7xx_hal_cortex.o [1]
HAL_UARTEx_WakeupCallback
                         0x800'436b      0x2  Code  Wk  stm32h7xx_hal_uart_ex.o [1]
HAL_UART_Abort_IT        0x800'35e1     0xac  Code  Gb  stm32h7xx_hal_uart.o [1]
HAL_UART_ErrorCallback   0x800'333b      0x2  Code  Gb  uart.o [1]
HAL_UART_IRQHandler      0x800'3699    0x1bc  Code  Gb  stm32h7xx_hal_uart.o [1]
HAL_UART_IdleLnCallback
                         0x800'333d     0x7a  Code  Gb  uart.o [1]
HAL_UART_IdleLnCallback::frameSize
                        0x2001'd690      0x2  Data  Lc  uart.o [1]
HAL_UART_Init            0x800'3465     0x36  Code  Gb  stm32h7xx_hal_uart.o [1]
HAL_UART_MspInit         0x800'2529      0x2  Code  Gb  stm32h7xx_hal_msp.o [1]
HAL_UART_Receive_IT      0x800'3539     0x96  Code  Gb  stm32h7xx_hal_uart.o [1]
HAL_UART_RxCpltCallback
                         0x800'3339      0x2  Code  Gb  uart.o [1]
HAL_UART_Transmit_IT     0x800'34e5     0x54  Code  Gb  stm32h7xx_hal_uart.o [1]
HAL_UART_TxCpltCallback
                         0x800'3331      0x8  Code  Gb  uart.o [1]
HardFault_Handler        0x800'45fb      0x2  Code  Gb  stm32h7xx_it.o [1]
LAN8742                 0x2000'0048     0x20  Data  Gb  eth.o [1]
LAN8742_GetLinkState     0x800'20f7     0x94  Code  Gb  lan8742.o [1]
LAN8742_IOCtx           0x2000'0068     0x14  Data  Gb  eth.o [1]
LAN8742_Init             0x800'2031     0xbc  Code  Gb  lan8742.o [1]
LAN8742_RegisterBusIO    0x800'1fff     0x32  Code  Gb  lan8742.o [1]
MemManage_Handler        0x800'45fd      0x2  Code  Gb  stm32h7xx_it.o [1]
NMI_Handler              0x800'45f9      0x2  Code  Gb  stm32h7xx_it.o [1]
PendSV_Handler           0x800'4607      0x2  Code  Gb  stm32h7xx_it.o [1]
RCCEx_PLL2_Config        0x800'2e69     0x9a  Code  Lc  stm32h7xx_hal_rcc_ex.o [1]
RCCEx_PLL3_Config        0x800'2f03     0x9a  Code  Lc  stm32h7xx_hal_rcc_ex.o [1]
Region$$Table$$Base      0x800'46ec            --   Gb  - Linker created -
Region$$Table$$Limit     0x800'471c            --   Gb  - Linker created -
Rx_Buff                 0x3004'0200   0x17e0  Data  Gb  eth.o [1]
SVC_Handler              0x800'4603      0x2  Code  Gb  stm32h7xx_it.o [1]
SysTick_Handler          0x800'4609      0x4  Code  Gb  stm32h7xx_it.o [1]
SystemClock_Config       0x800'1f4b     0x92  Code  Gb  main.o [1]
SystemCoreClock         0x2000'0088      0x4  Data  Gb  system_stm32h7xx.o [1]
SystemD2Clock           0x2000'008c      0x4  Data  Gb  system_stm32h7xx.o [1]
SystemInit               0x800'4581     0x54  Code  Gb  system_stm32h7xx.o [1]
TxConfig                0x2000'0008     0x34  Data  Gb  eth.o [1]
UARTPrescTable           0x800'3fa8     0x18  Data  Lc  stm32h7xx_hal_uart.o [1]
UART_AdvFeatureConfig    0x800'3d29     0xc8  Code  Gb  stm32h7xx_hal_uart.o [1]
UART_CheckIdleState      0x800'3df1     0x5c  Code  Gb  stm32h7xx_hal_uart.o [1]
UART_DMAAbortOnError     0x800'3ec9     0x10  Code  Lc  stm32h7xx_hal_uart.o [1]
UART_DMARxAbortCallback
                         0x800'3ef9     0x1e  Code  Lc  stm32h7xx_hal_uart.o [1]
UART_DMATxAbortCallback
                         0x800'3ed9     0x1e  Code  Lc  stm32h7xx_hal_uart.o [1]
UART_EndRxTransfer       0x800'3eab     0x1c  Code  Lc  stm32h7xx_hal_uart.o [1]
UART_Receive_IT          0x800'3f39     0x6e  Code  Lc  stm32h7xx_hal_uart.o [1]
UART_SetConfig           0x800'3861    0x456  Code  Gb  stm32h7xx_hal_uart.o [1]
UART_WaitOnFlagUntilTimeout
                         0x800'3e4d     0x5e  Code  Gb  stm32h7xx_hal_uart.o [1]
USART2_IRQHandler        0x800'4619     0x2a  Code  Gb  stm32h7xx_it.o [1]
UsageFault_Handler       0x800'4601      0x2  Code  Gb  stm32h7xx_it.o [1]
__NVIC_SetPriority       0x800'1d69     0x1a  Code  Lc  stm32h7xx_hal_cortex.o [1]
__aeabi_ldiv0            0x800'4475           Code  Gb  I64DivZer.o [4]
__aeabi_memclr4          0x800'1ff9           Code  Gb  ABImemclr4.o [4]
__cmain                  0x800'471d           Code  Gb  cmain.o [4]
__exit                   0x800'4751     0x14  Code  Gb  exit.o [5]
__iar_Memset4_word       0x800'33e9           Code  Gb  ABImemset48.o [4]
__iar_Memset8_word       0x800'33e9           Code  Gb  ABImemset48.o [4]
__iar_data_init3         0x800'46a1     0x28  Code  Gb  data_init.o [4]
__iar_init_vfp           0x800'46c9           Code  Gb  fpinit_M.o [3]
__iar_packbits_init_single3
                         0x800'4669     0x38  Code  Gb  packbits_init_single.o [4]
__iar_program_start      0x800'4775           Code  Gb  cstartup_M.o [4]
__iar_small_Memcpy       0x800'2399           Code  Gb  ABImemcpy_small.o [4]
__iar_small_memcmp       0x800'3fc1           Code  Gb  memcmp_small.o [4]
__iar_small_memcpy       0x800'2395           Code  Gb  ABImemcpy_small.o [4]
__iar_small_memcpy4      0x800'2395           Code  Gb  ABImemcpy_small.o [4]
__iar_small_memcpy8      0x800'2395           Code  Gb  ABImemcpy_small.o [4]
__iar_small_uldivmod     0x800'436d           Code  Gb  I64DivMod_small.o [4]
__iar_zero_init3         0x800'15bb     0x3a  Code  Gb  zero_init3.o [4]
__low_level_init         0x800'473b      0x4  Code  Gb  low_level_init.o [2]
__vector_table           0x800'0000           Data  Gb  startup_stm32h743xx.o [1]
_call_main               0x800'4729           Code  Gb  cmain.o [4]
_exit                    0x800'4745           Code  Gb  cexit.o [4]
_main                    0x800'4737           Code  Gb  cmain.o [4]
buffer                  0x2000'00a4  0x1d5ec  Data  Lc  buffer.o [1]
bufferLockFlag          0x2000'0090      0x1  Data  Lc  buffer.o [1]
bufferRxPointer         0x2000'009c      0x4  Data  Lc  buffer.o [1]
bufferRxPointerCnt      0x2000'0094      0x2  Data  Lc  buffer.o [1]
bufferTxPointer         0x2000'0098      0x4  Data  Lc  buffer.o [1]
bufferTxPointerCnt      0x2000'0092      0x2  Data  Lc  buffer.o [1]
buffer_getBufferslotPointer
                         0x800'247d      0x2  Code  Gb  buffer.o [1]
buffer_getLockStatus     0x800'24a3      0x6  Code  Gb  buffer.o [1]
buffer_incrRxPointer     0x800'244f     0x1a  Code  Gb  buffer.o [1]
buffer_incrTxPointer     0x800'2433     0x1c  Code  Gb  buffer.o [1]
buffer_init              0x800'23ad     0x1e  Code  Gb  buffer.o [1]
buffer_lock              0x800'2497      0x4  Code  Gb  buffer.o [1]
buffer_manager           0x800'2485     0x12  Code  Gb  buffer.o [1]
buffer_output            0x800'2417     0x1c  Code  Gb  buffer.o [1]
buffer_setMessageDirection
                         0x800'2473      0xa  Code  Gb  buffer.o [1]
buffer_setMessageSize    0x800'2469      0xa  Code  Gb  buffer.o [1]
buffer_setNextSlotRx     0x800'23f1     0x26  Code  Gb  buffer.o [1]
buffer_setNextSlotTx     0x800'23cb     0x26  Code  Gb  buffer.o [1]
buffer_unlock            0x800'249b      0x2  Code  Gb  buffer.o [1]
bus_uart_calcCRC         0x800'32d5      0xa  Code  Gb  uart.o [1]
bus_uart_frameCheck      0x800'3265     0x28  Code  Gb  uart.o [1]
bus_uart_receive         0x800'32fd     0x24  Code  Gb  uart.o [1]
bus_uart_send            0x800'32df     0x1e  Code  Gb  uart.o [1]
bus_uart_setRs485        0x800'3253     0x12  Code  Gb  uart.o [1]
eth_init                 0x800'12c1     0xe0  Code  Gb  eth.o [1]
eth_output               0x800'147b     0x74  Code  Gb  eth.o [1]
eth_output::Txbuffer    0x2000'003c      0xc  Data  Lc  eth.o [1]
exit                     0x800'473f      0x4  Code  Gb  exit.o [2]
hcrc                    0x2001'e4ec     0x24  Data  Gb  main.o [1]
hdma_usart2_rx          0x2001'e394     0x78  Data  Gb  uart.o [1]
hdma_usart2_tx          0x2001'e40c     0x78  Data  Gb  uart.o [1]
heth                    0x2001'e484     0x68  Data  Gb  eth.o [1]
huart2                  0x2001'd694     0x80  Data  Gb  uart.o [1]
macaddress              0x2000'0000      0x8  Data  Lc  eth.o [1]
main                     0x800'1eb1     0x90  Code  Gb  main.o [1]
mpu_config               0x800'123d     0x74  Code  Gb  eth.o [1]
preAmbleSFD              0x800'33e0      0x8  Data  Lc  uart.o [1]
rxBuffer                0x2001'd714    0x640  Data  Lc  uart.o [1]
topAddress              0x2000'00a0      0x4  Data  Lc  buffer.o [1]
txBuffer                0x2001'dd54    0x640  Data  Lc  uart.o [1]
uart_init                0x800'3175     0xde  Code  Gb  uart.o [1]
uart_output              0x800'328d     0x48  Code  Gb  uart.o [1]
uart_output::crc32      0x2001'e520      0x4  Data  Lc  uart.o [1]
uwTick                  0x2000'0080      0x4  Data  Lc  stm32h7xx_hal.o [1]
uwTickFreq              0x2000'007c      0x1  Data  Lc  stm32h7xx_hal.o [1]
uwTickPrio              0x2000'0084      0x4  Data  Lc  stm32h7xx_hal.o [1]


[1] = C:\Users\nkorn\Documents\GitHub\Netscale_72_SW_Networkbridge\EWARM\Networkbridge\Obj
[2] = dl7M_tlf.a
[3] = m7M_tlv.a
[4] = rt7M_tl.a
[5] = shb_l.a

   18 524 bytes of readonly  code memory
      356 bytes of readonly  data memory
  125 220 bytes of readwrite data memory (+ 6 304 absolute)

Errors: none
Warnings: none
