###############################################################################
#
# IAR ELF Linker V8.32.1.169/W32 for ARM                  24/Apr/2019  17:53:19
# Copyright 2007-2018 IAR Systems AB.
#
#    Output file  =  
#        C:\Users\nkorn\Documents\GitHub\Netscale_72_SW_Networkbridge\EWARM\Networkbridge\Exe\Networkbridge.out
#    Map file     =  
#        C:\Users\nkorn\Documents\GitHub\Netscale_72_SW_Networkbridge\EWARM\Networkbridge\List\Networkbridge.map
#    Command line =  
#        -f C:\Users\nkorn\AppData\Local\Temp\EW29B6.tmp
#        (C:\Users\nkorn\Documents\GitHub\Netscale_72_SW_Networkbridge\EWARM\Networkbridge\Obj\buffer.o
#        C:\Users\nkorn\Documents\GitHub\Netscale_72_SW_Networkbridge\EWARM\Networkbridge\Obj\eth.o
#        C:\Users\nkorn\Documents\GitHub\Netscale_72_SW_Networkbridge\EWARM\Networkbridge\Obj\lan8742.o
#        C:\Users\nkorn\Documents\GitHub\Netscale_72_SW_Networkbridge\EWARM\Networkbridge\Obj\main.o
#        C:\Users\nkorn\Documents\GitHub\Netscale_72_SW_Networkbridge\EWARM\Networkbridge\Obj\startup_stm32h743xx.o
#        C:\Users\nkorn\Documents\GitHub\Netscale_72_SW_Networkbridge\EWARM\Networkbridge\Obj\stm32h7xx_hal.o
#        C:\Users\nkorn\Documents\GitHub\Netscale_72_SW_Networkbridge\EWARM\Networkbridge\Obj\stm32h7xx_hal_cortex.o
#        C:\Users\nkorn\Documents\GitHub\Netscale_72_SW_Networkbridge\EWARM\Networkbridge\Obj\stm32h7xx_hal_crc.o
#        C:\Users\nkorn\Documents\GitHub\Netscale_72_SW_Networkbridge\EWARM\Networkbridge\Obj\stm32h7xx_hal_crc_ex.o
#        C:\Users\nkorn\Documents\GitHub\Netscale_72_SW_Networkbridge\EWARM\Networkbridge\Obj\stm32h7xx_hal_dma.o
#        C:\Users\nkorn\Documents\GitHub\Netscale_72_SW_Networkbridge\EWARM\Networkbridge\Obj\stm32h7xx_hal_dma_ex.o
#        C:\Users\nkorn\Documents\GitHub\Netscale_72_SW_Networkbridge\EWARM\Networkbridge\Obj\stm32h7xx_hal_eth.o
#        C:\Users\nkorn\Documents\GitHub\Netscale_72_SW_Networkbridge\EWARM\Networkbridge\Obj\stm32h7xx_hal_eth_ex.o
#        C:\Users\nkorn\Documents\GitHub\Netscale_72_SW_Networkbridge\EWARM\Networkbridge\Obj\stm32h7xx_hal_flash.o
#        C:\Users\nkorn\Documents\GitHub\Netscale_72_SW_Networkbridge\EWARM\Networkbridge\Obj\stm32h7xx_hal_flash_ex.o
#        C:\Users\nkorn\Documents\GitHub\Netscale_72_SW_Networkbridge\EWARM\Networkbridge\Obj\stm32h7xx_hal_gpio.o
#        C:\Users\nkorn\Documents\GitHub\Netscale_72_SW_Networkbridge\EWARM\Networkbridge\Obj\stm32h7xx_hal_hsem.o
#        C:\Users\nkorn\Documents\GitHub\Netscale_72_SW_Networkbridge\EWARM\Networkbridge\Obj\stm32h7xx_hal_i2c.o
#        C:\Users\nkorn\Documents\GitHub\Netscale_72_SW_Networkbridge\EWARM\Networkbridge\Obj\stm32h7xx_hal_i2c_ex.o
#        C:\Users\nkorn\Documents\GitHub\Netscale_72_SW_Networkbridge\EWARM\Networkbridge\Obj\stm32h7xx_hal_mdma.o
#        C:\Users\nkorn\Documents\GitHub\Netscale_72_SW_Networkbridge\EWARM\Networkbridge\Obj\stm32h7xx_hal_msp.o
#        C:\Users\nkorn\Documents\GitHub\Netscale_72_SW_Networkbridge\EWARM\Networkbridge\Obj\stm32h7xx_hal_pwr.o
#        C:\Users\nkorn\Documents\GitHub\Netscale_72_SW_Networkbridge\EWARM\Networkbridge\Obj\stm32h7xx_hal_pwr_ex.o
#        C:\Users\nkorn\Documents\GitHub\Netscale_72_SW_Networkbridge\EWARM\Networkbridge\Obj\stm32h7xx_hal_rcc.o
#        C:\Users\nkorn\Documents\GitHub\Netscale_72_SW_Networkbridge\EWARM\Networkbridge\Obj\stm32h7xx_hal_rcc_ex.o
#        C:\Users\nkorn\Documents\GitHub\Netscale_72_SW_Networkbridge\EWARM\Networkbridge\Obj\stm32h7xx_hal_tim.o
#        C:\Users\nkorn\Documents\GitHub\Netscale_72_SW_Networkbridge\EWARM\Networkbridge\Obj\stm32h7xx_hal_tim_ex.o
#        C:\Users\nkorn\Documents\GitHub\Netscale_72_SW_Networkbridge\EWARM\Networkbridge\Obj\stm32h7xx_hal_uart.o
#        C:\Users\nkorn\Documents\GitHub\Netscale_72_SW_Networkbridge\EWARM\Networkbridge\Obj\stm32h7xx_hal_uart_ex.o
#        C:\Users\nkorn\Documents\GitHub\Netscale_72_SW_Networkbridge\EWARM\Networkbridge\Obj\stm32h7xx_it.o
#        C:\Users\nkorn\Documents\GitHub\Netscale_72_SW_Networkbridge\EWARM\Networkbridge\Obj\system_stm32h7xx.o
#        C:\Users\nkorn\Documents\GitHub\Netscale_72_SW_Networkbridge\EWARM\Networkbridge\Obj\uart.o
#        --redirect _Printf=_PrintfFull --redirect _Scanf=_ScanfFull
#        --no_out_extension -o
#        C:\Users\nkorn\Documents\GitHub\Netscale_72_SW_Networkbridge\EWARM\Networkbridge\Exe\Networkbridge.out
#        --map
#        C:\Users\nkorn\Documents\GitHub\Netscale_72_SW_Networkbridge\EWARM\Networkbridge\List\Networkbridge.map
#        --config
#        C:\Users\nkorn\Documents\GitHub\Netscale_72_SW_Networkbridge\EWARM/stm32h743xx_flash.icf
#        --semihosting --entry __iar_program_start --vfe --text_out locale)
#
###############################################################################

*******************************************************************************
*** RUNTIME MODEL ATTRIBUTES
***

CppFlavor       = *
__SystemLibrary = DLib
__dlib_version  = 6


*******************************************************************************
*** HEAP SELECTION
***

The basic heap was selected because no calls to memory allocation
functions were found in the application outside of system library
functions, and there are calls to deallocation functions in the
application.


*******************************************************************************
*** PLACEMENT SUMMARY
***

"A0":  place at 0x800'0000 { ro section .intvec };
"P1":  place in [from 0x800'0000 to 0x81f'ffff] { ro };
define block CSTACK with size = 1K, alignment = 8 { };
define block HEAP with size = 512, alignment = 8 { };
"P2":  place in [from 0x2000'0000 to 0x2001'ffff] {
          rw, block CSTACK, block HEAP };
initialize by copy { rw };

  Section            Kind         Address     Size  Object
  -------            ----         -------     ----  ------
"A0":                                        0x298
  .intvec            ro code   0x800'0000    0x298  startup_stm32h743xx.o [1]
                             - 0x800'0298    0x298

"P1":                                       0x45d4
  .text              ro code   0x800'0298    0xc10  stm32h7xx_hal_eth.o [1]
  .text              ro code   0x800'0ea8    0x158  stm32h7xx_hal_msp.o [1]
  .text              ro code   0x800'1000     0x38  stm32h7xx_hal.o [1]
  .text              ro code   0x800'1038      0xc  stm32h7xx_hal.o [1]
  .text              ro code   0x800'1044    0x730  stm32h7xx_hal_rcc.o [1]
  .text              ro code   0x800'1774      0x6  ABImemclr4.o [4]
  .text              ro code   0x800'177a     0x3a  zero_init3.o [4]
  .text              ro code   0x800'17b4    0x200  stm32h7xx_hal_gpio.o [1]
  .text              ro code   0x800'19b4     0xc8  stm32h7xx_hal_cortex.o [1]
  .text              ro code   0x800'1a7c     0x40  stm32h7xx_hal.o [1]
  .text              ro code   0x800'1abc    0xad0  stm32h7xx_hal_rcc_ex.o [1]
  .text              ro code   0x800'258c     0x32  ABImemset48.o [4]
  .text              ro code   0x800'25c0    0xbb8  stm32h7xx_hal_uart.o [1]
  .text              ro code   0x800'3178    0x6ec  stm32h7xx_hal_dma.o [1]
  .text              ro code   0x800'3864      0x2  stm32h7xx_hal_uart.o [1]
  .text              ro code   0x800'3866      0x2  stm32h7xx_hal_uart.o [1]
  .text              ro code   0x800'3868      0x2  stm32h7xx_hal_uart_ex.o [1]
  .text              ro code   0x800'386c    0x2ec  uart.o [1]
  .text              ro code   0x800'3b58    0x106  I64DivMod_small.o [4]
  .text              ro code   0x800'3c60     0xd6  main.o [1]
  .text              ro code   0x800'3d38     0x1e  memcmp_small.o [4]
  .text              ro code   0x800'3d58     0x18  ABImemcpy_small.o [4]
  .text              ro code   0x800'3d70    0x16a  stm32h7xx_hal_crc.o [1]
  .text              ro code   0x800'3edc    0x148  buffer.o [1]
  .text              ro code   0x800'4024      0x2  I64DivZer.o [4]
  .text              ro code   0x800'4028    0x128  eth.o [1]
  .text              ro code   0x800'4150     0x48  stm32h7xx_hal_crc_ex.o [1]
  .text              ro code   0x800'4198    0x196  lan8742.o [1]
  .rodata            const     0x800'4330    0x108  main.o [1]
  .text              ro code   0x800'4438     0x78  system_stm32h7xx.o [1]
  .text              ro code   0x800'44b0     0x58  stm32h7xx_it.o [1]
  .text              ro code   0x800'4508     0x10  stm32h7xx_hal.o [1]
  .text              ro code   0x800'4518     0x38  packbits_init_single.o [4]
  .text              ro code   0x800'4550     0x28  data_init.o [4]
  .text              ro code   0x800'4578     0x22  fpinit_M.o [3]
  .iar.init_table    const     0x800'459c     0x28  - Linker created -
  .text              ro code   0x800'45c4     0x1e  cmain.o [4]
  .text              ro code   0x800'45e2      0x4  low_level_init.o [2]
  .text              ro code   0x800'45e6      0x4  exit.o [2]
  .text              ro code   0x800'45ec      0xa  cexit.o [4]
  .text              ro code   0x800'45f8     0x14  exit.o [5]
  .text              ro code   0x800'460c     0x10  startup_stm32h743xx.o [1]
  .text              ro code   0x800'461c      0xc  cstartup_M.o [4]
  .text              ro code   0x800'4628      0x4  startup_stm32h743xx.o [1]
  .text              ro code   0x800'462c      0x4  startup_stm32h743xx.o [1]
  .text              ro code   0x800'4630      0x4  startup_stm32h743xx.o [1]
  .text              ro code   0x800'4634      0x4  startup_stm32h743xx.o [1]
  .text              ro code   0x800'4638      0x4  startup_stm32h743xx.o [1]
  .text              ro code   0x800'463c      0x4  startup_stm32h743xx.o [1]
  .text              ro code   0x800'4640      0x4  startup_stm32h743xx.o [1]
  .text              ro code   0x800'4644      0x4  startup_stm32h743xx.o [1]
  .text              ro code   0x800'4648      0x4  startup_stm32h743xx.o [1]
  .text              ro code   0x800'464c      0x4  startup_stm32h743xx.o [1]
  .text              ro code   0x800'4650      0x4  startup_stm32h743xx.o [1]
  .text              ro code   0x800'4654      0x4  startup_stm32h743xx.o [1]
  .text              ro code   0x800'4658      0x4  startup_stm32h743xx.o [1]
  .text              ro code   0x800'465c      0x4  startup_stm32h743xx.o [1]
  .text              ro code   0x800'4660      0x4  startup_stm32h743xx.o [1]
  .text              ro code   0x800'4664      0x4  startup_stm32h743xx.o [1]
  .text              ro code   0x800'4668      0x4  startup_stm32h743xx.o [1]
  .text              ro code   0x800'466c      0x4  startup_stm32h743xx.o [1]
  .text              ro code   0x800'4670      0x4  startup_stm32h743xx.o [1]
  .text              ro code   0x800'4674      0x4  startup_stm32h743xx.o [1]
  .text              ro code   0x800'4678      0x4  startup_stm32h743xx.o [1]
  .text              ro code   0x800'467c      0x4  startup_stm32h743xx.o [1]
  .text              ro code   0x800'4680      0x4  startup_stm32h743xx.o [1]
  .text              ro code   0x800'4684      0x4  startup_stm32h743xx.o [1]
  .text              ro code   0x800'4688      0x4  startup_stm32h743xx.o [1]
  .text              ro code   0x800'468c      0x4  startup_stm32h743xx.o [1]
  .text              ro code   0x800'4690      0x4  startup_stm32h743xx.o [1]
  .text              ro code   0x800'4694      0x4  startup_stm32h743xx.o [1]
  .text              ro code   0x800'4698      0x4  startup_stm32h743xx.o [1]
  .text              ro code   0x800'469c      0x4  startup_stm32h743xx.o [1]
  .text              ro code   0x800'46a0      0x4  startup_stm32h743xx.o [1]
  .text              ro code   0x800'46a4      0x4  startup_stm32h743xx.o [1]
  .text              ro code   0x800'46a8      0x4  startup_stm32h743xx.o [1]
  .text              ro code   0x800'46ac      0x4  startup_stm32h743xx.o [1]
  .text              ro code   0x800'46b0      0x4  startup_stm32h743xx.o [1]
  .text              ro code   0x800'46b4      0x4  startup_stm32h743xx.o [1]
  .text              ro code   0x800'46b8      0x4  startup_stm32h743xx.o [1]
  .text              ro code   0x800'46bc      0x4  startup_stm32h743xx.o [1]
  .text              ro code   0x800'46c0      0x4  startup_stm32h743xx.o [1]
  .text              ro code   0x800'46c4      0x4  startup_stm32h743xx.o [1]
  .text              ro code   0x800'46c8      0x4  startup_stm32h743xx.o [1]
  .text              ro code   0x800'46cc      0x4  startup_stm32h743xx.o [1]
  .text              ro code   0x800'46d0      0x4  startup_stm32h743xx.o [1]
  .text              ro code   0x800'46d4      0x4  startup_stm32h743xx.o [1]
  .text              ro code   0x800'46d8      0x4  startup_stm32h743xx.o [1]
  .text              ro code   0x800'46dc      0x4  startup_stm32h743xx.o [1]
  .text              ro code   0x800'46e0      0x4  startup_stm32h743xx.o [1]
  .text              ro code   0x800'46e4      0x4  startup_stm32h743xx.o [1]
  .text              ro code   0x800'46e8      0x4  startup_stm32h743xx.o [1]
  .text              ro code   0x800'46ec      0x4  startup_stm32h743xx.o [1]
  .text              ro code   0x800'46f0      0x4  startup_stm32h743xx.o [1]
  .text              ro code   0x800'46f4      0x4  startup_stm32h743xx.o [1]
  .text              ro code   0x800'46f8      0x4  startup_stm32h743xx.o [1]
  .text              ro code   0x800'46fc      0x4  startup_stm32h743xx.o [1]
  .text              ro code   0x800'4700      0x4  startup_stm32h743xx.o [1]
  .text              ro code   0x800'4704      0x4  startup_stm32h743xx.o [1]
  .text              ro code   0x800'4708      0x4  startup_stm32h743xx.o [1]
  .text              ro code   0x800'470c      0x4  startup_stm32h743xx.o [1]
  .text              ro code   0x800'4710      0x4  startup_stm32h743xx.o [1]
  .text              ro code   0x800'4714      0x4  startup_stm32h743xx.o [1]
  .text              ro code   0x800'4718      0x4  startup_stm32h743xx.o [1]
  .text              ro code   0x800'471c      0x4  startup_stm32h743xx.o [1]
  .text              ro code   0x800'4720      0x4  startup_stm32h743xx.o [1]
  .text              ro code   0x800'4724      0x4  startup_stm32h743xx.o [1]
  .text              ro code   0x800'4728      0x4  startup_stm32h743xx.o [1]
  .text              ro code   0x800'472c      0x4  startup_stm32h743xx.o [1]
  .text              ro code   0x800'4730      0x4  startup_stm32h743xx.o [1]
  .text              ro code   0x800'4734      0x4  startup_stm32h743xx.o [1]
  .text              ro code   0x800'4738      0x4  startup_stm32h743xx.o [1]
  .text              ro code   0x800'473c      0x4  startup_stm32h743xx.o [1]
  .text              ro code   0x800'4740      0x4  startup_stm32h743xx.o [1]
  .text              ro code   0x800'4744      0x4  startup_stm32h743xx.o [1]
  .text              ro code   0x800'4748      0x4  startup_stm32h743xx.o [1]
  .text              ro code   0x800'474c      0x4  startup_stm32h743xx.o [1]
  .text              ro code   0x800'4750      0x4  startup_stm32h743xx.o [1]
  .text              ro code   0x800'4754      0x4  startup_stm32h743xx.o [1]
  .text              ro code   0x800'4758      0x4  startup_stm32h743xx.o [1]
  .text              ro code   0x800'475c      0x4  startup_stm32h743xx.o [1]
  .text              ro code   0x800'4760      0x4  startup_stm32h743xx.o [1]
  .text              ro code   0x800'4764      0x4  startup_stm32h743xx.o [1]
  .text              ro code   0x800'4768      0x4  startup_stm32h743xx.o [1]
  .text              ro code   0x800'476c      0x4  startup_stm32h743xx.o [1]
  .text              ro code   0x800'4770      0x4  startup_stm32h743xx.o [1]
  .text              ro code   0x800'4774      0x4  startup_stm32h743xx.o [1]
  .text              ro code   0x800'4778      0x4  startup_stm32h743xx.o [1]
  .text              ro code   0x800'477c      0x4  startup_stm32h743xx.o [1]
  .text              ro code   0x800'4780      0x4  startup_stm32h743xx.o [1]
  .text              ro code   0x800'4784      0x4  startup_stm32h743xx.o [1]
  .text              ro code   0x800'4788      0x4  startup_stm32h743xx.o [1]
  .text              ro code   0x800'478c      0x4  startup_stm32h743xx.o [1]
  .text              ro code   0x800'4790      0x4  startup_stm32h743xx.o [1]
  .text              ro code   0x800'4794      0x4  startup_stm32h743xx.o [1]
  .text              ro code   0x800'4798      0x4  startup_stm32h743xx.o [1]
  .text              ro code   0x800'479c      0x4  startup_stm32h743xx.o [1]
  .text              ro code   0x800'47a0      0x4  startup_stm32h743xx.o [1]
  .text              ro code   0x800'47a4      0x4  startup_stm32h743xx.o [1]
  .text              ro code   0x800'47a8      0x4  startup_stm32h743xx.o [1]
  .text              ro code   0x800'47ac      0x4  startup_stm32h743xx.o [1]
  .text              ro code   0x800'47b0      0x4  startup_stm32h743xx.o [1]
  .text              ro code   0x800'47b4      0x4  startup_stm32h743xx.o [1]
  .text              ro code   0x800'47b8      0x4  startup_stm32h743xx.o [1]
  .text              ro code   0x800'47bc      0x4  startup_stm32h743xx.o [1]
  .text              ro code   0x800'47c0      0x4  startup_stm32h743xx.o [1]
  .text              ro code   0x800'47c4      0x4  startup_stm32h743xx.o [1]
  .text              ro code   0x800'47c8      0x4  startup_stm32h743xx.o [1]
  .text              ro code   0x800'47cc      0x4  startup_stm32h743xx.o [1]
  .text              ro code   0x800'47d0      0x4  startup_stm32h743xx.o [1]
  .text              ro code   0x800'47d4      0x4  startup_stm32h743xx.o [1]
  .text              ro code   0x800'47d8      0x4  startup_stm32h743xx.o [1]
  .text              ro code   0x800'47dc      0x4  startup_stm32h743xx.o [1]
  .text              ro code   0x800'47e0      0x4  startup_stm32h743xx.o [1]
  .text              ro code   0x800'47e4      0x4  startup_stm32h743xx.o [1]
  .text              ro code   0x800'47e8      0x4  startup_stm32h743xx.o [1]
  .text              ro code   0x800'47ec      0x4  startup_stm32h743xx.o [1]
  .text              ro code   0x800'47f0      0x4  startup_stm32h743xx.o [1]
  .text              ro code   0x800'47f4      0x4  startup_stm32h743xx.o [1]
  .text              ro code   0x800'47f8      0x4  startup_stm32h743xx.o [1]
  .text              ro code   0x800'47fc      0x4  startup_stm32h743xx.o [1]
  .text              ro code   0x800'4800      0x4  startup_stm32h743xx.o [1]
  .text              ro code   0x800'4804      0x4  startup_stm32h743xx.o [1]
  .text              ro code   0x800'4808      0x4  startup_stm32h743xx.o [1]
  .text              ro code   0x800'480c      0x4  startup_stm32h743xx.o [1]
  .text              ro code   0x800'4810      0x4  startup_stm32h743xx.o [1]
  .text              ro code   0x800'4814      0x4  startup_stm32h743xx.o [1]
  .text              ro code   0x800'4818      0x4  startup_stm32h743xx.o [1]
  .text              ro code   0x800'481c      0x4  startup_stm32h743xx.o [1]
  .text              ro code   0x800'4820      0x4  startup_stm32h743xx.o [1]
  .text              ro code   0x800'4824      0x4  startup_stm32h743xx.o [1]
  .text              ro code   0x800'4828      0x4  startup_stm32h743xx.o [1]
  .text              ro code   0x800'482c      0x4  startup_stm32h743xx.o [1]
  .text              ro code   0x800'4830      0x4  startup_stm32h743xx.o [1]
  .text              ro code   0x800'4834      0x4  startup_stm32h743xx.o [1]
  .text              ro code   0x800'4838      0x4  startup_stm32h743xx.o [1]
  .text              ro code   0x800'483c      0x4  startup_stm32h743xx.o [1]
  .text              ro code   0x800'4840      0x4  startup_stm32h743xx.o [1]
  .rodata            const     0x800'4844      0x0  zero_init3.o [4]
  .rodata            const     0x800'4844      0x0  packbits_init_single.o [4]
  Initializer bytes  const     0x800'4844     0x28  <for P2-1>
                             - 0x800'486c   0x45d4

"P2", part 1 of 3:                            0xe4
  P2-1                        0x2000'0000     0xe4  <Init block>
    .data            inited   0x2000'0000     0xd0  eth.o [1]
    .data            inited   0x2000'00d0      0xc  stm32h7xx_hal.o [1]
    .data            inited   0x2000'00dc      0x4  system_stm32h7xx.o [1]
    .data            inited   0x2000'00e0      0x4  system_stm32h7xx.o [1]
                            - 0x2000'00e4     0xe4

"P2", part 2 of 3:                         0x14138
  .bss               zero     0x2000'00e4  0x1395c  buffer.o [1]
  .bss               zero     0x2001'3a40    0x644  uart.o [1]
  .bss               zero     0x2001'4084     0xf0  uart.o [1]
  .bss               zero     0x2001'4174     0x80  uart.o [1]
  .bss               zero     0x2001'41f4     0x24  main.o [1]
  .bss               zero     0x2001'4218      0x2  uart.o [1]
                            - 0x2001'421a  0x14136

"P2", part 3 of 3:                           0x400
  CSTACK                      0x2001'4220    0x400  <Block>
    CSTACK           uninit   0x2001'4220    0x400  <Block tail>
                            - 0x2001'4620    0x400

Absolute sections:                            0xc0
  .bss               zero     0x3004'0000     0x60  eth.o [1]
  .bss               zero     0x3004'0060     0x60  eth.o [1]
                            - 0x3004'00c0     0xc0

Unused ranges:

         From           To       Size
         ----           --       ----
   0x800'486c   0x81f'ffff  0x1f'b794
  0x2001'421c  0x2001'421f        0x4
  0x2001'4620  0x2001'ffff     0xb9e0


*******************************************************************************
*** INIT TABLE
***

          Address      Size
          -------      ----
Zero (__iar_zero_init3)
    2 destination ranges, total size 0x141f6:
          0x2000'00e4  0x14136
          0x3004'0000     0xc0

Copy/packbits (__iar_packbits_init_single3)
    1 source range, total size 0x28 (17% of destination):
           0x800'4844     0x28
    1 destination range, total size 0xe4:
          0x2000'0000     0xe4



*******************************************************************************
*** MODULE SUMMARY
***

    Module                   ro code  ro data  rw data  rw data
                                                         (abs)
    ------                   -------  -------  -------  -------
command line/config:
    -----------------------------------------------------------
    Total:

C:\Users\nkorn\Documents\GitHub\Netscale_72_SW_Networkbridge\EWARM\Networkbridge\Obj: [1]
    buffer.o                     328            80 220
    eth.o                        296       36      208      192
    lan8742.o                    406
    main.o                       214      264       36
    startup_stm32h743xx.o      1 220
    stm32h7xx_hal.o              148        2       12
    stm32h7xx_hal_cortex.o       200
    stm32h7xx_hal_crc.o          362
    stm32h7xx_hal_crc_ex.o        72
    stm32h7xx_hal_dma.o        1 772
    stm32h7xx_hal_eth.o        3 088
    stm32h7xx_hal_gpio.o         512
    stm32h7xx_hal_msp.o          344
    stm32h7xx_hal_rcc.o        1 840
    stm32h7xx_hal_rcc_ex.o     2 768
    stm32h7xx_hal_uart.o       3 004
    stm32h7xx_hal_uart_ex.o        2
    stm32h7xx_it.o                88
    system_stm32h7xx.o           120        2        8
    uart.o                       748             1 974
    -----------------------------------------------------------
    Total:                    17 532      304   82 458      192

dl7M_tlf.a: [2]
    exit.o                         4
    low_level_init.o               4
    -----------------------------------------------------------
    Total:                         8

m7M_tlv.a: [3]
    fpinit_M.o                    34
    -----------------------------------------------------------
    Total:                        34

rt7M_tl.a: [4]
    ABImemclr4.o                   6
    ABImemcpy_small.o             24
    ABImemset48.o                 50
    I64DivMod_small.o            262
    I64DivZer.o                    2
    cexit.o                       10
    cmain.o                       30
    cstartup_M.o                  12
    data_init.o                   40
    memcmp_small.o                30
    packbits_init_single.o        56
    zero_init3.o                  58
    -----------------------------------------------------------
    Total:                       580

shb_l.a: [5]
    exit.o                        20
    -----------------------------------------------------------
    Total:                        20

    Gaps                          18        4
    Linker created                         40    1 024
---------------------------------------------------------------
    Grand Total:              18 192      348   83 482      192


*******************************************************************************
*** ENTRY LIST
***

Entry                       Address     Size  Type      Object
-----                       -------     ----  ----      ------
.iar.init_table$$Base    0x800'459c            --   Gb  - Linker created -
.iar.init_table$$Limit   0x800'45c4            --   Gb  - Linker created -
?main                    0x800'45c5           Code  Gb  cmain.o [4]
BusFault_Handler         0x800'44b7      0x2  Code  Gb  stm32h7xx_it.o [1]
CRC_Handle_16            0x800'3ead     0x2e  Code  Lc  stm32h7xx_hal_crc.o [1]
CRC_Handle_8             0x800'3e45     0x68  Code  Lc  stm32h7xx_hal_crc.o [1]
CSTACK$$Base            0x2001'4220            --   Gb  - Linker created -
CSTACK$$Limit           0x2001'4620            --   Gb  - Linker created -
D1CorePrescTable         0x800'44a0     0x10  Data  Gb  system_stm32h7xx.o [1]
DMA1_Stream0_IRQHandler
                         0x800'44c5      0x6  Code  Gb  stm32h7xx_it.o [1]
DMA1_Stream1_IRQHandler
                         0x800'44cb      0x6  Code  Gb  stm32h7xx_it.o [1]
DMARxDscrTab            0x3004'0000     0x60  Data  Gb  eth.o [1]
DMATxDscrTab            0x3004'0060     0x60  Data  Gb  eth.o [1]
DMA_CalcBaseAndBitshift
                         0x800'376d     0x28  Code  Lc  stm32h7xx_hal_dma.o [1]
DMA_CalcBaseAndBitshift::flagBitshiftOffset
                         0x800'385c      0x8  Data  Lc  stm32h7xx_hal_dma.o [1]
DMA_CalcDMAMUXChannelBaseAndMask
                         0x800'3795     0x4a  Code  Lc  stm32h7xx_hal_dma.o [1]
DMA_CalcDMAMUXRequestGenBaseAndMask
                         0x800'37df     0x38  Code  Lc  stm32h7xx_hal_dma.o [1]
DebugMon_Handler         0x800'44bd      0x2  Code  Gb  stm32h7xx_it.o [1]
ETH_DMARxDescListInit    0x800'0b85     0x52  Code  Lc  stm32h7xx_hal_eth.o [1]
ETH_MACDMAConfig         0x800'0aad     0xd8  Code  Lc  stm32h7xx_hal_eth.o [1]
ETH_PHY_IO_DeInit        0x800'4117      0x4  Code  Gb  eth.o [1]
ETH_PHY_IO_GetTick       0x800'4141      0x4  Code  Gb  eth.o [1]
ETH_PHY_IO_Init          0x800'410b      0xc  Code  Gb  eth.o [1]
ETH_PHY_IO_ReadReg       0x800'411b     0x10  Code  Gb  eth.o [1]
ETH_PHY_IO_WriteReg      0x800'412b      0xe  Code  Gb  eth.o [1]
ETH_Prepare_Tx_Descriptors
                         0x800'0bd7    0x29e  Code  Lc  stm32h7xx_hal_eth.o [1]
ETH_SetDMAConfig         0x800'0a33     0x78  Code  Lc  stm32h7xx_hal_eth.o [1]
ETH_SetMACConfig         0x800'08c9    0x16a  Code  Lc  stm32h7xx_hal_eth.o [1]
Error_Handler            0x800'3d35      0x2  Code  Gb  main.o [1]
HAL_CRCEx_Polynomial_Set
                         0x800'4151     0x48  Code  Gb  stm32h7xx_hal_crc_ex.o [1]
HAL_CRC_Calculate        0x800'3de9     0x5c  Code  Gb  stm32h7xx_hal_crc.o [1]
HAL_CRC_Init             0x800'3d71     0x74  Code  Gb  stm32h7xx_hal_crc.o [1]
HAL_CRC_MspInit          0x800'0ec3     0x22  Code  Gb  stm32h7xx_hal_msp.o [1]
HAL_DMA_Abort            0x800'3327     0xdc  Code  Gb  stm32h7xx_hal_dma.o [1]
HAL_DMA_Abort_IT         0x800'3403     0x96  Code  Gb  stm32h7xx_hal_dma.o [1]
HAL_DMA_IRQHandler       0x800'3499    0x2c6  Code  Gb  stm32h7xx_hal_dma.o [1]
HAL_DMA_Init             0x800'3179    0x1a0  Code  Gb  stm32h7xx_hal_dma.o [1]
HAL_ETH_GetMACConfig     0x800'05d1    0x188  Code  Gb  stm32h7xx_hal_eth.o [1]
HAL_ETH_GetMACFilterConfig
                         0x800'083d     0x6e  Code  Gb  stm32h7xx_hal_eth.o [1]
HAL_ETH_Init             0x800'0299    0x19c  Code  Gb  stm32h7xx_hal_eth.o [1]
HAL_ETH_MspInit          0x800'0ee5     0xde  Code  Gb  stm32h7xx_hal_msp.o [1]
HAL_ETH_ReadPHYRegister
                         0x800'0521     0x56  Code  Gb  stm32h7xx_hal_eth.o [1]
HAL_ETH_SetMACConfig     0x800'0763     0x18  Code  Gb  stm32h7xx_hal_eth.o [1]
HAL_ETH_SetMACFilterConfig
                         0x800'07db     0x5c  Code  Gb  stm32h7xx_hal_eth.o [1]
HAL_ETH_SetMDIOClockRange
                         0x800'077b     0x54  Code  Gb  stm32h7xx_hal_eth.o [1]
HAL_ETH_Start_IT         0x800'0435     0xa6  Code  Gb  stm32h7xx_hal_eth.o [1]
HAL_ETH_Transmit_IT      0x800'04db     0x40  Code  Gb  stm32h7xx_hal_eth.o [1]
HAL_ETH_WritePHYRegister
                         0x800'0577     0x5a  Code  Gb  stm32h7xx_hal_eth.o [1]
HAL_GPIO_Init            0x800'17b5    0x1b2  Code  Gb  stm32h7xx_hal_gpio.o [1]
HAL_GPIO_WritePin        0x800'1977      0xa  Code  Gb  stm32h7xx_hal_gpio.o [1]
HAL_GetTick              0x800'1039      0xc  Code  Wk  stm32h7xx_hal.o [1]
HAL_IncTick              0x800'4509     0x10  Code  Wk  stm32h7xx_hal.o [1]
HAL_Init                 0x800'1001     0x1c  Code  Gb  stm32h7xx_hal.o [1]
HAL_InitTick             0x800'1a7d     0x40  Code  Wk  stm32h7xx_hal.o [1]
HAL_MspInit              0x800'0ea9     0x1a  Code  Gb  stm32h7xx_hal_msp.o [1]
HAL_NVIC_EnableIRQ       0x800'1a23     0x18  Code  Gb  stm32h7xx_hal_cortex.o [1]
HAL_NVIC_SetPriority     0x800'19e9     0x3a  Code  Gb  stm32h7xx_hal_cortex.o [1]
HAL_NVIC_SetPriorityGrouping
                         0x800'19cf     0x1a  Code  Gb  stm32h7xx_hal_cortex.o [1]
HAL_RCCEx_GetD1SysClockFreq
                         0x800'23c1     0x22  Code  Gb  stm32h7xx_hal_rcc_ex.o [1]
HAL_RCCEx_GetD3PCLK1Freq
                         0x800'221b      0xa  Code  Gb  stm32h7xx_hal_rcc_ex.o [1]
HAL_RCCEx_GetPLL2ClockFreq
                         0x800'2235     0x48  Code  Gb  stm32h7xx_hal_rcc_ex.o [1]
HAL_RCCEx_GetPLL3ClockFreq
                         0x800'227d     0x46  Code  Gb  stm32h7xx_hal_rcc_ex.o [1]
HAL_RCCEx_PeriphCLKConfig
                         0x800'1abd    0x73e  Code  Gb  stm32h7xx_hal_rcc_ex.o [1]
HAL_RCC_ClockConfig      0x800'1045    0x168  Code  Gb  stm32h7xx_hal_rcc.o [1]
HAL_RCC_GetHCLKFreq      0x800'12bb     0x1a  Code  Gb  stm32h7xx_hal_rcc.o [1]
HAL_RCC_GetPCLK1Freq     0x800'12d5     0x10  Code  Gb  stm32h7xx_hal_rcc.o [1]
HAL_RCC_GetPCLK2Freq     0x800'12e5      0xe  Code  Gb  stm32h7xx_hal_rcc.o [1]
HAL_RCC_GetSysClockFreq
                         0x800'11c1     0xfa  Code  Gb  stm32h7xx_hal_rcc.o [1]
HAL_RCC_OscConfig        0x800'132d    0x448  Code  Wk  stm32h7xx_hal_rcc.o [1]
HAL_SYSCFG_ETHInterfaceSelect
                         0x800'101d      0xa  Code  Gb  stm32h7xx_hal.o [1]
HAL_SYSTICK_Config       0x800'1a3b     0x28  Code  Gb  stm32h7xx_hal_cortex.o [1]
HAL_UARTEx_WakeupCallback
                         0x800'3869      0x2  Code  Wk  stm32h7xx_hal_uart_ex.o [1]
HAL_UART_Abort_IT        0x800'2799     0xac  Code  Gb  stm32h7xx_hal_uart.o [1]
HAL_UART_DMAStop         0x800'272b     0x50  Code  Gb  stm32h7xx_hal_uart.o [1]
HAL_UART_IRQHandler      0x800'2851    0x1bc  Code  Gb  stm32h7xx_hal_uart.o [1]
HAL_UART_IdleLnCallback
                         0x800'3ab7     0x70  Code  Gb  uart.o [1]
HAL_UART_IdleLnCallback::frameSize
                        0x2001'4218      0x2  Data  Lc  uart.o [1]
HAL_UART_Init            0x800'25c1     0x36  Code  Gb  stm32h7xx_hal_uart.o [1]
HAL_UART_MspInit         0x800'0fd9      0x2  Code  Gb  stm32h7xx_hal_msp.o [1]
HAL_UART_Receive_IT      0x800'2695     0x96  Code  Gb  stm32h7xx_hal_uart.o [1]
HAL_UART_RxCpltCallback
                         0x800'3ab5      0x2  Code  Gb  uart.o [1]
HAL_UART_Transmit_IT     0x800'2641     0x54  Code  Gb  stm32h7xx_hal_uart.o [1]
HAL_UART_TxCpltCallback
                         0x800'3a9b     0x1a  Code  Gb  uart.o [1]
HardFault_Handler        0x800'44b3      0x2  Code  Gb  stm32h7xx_it.o [1]
LAN8742                 0x2000'009c     0x20  Data  Gb  eth.o [1]
LAN8742_GetLinkState     0x800'4291     0x94  Code  Gb  lan8742.o [1]
LAN8742_IOCtx           0x2000'00bc     0x14  Data  Gb  eth.o [1]
LAN8742_Init             0x800'41cb     0xbc  Code  Gb  lan8742.o [1]
LAN8742_RegisterBusIO    0x800'4199     0x32  Code  Gb  lan8742.o [1]
MemManage_Handler        0x800'44b5      0x2  Code  Gb  stm32h7xx_it.o [1]
NMI_Handler              0x800'44b1      0x2  Code  Gb  stm32h7xx_it.o [1]
PendSV_Handler           0x800'44bf      0x2  Code  Gb  stm32h7xx_it.o [1]
RCCEx_PLL2_Config        0x800'23ed     0x9a  Code  Lc  stm32h7xx_hal_rcc_ex.o [1]
RCCEx_PLL3_Config        0x800'2487     0x9a  Code  Lc  stm32h7xx_hal_rcc_ex.o [1]
Region$$Table$$Base      0x800'459c            --   Gb  - Linker created -
Region$$Table$$Limit     0x800'45c4            --   Gb  - Linker created -
SVC_Handler              0x800'44bb      0x2  Code  Gb  stm32h7xx_it.o [1]
SysTick_Handler          0x800'44c1      0x4  Code  Gb  stm32h7xx_it.o [1]
SystemClock_Config       0x800'3c93     0x92  Code  Gb  main.o [1]
SystemCoreClock         0x2000'00dc      0x4  Data  Gb  system_stm32h7xx.o [1]
SystemD2Clock           0x2000'00e0      0x4  Data  Gb  system_stm32h7xx.o [1]
SystemInit               0x800'4439     0x54  Code  Gb  system_stm32h7xx.o [1]
TxConfig                0x2000'0068     0x34  Data  Gb  eth.o [1]
UARTPrescTable           0x800'3160     0x18  Data  Lc  stm32h7xx_hal_uart.o [1]
UART_AdvFeatureConfig    0x800'2ee1     0xc8  Code  Gb  stm32h7xx_hal_uart.o [1]
UART_CheckIdleState      0x800'2fa9     0x5c  Code  Gb  stm32h7xx_hal_uart.o [1]
UART_DMAAbortOnError     0x800'3081     0x10  Code  Lc  stm32h7xx_hal_uart.o [1]
UART_DMARxAbortCallback
                         0x800'30b1     0x1e  Code  Lc  stm32h7xx_hal_uart.o [1]
UART_DMATxAbortCallback
                         0x800'3091     0x1e  Code  Lc  stm32h7xx_hal_uart.o [1]
UART_EndRxTransfer       0x800'3063     0x1c  Code  Lc  stm32h7xx_hal_uart.o [1]
UART_Receive_IT          0x800'30f1     0x6e  Code  Lc  stm32h7xx_hal_uart.o [1]
UART_SetConfig           0x800'2a19    0x456  Code  Gb  stm32h7xx_hal_uart.o [1]
UART_WaitOnFlagUntilTimeout
                         0x800'3005     0x5e  Code  Gb  stm32h7xx_hal_uart.o [1]
USART2_IRQHandler        0x800'44d1     0x2a  Code  Gb  stm32h7xx_it.o [1]
UsageFault_Handler       0x800'44b9      0x2  Code  Gb  stm32h7xx_it.o [1]
__NVIC_SetPriority       0x800'19b5     0x1a  Code  Lc  stm32h7xx_hal_cortex.o [1]
__aeabi_ldiv0            0x800'4025           Code  Gb  I64DivZer.o [4]
__aeabi_memclr4          0x800'1775           Code  Gb  ABImemclr4.o [4]
__cmain                  0x800'45c5           Code  Gb  cmain.o [4]
__exit                   0x800'45f9     0x14  Code  Gb  exit.o [5]
__iar_Memset4_word       0x800'258d           Code  Gb  ABImemset48.o [4]
__iar_Memset8_word       0x800'258d           Code  Gb  ABImemset48.o [4]
__iar_data_init3         0x800'4551     0x28  Code  Gb  data_init.o [4]
__iar_init_vfp           0x800'4579           Code  Gb  fpinit_M.o [3]
__iar_packbits_init_single3
                         0x800'4519     0x38  Code  Gb  packbits_init_single.o [4]
__iar_program_start      0x800'461d           Code  Gb  cstartup_M.o [4]
__iar_small_Memcpy       0x800'3d5d           Code  Gb  ABImemcpy_small.o [4]
__iar_small_memcmp       0x800'3d39           Code  Gb  memcmp_small.o [4]
__iar_small_memcpy       0x800'3d59           Code  Gb  ABImemcpy_small.o [4]
__iar_small_memcpy4      0x800'3d59           Code  Gb  ABImemcpy_small.o [4]
__iar_small_memcpy8      0x800'3d59           Code  Gb  ABImemcpy_small.o [4]
__iar_small_uldivmod     0x800'3b59           Code  Gb  I64DivMod_small.o [4]
__iar_zero_init3         0x800'177b     0x3a  Code  Gb  zero_init3.o [4]
__low_level_init         0x800'45e3      0x4  Code  Gb  low_level_init.o [2]
__vector_table           0x800'0000           Data  Gb  startup_stm32h743xx.o [1]
_call_main               0x800'45d1           Code  Gb  cmain.o [4]
_exit                    0x800'45ed           Code  Gb  cexit.o [4]
_main                    0x800'45df           Code  Gb  cmain.o [4]
buffer                  0x2000'00f8  0x13948  Data  Lc  buffer.o [1]
bufferRxPointer         0x2000'00f0      0x4  Data  Lc  buffer.o [1]
bufferRxPointerCnt      0x2000'00e8      0x2  Data  Lc  buffer.o [1]
bufferTxPointer         0x2000'00ec      0x4  Data  Lc  buffer.o [1]
bufferTxPointerCnt      0x2000'00e6      0x2  Data  Lc  buffer.o [1]
buffer_getRxPointer      0x800'3fb9      0x6  Code  Gb  buffer.o [1]
buffer_incrRxPointer     0x800'3f89     0x1c  Code  Gb  buffer.o [1]
buffer_incrTxPointer     0x800'3f6d     0x1c  Code  Gb  buffer.o [1]
buffer_init              0x800'3edd     0x28  Code  Gb  buffer.o [1]
buffer_manager           0x800'3fcf     0x46  Code  Gb  buffer.o [1]
buffer_output            0x800'3f51     0x1c  Code  Gb  buffer.o [1]
buffer_setMessageDirection
                         0x800'3faf      0xa  Code  Gb  buffer.o [1]
buffer_setMessageSize    0x800'3fa5      0xa  Code  Gb  buffer.o [1]
buffer_setNextSlotRx     0x800'3f2b     0x26  Code  Gb  buffer.o [1]
buffer_setNextSlotTx     0x800'3f05     0x26  Code  Gb  buffer.o [1]
buffer_setRxIncrReq      0x800'3fbf      0x8  Code  Gb  buffer.o [1]
buffer_setTxIncrReq      0x800'3fc7      0x8  Code  Gb  buffer.o [1]
bus_uart_calcCRC         0x800'3a43      0xa  Code  Gb  uart.o [1]
bus_uart_frameCheck      0x800'39c5     0x28  Code  Gb  uart.o [1]
bus_uart_receive         0x800'3a67     0x24  Code  Gb  uart.o [1]
bus_uart_send            0x800'3a4d     0x1a  Code  Gb  uart.o [1]
bus_uart_setRs485        0x800'39b1     0x12  Code  Gb  uart.o [1]
eth_init                 0x800'4029     0xce  Code  Gb  eth.o [1]
eth_output               0x800'40f7     0x14  Code  Gb  eth.o [1]
exit                     0x800'45e7      0x4  Code  Gb  exit.o [2]
hcrc                    0x2001'41f4     0x24  Data  Gb  main.o [1]
hdma_usart2_rx          0x2001'4084     0x78  Data  Gb  uart.o [1]
hdma_usart2_tx          0x2001'40fc     0x78  Data  Gb  uart.o [1]
heth                    0x2000'0000     0x68  Data  Gb  eth.o [1]
huart2                  0x2001'4174     0x80  Data  Gb  uart.o [1]
main                     0x800'3c61     0x32  Code  Gb  main.o [1]
preAmbleSFD              0x800'3b50      0x8  Data  Lc  uart.o [1]
rxPointerIncrFlag       0x2000'00e4      0x1  Data  Lc  buffer.o [1]
topAddress              0x2000'00f4      0x4  Data  Lc  buffer.o [1]
txPointerIncrFlag       0x2000'00e5      0x1  Data  Lc  buffer.o [1]
uart_init                0x800'386d    0x144  Code  Gb  uart.o [1]
uart_output              0x800'39ed     0x56  Code  Gb  uart.o [1]
uart_output::crc32      0x2001'4080      0x4  Data  Lc  uart.o [1]
uart_output::txBuffer   0x2001'3a40    0x640  Data  Lc  uart.o [1]
uwTick                  0x2000'00d4      0x4  Data  Lc  stm32h7xx_hal.o [1]
uwTickFreq              0x2000'00d0      0x1  Data  Lc  stm32h7xx_hal.o [1]
uwTickPrio              0x2000'00d8      0x4  Data  Lc  stm32h7xx_hal.o [1]


[1] = C:\Users\nkorn\Documents\GitHub\Netscale_72_SW_Networkbridge\EWARM\Networkbridge\Obj
[2] = dl7M_tlf.a
[3] = m7M_tlv.a
[4] = rt7M_tl.a
[5] = shb_l.a

  18 192 bytes of readonly  code memory
     348 bytes of readonly  data memory
  83 482 bytes of readwrite data memory (+ 192 absolute)

Errors: none
Warnings: none
