###############################################################################
#
# IAR ELF Linker V8.32.1.169/W32 for ARM                  20/Aug/2019  15:54:45
# Copyright 2007-2018 IAR Systems AB.
#
#    Output file  =  
#        C:\Users\nkorn\Documents\GitHub\Netscale_72_SW_Networkbridge\EWARM\clk
#        setup\Exe\clk setup.out
#    Map file     =  
#        C:\Users\nkorn\Documents\GitHub\Netscale_72_SW_Networkbridge\EWARM\clk
#        setup\List\clk setup.map
#    Command line =  
#        -f C:\Users\nkorn\AppData\Local\Temp\EWF531.tmp
#        ("C:\Users\nkorn\Documents\GitHub\Netscale_72_SW_Networkbridge\EWARM\clk
#        setup\Obj\eth.o"
#        "C:\Users\nkorn\Documents\GitHub\Netscale_72_SW_Networkbridge\EWARM\clk
#        setup\Obj\lan8742.o"
#        "C:\Users\nkorn\Documents\GitHub\Netscale_72_SW_Networkbridge\EWARM\clk
#        setup\Obj\list.o"
#        "C:\Users\nkorn\Documents\GitHub\Netscale_72_SW_Networkbridge\EWARM\clk
#        setup\Obj\main.o"
#        "C:\Users\nkorn\Documents\GitHub\Netscale_72_SW_Networkbridge\EWARM\clk
#        setup\Obj\startup_stm32h743xx.o"
#        "C:\Users\nkorn\Documents\GitHub\Netscale_72_SW_Networkbridge\EWARM\clk
#        setup\Obj\stm32h7xx_hal.o"
#        "C:\Users\nkorn\Documents\GitHub\Netscale_72_SW_Networkbridge\EWARM\clk
#        setup\Obj\stm32h7xx_hal_cortex.o"
#        "C:\Users\nkorn\Documents\GitHub\Netscale_72_SW_Networkbridge\EWARM\clk
#        setup\Obj\stm32h7xx_hal_crc.o"
#        "C:\Users\nkorn\Documents\GitHub\Netscale_72_SW_Networkbridge\EWARM\clk
#        setup\Obj\stm32h7xx_hal_crc_ex.o"
#        "C:\Users\nkorn\Documents\GitHub\Netscale_72_SW_Networkbridge\EWARM\clk
#        setup\Obj\stm32h7xx_hal_dma.o"
#        "C:\Users\nkorn\Documents\GitHub\Netscale_72_SW_Networkbridge\EWARM\clk
#        setup\Obj\stm32h7xx_hal_dma_ex.o"
#        "C:\Users\nkorn\Documents\GitHub\Netscale_72_SW_Networkbridge\EWARM\clk
#        setup\Obj\stm32h7xx_hal_eth.o"
#        "C:\Users\nkorn\Documents\GitHub\Netscale_72_SW_Networkbridge\EWARM\clk
#        setup\Obj\stm32h7xx_hal_eth_ex.o"
#        "C:\Users\nkorn\Documents\GitHub\Netscale_72_SW_Networkbridge\EWARM\clk
#        setup\Obj\stm32h7xx_hal_flash.o"
#        "C:\Users\nkorn\Documents\GitHub\Netscale_72_SW_Networkbridge\EWARM\clk
#        setup\Obj\stm32h7xx_hal_flash_ex.o"
#        "C:\Users\nkorn\Documents\GitHub\Netscale_72_SW_Networkbridge\EWARM\clk
#        setup\Obj\stm32h7xx_hal_gpio.o"
#        "C:\Users\nkorn\Documents\GitHub\Netscale_72_SW_Networkbridge\EWARM\clk
#        setup\Obj\stm32h7xx_hal_hsem.o"
#        "C:\Users\nkorn\Documents\GitHub\Netscale_72_SW_Networkbridge\EWARM\clk
#        setup\Obj\stm32h7xx_hal_i2c.o"
#        "C:\Users\nkorn\Documents\GitHub\Netscale_72_SW_Networkbridge\EWARM\clk
#        setup\Obj\stm32h7xx_hal_i2c_ex.o"
#        "C:\Users\nkorn\Documents\GitHub\Netscale_72_SW_Networkbridge\EWARM\clk
#        setup\Obj\stm32h7xx_hal_mdma.o"
#        "C:\Users\nkorn\Documents\GitHub\Netscale_72_SW_Networkbridge\EWARM\clk
#        setup\Obj\stm32h7xx_hal_msp.o"
#        "C:\Users\nkorn\Documents\GitHub\Netscale_72_SW_Networkbridge\EWARM\clk
#        setup\Obj\stm32h7xx_hal_pwr.o"
#        "C:\Users\nkorn\Documents\GitHub\Netscale_72_SW_Networkbridge\EWARM\clk
#        setup\Obj\stm32h7xx_hal_pwr_ex.o"
#        "C:\Users\nkorn\Documents\GitHub\Netscale_72_SW_Networkbridge\EWARM\clk
#        setup\Obj\stm32h7xx_hal_rcc.o"
#        "C:\Users\nkorn\Documents\GitHub\Netscale_72_SW_Networkbridge\EWARM\clk
#        setup\Obj\stm32h7xx_hal_rcc_ex.o"
#        "C:\Users\nkorn\Documents\GitHub\Netscale_72_SW_Networkbridge\EWARM\clk
#        setup\Obj\stm32h7xx_hal_tim.o"
#        "C:\Users\nkorn\Documents\GitHub\Netscale_72_SW_Networkbridge\EWARM\clk
#        setup\Obj\stm32h7xx_hal_tim_ex.o"
#        "C:\Users\nkorn\Documents\GitHub\Netscale_72_SW_Networkbridge\EWARM\clk
#        setup\Obj\stm32h7xx_hal_uart.o"
#        "C:\Users\nkorn\Documents\GitHub\Netscale_72_SW_Networkbridge\EWARM\clk
#        setup\Obj\stm32h7xx_hal_uart_ex.o"
#        "C:\Users\nkorn\Documents\GitHub\Netscale_72_SW_Networkbridge\EWARM\clk
#        setup\Obj\stm32h7xx_it.o"
#        "C:\Users\nkorn\Documents\GitHub\Netscale_72_SW_Networkbridge\EWARM\clk
#        setup\Obj\system_stm32h7xx.o"
#        "C:\Users\nkorn\Documents\GitHub\Netscale_72_SW_Networkbridge\EWARM\clk
#        setup\Obj\uart.o" --redirect _Printf=_PrintfFull --redirect
#        _Scanf=_ScanfFull --no_out_extension -o
#        "C:\Users\nkorn\Documents\GitHub\Netscale_72_SW_Networkbridge\EWARM\clk
#        setup\Exe\clk setup.out" --map
#        "C:\Users\nkorn\Documents\GitHub\Netscale_72_SW_Networkbridge\EWARM\clk
#        setup\List\clk setup.map" --config
#        C:\Users\nkorn\Documents\GitHub\Netscale_72_SW_Networkbridge\EWARM/stm32h743xx_flash.icf
#        --semihosting --entry __iar_program_start --vfe --text_out locale)
#
###############################################################################

*******************************************************************************
*** RUNTIME MODEL ATTRIBUTES
***

CppFlavor       = *
__Heap_Handler  = DLMalloc
__SystemLibrary = DLib
__dlib_version  = 6


*******************************************************************************
*** HEAP SELECTION
***

The advanced heap was selected because the application calls memory
allocation functions outside of system library functions, and there
are calls to deallocation functions in the application.


*******************************************************************************
*** PLACEMENT SUMMARY
***

"A0":  place at 0x800'0000 { ro section .intvec };
"P1":  place in [from 0x800'0000 to 0x81f'ffff] { ro };
define block CSTACK with size = 125K, alignment = 8 { };
define block HEAP with size = 375K, alignment = 8 { };
"P2":  place in [from 0x2400'0000 to 0x2407'ffff] {
          rw, block CSTACK, block HEAP };
initialize by copy { rw };

  Section            Kind         Address     Size  Object
  -------            ----         -------     ----  ------
"A0":                                        0x298
  .intvec            ro code   0x800'0000    0x298  startup_stm32h743xx.o [1]
                             - 0x800'0298    0x298

"P1":                                       0x859a
  .text              ro code   0x800'0298   0x1936  stm32h7xx_hal_uart.o [1]
  .text              ro code   0x800'1bce     0x3a  zero_init3.o [4]
  .text              ro code   0x800'1c08   0x1380  stm32h7xx_hal_dma.o [1]
  .text              ro code   0x800'2f88      0x2  stm32h7xx_hal_uart.o [1]
  .text              ro code   0x800'2f8c    0x5cc  uart.o [1]
  .text              ro code   0x800'3558    0x112  stm32h7xx_hal_uart_ex.o [1]
  .text              ro code   0x800'366a      0x2  stm32h7xx_hal_uart_ex.o [1]
  .text              ro code   0x800'366c      0x2  stm32h7xx_hal_uart_ex.o [1]
  .text              ro code   0x800'3670    0xb40  stm32h7xx_hal_rcc_ex.o [1]
  .text              ro code   0x800'41b0    0x106  I64DivMod_small.o [4]
  .text              ro code   0x800'42b8    0x7f8  stm32h7xx_hal_rcc.o [1]
  .text              ro code   0x800'4ab0      0xc  stm32h7xx_hal.o [1]
  .text              ro code   0x800'4abc      0x2  stm32h7xx_hal_uart.o [1]
  .text              ro code   0x800'4abe      0x2  stm32h7xx_hal_uart.o [1]
  .text              ro code   0x800'4ac0    0x156  stm32h7xx_hal_crc.o [1]
  .text              ro code   0x800'4c18    0x19e  main.o [1]
  .text              ro code   0x800'4db8    0x2c2  stm32h7xx_hal_tim.o [1]
  .text              ro code   0x800'507c    0x148  stm32h7xx_hal_cortex.o [1]
  .text              ro code   0x800'51c4    0x21c  stm32h7xx_hal_gpio.o [1]
  .text              ro code   0x800'53e0     0x18  ABImemcpy_small.o [4]
  .text              ro code   0x800'53f8     0xa4  rand.o [2]
  .text              ro code   0x800'549c     0x1e  memcmp_small.o [4]
  .text              ro code   0x800'54bc    0x1ac  list.o [1]
  .text              ro code   0x800'5668      0x2  I64DivZer.o [4]
  .text              ro code   0x800'566c     0x44  stm32h7xx_hal.o [1]
  .text              ro code   0x800'56b0     0x80  stm32h7xx_hal.o [1]
  .text              ro code   0x800'5730     0x48  stm32h7xx_hal_msp.o [1]
  .text              ro code   0x800'5778     0x4c  stm32h7xx_hal_crc_ex.o [1]
  .text              ro code   0x800'57c4    0x398  eth.o [1]
  .text              ro code   0x800'5b5c      0x6  ABImemclr4.o [4]
  .text              ro code   0x800'5b64     0x4c  stm32h7xx_hal_pwr_ex.o [1]
  .text              ro code   0x800'5bb0      0x2  stm32h7xx_hal_tim.o [1]
  .text              ro code   0x800'5bb2      0x2  stm32h7xx_hal_tim.o [1]
  .text              ro code   0x800'5bb4      0x2  stm32h7xx_hal_tim_ex.o [1]
  .text              ro code   0x800'5bb6      0x2  stm32h7xx_hal_tim_ex.o [1]
  .text              ro code   0x800'5bb8      0x2  stm32h7xx_hal_tim.o [1]
  .text              ro code   0x800'5bba      0x2  stm32h7xx_hal_tim_ex.o [1]
  .text              ro code   0x800'5bbc      0x2  stm32h7xx_hal_tim.o [1]
  .text              ro code   0x800'5bc0   0x14e0  dlmalloc.o [2]
  .text              ro code   0x800'70a0      0x4  heaptramp0.o [2]
  .text              ro code   0x800'70a4    0xffc  stm32h7xx_hal_eth.o [1]
  .text              ro code   0x800'80a0    0x196  lan8742.o [1]
  .text              ro code   0x800'8238     0x32  ABImemset48.o [4]
  .text              ro code   0x800'826a      0x6  abort.o [2]
  .text              ro code   0x800'8270     0x2c  xgetmemchunk.o [2]
  .text              ro code   0x800'829c     0x14  exit.o [5]
  .rodata            const     0x800'82b0    0x108  main.o [1]
  .text              ro code   0x800'83b8     0x90  stm32h7xx_it.o [1]
  .text              ro code   0x800'8448     0x10  stm32h7xx_hal.o [1]
  .text              ro code   0x800'8458     0x8c  system_stm32h7xx.o [1]
  .text              ro code   0x800'84e4     0x38  packbits_init_single.o [4]
  .text              ro code   0x800'851c     0x28  data_init.o [4]
  .text              ro code   0x800'8544     0x22  fpinit_M.o [3]
  .iar.init_table    const     0x800'8568     0x40  - Linker created -
  .text              ro code   0x800'85a8     0x1e  cmain.o [4]
  .text              ro code   0x800'85c6      0x4  low_level_init.o [2]
  .text              ro code   0x800'85ca      0x4  exit.o [2]
  .text              ro code   0x800'85d0      0xa  cexit.o [4]
  .text              ro code   0x800'85dc     0x10  startup_stm32h743xx.o [1]
  .text              ro code   0x800'85ec      0xc  cstartup_M.o [4]
  .text              ro code   0x800'85f8      0x4  startup_stm32h743xx.o [1]
  .text              ro code   0x800'85fc      0x4  startup_stm32h743xx.o [1]
  .text              ro code   0x800'8600      0x4  startup_stm32h743xx.o [1]
  .text              ro code   0x800'8604      0x4  startup_stm32h743xx.o [1]
  .text              ro code   0x800'8608      0x4  startup_stm32h743xx.o [1]
  .text              ro code   0x800'860c      0x4  startup_stm32h743xx.o [1]
  .text              ro code   0x800'8610      0x4  startup_stm32h743xx.o [1]
  .text              ro code   0x800'8614      0x4  startup_stm32h743xx.o [1]
  .text              ro code   0x800'8618      0x4  startup_stm32h743xx.o [1]
  .text              ro code   0x800'861c      0x4  startup_stm32h743xx.o [1]
  .text              ro code   0x800'8620      0x4  startup_stm32h743xx.o [1]
  .text              ro code   0x800'8624      0x4  startup_stm32h743xx.o [1]
  .text              ro code   0x800'8628      0x4  startup_stm32h743xx.o [1]
  .text              ro code   0x800'862c      0x4  startup_stm32h743xx.o [1]
  .text              ro code   0x800'8630      0x4  startup_stm32h743xx.o [1]
  .text              ro code   0x800'8634      0x4  startup_stm32h743xx.o [1]
  .text              ro code   0x800'8638      0x4  startup_stm32h743xx.o [1]
  .text              ro code   0x800'863c      0x4  startup_stm32h743xx.o [1]
  .text              ro code   0x800'8640      0x4  startup_stm32h743xx.o [1]
  .text              ro code   0x800'8644      0x4  startup_stm32h743xx.o [1]
  .text              ro code   0x800'8648      0x4  startup_stm32h743xx.o [1]
  .text              ro code   0x800'864c      0x4  startup_stm32h743xx.o [1]
  .text              ro code   0x800'8650      0x4  startup_stm32h743xx.o [1]
  .text              ro code   0x800'8654      0x4  startup_stm32h743xx.o [1]
  .text              ro code   0x800'8658      0x4  startup_stm32h743xx.o [1]
  .text              ro code   0x800'865c      0x4  startup_stm32h743xx.o [1]
  .text              ro code   0x800'8660      0x4  startup_stm32h743xx.o [1]
  .text              ro code   0x800'8664      0x4  startup_stm32h743xx.o [1]
  .text              ro code   0x800'8668      0x4  startup_stm32h743xx.o [1]
  .text              ro code   0x800'866c      0x4  startup_stm32h743xx.o [1]
  .text              ro code   0x800'8670      0x4  startup_stm32h743xx.o [1]
  .text              ro code   0x800'8674      0x4  startup_stm32h743xx.o [1]
  .text              ro code   0x800'8678      0x4  startup_stm32h743xx.o [1]
  .text              ro code   0x800'867c      0x4  startup_stm32h743xx.o [1]
  .text              ro code   0x800'8680      0x4  startup_stm32h743xx.o [1]
  .text              ro code   0x800'8684      0x4  startup_stm32h743xx.o [1]
  .text              ro code   0x800'8688      0x4  startup_stm32h743xx.o [1]
  .text              ro code   0x800'868c      0x4  startup_stm32h743xx.o [1]
  .text              ro code   0x800'8690      0x4  startup_stm32h743xx.o [1]
  .text              ro code   0x800'8694      0x4  startup_stm32h743xx.o [1]
  .text              ro code   0x800'8698      0x4  startup_stm32h743xx.o [1]
  .text              ro code   0x800'869c      0x4  startup_stm32h743xx.o [1]
  .text              ro code   0x800'86a0      0x4  startup_stm32h743xx.o [1]
  .text              ro code   0x800'86a4      0x4  startup_stm32h743xx.o [1]
  .text              ro code   0x800'86a8      0x4  startup_stm32h743xx.o [1]
  .text              ro code   0x800'86ac      0x4  startup_stm32h743xx.o [1]
  .text              ro code   0x800'86b0      0x4  startup_stm32h743xx.o [1]
  .text              ro code   0x800'86b4      0x4  startup_stm32h743xx.o [1]
  .text              ro code   0x800'86b8      0x4  startup_stm32h743xx.o [1]
  .text              ro code   0x800'86bc      0x4  startup_stm32h743xx.o [1]
  .text              ro code   0x800'86c0      0x4  startup_stm32h743xx.o [1]
  .text              ro code   0x800'86c4      0x4  startup_stm32h743xx.o [1]
  .text              ro code   0x800'86c8      0x4  startup_stm32h743xx.o [1]
  .text              ro code   0x800'86cc      0x4  startup_stm32h743xx.o [1]
  .text              ro code   0x800'86d0      0x4  startup_stm32h743xx.o [1]
  .text              ro code   0x800'86d4      0x4  startup_stm32h743xx.o [1]
  .text              ro code   0x800'86d8      0x4  startup_stm32h743xx.o [1]
  .text              ro code   0x800'86dc      0x4  startup_stm32h743xx.o [1]
  .text              ro code   0x800'86e0      0x4  startup_stm32h743xx.o [1]
  .text              ro code   0x800'86e4      0x4  startup_stm32h743xx.o [1]
  .text              ro code   0x800'86e8      0x4  startup_stm32h743xx.o [1]
  .text              ro code   0x800'86ec      0x4  startup_stm32h743xx.o [1]
  .text              ro code   0x800'86f0      0x4  startup_stm32h743xx.o [1]
  .text              ro code   0x800'86f4      0x4  startup_stm32h743xx.o [1]
  .text              ro code   0x800'86f8      0x4  startup_stm32h743xx.o [1]
  .text              ro code   0x800'86fc      0x4  startup_stm32h743xx.o [1]
  .text              ro code   0x800'8700      0x4  startup_stm32h743xx.o [1]
  .text              ro code   0x800'8704      0x4  startup_stm32h743xx.o [1]
  .text              ro code   0x800'8708      0x4  startup_stm32h743xx.o [1]
  .text              ro code   0x800'870c      0x4  startup_stm32h743xx.o [1]
  .text              ro code   0x800'8710      0x4  startup_stm32h743xx.o [1]
  .text              ro code   0x800'8714      0x4  startup_stm32h743xx.o [1]
  .text              ro code   0x800'8718      0x4  startup_stm32h743xx.o [1]
  .text              ro code   0x800'871c      0x4  startup_stm32h743xx.o [1]
  .text              ro code   0x800'8720      0x4  startup_stm32h743xx.o [1]
  .text              ro code   0x800'8724      0x4  startup_stm32h743xx.o [1]
  .text              ro code   0x800'8728      0x4  startup_stm32h743xx.o [1]
  .text              ro code   0x800'872c      0x4  startup_stm32h743xx.o [1]
  .text              ro code   0x800'8730      0x4  startup_stm32h743xx.o [1]
  .text              ro code   0x800'8734      0x4  startup_stm32h743xx.o [1]
  .text              ro code   0x800'8738      0x4  startup_stm32h743xx.o [1]
  .text              ro code   0x800'873c      0x4  startup_stm32h743xx.o [1]
  .text              ro code   0x800'8740      0x4  startup_stm32h743xx.o [1]
  .text              ro code   0x800'8744      0x4  startup_stm32h743xx.o [1]
  .text              ro code   0x800'8748      0x4  startup_stm32h743xx.o [1]
  .text              ro code   0x800'874c      0x4  startup_stm32h743xx.o [1]
  .text              ro code   0x800'8750      0x4  startup_stm32h743xx.o [1]
  .text              ro code   0x800'8754      0x4  startup_stm32h743xx.o [1]
  .text              ro code   0x800'8758      0x4  startup_stm32h743xx.o [1]
  .text              ro code   0x800'875c      0x4  startup_stm32h743xx.o [1]
  .text              ro code   0x800'8760      0x4  startup_stm32h743xx.o [1]
  .text              ro code   0x800'8764      0x4  startup_stm32h743xx.o [1]
  .text              ro code   0x800'8768      0x4  startup_stm32h743xx.o [1]
  .text              ro code   0x800'876c      0x4  startup_stm32h743xx.o [1]
  .text              ro code   0x800'8770      0x4  startup_stm32h743xx.o [1]
  .text              ro code   0x800'8774      0x4  startup_stm32h743xx.o [1]
  .text              ro code   0x800'8778      0x4  startup_stm32h743xx.o [1]
  .text              ro code   0x800'877c      0x4  startup_stm32h743xx.o [1]
  .text              ro code   0x800'8780      0x4  startup_stm32h743xx.o [1]
  .text              ro code   0x800'8784      0x4  startup_stm32h743xx.o [1]
  .text              ro code   0x800'8788      0x4  startup_stm32h743xx.o [1]
  .text              ro code   0x800'878c      0x4  startup_stm32h743xx.o [1]
  .text              ro code   0x800'8790      0x4  startup_stm32h743xx.o [1]
  .text              ro code   0x800'8794      0x4  startup_stm32h743xx.o [1]
  .text              ro code   0x800'8798      0x4  startup_stm32h743xx.o [1]
  .text              ro code   0x800'879c      0x4  startup_stm32h743xx.o [1]
  .text              ro code   0x800'87a0      0x4  startup_stm32h743xx.o [1]
  .text              ro code   0x800'87a4      0x4  startup_stm32h743xx.o [1]
  .text              ro code   0x800'87a8      0x4  startup_stm32h743xx.o [1]
  .text              ro code   0x800'87ac      0x4  startup_stm32h743xx.o [1]
  .text              ro code   0x800'87b0      0x4  startup_stm32h743xx.o [1]
  .text              ro code   0x800'87b4      0x4  startup_stm32h743xx.o [1]
  .text              ro code   0x800'87b8      0x4  startup_stm32h743xx.o [1]
  .text              ro code   0x800'87bc      0x4  startup_stm32h743xx.o [1]
  .text              ro code   0x800'87c0      0x4  startup_stm32h743xx.o [1]
  .text              ro code   0x800'87c4      0x4  startup_stm32h743xx.o [1]
  .text              ro code   0x800'87c8      0x4  startup_stm32h743xx.o [1]
  .text              ro code   0x800'87cc      0x4  startup_stm32h743xx.o [1]
  .text              ro code   0x800'87d0      0x4  startup_stm32h743xx.o [1]
  .text              ro code   0x800'87d4      0x4  startup_stm32h743xx.o [1]
  .text              ro code   0x800'87d8      0x4  startup_stm32h743xx.o [1]
  .text              ro code   0x800'87dc      0x4  startup_stm32h743xx.o [1]
  .text              ro code   0x800'87e0      0x4  startup_stm32h743xx.o [1]
  .text              ro code   0x800'87e4      0x4  startup_stm32h743xx.o [1]
  .text              ro code   0x800'87e8      0x4  startup_stm32h743xx.o [1]
  .text              ro code   0x800'87ec      0x4  startup_stm32h743xx.o [1]
  .text              ro code   0x800'87f0      0x4  startup_stm32h743xx.o [1]
  .text              ro code   0x800'87f4      0x4  startup_stm32h743xx.o [1]
  .text              ro code   0x800'87f8      0x4  startup_stm32h743xx.o [1]
  .text              ro code   0x800'87fc      0x4  startup_stm32h743xx.o [1]
  .text              ro code   0x800'8800      0x4  startup_stm32h743xx.o [1]
  .rodata            const     0x800'8804      0x0  zero_init3.o [4]
  .rodata            const     0x800'8804      0x0  packbits_init_single.o [4]
  Initializer bytes  const     0x800'8804     0x2e  <for P2-1>
                             - 0x800'8832   0x859a

"P2", part 1 of 3:                            0x9c
  P2-1                        0x2400'0000     0x9c  <Init block>
    .data            inited   0x2400'0000     0x80  eth.o [1]
    .data            inited   0x2400'0080      0xc  stm32h7xx_hal.o [1]
    .data            inited   0x2400'008c      0x8  system_stm32h7xx.o [1]
    .data            inited   0x2400'0094      0x8  rand.o [2]
                            - 0x2400'009c     0x9c

"P2", part 2 of 3:                          0x1250
  .bss               zero     0x2400'009c    0x698  uart.o [1]
  .bss               zero     0x2400'0734    0x640  uart.o [1]
  .bss               zero     0x2400'0d74    0x1d8  dlmalloc.o [2]
  .bss               zero     0x2400'0f4c     0xf0  uart.o [1]
  .bss               zero     0x2400'103c     0x8c  uart.o [1]
  .bss               zero     0x2400'10c8     0x84  rand.o [2]
  .bss               zero     0x2400'114c     0x68  eth.o [1]
  .bss               zero     0x2400'11b4     0x64  list.o [1]
  .bss               zero     0x2400'1218     0x64  uart.o [1]
  .bss               zero     0x2400'127c     0x40  uart.o [1]
  .bss               zero     0x2400'12bc     0x18  dlmalloc.o [2]
  .bss               zero     0x2400'12d4      0xc  eth.o [1]
  .bss               zero     0x2400'12e0      0x4  list.o [1]
  .bss               zero     0x2400'12e4      0x4  list.o [1]
  .bss               zero     0x2400'12e8      0x4  xgetmemchunk.o [2]
                            - 0x2400'12ec   0x1250

"P2", part 3 of 3:                         0x7d000
  CSTACK                      0x2400'12f0  0x1f400  <Block>
    CSTACK           uninit   0x2400'12f0  0x1f400  <Block tail>
  HEAP                        0x2402'06f0  0x5dc00  <Block>
    HEAP             uninit   0x2402'06f0  0x5dc00  <Block tail>
                            - 0x2407'e2f0  0x7d000

Absolute sections, part 1 of 4:               0x30
  .bss               zero     0x3004'0000     0x30  eth.o [1]
                            - 0x3004'0030     0x30

Absolute sections, part 2 of 4:               0x60
  .bss               zero     0x3004'0060     0x60  eth.o [1]
                            - 0x3004'00c0     0x60

Absolute sections, part 3 of 4:              0xbf0
  .bss               zero     0x3004'0200    0xbf0  eth.o [1]
                            - 0x3004'0df0    0xbf0

Absolute sections, part 4 of 4:             0x17e0
  .bss               zero     0x3004'4000   0x17e0  eth.o [1]
                            - 0x3004'57e0   0x17e0

Unused ranges:

         From           To       Size
         ----           --       ----
   0x800'8832   0x81f'ffff  0x1f'77ce
  0x2400'12ec  0x2400'12ef        0x4
  0x2407'e2f0  0x2407'ffff     0x1d10


*******************************************************************************
*** INIT TABLE
***

          Address      Size
          -------      ----
Zero (__iar_zero_init3)
    5 destination ranges, total size 0x36b0:
          0x2400'009c  0x1250
          0x3004'0000    0x30
          0x3004'0060    0x60
          0x3004'0200   0xbf0
          0x3004'4000  0x17e0

Copy/packbits (__iar_packbits_init_single3)
    1 source range, total size 0x2e (29% of destination):
           0x800'8804    0x2e
    1 destination range, total size 0x9c:
          0x2400'0000    0x9c



*******************************************************************************
*** MODULE SUMMARY
***

    Module                   ro code  ro data  rw data  rw data
                                                         (abs)
    ------                   -------  -------  -------  -------
command line/config:
    -----------------------------------------------------------
    Total:

C:\Users\nkorn\Documents\GitHub\Netscale_72_SW_Networkbridge\EWARM\clk setup\Obj: [1]
    eth.o                        920       37      244    9 312
    lan8742.o                    406
    list.o                       428               108
    main.o                       414      264
    startup_stm32h743xx.o      1 204
    stm32h7xx_hal.o              224        4       12
    stm32h7xx_hal_cortex.o       328
    stm32h7xx_hal_crc.o          342
    stm32h7xx_hal_crc_ex.o        76
    stm32h7xx_hal_dma.o        4 992
    stm32h7xx_hal_eth.o        4 092
    stm32h7xx_hal_gpio.o         540
    stm32h7xx_hal_msp.o           72
    stm32h7xx_hal_pwr_ex.o        76
    stm32h7xx_hal_rcc.o        2 040
    stm32h7xx_hal_rcc_ex.o     2 880
    stm32h7xx_hal_tim.o          714
    stm32h7xx_hal_tim_ex.o         6
    stm32h7xx_hal_uart.o       6 460
    stm32h7xx_hal_uart_ex.o      278
    stm32h7xx_it.o               144
    system_stm32h7xx.o           140        2        8
    uart.o                     1 484             3 832
    -----------------------------------------------------------
    Total:                    28 260      307    4 204    9 312

dl7M_tlf.a: [2]
    abort.o                        6
    dlmalloc.o                 5 344               496
    exit.o                         4
    heaptramp0.o                   4
    low_level_init.o               4
    rand.o                       164        3      140
    xgetmemchunk.o                44                 4
    -----------------------------------------------------------
    Total:                     5 570        3      640

m7M_tlv.a: [3]
    fpinit_M.o                    34
    -----------------------------------------------------------
    Total:                        34

rt7M_tl.a: [4]
    ABImemclr4.o                   6
    ABImemcpy_small.o             24
    ABImemset48.o                 50
    I64DivMod_small.o            262
    I64DivZer.o                    2
    cexit.o                       10
    cmain.o                       30
    cstartup_M.o                  12
    data_init.o                   40
    memcmp_small.o                30
    packbits_init_single.o        56
    zero_init3.o                  58
    -----------------------------------------------------------
    Total:                       580

shb_l.a: [5]
    exit.o                        20
    -----------------------------------------------------------
    Total:                        20

    Gaps                          26        2
    Linker created                         64  512 000
---------------------------------------------------------------
    Grand Total:              34 490      376  516 844    9 312


*******************************************************************************
*** ENTRY LIST
***

Entry                       Address    Size  Type      Object
-----                       -------    ----  ----      ------
.iar.init_table$$Base    0x800'8568           --   Gb  - Linker created -
.iar.init_table$$Limit   0x800'85a8           --   Gb  - Linker created -
?main                    0x800'85a9          Code  Gb  cmain.o [4]
BTimeoutTimHandle       0x2400'00a8    0x40  Data  Gb  uart.o [1]
BusFault_Handler         0x800'83bf     0x2  Code  Gb  stm32h7xx_it.o [1]
BusTimHandle            0x2400'123c    0x40  Data  Gb  uart.o [1]
CRC_Handle_16            0x800'4be9    0x2e  Code  Lc  stm32h7xx_hal_crc.o [1]
CRC_Handle_8             0x800'4b81    0x68  Code  Lc  stm32h7xx_hal_crc.o [1]
CSTACK$$Base            0x2400'12f0           --   Gb  - Linker created -
CSTACK$$Limit           0x2402'06f0           --   Gb  - Linker created -
D1CorePrescTable         0x800'84d4    0x10  Data  Gb  system_stm32h7xx.o [1]
DMA1_Stream0_IRQHandler
                         0x800'83cd     0x6  Code  Gb  stm32h7xx_it.o [1]
DMA1_Stream1_IRQHandler
                         0x800'83d3     0x6  Code  Gb  stm32h7xx_it.o [1]
DMARxDscrTab            0x3004'0000    0x30  Data  Gb  eth.o [1]
DMATxDscrTab            0x3004'0060    0x60  Data  Gb  eth.o [1]
DMA_CalcBaseAndBitshift
                         0x800'2d83    0x92  Code  Lc  stm32h7xx_hal_dma.o [1]
DMA_CalcBaseAndBitshift{1}{2}::flagBitshiftOffset
                         0x800'2f80     0x8  Data  Lc  stm32h7xx_hal_dma.o [1]
DMA_CalcDMAMUXChannelBaseAndMask
                         0x800'2e25    0x80  Code  Lc  stm32h7xx_hal_dma.o [1]
DMA_CalcDMAMUXRequestGenBaseAndMask
                         0x800'2ec1    0x60  Code  Lc  stm32h7xx_hal_dma.o [1]
DMA_SetConfig            0x800'2c99    0xea  Code  Lc  stm32h7xx_hal_dma.o [1]
DebugMon_Handler         0x800'83c5     0x2  Code  Gb  stm32h7xx_it.o [1]
ETH_IRQHandler           0x800'840b     0x6  Code  Gb  stm32h7xx_it.o [1]
ETH_MACDMAConfig         0x800'7c47    0xd8  Code  Lc  stm32h7xx_hal_eth.o [1]
ETH_PHY_IO_DeInit        0x800'5abf     0x4  Code  Gb  eth.o [1]
ETH_PHY_IO_GetTick       0x800'5ae9     0x4  Code  Gb  eth.o [1]
ETH_PHY_IO_Init          0x800'5ab3     0xc  Code  Gb  eth.o [1]
ETH_PHY_IO_ReadReg       0x800'5ac3    0x10  Code  Gb  eth.o [1]
ETH_PHY_IO_WriteReg      0x800'5ad3     0xe  Code  Gb  eth.o [1]
ETH_Prepare_Tx_Descriptors
                         0x800'7d1f   0x346  Code  Lc  stm32h7xx_hal_eth.o [1]
ETH_SetDMAConfig         0x800'7bcf    0x78  Code  Lc  stm32h7xx_hal_eth.o [1]
ETH_SetMACConfig         0x800'7a65   0x16a  Code  Lc  stm32h7xx_hal_eth.o [1]
Error_Handler            0x800'4db5     0x2  Code  Gb  main.o [1]
HAL_CRCEx_Polynomial_Set
                         0x800'5779    0x4c  Code  Gb  stm32h7xx_hal_crc_ex.o [1]
HAL_CRC_Calculate        0x800'4b39    0x48  Code  Gb  stm32h7xx_hal_crc.o [1]
HAL_CRC_Init             0x800'4ac1    0x74  Code  Gb  stm32h7xx_hal_crc.o [1]
HAL_CRC_MspInit          0x800'574b    0x22  Code  Gb  stm32h7xx_hal_msp.o [1]
HAL_DMA_Abort            0x800'20d5   0x1e0  Code  Gb  stm32h7xx_hal_dma.o [1]
HAL_DMA_Abort_IT         0x800'2321   0x1c0  Code  Gb  stm32h7xx_hal_dma.o [1]
HAL_DMA_GetError         0x800'2c95     0x4  Code  Gb  stm32h7xx_hal_dma.o [1]
HAL_DMA_IRQHandler       0x800'2529   0x736  Code  Gb  stm32h7xx_hal_dma.o [1]
HAL_DMA_Init             0x800'1c09   0x2a0  Code  Gb  stm32h7xx_hal_dma.o [1]
HAL_DMA_Start_IT         0x800'1ee1   0x1e2  Code  Gb  stm32h7xx_hal_dma.o [1]
HAL_ETH_BuildRxDescriptors
                         0x800'7521    0x7c  Code  Gb  stm32h7xx_hal_eth.o [1]
HAL_ETH_DMAErrorCallback
                         0x800'5b53     0x2  Code  Gb  eth.o [1]
HAL_ETH_DescAssignMemory
                         0x800'728b    0x3c  Code  Gb  stm32h7xx_hal_eth.o [1]
HAL_ETH_EEECallback      0x800'5b59     0x2  Code  Gb  eth.o [1]
HAL_ETH_GetMACConfig     0x800'775b   0x192  Code  Gb  stm32h7xx_hal_eth.o [1]
HAL_ETH_GetMACFilterConfig
                         0x800'79d1    0x76  Code  Gb  stm32h7xx_hal_eth.o [1]
HAL_ETH_GetRxDataBuffer
                         0x800'7483    0x9e  Code  Gb  stm32h7xx_hal_eth.o [1]
HAL_ETH_IRQHandler       0x800'759d   0x10a  Code  Gb  stm32h7xx_hal_eth.o [1]
HAL_ETH_Init             0x800'70a5   0x1e6  Code  Gb  stm32h7xx_hal_eth.o [1]
HAL_ETH_IsRxDataAvailable
                         0x800'73b1    0xd2  Code  Gb  stm32h7xx_hal_eth.o [1]
HAL_ETH_MACErrorCallback
                         0x800'5b55     0x2  Code  Gb  eth.o [1]
HAL_ETH_MspInit          0x800'593d    0xda  Code  Gb  eth.o [1]
HAL_ETH_PMTCallback      0x800'5b57     0x2  Code  Gb  eth.o [1]
HAL_ETH_ReadPHYRegister
                         0x800'76a7    0x5a  Code  Gb  stm32h7xx_hal_eth.o [1]
HAL_ETH_RxCpltCallback   0x800'5aed    0x2e  Code  Gb  eth.o [1]
HAL_ETH_RxCpltCallback::RxBuff
                        0x2400'12d4     0xc  Data  Lc  eth.o [1]
HAL_ETH_SetMACConfig     0x800'78f7    0x16  Code  Gb  stm32h7xx_hal_eth.o [1]
HAL_ETH_SetMACFilterConfig
                         0x800'796d    0x5c  Code  Gb  stm32h7xx_hal_eth.o [1]
HAL_ETH_SetMDIOClockRange
                         0x800'790d    0x54  Code  Gb  stm32h7xx_hal_eth.o [1]
HAL_ETH_Start_IT         0x800'72c7    0x94  Code  Gb  stm32h7xx_hal_eth.o [1]
HAL_ETH_Transmit_IT      0x800'7373    0x3e  Code  Gb  stm32h7xx_hal_eth.o [1]
HAL_ETH_TxCpltCallback   0x800'5b51     0x2  Code  Gb  eth.o [1]
HAL_ETH_WakeUpCallback   0x800'5b5b     0x2  Code  Gb  eth.o [1]
HAL_ETH_WritePHYRegister
                         0x800'7701    0x5a  Code  Gb  stm32h7xx_hal_eth.o [1]
HAL_GPIO_Init            0x800'51c5   0x1d0  Code  Gb  stm32h7xx_hal_gpio.o [1]
HAL_GPIO_TogglePin       0x800'539d     0xe  Code  Gb  stm32h7xx_hal_gpio.o [1]
HAL_GPIO_WritePin        0x800'5395     0x8  Code  Gb  stm32h7xx_hal_gpio.o [1]
HAL_GetREVID             0x800'56fb     0x8  Code  Gb  stm32h7xx_hal.o [1]
HAL_GetTick              0x800'4ab1     0xc  Code  Wk  stm32h7xx_hal.o [1]
HAL_IncTick              0x800'8449    0x10  Code  Wk  stm32h7xx_hal.o [1]
HAL_Init                 0x800'56b1    0x4a  Code  Gb  stm32h7xx_hal.o [1]
HAL_InitTick             0x800'566d    0x44  Code  Wk  stm32h7xx_hal.o [1]
HAL_MPU_ConfigRegion     0x800'5159    0x4c  Code  Gb  stm32h7xx_hal_cortex.o [1]
HAL_MPU_Disable          0x800'512b    0x14  Code  Gb  stm32h7xx_hal_cortex.o [1]
HAL_MPU_Enable           0x800'513f    0x1a  Code  Gb  stm32h7xx_hal_cortex.o [1]
HAL_MspInit              0x800'5731    0x1a  Code  Gb  stm32h7xx_hal_msp.o [1]
HAL_NVIC_EnableIRQ       0x800'50eb    0x18  Code  Gb  stm32h7xx_hal_cortex.o [1]
HAL_NVIC_SetPriority     0x800'50b1    0x3a  Code  Gb  stm32h7xx_hal_cortex.o [1]
HAL_NVIC_SetPriorityGrouping
                         0x800'5097    0x1a  Code  Gb  stm32h7xx_hal_cortex.o [1]
HAL_PWREx_ConfigSupply   0x800'5b65    0x46  Code  Gb  stm32h7xx_hal_pwr_ex.o [1]
HAL_RCCEx_GetD1SysClockFreq
                         0x800'3f9d    0x26  Code  Gb  stm32h7xx_hal_rcc_ex.o [1]
HAL_RCCEx_GetD3PCLK1Freq
                         0x800'3db1     0xa  Code  Gb  stm32h7xx_hal_rcc_ex.o [1]
HAL_RCCEx_GetPLL2ClockFreq
                         0x800'3dd1    0x58  Code  Gb  stm32h7xx_hal_rcc_ex.o [1]
HAL_RCCEx_GetPLL3ClockFreq
                         0x800'3e29    0x58  Code  Gb  stm32h7xx_hal_rcc_ex.o [1]
HAL_RCCEx_PeriphCLKConfig
                         0x800'3671   0x712  Code  Gb  stm32h7xx_hal_rcc_ex.o [1]
HAL_RCC_ClockConfig      0x800'42b9   0x192  Code  Gb  stm32h7xx_hal_rcc.o [1]
HAL_RCC_GetHCLKFreq      0x800'45a3    0x1e  Code  Gb  stm32h7xx_hal_rcc.o [1]
HAL_RCC_GetPCLK1Freq     0x800'45c1    0x10  Code  Gb  stm32h7xx_hal_rcc.o [1]
HAL_RCC_GetPCLK2Freq     0x800'45d1     0xe  Code  Gb  stm32h7xx_hal_rcc.o [1]
HAL_RCC_GetSysClockFreq
                         0x800'44a5    0xf0  Code  Gb  stm32h7xx_hal_rcc.o [1]
HAL_RCC_OscConfig        0x800'4629   0x488  Code  Wk  stm32h7xx_hal_rcc.o [1]
HAL_SYSCFG_ETHInterfaceSelect
                         0x800'5703     0xa  Code  Gb  stm32h7xx_hal.o [1]
HAL_SYSTICK_Config       0x800'5103    0x28  Code  Gb  stm32h7xx_hal_cortex.o [1]
HAL_TIMEx_Break2Callback
                         0x800'5bb7     0x2  Code  Wk  stm32h7xx_hal_tim_ex.o [1]
HAL_TIMEx_BreakCallback
                         0x800'5bb5     0x2  Code  Wk  stm32h7xx_hal_tim_ex.o [1]
HAL_TIMEx_CommutCallback
                         0x800'5bbb     0x2  Code  Wk  stm32h7xx_hal_tim_ex.o [1]
HAL_TIM_Base_Init        0x800'4db9    0x1a  Code  Gb  stm32h7xx_hal_tim.o [1]
HAL_TIM_Base_Start_IT    0x800'4dd3    0x28  Code  Gb  stm32h7xx_hal_tim.o [1]
HAL_TIM_Base_Stop_IT     0x800'4dfb    0x2a  Code  Gb  stm32h7xx_hal_tim.o [1]
HAL_TIM_IRQHandler       0x800'4e4d   0x15c  Code  Gb  stm32h7xx_hal_tim.o [1]
HAL_TIM_PeriodElapsedCallback
                         0x800'4d5b    0x3a  Code  Gb  main.o [1]
HAL_UARTEx_DisableFifoMode
                         0x800'3559    0x3a  Code  Gb  stm32h7xx_hal_uart_ex.o [1]
HAL_UARTEx_RxFifoFullCallback
                         0x800'366d     0x2  Code  Wk  stm32h7xx_hal_uart_ex.o [1]
HAL_UARTEx_SetRxFifoThreshold
                         0x800'35a9    0x14  Code  Gb  stm32h7xx_hal_uart_ex.o [1]
HAL_UARTEx_SetTxFifoThreshold
                         0x800'3593    0x16  Code  Gb  stm32h7xx_hal_uart_ex.o [1]
HAL_UARTEx_TxFifoEmptyCallback
                         0x800'366b     0x2  Code  Wk  stm32h7xx_hal_uart_ex.o [1]
HAL_UARTEx_WakeupCallback
                         0x800'3669     0x2  Code  Wk  stm32h7xx_hal_uart_ex.o [1]
HAL_UART_Abort_IT        0x800'04b9    0xcc  Code  Gb  stm32h7xx_hal_uart.o [1]
HAL_UART_DMAStop         0x800'043d    0x74  Code  Gb  stm32h7xx_hal_uart.o [1]
HAL_UART_ErrorCallback   0x800'3343    0x3a  Code  Gb  uart.o [1]
HAL_UART_IRQHandler      0x800'0599   0x18c  Code  Gb  stm32h7xx_hal_uart.o [1]
HAL_UART_IdleLnCallback
                         0x800'337d    0xf6  Code  Gb  uart.o [1]
HAL_UART_IdleLnCallback::bytesLeft
                        0x2400'00a4     0x2  Data  Lc  uart.o [1]
HAL_UART_IdleLnCallback::frameSize
                        0x2400'00a6     0x2  Data  Lc  uart.o [1]
HAL_UART_IdleLnCallback::preAmblePointer
                        0x2400'00f0     0x4  Data  Lc  uart.o [1]
HAL_UART_Init            0x800'0299    0x36  Code  Gb  stm32h7xx_hal_uart.o [1]
HAL_UART_Receive_DMA     0x800'039f    0x92  Code  Gb  stm32h7xx_hal_uart.o [1]
HAL_UART_RxCpltCallback
                         0x800'3341     0x2  Code  Gb  uart.o [1]
HAL_UART_Transmit_DMA    0x800'0319    0x86  Code  Gb  stm32h7xx_hal_uart.o [1]
HAL_UART_TxCpltCallback
                         0x800'3339     0x8  Code  Gb  uart.o [1]
HEAP$$Base              0x2402'06f0           --   Gb  - Linker created -
HEAP$$Limit             0x2407'e2f0           --   Gb  - Linker created -
HardFault_Handler        0x800'83bb     0x2  Code  Gb  stm32h7xx_it.o [1]
LAN8742                 0x2400'004c    0x20  Data  Gb  eth.o [1]
LAN8742_GetLinkState     0x800'8199    0x94  Code  Gb  lan8742.o [1]
LAN8742_IOCtx           0x2400'006c    0x14  Data  Gb  eth.o [1]
LAN8742_Init             0x800'80d3    0xbc  Code  Gb  lan8742.o [1]
LAN8742_RegisterBusIO    0x800'80a1    0x32  Code  Gb  lan8742.o [1]
LedMallocTimHandle      0x2400'11b4    0x40  Data  Gb  list.o [1]
LedTimHandle            0x2400'127c    0x40  Data  Gb  uart.o [1]
MemManage_Handler        0x800'83bd     0x2  Code  Gb  stm32h7xx_it.o [1]
NMI_Handler              0x800'83b9     0x2  Code  Gb  stm32h7xx_it.o [1]
PendSV_Handler           0x800'83c7     0x2  Code  Gb  stm32h7xx_it.o [1]
RCCEx_PLL2_Config        0x800'3fdd    0xb2  Code  Lc  stm32h7xx_hal_rcc_ex.o [1]
RCCEx_PLL3_Config        0x800'408f    0xb2  Code  Lc  stm32h7xx_hal_rcc_ex.o [1]
Region$$Table$$Base      0x800'8568           --   Gb  - Linker created -
Region$$Table$$Limit     0x800'85a8           --   Gb  - Linker created -
Rx_Buff                 0x3004'0200   0xbf0  Data  Gb  eth.o [1]
SCB_CleanInvalidateDCache_by_Addr
                         0x800'57c5    0x1e  Code  Lc  eth.o [1]
SCB_CleanInvalidateDCache_by_Addr
                         0x800'2f8d    0x1e  Code  Lc  uart.o [1]
SVC_Handler              0x800'83c3     0x2  Code  Gb  stm32h7xx_it.o [1]
SysTick_Handler          0x800'83c9     0x4  Code  Gb  stm32h7xx_it.o [1]
SystemClock_Config       0x800'4c99    0xc2  Code  Gb  main.o [1]
SystemCoreClock         0x2400'008c     0x4  Data  Gb  system_stm32h7xx.o [1]
SystemD2Clock           0x2400'0090     0x4  Data  Gb  system_stm32h7xx.o [1]
SystemInit               0x800'8459    0x62  Code  Gb  system_stm32h7xx.o [1]
TIM2_IRQHandler          0x800'8411     0x6  Code  Gb  stm32h7xx_it.o [1]
TIM3_IRQHandler          0x800'8417     0x6  Code  Gb  stm32h7xx_it.o [1]
TIM4_IRQHandler          0x800'841d     0x6  Code  Gb  stm32h7xx_it.o [1]
TIM5_IRQHandler          0x800'8423     0x6  Code  Gb  stm32h7xx_it.o [1]
TIM_Base_SetConfig       0x800'4faf    0xaa  Code  Gb  stm32h7xx_hal_tim.o [1]
TxConfig                0x2400'0008    0x34  Data  Gb  eth.o [1]
Tx_Buff                 0x3004'4000  0x17e0  Data  Gb  eth.o [1]
UARTEx_SetNbDataToProcess
                         0x800'3601    0x56  Code  Lc  stm32h7xx_hal_uart_ex.o [1]
UART_AdvFeatureConfig    0x800'184f    0xc8  Code  Gb  stm32h7xx_hal_uart.o [1]
UART_CheckIdleState      0x800'1917    0x5c  Code  Gb  stm32h7xx_hal_uart.o [1]
UART_DMAAbortOnError     0x800'1aed    0x10  Code  Lc  stm32h7xx_hal_uart.o [1]
UART_DMAError            0x800'1a9f    0x4e  Code  Lc  stm32h7xx_hal_uart.o [1]
UART_DMAReceiveCplt      0x800'1a5f    0x3a  Code  Lc  stm32h7xx_hal_uart.o [1]
UART_DMARxAbortCallback
                         0x800'1b3f    0x3a  Code  Lc  stm32h7xx_hal_uart.o [1]
UART_DMARxHalfCplt       0x800'1a99     0x6  Code  Lc  stm32h7xx_hal_uart.o [1]
UART_DMATransmitCplt     0x800'1a2d    0x2c  Code  Lc  stm32h7xx_hal_uart.o [1]
UART_DMATxAbortCallback
                         0x800'1afd    0x42  Code  Lc  stm32h7xx_hal_uart.o [1]
UART_DMATxHalfCplt       0x800'1a59     0x6  Code  Lc  stm32h7xx_hal_uart.o [1]
UART_EndRxTransfer       0x800'19ef    0x14  Code  Lc  stm32h7xx_hal_uart.o [1]
UART_EndTxTransfer       0x800'19d3    0x1c  Code  Lc  stm32h7xx_hal_uart.o [1]
UART_SetConfig           0x800'074d  0x10a4  Code  Gb  stm32h7xx_hal_uart.o [1]
UART_WaitOnFlagUntilTimeout
                         0x800'1973    0x60  Code  Gb  stm32h7xx_hal_uart.o [1]
USART2_IRQHandler        0x800'83d9    0x32  Code  Gb  stm32h7xx_it.o [1]
UsageFault_Handler       0x800'83c1     0x2  Code  Gb  stm32h7xx_it.o [1]
_Rand_idx               0x2400'1148     0x4  Data  Lc  rand.o [2]
_Rand_rv                0x2400'10c8    0x80  Data  Lc  rand.o [2]
_Randinit               0x2400'0094     0x1  Data  Gb  rand.o [2]
_Randseed               0x2400'0098     0x4  Data  Gb  rand.o [2]
__NVIC_SetPriority       0x800'507d    0x1a  Code  Lc  stm32h7xx_hal_cortex.o [1]
__aeabi_ldiv0            0x800'5669          Code  Gb  I64DivZer.o [4]
__aeabi_memclr4          0x800'5b5d          Code  Gb  ABImemclr4.o [4]
__cmain                  0x800'85a9          Code  Gb  cmain.o [4]
__data_GetMemChunk       0x800'8271    0x2c  Code  Gb  xgetmemchunk.o [2]
__data_GetMemChunk::start
                        0x2400'12e8     0x4  Data  Lc  xgetmemchunk.o [2]
__exit                   0x800'829d    0x14  Code  Gb  exit.o [5]
__iar_Memset4_word       0x800'8239          Code  Gb  ABImemset48.o [4]
__iar_Memset8_word       0x800'8239          Code  Gb  ABImemset48.o [4]
__iar_data_init3         0x800'851d    0x28  Code  Gb  data_init.o [4]
__iar_dlfree             0x800'6b9f   0x4f6  Code  Gb  dlmalloc.o [2]
__iar_dlmalloc           0x800'68e9   0x2b6  Code  Gb  dlmalloc.o [2]
__iar_init_vfp           0x800'8545          Code  Gb  fpinit_M.o [3]
__iar_packbits_init_single3
                         0x800'84e5    0x38  Code  Gb  packbits_init_single.o [4]
__iar_program_start      0x800'85ed          Code  Gb  cstartup_M.o [4]
__iar_small_Memcpy       0x800'53e5          Code  Gb  ABImemcpy_small.o [4]
__iar_small_memcmp       0x800'549d          Code  Gb  memcmp_small.o [4]
__iar_small_memcpy       0x800'53e1          Code  Gb  ABImemcpy_small.o [4]
__iar_small_memcpy4      0x800'53e1          Code  Gb  ABImemcpy_small.o [4]
__iar_small_memcpy8      0x800'53e1          Code  Gb  ABImemcpy_small.o [4]
__iar_small_uldivmod     0x800'41b1          Code  Gb  I64DivMod_small.o [4]
__iar_zero_init3         0x800'1bcf    0x3a  Code  Gb  zero_init3.o [4]
__low_level_init         0x800'85c7     0x4  Code  Gb  low_level_init.o [2]
__vector_table           0x800'0000          Data  Gb  startup_stm32h743xx.o [1]
_call_main               0x800'85b5          Code  Gb  cmain.o [4]
_exit                    0x800'85d1          Code  Gb  cexit.o [4]
_gm_                    0x2400'0d74   0x1d8  Data  Lc  dlmalloc.o [2]
_main                    0x800'85c3          Code  Gb  cmain.o [4]
abort                    0x800'826b     0x6  Code  Gb  abort.o [2]
add_segment              0x800'5f89   0x1f2  Code  Lc  dlmalloc.o [2]
bytesIN                 0x2400'1204     0x4  Data  Lc  list.o [1]
bytesOUT                0x2400'120c     0x4  Data  Lc  list.o [1]
colCounter              0x2400'00e8     0x4  Data  Lc  uart.o [1]
dataPacketsIN           0x2400'1200     0x4  Data  Lc  list.o [1]
dataPacketsOUT          0x2400'1208     0x4  Data  Lc  list.o [1]
eth_init                 0x800'57e3   0x14e  Code  Gb  eth.o [1]
eth_output               0x800'5a17    0x9c  Code  Gb  eth.o [1]
eth_output::Txbuffer    0x2400'003c     0xc  Data  Lc  eth.o [1]
eth_output::eth_tx_err_counter
                        0x2400'0048     0x4  Data  Lc  eth.o [1]
exit                     0x800'85cb     0x4  Code  Gb  exit.o [2]
free                     0x800'70a1     0x4  Code  Gb  heaptramp0.o [2]
hcrc                    0x2400'1218    0x24  Data  Gb  uart.o [1]
hdma_usart2_rx          0x2400'0f4c    0x78  Data  Gb  uart.o [1]
hdma_usart2_tx          0x2400'0fc4    0x78  Data  Gb  uart.o [1]
head                    0x2400'11f4     0x4  Data  Lc  list.o [1]
heth                    0x2400'114c    0x68  Data  Gb  eth.o [1]
huart2                  0x2400'103c    0x8c  Data  Gb  uart.o [1]
init_mparams             0x800'5bdb    0x32  Code  Lc  dlmalloc.o [2]
init_top                 0x800'5c0d    0x36  Code  Lc  dlmalloc.o [2]
listLength              0x2400'1214     0x4  Data  Lc  list.o [1]
listLengthPeak          0x2400'1210     0x4  Data  Lc  list.o [1]
list_init                0x800'54bd    0xae  Code  Gb  list.o [1]
list_insertData          0x800'55bf    0x82  Code  Gb  list.o [1]
list_insertData::tailNode
                        0x2400'12e4     0x4  Data  Gb  list.o [1]
list_insertData::tmp    0x2400'12e0     0x4  Data  Gb  list.o [1]
list_ledTimerCallback    0x800'5641     0x8  Code  Gb  list.o [1]
list_manager             0x800'556b    0x54  Code  Gb  list.o [1]
macaddress              0x2400'0000     0x8  Data  Lc  eth.o [1]
main                     0x800'4c19    0x76  Code  Gb  main.o [1]
mallocFailCounter       0x2400'11fc     0x4  Data  Lc  list.o [1]
mparams                 0x2400'12bc    0x18  Data  Lc  dlmalloc.o [2]
oldhead                 0x2400'11f8     0x4  Data  Lc  list.o [1]
preAmbleSFD              0x800'3550     0x8  Data  Lc  uart.o [1]
prepend_alloc            0x800'5c43   0x346  Code  Lc  dlmalloc.o [2]
rand                     0x800'53f9    0x94  Code  Gb  rand.o [2]
rxBuffer                0x2400'00f4   0x640  Data  Lc  uart.o [1]
segment_holding          0x800'5bc1    0x1a  Code  Lc  dlmalloc.o [2]
sys_alloc                0x800'6181   0x164  Code  Lc  dlmalloc.o [2]
sys_trim                 0x800'62e5    0x64  Code  Lc  dlmalloc.o [2]
tmalloc_large            0x800'6355   0x386  Code  Lc  dlmalloc.o [2]
tmalloc_small            0x800'66db   0x200  Code  Lc  dlmalloc.o [2]
txBuffer                0x2400'0734   0x640  Data  Lc  uart.o [1]
uartBusAccessFlag       0x2400'009c     0x1  Data  Lc  uart.o [1]
uartBusActiveFlag       0x2400'009d     0x1  Data  Lc  uart.o [1]
uart_bytetimeoutTimerCallback
                         0x800'34a7     0xc  Code  Gb  uart.o [1]
uart_calcCRC             0x800'32e5     0xa  Code  Lc  uart.o [1]
uart_customCallback      0x800'354d     0x2  Code  Gb  uart.o [1]
uart_init                0x800'2fab   0x25c  Code  Gb  uart.o [1]
uart_ledTimerCallback    0x800'348f    0x18  Code  Gb  uart.o [1]
uart_output              0x800'3207    0xde  Code  Gb  uart.o [1]
uart_output::crc32      0x2400'00a0     0x4  Data  Lc  uart.o [1]
uart_receive             0x800'32ef    0x42  Code  Lc  uart.o [1]
uart_send::goFlag       0x2400'009e     0x1  Data  Lc  uart.o [1]
uart_send::uart_tx_err_counter
                        0x2400'00ec     0x4  Data  Lc  uart.o [1]
uart_setUartAccessFlag   0x800'3485     0x4  Code  Gb  uart.o [1]
uart_startBytetimeout    0x800'34b3    0x12  Code  Gb  uart.o [1]
uwTick                  0x2400'0084     0x4  Data  Lc  stm32h7xx_hal.o [1]
uwTickFreq              0x2400'0080     0x1  Data  Lc  stm32h7xx_hal.o [1]
uwTickPrio              0x2400'0088     0x4  Data  Lc  stm32h7xx_hal.o [1]


[1] = C:\Users\nkorn\Documents\GitHub\Netscale_72_SW_Networkbridge\EWARM\clk setup\Obj
[2] = dl7M_tlf.a
[3] = m7M_tlv.a
[4] = rt7M_tl.a
[5] = shb_l.a

   34 490 bytes of readonly  code memory
      376 bytes of readonly  data memory
  516 844 bytes of readwrite data memory (+ 9 312 absolute)

Errors: none
Warnings: none
