###############################################################################
#
# IAR ELF Linker V8.50.1.245/W32 for ARM                  20/Apr/2020  06:15:37
# Copyright 2007-2020 IAR Systems AB.
#
#    Output file  =
#        D:\GitHub\Netscale_72_SW_Networkbridge\EWARM\clk setup\Exe\clk
#        setup.out
#    Map file     =
#        D:\GitHub\Netscale_72_SW_Networkbridge\EWARM\clk setup\List\clk
#        setup.map
#    Command line =
#        -f C:\Users\nkorn\AppData\Local\Temp\EW5A34.tmp
#        ("D:\GitHub\Netscale_72_SW_Networkbridge\EWARM\clk setup\Obj\eth.o"
#        "D:\GitHub\Netscale_72_SW_Networkbridge\EWARM\clk setup\Obj\lan8742.o"
#        "D:\GitHub\Netscale_72_SW_Networkbridge\EWARM\clk setup\Obj\led.o"
#        "D:\GitHub\Netscale_72_SW_Networkbridge\EWARM\clk setup\Obj\list.o"
#        "D:\GitHub\Netscale_72_SW_Networkbridge\EWARM\clk setup\Obj\main.o"
#        "D:\GitHub\Netscale_72_SW_Networkbridge\EWARM\clk
#        setup\Obj\startup_stm32h743xx.o"
#        "D:\GitHub\Netscale_72_SW_Networkbridge\EWARM\clk
#        setup\Obj\stm32h7xx_hal.o"
#        "D:\GitHub\Netscale_72_SW_Networkbridge\EWARM\clk
#        setup\Obj\stm32h7xx_hal_cortex.o"
#        "D:\GitHub\Netscale_72_SW_Networkbridge\EWARM\clk
#        setup\Obj\stm32h7xx_hal_crc.o"
#        "D:\GitHub\Netscale_72_SW_Networkbridge\EWARM\clk
#        setup\Obj\stm32h7xx_hal_crc_ex.o"
#        "D:\GitHub\Netscale_72_SW_Networkbridge\EWARM\clk
#        setup\Obj\stm32h7xx_hal_dma.o"
#        "D:\GitHub\Netscale_72_SW_Networkbridge\EWARM\clk
#        setup\Obj\stm32h7xx_hal_dma_ex.o"
#        "D:\GitHub\Netscale_72_SW_Networkbridge\EWARM\clk
#        setup\Obj\stm32h7xx_hal_eth.o"
#        "D:\GitHub\Netscale_72_SW_Networkbridge\EWARM\clk
#        setup\Obj\stm32h7xx_hal_eth_ex.o"
#        "D:\GitHub\Netscale_72_SW_Networkbridge\EWARM\clk
#        setup\Obj\stm32h7xx_hal_flash.o"
#        "D:\GitHub\Netscale_72_SW_Networkbridge\EWARM\clk
#        setup\Obj\stm32h7xx_hal_flash_ex.o"
#        "D:\GitHub\Netscale_72_SW_Networkbridge\EWARM\clk
#        setup\Obj\stm32h7xx_hal_gpio.o"
#        "D:\GitHub\Netscale_72_SW_Networkbridge\EWARM\clk
#        setup\Obj\stm32h7xx_hal_hsem.o"
#        "D:\GitHub\Netscale_72_SW_Networkbridge\EWARM\clk
#        setup\Obj\stm32h7xx_hal_i2c.o"
#        "D:\GitHub\Netscale_72_SW_Networkbridge\EWARM\clk
#        setup\Obj\stm32h7xx_hal_i2c_ex.o"
#        "D:\GitHub\Netscale_72_SW_Networkbridge\EWARM\clk
#        setup\Obj\stm32h7xx_hal_mdma.o"
#        "D:\GitHub\Netscale_72_SW_Networkbridge\EWARM\clk
#        setup\Obj\stm32h7xx_hal_msp.o"
#        "D:\GitHub\Netscale_72_SW_Networkbridge\EWARM\clk
#        setup\Obj\stm32h7xx_hal_pwr.o"
#        "D:\GitHub\Netscale_72_SW_Networkbridge\EWARM\clk
#        setup\Obj\stm32h7xx_hal_pwr_ex.o"
#        "D:\GitHub\Netscale_72_SW_Networkbridge\EWARM\clk
#        setup\Obj\stm32h7xx_hal_rcc.o"
#        "D:\GitHub\Netscale_72_SW_Networkbridge\EWARM\clk
#        setup\Obj\stm32h7xx_hal_rcc_ex.o"
#        "D:\GitHub\Netscale_72_SW_Networkbridge\EWARM\clk
#        setup\Obj\stm32h7xx_hal_rng.o"
#        "D:\GitHub\Netscale_72_SW_Networkbridge\EWARM\clk
#        setup\Obj\stm32h7xx_hal_tim.o"
#        "D:\GitHub\Netscale_72_SW_Networkbridge\EWARM\clk
#        setup\Obj\stm32h7xx_hal_tim_ex.o"
#        "D:\GitHub\Netscale_72_SW_Networkbridge\EWARM\clk
#        setup\Obj\stm32h7xx_hal_uart.o"
#        "D:\GitHub\Netscale_72_SW_Networkbridge\EWARM\clk
#        setup\Obj\stm32h7xx_hal_uart_ex.o"
#        "D:\GitHub\Netscale_72_SW_Networkbridge\EWARM\clk
#        setup\Obj\stm32h7xx_it.o"
#        "D:\GitHub\Netscale_72_SW_Networkbridge\EWARM\clk
#        setup\Obj\system_stm32h7xx.o"
#        "D:\GitHub\Netscale_72_SW_Networkbridge\EWARM\clk setup\Obj\uart.o"
#        --redirect _Printf=_PrintfFull --redirect _Scanf=_ScanfFull
#        --no_out_extension -o
#        "D:\GitHub\Netscale_72_SW_Networkbridge\EWARM\clk setup\Exe\clk
#        setup.out" --map "D:\GitHub\Netscale_72_SW_Networkbridge\EWARM\clk
#        setup\List\clk setup.map" --config
#        D:\GitHub\Netscale_72_SW_Networkbridge\EWARM/stm32h743xx_flash.icf
#        --semihosting --entry __iar_program_start --vfe --text_out locale)
#
###############################################################################

*******************************************************************************
*** RUNTIME MODEL ATTRIBUTES
***

CppFlavor       = *
__Heap_Handler  = DLMalloc
__SystemLibrary = DLib
__dlib_version  = 6


*******************************************************************************
*** HEAP SELECTION
***

The advanced heap was selected because the application calls memory
allocation functions outside of system library functions, and there
are calls to deallocation functions in the application.


*******************************************************************************
*** PLACEMENT SUMMARY
***

"A0":  place at address 0x800'0000 { ro section .intvec };
"P1":  place in [from 0x800'0000 to 0x81f'ffff] { ro };
define block CSTACK with size = 125K, alignment = 8 { };
define block HEAP with size = 375K, alignment = 8 { };
"P2":  place in [from 0x2400'0000 to 0x2407'ffff] {
          rw, block CSTACK, block HEAP };
initialize by copy { rw };

  Section            Kind         Address      Size  Object
  -------            ----         -------      ----  ------
"A0":                                         0x298
  .intvec            ro code   0x800'0000     0x298  startup_stm32h743xx.o [1]
                             - 0x800'0298     0x298

"P1":                                        0x839a
  .text              ro code   0x800'0298    0x18ee  stm32h7xx_hal_uart.o [1]
  .text              ro code   0x800'1b86      0x3a  zero_init3.o [4]
  .text              ro code   0x800'1bc0    0x139c  stm32h7xx_hal_dma.o [1]
  .text              ro code   0x800'2f5c     0x5bc  uart.o [1]
  .text              ro code   0x800'3518     0x112  stm32h7xx_hal_uart_ex.o [1]
  .text              ro code   0x800'362a       0x2  stm32h7xx_hal_uart_ex.o [1]
  .text              ro code   0x800'362c       0x2  stm32h7xx_hal_uart_ex.o [1]
  .text              ro code   0x800'3630     0xb3c  stm32h7xx_hal_rcc_ex.o [1]
  .text              ro code   0x800'416c     0x106  I64DivMod_small.o [4]
  .text              ro code   0x800'4274     0x7bc  stm32h7xx_hal_rcc.o [1]
  .text              ro code   0x800'4a30       0xc  stm32h7xx_hal.o [1]
  .text              ro code   0x800'4a3c       0x2  stm32h7xx_hal_uart.o [1]
  .text              ro code   0x800'4a3e       0x2  stm32h7xx_hal_uart.o [1]
  .text              ro code   0x800'4a40     0x156  stm32h7xx_hal_crc.o [1]
  .text              ro code   0x800'4b98     0x15a  main.o [1]
  .text              ro code   0x800'4cf2      0x9e  stm32h7xx_hal_rng.o [1]
  .text              ro code   0x800'4d90     0x2c2  stm32h7xx_hal_tim.o [1]
  .text              ro code   0x800'5054     0x148  stm32h7xx_hal_cortex.o [1]
  .text              ro code   0x800'519c     0x224  stm32h7xx_hal_gpio.o [1]
  .text              ro code   0x800'53c0      0x18  ABImemcpy_small.o [4]
  .text              ro code   0x800'53d8      0x1e  memcmp_small.o [4]
  .text              ro code   0x800'53f8     0x11c  list.o [1]
  .text              ro code   0x800'5514       0x2  I64DivZer.o [4]
  .text              ro code   0x800'5518      0x44  stm32h7xx_hal.o [1]
  .text              ro code   0x800'555c      0x80  stm32h7xx_hal.o [1]
  .text              ro code   0x800'55dc      0x20  stm32h7xx_hal_msp.o [1]
  .text              ro code   0x800'55fc      0x4c  stm32h7xx_hal_crc_ex.o [1]
  .text              ro code   0x800'5648      0x9c  led.o [1]
  .text              ro code   0x800'56e4     0x380  eth.o [1]
  .text              ro code   0x800'5a64       0x6  ABImemclr4.o [4]
  .text              ro code   0x800'5a6c      0x4c  stm32h7xx_hal_pwr_ex.o [1]
  .text              ro code   0x800'5ab8       0x2  stm32h7xx_hal_tim.o [1]
  .text              ro code   0x800'5aba       0x2  stm32h7xx_hal_tim.o [1]
  .text              ro code   0x800'5abc      0xcc  stm32h7xx_it.o [1]
  .text              ro code   0x800'5b88       0x2  stm32h7xx_hal_tim_ex.o [1]
  .text              ro code   0x800'5b8a       0x2  stm32h7xx_hal_tim_ex.o [1]
  .text              ro code   0x800'5b8c       0x2  stm32h7xx_hal_tim.o [1]
  .text              ro code   0x800'5b8e       0x2  stm32h7xx_hal_tim_ex.o [1]
  .text              ro code   0x800'5b90       0x2  stm32h7xx_hal_tim.o [1]
  .text              ro code   0x800'5b94    0x149c  dlmalloc.o [2]
  .text              ro code   0x800'7030       0x4  heaptramp0.o [2]
  .text              ro code   0x800'7034     0xfe8  stm32h7xx_hal_eth.o [1]
  .text              ro code   0x800'801c     0x196  lan8742.o [1]
  .text              ro code   0x800'81b4      0x32  ABImemset48.o [4]
  .text              ro code   0x800'81e8      0x10  stm32h7xx_hal.o [1]
  .text              ro code   0x800'81f8       0x6  abort.o [2]
  .text              ro code   0x800'8200      0x2c  xgetmemchunk.o [2]
  .text              ro code   0x800'822c      0x14  exit.o [5]
  .text              ro code   0x800'8240      0x8c  system_stm32h7xx.o [1]
  .text              ro code   0x800'82cc      0x38  packbits_init_single.o [4]
  .text              ro code   0x800'8304      0x28  data_init.o [4]
  .text              ro code   0x800'832c      0x22  fpinit_M.o [3]
  .iar.init_table    const     0x800'8350      0x40  - Linker created -
  .text              ro code   0x800'8390      0x1e  cmain.o [4]
  .text              ro code   0x800'83ae       0x4  low_level_init.o [2]
  .text              ro code   0x800'83b2       0x4  exit.o [2]
  .text              ro code   0x800'83b8       0xa  cexit.o [4]
  .text              ro code   0x800'83c4      0x10  startup_stm32h743xx.o [1]
  .text              ro code   0x800'83d4       0xc  cstartup_M.o [4]
  .text              ro code   0x800'83e0       0x4  startup_stm32h743xx.o [1]
  .text              ro code   0x800'83e4       0x4  startup_stm32h743xx.o [1]
  .text              ro code   0x800'83e8       0x4  startup_stm32h743xx.o [1]
  .text              ro code   0x800'83ec       0x4  startup_stm32h743xx.o [1]
  .text              ro code   0x800'83f0       0x4  startup_stm32h743xx.o [1]
  .text              ro code   0x800'83f4       0x4  startup_stm32h743xx.o [1]
  .text              ro code   0x800'83f8       0x4  startup_stm32h743xx.o [1]
  .text              ro code   0x800'83fc       0x4  startup_stm32h743xx.o [1]
  .text              ro code   0x800'8400       0x4  startup_stm32h743xx.o [1]
  .text              ro code   0x800'8404       0x4  startup_stm32h743xx.o [1]
  .text              ro code   0x800'8408       0x4  startup_stm32h743xx.o [1]
  .text              ro code   0x800'840c       0x4  startup_stm32h743xx.o [1]
  .text              ro code   0x800'8410       0x4  startup_stm32h743xx.o [1]
  .text              ro code   0x800'8414       0x4  startup_stm32h743xx.o [1]
  .text              ro code   0x800'8418       0x4  startup_stm32h743xx.o [1]
  .text              ro code   0x800'841c       0x4  startup_stm32h743xx.o [1]
  .text              ro code   0x800'8420       0x4  startup_stm32h743xx.o [1]
  .text              ro code   0x800'8424       0x4  startup_stm32h743xx.o [1]
  .text              ro code   0x800'8428       0x4  startup_stm32h743xx.o [1]
  .text              ro code   0x800'842c       0x4  startup_stm32h743xx.o [1]
  .text              ro code   0x800'8430       0x4  startup_stm32h743xx.o [1]
  .text              ro code   0x800'8434       0x4  startup_stm32h743xx.o [1]
  .text              ro code   0x800'8438       0x4  startup_stm32h743xx.o [1]
  .text              ro code   0x800'843c       0x4  startup_stm32h743xx.o [1]
  .text              ro code   0x800'8440       0x4  startup_stm32h743xx.o [1]
  .text              ro code   0x800'8444       0x4  startup_stm32h743xx.o [1]
  .text              ro code   0x800'8448       0x4  startup_stm32h743xx.o [1]
  .text              ro code   0x800'844c       0x4  startup_stm32h743xx.o [1]
  .text              ro code   0x800'8450       0x4  startup_stm32h743xx.o [1]
  .text              ro code   0x800'8454       0x4  startup_stm32h743xx.o [1]
  .text              ro code   0x800'8458       0x4  startup_stm32h743xx.o [1]
  .text              ro code   0x800'845c       0x4  startup_stm32h743xx.o [1]
  .text              ro code   0x800'8460       0x4  startup_stm32h743xx.o [1]
  .text              ro code   0x800'8464       0x4  startup_stm32h743xx.o [1]
  .text              ro code   0x800'8468       0x4  startup_stm32h743xx.o [1]
  .text              ro code   0x800'846c       0x4  startup_stm32h743xx.o [1]
  .text              ro code   0x800'8470       0x4  startup_stm32h743xx.o [1]
  .text              ro code   0x800'8474       0x4  startup_stm32h743xx.o [1]
  .text              ro code   0x800'8478       0x4  startup_stm32h743xx.o [1]
  .text              ro code   0x800'847c       0x4  startup_stm32h743xx.o [1]
  .text              ro code   0x800'8480       0x4  startup_stm32h743xx.o [1]
  .text              ro code   0x800'8484       0x4  startup_stm32h743xx.o [1]
  .text              ro code   0x800'8488       0x4  startup_stm32h743xx.o [1]
  .text              ro code   0x800'848c       0x4  startup_stm32h743xx.o [1]
  .text              ro code   0x800'8490       0x4  startup_stm32h743xx.o [1]
  .text              ro code   0x800'8494       0x4  startup_stm32h743xx.o [1]
  .text              ro code   0x800'8498       0x4  startup_stm32h743xx.o [1]
  .text              ro code   0x800'849c       0x4  startup_stm32h743xx.o [1]
  .text              ro code   0x800'84a0       0x4  startup_stm32h743xx.o [1]
  .text              ro code   0x800'84a4       0x4  startup_stm32h743xx.o [1]
  .text              ro code   0x800'84a8       0x4  startup_stm32h743xx.o [1]
  .text              ro code   0x800'84ac       0x4  startup_stm32h743xx.o [1]
  .text              ro code   0x800'84b0       0x4  startup_stm32h743xx.o [1]
  .text              ro code   0x800'84b4       0x4  startup_stm32h743xx.o [1]
  .text              ro code   0x800'84b8       0x4  startup_stm32h743xx.o [1]
  .text              ro code   0x800'84bc       0x4  startup_stm32h743xx.o [1]
  .text              ro code   0x800'84c0       0x4  startup_stm32h743xx.o [1]
  .text              ro code   0x800'84c4       0x4  startup_stm32h743xx.o [1]
  .text              ro code   0x800'84c8       0x4  startup_stm32h743xx.o [1]
  .text              ro code   0x800'84cc       0x4  startup_stm32h743xx.o [1]
  .text              ro code   0x800'84d0       0x4  startup_stm32h743xx.o [1]
  .text              ro code   0x800'84d4       0x4  startup_stm32h743xx.o [1]
  .text              ro code   0x800'84d8       0x4  startup_stm32h743xx.o [1]
  .text              ro code   0x800'84dc       0x4  startup_stm32h743xx.o [1]
  .text              ro code   0x800'84e0       0x4  startup_stm32h743xx.o [1]
  .text              ro code   0x800'84e4       0x4  startup_stm32h743xx.o [1]
  .text              ro code   0x800'84e8       0x4  startup_stm32h743xx.o [1]
  .text              ro code   0x800'84ec       0x4  startup_stm32h743xx.o [1]
  .text              ro code   0x800'84f0       0x4  startup_stm32h743xx.o [1]
  .text              ro code   0x800'84f4       0x4  startup_stm32h743xx.o [1]
  .text              ro code   0x800'84f8       0x4  startup_stm32h743xx.o [1]
  .text              ro code   0x800'84fc       0x4  startup_stm32h743xx.o [1]
  .text              ro code   0x800'8500       0x4  startup_stm32h743xx.o [1]
  .text              ro code   0x800'8504       0x4  startup_stm32h743xx.o [1]
  .text              ro code   0x800'8508       0x4  startup_stm32h743xx.o [1]
  .text              ro code   0x800'850c       0x4  startup_stm32h743xx.o [1]
  .text              ro code   0x800'8510       0x4  startup_stm32h743xx.o [1]
  .text              ro code   0x800'8514       0x4  startup_stm32h743xx.o [1]
  .text              ro code   0x800'8518       0x4  startup_stm32h743xx.o [1]
  .text              ro code   0x800'851c       0x4  startup_stm32h743xx.o [1]
  .text              ro code   0x800'8520       0x4  startup_stm32h743xx.o [1]
  .text              ro code   0x800'8524       0x4  startup_stm32h743xx.o [1]
  .text              ro code   0x800'8528       0x4  startup_stm32h743xx.o [1]
  .text              ro code   0x800'852c       0x4  startup_stm32h743xx.o [1]
  .text              ro code   0x800'8530       0x4  startup_stm32h743xx.o [1]
  .text              ro code   0x800'8534       0x4  startup_stm32h743xx.o [1]
  .text              ro code   0x800'8538       0x4  startup_stm32h743xx.o [1]
  .text              ro code   0x800'853c       0x4  startup_stm32h743xx.o [1]
  .text              ro code   0x800'8540       0x4  startup_stm32h743xx.o [1]
  .text              ro code   0x800'8544       0x4  startup_stm32h743xx.o [1]
  .text              ro code   0x800'8548       0x4  startup_stm32h743xx.o [1]
  .text              ro code   0x800'854c       0x4  startup_stm32h743xx.o [1]
  .text              ro code   0x800'8550       0x4  startup_stm32h743xx.o [1]
  .text              ro code   0x800'8554       0x4  startup_stm32h743xx.o [1]
  .text              ro code   0x800'8558       0x4  startup_stm32h743xx.o [1]
  .text              ro code   0x800'855c       0x4  startup_stm32h743xx.o [1]
  .text              ro code   0x800'8560       0x4  startup_stm32h743xx.o [1]
  .text              ro code   0x800'8564       0x4  startup_stm32h743xx.o [1]
  .text              ro code   0x800'8568       0x4  startup_stm32h743xx.o [1]
  .text              ro code   0x800'856c       0x4  startup_stm32h743xx.o [1]
  .text              ro code   0x800'8570       0x4  startup_stm32h743xx.o [1]
  .text              ro code   0x800'8574       0x4  startup_stm32h743xx.o [1]
  .text              ro code   0x800'8578       0x4  startup_stm32h743xx.o [1]
  .text              ro code   0x800'857c       0x4  startup_stm32h743xx.o [1]
  .text              ro code   0x800'8580       0x4  startup_stm32h743xx.o [1]
  .text              ro code   0x800'8584       0x4  startup_stm32h743xx.o [1]
  .text              ro code   0x800'8588       0x4  startup_stm32h743xx.o [1]
  .text              ro code   0x800'858c       0x4  startup_stm32h743xx.o [1]
  .text              ro code   0x800'8590       0x4  startup_stm32h743xx.o [1]
  .text              ro code   0x800'8594       0x4  startup_stm32h743xx.o [1]
  .text              ro code   0x800'8598       0x4  startup_stm32h743xx.o [1]
  .text              ro code   0x800'859c       0x4  startup_stm32h743xx.o [1]
  .text              ro code   0x800'85a0       0x4  startup_stm32h743xx.o [1]
  .text              ro code   0x800'85a4       0x4  startup_stm32h743xx.o [1]
  .text              ro code   0x800'85a8       0x4  startup_stm32h743xx.o [1]
  .text              ro code   0x800'85ac       0x4  startup_stm32h743xx.o [1]
  .text              ro code   0x800'85b0       0x4  startup_stm32h743xx.o [1]
  .text              ro code   0x800'85b4       0x4  startup_stm32h743xx.o [1]
  .text              ro code   0x800'85b8       0x4  startup_stm32h743xx.o [1]
  .text              ro code   0x800'85bc       0x4  startup_stm32h743xx.o [1]
  .text              ro code   0x800'85c0       0x4  startup_stm32h743xx.o [1]
  .text              ro code   0x800'85c4       0x4  startup_stm32h743xx.o [1]
  .text              ro code   0x800'85c8       0x4  startup_stm32h743xx.o [1]
  .text              ro code   0x800'85cc       0x4  startup_stm32h743xx.o [1]
  .text              ro code   0x800'85d0       0x4  startup_stm32h743xx.o [1]
  .text              ro code   0x800'85d4       0x4  startup_stm32h743xx.o [1]
  .text              ro code   0x800'85d8       0x4  startup_stm32h743xx.o [1]
  .text              ro code   0x800'85dc       0x4  startup_stm32h743xx.o [1]
  .text              ro code   0x800'85e0       0x4  startup_stm32h743xx.o [1]
  .text              ro code   0x800'85e4       0x4  startup_stm32h743xx.o [1]
  .text              ro code   0x800'85e8       0x4  startup_stm32h743xx.o [1]
  .rodata            const     0x800'85ec       0x0  zero_init3.o [4]
  .rodata            const     0x800'85ec       0x0  packbits_init_single.o [4]
  Initializer bytes  const     0x800'85ec      0x46  <for P2-1>
                             - 0x800'8632    0x839a

"P2", part 1 of 3:                            0x740
  P2-1                        0x2400'0000     0x740  <Init block>
    .data            inited   0x2400'0000      0x80  eth.o [1]
    .data            inited   0x2400'0080       0xc  stm32h7xx_hal.o [1]
    .data            inited   0x2400'008c       0x8  system_stm32h7xx.o [1]
    .data            inited   0x2400'0094     0x6ac  uart.o [1]
                            - 0x2400'0740     0x740

"P2", part 2 of 3:                            0xafc
  .bss               zero     0x2400'0740     0x640  uart.o [1]
  .bss               zero     0x2400'0d80     0x1d8  dlmalloc.o [2]
  .bss               zero     0x2400'0f58      0xf0  uart.o [1]
  .bss               zero     0x2400'1048      0x8c  uart.o [1]
  .bss               zero     0x2400'10d4      0x68  eth.o [1]
  .bss               zero     0x2400'113c      0x64  uart.o [1]
  .bss               zero     0x2400'11a0      0x40  led.o [1]
  .bss               zero     0x2400'11e0      0x24  list.o [1]
  .bss               zero     0x2400'1204      0x18  dlmalloc.o [2]
  .bss               zero     0x2400'121c       0xc  eth.o [1]
  .bss               zero     0x2400'1228       0x4  list.o [1]
  .bss               zero     0x2400'122c       0x4  list.o [1]
  .bss               zero     0x2400'1230       0x4  uart.o [1]
  .bss               zero     0x2400'1234       0x4  xgetmemchunk.o [2]
  .bss               zero     0x2400'1238       0x2  uart.o [1]
  .bss               zero     0x2400'123a       0x2  uart.o [1]
                            - 0x2400'123c     0xafc

"P2", part 3 of 3:                         0x7'd000
  CSTACK                      0x2400'1240  0x1'f400  <Block>
    CSTACK           uninit   0x2400'1240  0x1'f400  <Block tail>
  HEAP                        0x2402'0640  0x5'dc00  <Block>
    HEAP             uninit   0x2402'0640  0x5'dc00  <Block tail>
                            - 0x2407'e240  0x7'd000

Absolute sections, part 1 of 4:                0x30
  .bss               zero     0x3004'0000      0x30  eth.o [1]
                            - 0x3004'0030      0x30

Absolute sections, part 2 of 4:                0x60
  .bss               zero     0x3004'0060      0x60  eth.o [1]
                            - 0x3004'00c0      0x60

Absolute sections, part 3 of 4:               0xbf0
  .bss               zero     0x3004'0200     0xbf0  eth.o [1]
                            - 0x3004'0df0     0xbf0

Absolute sections, part 4 of 4:              0x17e0
  .bss               zero     0x3004'4000    0x17e0  eth.o [1]
                            - 0x3004'57e0    0x17e0

Unused ranges:

         From           To       Size
         ----           --       ----
   0x800'8632   0x81f'ffff  0x1f'79ce
  0x2400'123c  0x2400'123f        0x4
  0x2407'e240  0x2407'ffff     0x1dc0


*******************************************************************************
*** INIT TABLE
***

          Address      Size
          -------      ----
Zero (__iar_zero_init3)
    5 destination ranges, total size 0x2f5c:
          0x2400'0740   0xafc
          0x3004'0000    0x30
          0x3004'0060    0x60
          0x3004'0200   0xbf0
          0x3004'4000  0x17e0

Copy/packbits (__iar_packbits_init_single3)
    1 source range, total size 0x46 (3% of destination):
           0x800'85ec    0x46
    1 destination range, total size 0x740:
          0x2400'0000   0x740



*******************************************************************************
*** MODULE SUMMARY
***

    Module                   ro code  ro data  rw data  rw data
                                                         (abs)
    ------                   -------  -------  -------  -------
command line/config:
    -----------------------------------------------------------
    Total:

D:\GitHub\Netscale_72_SW_Networkbridge\EWARM\clk setup\Obj: [1]
    eth.o                        896        4      244    9'312
    lan8742.o                    406
    led.o                        156                64
    list.o                       284                44
    main.o                       346
    startup_stm32h743xx.o      1'204
    stm32h7xx_hal.o              224        1       12
    stm32h7xx_hal_cortex.o       328
    stm32h7xx_hal_crc.o          342
    stm32h7xx_hal_crc_ex.o        76
    stm32h7xx_hal_dma.o        5'020
    stm32h7xx_hal_eth.o        4'072
    stm32h7xx_hal_gpio.o         548
    stm32h7xx_hal_msp.o           32
    stm32h7xx_hal_pwr_ex.o        76
    stm32h7xx_hal_rcc.o        1'980
    stm32h7xx_hal_rcc_ex.o     2'876
    stm32h7xx_hal_rng.o          158
    stm32h7xx_hal_tim.o          714
    stm32h7xx_hal_tim_ex.o         6
    stm32h7xx_hal_uart.o       6'386
    stm32h7xx_hal_uart_ex.o      278
    stm32h7xx_it.o               204
    system_stm32h7xx.o           140                 8
    uart.o                     1'468       65    3'796
    -----------------------------------------------------------
    Total:                    28'220       70    4'168    9'312

dl7M_tlf.a: [2]
    abort.o                        6
    dlmalloc.o                 5'276               496
    exit.o                         4
    heaptramp0.o                   4
    low_level_init.o               4
    xgetmemchunk.o                44                 4
    -----------------------------------------------------------
    Total:                     5'338               500

m7M_tlv.a: [3]
    fpinit_M.o                    34
    -----------------------------------------------------------
    Total:                        34

rt7M_tl.a: [4]
    ABImemclr4.o                   6
    ABImemcpy_small.o             24
    ABImemset48.o                 50
    I64DivMod_small.o            262
    I64DivZer.o                    2
    cexit.o                       10
    cmain.o                       30
    cstartup_M.o                  12
    data_init.o                   40
    memcmp_small.o                30
    packbits_init_single.o        56
    zero_init3.o                  58
    -----------------------------------------------------------
    Total:                       580

shb_l.a: [5]
    exit.o                        20
    -----------------------------------------------------------
    Total:                        20

    Gaps                          26        2
    Linker created                         64  512'000
---------------------------------------------------------------
    Grand Total:              34'218      136  516'668    9'312


*******************************************************************************
*** ENTRY LIST
***

Entry                       Address    Size  Type      Object
-----                       -------    ----  ----      ------
.iar.init_table$$Base    0x800'8350           --   Gb  - Linker created -
.iar.init_table$$Limit   0x800'8390           --   Gb  - Linker created -
?main                    0x800'8391          Code  Gb  cmain.o [4]
BusFault_Handler         0x800'5ac3     0x2  Code  Gb  stm32h7xx_it.o [1]
BusTimHandleRx          0x2400'1160    0x40  Data  Gb  uart.o [1]
BusTimHandleTx          0x2400'00a8    0x40  Data  Gb  uart.o [1]
CRC_Handle_16            0x800'4b69    0x2e  Code  Lc  stm32h7xx_hal_crc.o [1]
CRC_Handle_8             0x800'4b01    0x68  Code  Lc  stm32h7xx_hal_crc.o [1]
CSTACK$$Base            0x2400'1240           --   Gb  - Linker created -
CSTACK$$Limit           0x2402'0640           --   Gb  - Linker created -
D1CorePrescTable         0x800'82bc    0x10  Data  Gb  system_stm32h7xx.o [1]
DMA1_Stream0_IRQHandler
                         0x800'5ad1     0x6  Code  Gb  stm32h7xx_it.o [1]
DMA1_Stream1_IRQHandler
                         0x800'5ad7     0x6  Code  Gb  stm32h7xx_it.o [1]
DMARxDscrTab            0x3004'0000    0x30  Data  Gb  eth.o [1]
DMATxDscrTab            0x3004'0060    0x60  Data  Gb  eth.o [1]
DMA_CalcBaseAndBitshift
                         0x800'2d57    0x92  Code  Lc  stm32h7xx_hal_dma.o [1]
DMA_CalcBaseAndBitshift{1}{2}::flagBitshiftOffset
                         0x800'2f54     0x8  Data  Lc  stm32h7xx_hal_dma.o [1]
DMA_CalcDMAMUXChannelBaseAndMask
                         0x800'2df9    0x7e  Code  Lc  stm32h7xx_hal_dma.o [1]
DMA_CalcDMAMUXRequestGenBaseAndMask
                         0x800'2e8d    0x60  Code  Lc  stm32h7xx_hal_dma.o [1]
DMA_SetConfig            0x800'2c6d    0xea  Code  Lc  stm32h7xx_hal_dma.o [1]
DebugMon_Handler         0x800'5ac9     0x2  Code  Gb  stm32h7xx_it.o [1]
ETH_IRQHandler           0x800'5b17     0x6  Code  Gb  stm32h7xx_it.o [1]
ETH_PHY_IO_DeInit        0x800'59c7     0x4  Code  Gb  eth.o [1]
ETH_PHY_IO_GetTick       0x800'59f1     0x4  Code  Gb  eth.o [1]
ETH_PHY_IO_Init          0x800'59bb     0xc  Code  Gb  eth.o [1]
ETH_PHY_IO_ReadReg       0x800'59cb    0x10  Code  Gb  eth.o [1]
ETH_PHY_IO_WriteReg      0x800'59db     0xe  Code  Gb  eth.o [1]
ETH_Prepare_Tx_Descriptors
                         0x800'7c89   0x34c  Code  Lc  stm32h7xx_hal_eth.o [1]
ETH_SetDMAConfig         0x800'7c0f    0x78  Code  Lc  stm32h7xx_hal_eth.o [1]
ETH_SetMACConfig         0x800'7aa9   0x166  Code  Lc  stm32h7xx_hal_eth.o [1]
Error_Handler            0x800'4cf1     0x2  Code  Gb  main.o [1]
HAL_CRCEx_Polynomial_Set
                         0x800'55fd    0x4c  Code  Gb  stm32h7xx_hal_crc_ex.o [1]
HAL_CRC_Calculate        0x800'4ab9    0x48  Code  Gb  stm32h7xx_hal_crc.o [1]
HAL_CRC_Init             0x800'4a41    0x74  Code  Gb  stm32h7xx_hal_crc.o [1]
HAL_CRC_MspInit          0x800'55f7     0x2  Code  Gb  stm32h7xx_hal_msp.o [1]
HAL_DMA_Abort            0x800'20a9   0x1ee  Code  Gb  stm32h7xx_hal_dma.o [1]
HAL_DMA_Abort_IT         0x800'22e9   0x1c0  Code  Gb  stm32h7xx_hal_dma.o [1]
HAL_DMA_GetError         0x800'2c69     0x4  Code  Gb  stm32h7xx_hal_dma.o [1]
HAL_DMA_IRQHandler       0x800'24e9   0x730  Code  Gb  stm32h7xx_hal_dma.o [1]
HAL_DMA_Init             0x800'1bc1   0x292  Code  Gb  stm32h7xx_hal_dma.o [1]
HAL_DMA_Start_IT         0x800'1e8b   0x210  Code  Gb  stm32h7xx_hal_dma.o [1]
HAL_ETH_BuildRxDescriptors
                         0x800'7565    0x7c  Code  Gb  stm32h7xx_hal_eth.o [1]
HAL_ETH_DMAErrorCallback
                         0x800'5a5b     0x2  Code  Gb  eth.o [1]
HAL_ETH_DescAssignMemory
                         0x800'72cf    0x3c  Code  Gb  stm32h7xx_hal_eth.o [1]
HAL_ETH_EEECallback      0x800'5a61     0x2  Code  Gb  eth.o [1]
HAL_ETH_GetMACConfig     0x800'779f   0x192  Code  Gb  stm32h7xx_hal_eth.o [1]
HAL_ETH_GetMACFilterConfig
                         0x800'7a2d    0x76  Code  Gb  stm32h7xx_hal_eth.o [1]
HAL_ETH_GetRxDataBuffer
                         0x800'74c7    0x9e  Code  Gb  stm32h7xx_hal_eth.o [1]
HAL_ETH_IRQHandler       0x800'75e1   0x10a  Code  Gb  stm32h7xx_hal_eth.o [1]
HAL_ETH_Init             0x800'7035   0x29a  Code  Gb  stm32h7xx_hal_eth.o [1]
HAL_ETH_IsRxDataAvailable
                         0x800'73f5    0xd2  Code  Gb  stm32h7xx_hal_eth.o [1]
HAL_ETH_MACErrorCallback
                         0x800'5a5d     0x2  Code  Gb  eth.o [1]
HAL_ETH_MspInit          0x800'585b    0xda  Code  Gb  eth.o [1]
HAL_ETH_PMTCallback      0x800'5a5f     0x2  Code  Gb  eth.o [1]
HAL_ETH_ReadPHYRegister
                         0x800'76eb    0x5a  Code  Gb  stm32h7xx_hal_eth.o [1]
HAL_ETH_RxCpltCallback   0x800'59f5    0x2e  Code  Gb  eth.o [1]
HAL_ETH_RxCpltCallback::RxBuff
                        0x2400'121c     0xc  Data  Lc  eth.o [1]
HAL_ETH_SetMACConfig     0x800'793b    0x16  Code  Gb  stm32h7xx_hal_eth.o [1]
HAL_ETH_SetMACFilterConfig
                         0x800'79c5    0x5c  Code  Gb  stm32h7xx_hal_eth.o [1]
HAL_ETH_SetMDIOClockRange
                         0x800'7951    0x46  Code  Gb  stm32h7xx_hal_eth.o [1]
HAL_ETH_Start_IT         0x800'730b    0x94  Code  Gb  stm32h7xx_hal_eth.o [1]
HAL_ETH_Transmit_IT      0x800'73b7    0x3e  Code  Gb  stm32h7xx_hal_eth.o [1]
HAL_ETH_TxCpltCallback   0x800'5a59     0x2  Code  Gb  eth.o [1]
HAL_ETH_WakeUpCallback   0x800'5a63     0x2  Code  Gb  eth.o [1]
HAL_ETH_WritePHYRegister
                         0x800'7745    0x5a  Code  Gb  stm32h7xx_hal_eth.o [1]
HAL_GPIO_Init            0x800'519d   0x1da  Code  Gb  stm32h7xx_hal_gpio.o [1]
HAL_GPIO_TogglePin       0x800'537f     0xe  Code  Gb  stm32h7xx_hal_gpio.o [1]
HAL_GPIO_WritePin        0x800'5377     0x8  Code  Gb  stm32h7xx_hal_gpio.o [1]
HAL_GetREVID             0x800'55a7     0x8  Code  Gb  stm32h7xx_hal.o [1]
HAL_GetTick              0x800'4a31     0xc  Code  Wk  stm32h7xx_hal.o [1]
HAL_IncTick              0x800'81e9    0x10  Code  Wk  stm32h7xx_hal.o [1]
HAL_Init                 0x800'555d    0x4a  Code  Gb  stm32h7xx_hal.o [1]
HAL_InitTick             0x800'5519    0x44  Code  Wk  stm32h7xx_hal.o [1]
HAL_MPU_ConfigRegion     0x800'5131    0x4c  Code  Gb  stm32h7xx_hal_cortex.o [1]
HAL_MPU_Disable          0x800'5103    0x14  Code  Gb  stm32h7xx_hal_cortex.o [1]
HAL_MPU_Enable           0x800'5117    0x1a  Code  Gb  stm32h7xx_hal_cortex.o [1]
HAL_MspInit              0x800'55dd    0x1a  Code  Gb  stm32h7xx_hal_msp.o [1]
HAL_NVIC_EnableIRQ       0x800'50c3    0x18  Code  Gb  stm32h7xx_hal_cortex.o [1]
HAL_NVIC_SetPriority     0x800'5089    0x3a  Code  Gb  stm32h7xx_hal_cortex.o [1]
HAL_NVIC_SetPriorityGrouping
                         0x800'506f    0x1a  Code  Gb  stm32h7xx_hal_cortex.o [1]
HAL_PWREx_ConfigSupply   0x800'5a6d    0x46  Code  Gb  stm32h7xx_hal_pwr_ex.o [1]
HAL_RCCEx_GetD1SysClockFreq
                         0x800'3f5d    0x26  Code  Gb  stm32h7xx_hal_rcc_ex.o [1]
HAL_RCCEx_GetD3PCLK1Freq
                         0x800'3d71     0xa  Code  Gb  stm32h7xx_hal_rcc_ex.o [1]
HAL_RCCEx_GetPLL2ClockFreq
                         0x800'3d91    0x58  Code  Gb  stm32h7xx_hal_rcc_ex.o [1]
HAL_RCCEx_GetPLL3ClockFreq
                         0x800'3de9    0x58  Code  Gb  stm32h7xx_hal_rcc_ex.o [1]
HAL_RCCEx_PeriphCLKConfig
                         0x800'3631   0x712  Code  Gb  stm32h7xx_hal_rcc_ex.o [1]
HAL_RCC_ClockConfig      0x800'4275   0x192  Code  Gb  stm32h7xx_hal_rcc.o [1]
HAL_RCC_GetHCLKFreq      0x800'455f    0x1e  Code  Gb  stm32h7xx_hal_rcc.o [1]
HAL_RCC_GetPCLK1Freq     0x800'457d    0x10  Code  Gb  stm32h7xx_hal_rcc.o [1]
HAL_RCC_GetPCLK2Freq     0x800'458d     0xe  Code  Gb  stm32h7xx_hal_rcc.o [1]
HAL_RCC_GetSysClockFreq
                         0x800'4461    0xf0  Code  Gb  stm32h7xx_hal_rcc.o [1]
HAL_RCC_OscConfig        0x800'45e5   0x44c  Code  Wk  stm32h7xx_hal_rcc.o [1]
HAL_RNG_GenerateRandomNumber
                         0x800'4d31    0x5e  Code  Gb  stm32h7xx_hal_rng.o [1]
HAL_RNG_Init             0x800'4cf3    0x3e  Code  Gb  stm32h7xx_hal_rng.o [1]
HAL_SYSCFG_ETHInterfaceSelect
                         0x800'55af     0xa  Code  Gb  stm32h7xx_hal.o [1]
HAL_SYSTICK_Config       0x800'50db    0x28  Code  Gb  stm32h7xx_hal_cortex.o [1]
HAL_TIMEx_Break2Callback
                         0x800'5b8b     0x2  Code  Wk  stm32h7xx_hal_tim_ex.o [1]
HAL_TIMEx_BreakCallback
                         0x800'5b89     0x2  Code  Wk  stm32h7xx_hal_tim_ex.o [1]
HAL_TIMEx_CommutCallback
                         0x800'5b8f     0x2  Code  Wk  stm32h7xx_hal_tim_ex.o [1]
HAL_TIM_Base_Init        0x800'4d91    0x1a  Code  Gb  stm32h7xx_hal_tim.o [1]
HAL_TIM_Base_Start_IT    0x800'4dab    0x28  Code  Gb  stm32h7xx_hal_tim.o [1]
HAL_TIM_Base_Stop_IT     0x800'4dd3    0x2a  Code  Gb  stm32h7xx_hal_tim.o [1]
HAL_TIM_IRQHandler       0x800'4e25   0x15c  Code  Gb  stm32h7xx_hal_tim.o [1]
HAL_TIM_PeriodElapsedCallback
                         0x800'5b33    0x2e  Code  Gb  stm32h7xx_it.o [1]
HAL_UARTEx_DisableFifoMode
                         0x800'3519    0x3a  Code  Gb  stm32h7xx_hal_uart_ex.o [1]
HAL_UARTEx_RxFifoFullCallback
                         0x800'362d     0x2  Code  Wk  stm32h7xx_hal_uart_ex.o [1]
HAL_UARTEx_SetRxFifoThreshold
                         0x800'3569    0x14  Code  Gb  stm32h7xx_hal_uart_ex.o [1]
HAL_UARTEx_SetTxFifoThreshold
                         0x800'3553    0x16  Code  Gb  stm32h7xx_hal_uart_ex.o [1]
HAL_UARTEx_TxFifoEmptyCallback
                         0x800'362b     0x2  Code  Wk  stm32h7xx_hal_uart_ex.o [1]
HAL_UARTEx_WakeupCallback
                         0x800'3629     0x2  Code  Wk  stm32h7xx_hal_uart_ex.o [1]
HAL_UART_AbortCpltCallback
                         0x800'335f     0x2  Code  Gb  uart.o [1]
HAL_UART_AbortCpltCallback::abortCallbackCounter
                        0x2400'123a     0x2  Data  Lc  uart.o [1]
HAL_UART_Abort_IT        0x800'04b9    0xca  Code  Gb  stm32h7xx_hal_uart.o [1]
HAL_UART_DMAStop         0x800'043d    0x74  Code  Gb  stm32h7xx_hal_uart.o [1]
HAL_UART_ErrorCallback   0x800'335b     0x4  Code  Gb  uart.o [1]
HAL_UART_ErrorCallback::errorCallbackCounter
                        0x2400'1238     0x2  Data  Lc  uart.o [1]
HAL_UART_IRQHandler      0x800'0597   0x15c  Code  Gb  stm32h7xx_hal_uart.o [1]
HAL_UART_IdleLnCallback
                         0x800'3369    0xf4  Code  Gb  uart.o [1]
HAL_UART_IdleLnCallback::bytesLeft
                        0x2400'009c     0x2  Data  Lc  uart.o [1]
HAL_UART_IdleLnCallback::crcError
                        0x2400'00a4     0x2  Data  Lc  uart.o [1]
HAL_UART_IdleLnCallback::framelength
                        0x2400'009e     0x2  Data  Lc  uart.o [1]
HAL_UART_IdleLnCallback::framelengthError
                        0x2400'00a0     0x2  Data  Lc  uart.o [1]
HAL_UART_IdleLnCallback::preAmbleError
                        0x2400'00a2     0x2  Data  Lc  uart.o [1]
HAL_UART_Init            0x800'0299    0x36  Code  Gb  stm32h7xx_hal_uart.o [1]
HAL_UART_Receive_DMA     0x800'039f    0x92  Code  Gb  stm32h7xx_hal_uart.o [1]
HAL_UART_RxCpltCallback
                         0x800'3359     0x2  Code  Gb  uart.o [1]
HAL_UART_Transmit_DMA    0x800'0319    0x86  Code  Gb  stm32h7xx_hal_uart.o [1]
HAL_UART_TxCpltCallback
                         0x800'3323    0x36  Code  Gb  uart.o [1]
HEAP$$Base              0x2402'0640           --   Gb  - Linker created -
HEAP$$Limit             0x2407'e240           --   Gb  - Linker created -
HardFault_Handler        0x800'5abf     0x2  Code  Gb  stm32h7xx_it.o [1]
LAN8742                 0x2400'004c    0x20  Data  Gb  eth.o [1]
LAN8742_GetLinkState     0x800'8115    0x94  Code  Gb  lan8742.o [1]
LAN8742_IOCtx           0x2400'006c    0x14  Data  Gb  eth.o [1]
LAN8742_Init             0x800'804f    0xbc  Code  Gb  lan8742.o [1]
LAN8742_RegisterBusIO    0x800'801d    0x32  Code  Gb  lan8742.o [1]
LedTimHandle            0x2400'11a0    0x40  Data  Gb  led.o [1]
MemManage_Handler        0x800'5ac1     0x2  Code  Gb  stm32h7xx_it.o [1]
NMI_Handler              0x800'5abd     0x2  Code  Gb  stm32h7xx_it.o [1]
PendSV_Handler           0x800'5acb     0x2  Code  Gb  stm32h7xx_it.o [1]
RCCEx_PLL2_Config        0x800'3fa1    0xac  Code  Lc  stm32h7xx_hal_rcc_ex.o [1]
RCCEx_PLL3_Config        0x800'404d    0xac  Code  Lc  stm32h7xx_hal_rcc_ex.o [1]
Region$$Table$$Base      0x800'8350           --   Gb  - Linker created -
Region$$Table$$Limit     0x800'8390           --   Gb  - Linker created -
RngHandle               0x2400'00e8    0x14  Data  Gb  uart.o [1]
Rx_Buff                 0x3004'0200   0xbf0  Data  Gb  eth.o [1]
SCB_CleanInvalidateDCache_by_Addr
                         0x800'56e5    0x1e  Code  Lc  eth.o [1]
SCB_CleanInvalidateDCache_by_Addr
                         0x800'2f5d    0x1e  Code  Lc  uart.o [1]
SVC_Handler              0x800'5ac7     0x2  Code  Gb  stm32h7xx_it.o [1]
SysTick_Handler          0x800'5acd     0x4  Code  Gb  stm32h7xx_it.o [1]
SystemClock_Config       0x800'4c1d    0xc2  Code  Gb  main.o [1]
SystemCoreClock         0x2400'008c     0x4  Data  Gb  system_stm32h7xx.o [1]
SystemD2Clock           0x2400'0090     0x4  Data  Gb  system_stm32h7xx.o [1]
SystemInit               0x800'8241    0x62  Code  Gb  system_stm32h7xx.o [1]
TIM2_IRQHandler          0x800'5b1d     0x2  Code  Gb  stm32h7xx_it.o [1]
TIM3_IRQHandler          0x800'5b1f     0x6  Code  Gb  stm32h7xx_it.o [1]
TIM4_IRQHandler          0x800'5b25     0x2  Code  Gb  stm32h7xx_it.o [1]
TIM5_IRQHandler          0x800'5b2d     0x6  Code  Gb  stm32h7xx_it.o [1]
TIM_Base_SetConfig       0x800'4f87    0xaa  Code  Gb  stm32h7xx_hal_tim.o [1]
TxConfig                0x2400'0008    0x34  Data  Gb  eth.o [1]
Tx_Buff                 0x3004'4000  0x17e0  Data  Gb  eth.o [1]
UARTEx_SetNbDataToProcess
                         0x800'35c1    0x56  Code  Lc  stm32h7xx_hal_uart_ex.o [1]
UART_AdvFeatureConfig    0x800'1801    0xc8  Code  Gb  stm32h7xx_hal_uart.o [1]
UART_CheckIdleState      0x800'18c9    0x5c  Code  Gb  stm32h7xx_hal_uart.o [1]
UART_DMAAbortOnError     0x800'1aa5    0x10  Code  Lc  stm32h7xx_hal_uart.o [1]
UART_DMAError            0x800'1a57    0x4e  Code  Lc  stm32h7xx_hal_uart.o [1]
UART_DMAReceiveCplt      0x800'1a17    0x3a  Code  Lc  stm32h7xx_hal_uart.o [1]
UART_DMARxAbortCallback
                         0x800'1af7    0x3a  Code  Lc  stm32h7xx_hal_uart.o [1]
UART_DMARxHalfCplt       0x800'1a51     0x6  Code  Lc  stm32h7xx_hal_uart.o [1]
UART_DMATransmitCplt     0x800'19e5    0x2c  Code  Lc  stm32h7xx_hal_uart.o [1]
UART_DMATxAbortCallback
                         0x800'1ab5    0x42  Code  Lc  stm32h7xx_hal_uart.o [1]
UART_DMATxHalfCplt       0x800'1a11     0x6  Code  Lc  stm32h7xx_hal_uart.o [1]
UART_EndRxTransfer       0x800'19a1    0x14  Code  Lc  stm32h7xx_hal_uart.o [1]
UART_EndTxTransfer       0x800'1985    0x1c  Code  Lc  stm32h7xx_hal_uart.o [1]
UART_SetConfig           0x800'071d  0x1084  Code  Gb  stm32h7xx_hal_uart.o [1]
UART_WaitOnFlagUntilTimeout
                         0x800'1925    0x60  Code  Gb  stm32h7xx_hal_uart.o [1]
USART2_IRQHandler        0x800'5add    0x3a  Code  Gb  stm32h7xx_it.o [1]
UsageFault_Handler       0x800'5ac5     0x2  Code  Gb  stm32h7xx_it.o [1]
__NVIC_SetPriority       0x800'5055    0x1a  Code  Lc  stm32h7xx_hal_cortex.o [1]
__aeabi_ldiv0            0x800'5515          Code  Gb  I64DivZer.o [4]
__aeabi_memclr4          0x800'5a65          Code  Gb  ABImemclr4.o [4]
__cmain                  0x800'8391          Code  Gb  cmain.o [4]
__data_GetMemChunk       0x800'8201    0x2c  Code  Gb  xgetmemchunk.o [2]
__data_GetMemChunk::start
                        0x2400'1234     0x4  Data  Lc  xgetmemchunk.o [2]
__exit                   0x800'822d    0x14  Code  Gb  exit.o [5]
__iar_Memset4_word       0x800'81b5          Code  Gb  ABImemset48.o [4]
__iar_Memset8_word       0x800'81b5          Code  Gb  ABImemset48.o [4]
__iar_data_init3         0x800'8305    0x28  Code  Gb  data_init.o [4]
__iar_dlfree             0x800'6b0b   0x51e  Code  Gb  dlmalloc.o [2]
__iar_dlmalloc           0x800'5c1d   0xeee  Code  Gb  dlmalloc.o [2]
__iar_init_vfp           0x800'832d          Code  Gb  fpinit_M.o [3]
__iar_packbits_init_single3
                         0x800'82cd    0x38  Code  Gb  packbits_init_single.o [4]
__iar_program_start      0x800'83d5          Code  Gb  cstartup_M.o [4]
__iar_small_Memcpy       0x800'53c5          Code  Gb  ABImemcpy_small.o [4]
__iar_small_memcmp       0x800'53d9          Code  Gb  memcmp_small.o [4]
__iar_small_memcpy       0x800'53c1          Code  Gb  ABImemcpy_small.o [4]
__iar_small_memcpy4      0x800'53c1          Code  Gb  ABImemcpy_small.o [4]
__iar_small_memcpy8      0x800'53c1          Code  Gb  ABImemcpy_small.o [4]
__iar_small_uldivmod     0x800'416d          Code  Gb  I64DivMod_small.o [4]
__iar_zero_init3         0x800'1b87    0x3a  Code  Gb  zero_init3.o [4]
__low_level_init         0x800'83af     0x4  Code  Gb  low_level_init.o [2]
__vector_table           0x800'0000          Data  Gb  startup_stm32h743xx.o [1]
_call_main               0x800'839d          Code  Gb  cmain.o [4]
_exit                    0x800'83b9          Code  Gb  cexit.o [4]
_gm_                    0x2400'0d80   0x1d8  Data  Lc  dlmalloc.o [2]
_main                    0x800'83ab          Code  Gb  cmain.o [4]
abort                    0x800'81f9     0x6  Code  Gb  abort.o [2]
busRxIdleFlag           0x2400'0096     0x1  Data  Lc  uart.o [1]
bus_uart_setRxIdleFlag   0x800'3481     0x6  Code  Gb  uart.o [1]
bus_uart_timeoutCallbackRx
                         0x800'3475     0xc  Code  Gb  uart.o [1]
bus_uart_timeoutCallbackTx
                         0x800'3469     0xc  Code  Gb  uart.o [1]
bytesIN                 0x2400'11f0     0x4  Data  Lc  list.o [1]
bytesOUT                0x2400'11f8     0x4  Data  Lc  list.o [1]
dataPacketsIN           0x2400'11ec     0x4  Data  Lc  list.o [1]
dataPacketsOUT          0x2400'11f4     0x4  Data  Lc  list.o [1]
eth_init                 0x800'5703   0x14c  Code  Gb  eth.o [1]
eth_output               0x800'5935    0x86  Code  Gb  eth.o [1]
eth_output::Txbuffer    0x2400'003c     0xc  Data  Lc  eth.o [1]
eth_output::eth_tx_err_counter
                        0x2400'0048     0x4  Data  Lc  eth.o [1]
exit                     0x800'83b3     0x4  Code  Gb  exit.o [2]
free                     0x800'7031     0x4  Code  Gb  heaptramp0.o [2]
hcrc                    0x2400'113c    0x24  Data  Gb  uart.o [1]
hdma_usart2_rx          0x2400'0f58    0x78  Data  Gb  uart.o [1]
hdma_usart2_tx          0x2400'0fd0    0x78  Data  Gb  uart.o [1]
head                    0x2400'11e0     0x4  Data  Lc  list.o [1]
heth                    0x2400'10d4    0x68  Data  Gb  eth.o [1]
huart2                  0x2400'1048    0x8c  Data  Gb  uart.o [1]
init_mparams             0x800'5baf    0x2c  Code  Lc  dlmalloc.o [2]
init_top                 0x800'5bdb    0x34  Code  Lc  dlmalloc.o [2]
led_init                 0x800'5649    0x80  Code  Gb  led.o [1]
led_ledTimerCallback     0x800'56c9     0x8  Code  Gb  led.o [1]
listLength              0x2400'1200     0x4  Data  Lc  list.o [1]
listLengthPeak          0x2400'11fc     0x4  Data  Lc  list.o [1]
list_init                0x800'53f9    0x34  Code  Gb  list.o [1]
list_insertData          0x800'5481    0x82  Code  Gb  list.o [1]
list_insertData::tailNode
                        0x2400'122c     0x4  Data  Gb  list.o [1]
list_insertData::tmp    0x2400'1228     0x4  Data  Gb  list.o [1]
list_manager             0x800'542d    0x54  Code  Gb  list.o [1]
macaddress              0x2400'0000     0x8  Data  Lc  eth.o [1]
main                     0x800'4b99    0x7a  Code  Gb  main.o [1]
mallocFailCounter       0x2400'11e8     0x4  Data  Lc  list.o [1]
mparams                 0x2400'1204    0x18  Data  Lc  dlmalloc.o [2]
oldhead                 0x2400'11e4     0x4  Data  Lc  list.o [1]
preAmbleSFD              0x800'3510     0x8  Data  Lc  uart.o [1]
rxBuffer                0x2400'0100   0x640  Data  Lc  uart.o [1]
segment_holding          0x800'5b95    0x1a  Code  Lc  dlmalloc.o [2]
timeoutFlagRx           0x2400'0095     0x1  Data  Lc  uart.o [1]
timeoutFlagTx           0x2400'0094     0x1  Data  Lc  uart.o [1]
txBuffer                0x2400'0740   0x640  Data  Lc  uart.o [1]
uart_calcCRC             0x800'32cb     0xa  Code  Lc  uart.o [1]
uart_init                0x800'2f7b   0x276  Code  Gb  uart.o [1]
uart_output              0x800'31f1    0xda  Code  Gb  uart.o [1]
uart_receive             0x800'32d5    0x4e  Code  Lc  uart.o [1]
uart_receive::uart_rx_err_counter
                        0x2400'1230     0x4  Data  Lc  uart.o [1]
uart_send::crc32        0x2400'0098     0x4  Data  Lc  uart.o [1]
uart_send::uart_tx_err_counter
                        0x2400'00fc     0x4  Data  Lc  uart.o [1]
uwTick                  0x2400'0084     0x4  Data  Lc  stm32h7xx_hal.o [1]
uwTickFreq              0x2400'0080     0x1  Data  Lc  stm32h7xx_hal.o [1]
uwTickPrio              0x2400'0088     0x4  Data  Lc  stm32h7xx_hal.o [1]


[1] = D:\GitHub\Netscale_72_SW_Networkbridge\EWARM\clk setup\Obj
[2] = dl7M_tlf.a
[3] = m7M_tlv.a
[4] = rt7M_tl.a
[5] = shb_l.a

   34'218 bytes of readonly  code memory
      136 bytes of readonly  data memory
  516'668 bytes of readwrite data memory (+ 9'312 absolute)

Errors: none
Warnings: none
