###############################################################################
#
# IAR ELF Linker V8.50.1.245/W32 for ARM                  09/Jul/2020  08:51:30
# Copyright 2007-2020 IAR Systems AB.
#
#    Output file  =
#        D:\GitHub\Netscale_72_SW_Networkbridge\EWARM\clk setup\Exe\clk
#        setup.out
#    Map file     =
#        D:\GitHub\Netscale_72_SW_Networkbridge\EWARM\clk setup\List\clk
#        setup.map
#    Command line =
#        -f C:\Users\nkorn\AppData\Local\Temp\EW5BBB.tmp
#        ("D:\GitHub\Netscale_72_SW_Networkbridge\EWARM\clk setup\Obj\eth.o"
#        "D:\GitHub\Netscale_72_SW_Networkbridge\EWARM\clk setup\Obj\lan8742.o"
#        "D:\GitHub\Netscale_72_SW_Networkbridge\EWARM\clk setup\Obj\led.o"
#        "D:\GitHub\Netscale_72_SW_Networkbridge\EWARM\clk setup\Obj\list.o"
#        "D:\GitHub\Netscale_72_SW_Networkbridge\EWARM\clk setup\Obj\main.o"
#        "D:\GitHub\Netscale_72_SW_Networkbridge\EWARM\clk
#        setup\Obj\startup_stm32h743xx.o"
#        "D:\GitHub\Netscale_72_SW_Networkbridge\EWARM\clk
#        setup\Obj\stm32h7xx_hal.o"
#        "D:\GitHub\Netscale_72_SW_Networkbridge\EWARM\clk
#        setup\Obj\stm32h7xx_hal_cortex.o"
#        "D:\GitHub\Netscale_72_SW_Networkbridge\EWARM\clk
#        setup\Obj\stm32h7xx_hal_crc.o"
#        "D:\GitHub\Netscale_72_SW_Networkbridge\EWARM\clk
#        setup\Obj\stm32h7xx_hal_crc_ex.o"
#        "D:\GitHub\Netscale_72_SW_Networkbridge\EWARM\clk
#        setup\Obj\stm32h7xx_hal_dma.o"
#        "D:\GitHub\Netscale_72_SW_Networkbridge\EWARM\clk
#        setup\Obj\stm32h7xx_hal_dma_ex.o"
#        "D:\GitHub\Netscale_72_SW_Networkbridge\EWARM\clk
#        setup\Obj\stm32h7xx_hal_eth.o"
#        "D:\GitHub\Netscale_72_SW_Networkbridge\EWARM\clk
#        setup\Obj\stm32h7xx_hal_eth_ex.o"
#        "D:\GitHub\Netscale_72_SW_Networkbridge\EWARM\clk
#        setup\Obj\stm32h7xx_hal_flash.o"
#        "D:\GitHub\Netscale_72_SW_Networkbridge\EWARM\clk
#        setup\Obj\stm32h7xx_hal_flash_ex.o"
#        "D:\GitHub\Netscale_72_SW_Networkbridge\EWARM\clk
#        setup\Obj\stm32h7xx_hal_gpio.o"
#        "D:\GitHub\Netscale_72_SW_Networkbridge\EWARM\clk
#        setup\Obj\stm32h7xx_hal_hsem.o"
#        "D:\GitHub\Netscale_72_SW_Networkbridge\EWARM\clk
#        setup\Obj\stm32h7xx_hal_i2c.o"
#        "D:\GitHub\Netscale_72_SW_Networkbridge\EWARM\clk
#        setup\Obj\stm32h7xx_hal_i2c_ex.o"
#        "D:\GitHub\Netscale_72_SW_Networkbridge\EWARM\clk
#        setup\Obj\stm32h7xx_hal_mdma.o"
#        "D:\GitHub\Netscale_72_SW_Networkbridge\EWARM\clk
#        setup\Obj\stm32h7xx_hal_msp.o"
#        "D:\GitHub\Netscale_72_SW_Networkbridge\EWARM\clk
#        setup\Obj\stm32h7xx_hal_pwr.o"
#        "D:\GitHub\Netscale_72_SW_Networkbridge\EWARM\clk
#        setup\Obj\stm32h7xx_hal_pwr_ex.o"
#        "D:\GitHub\Netscale_72_SW_Networkbridge\EWARM\clk
#        setup\Obj\stm32h7xx_hal_rcc.o"
#        "D:\GitHub\Netscale_72_SW_Networkbridge\EWARM\clk
#        setup\Obj\stm32h7xx_hal_rcc_ex.o"
#        "D:\GitHub\Netscale_72_SW_Networkbridge\EWARM\clk
#        setup\Obj\stm32h7xx_hal_rng.o"
#        "D:\GitHub\Netscale_72_SW_Networkbridge\EWARM\clk
#        setup\Obj\stm32h7xx_hal_tim.o"
#        "D:\GitHub\Netscale_72_SW_Networkbridge\EWARM\clk
#        setup\Obj\stm32h7xx_hal_tim_ex.o"
#        "D:\GitHub\Netscale_72_SW_Networkbridge\EWARM\clk
#        setup\Obj\stm32h7xx_hal_uart.o"
#        "D:\GitHub\Netscale_72_SW_Networkbridge\EWARM\clk
#        setup\Obj\stm32h7xx_hal_uart_ex.o"
#        "D:\GitHub\Netscale_72_SW_Networkbridge\EWARM\clk
#        setup\Obj\stm32h7xx_it.o"
#        "D:\GitHub\Netscale_72_SW_Networkbridge\EWARM\clk
#        setup\Obj\system_stm32h7xx.o"
#        "D:\GitHub\Netscale_72_SW_Networkbridge\EWARM\clk setup\Obj\uart.o"
#        --redirect _Printf=_PrintfFull --redirect _Scanf=_ScanfFull
#        --no_out_extension -o
#        "D:\GitHub\Netscale_72_SW_Networkbridge\EWARM\clk setup\Exe\clk
#        setup.out" --map "D:\GitHub\Netscale_72_SW_Networkbridge\EWARM\clk
#        setup\List\clk setup.map" --config
#        D:\GitHub\Netscale_72_SW_Networkbridge\EWARM/stm32h743xx_flash.icf
#        --semihosting --entry __iar_program_start --vfe --text_out locale)
#
###############################################################################

*******************************************************************************
*** RUNTIME MODEL ATTRIBUTES
***

CppFlavor       = *
__Heap_Handler  = DLMalloc
__SystemLibrary = DLib
__dlib_version  = 6


*******************************************************************************
*** HEAP SELECTION
***

The advanced heap was selected because the application calls memory
allocation functions outside of system library functions, and there
are calls to deallocation functions in the application.


*******************************************************************************
*** PLACEMENT SUMMARY
***

"A0":  place at address 0x800'0000 { ro section .intvec };
"P1":  place in [from 0x800'0000 to 0x81f'ffff] { ro };
define block CSTACK with size = 125K, alignment = 8 { };
define block HEAP with size = 375K, alignment = 8 { };
"P2":  place in [from 0x2400'0000 to 0x2407'ffff] {
          rw, block CSTACK, block HEAP };
initialize by copy { rw };

  Section            Kind         Address      Size  Object
  -------            ----         -------      ----  ------
"A0":                                         0x298
  .intvec            ro code   0x800'0000     0x298  startup_stm32h743xx.o [1]
                             - 0x800'0298     0x298

"P1":                                        0x8372
  .text              ro code   0x800'0298    0x1906  stm32h7xx_hal_uart.o [1]
  .text              ro code   0x800'1b9e      0x3a  zero_init3.o [4]
  .text              ro code   0x800'1bd8    0x13bc  stm32h7xx_hal_dma.o [1]
  .text              ro code   0x800'2f94     0x58c  uart.o [1]
  .text              ro code   0x800'3520     0x112  stm32h7xx_hal_uart_ex.o [1]
  .text              ro code   0x800'3632       0x2  stm32h7xx_hal_uart_ex.o [1]
  .text              ro code   0x800'3634       0x2  stm32h7xx_hal_uart_ex.o [1]
  .text              ro code   0x800'3638     0xb14  stm32h7xx_hal_rcc_ex.o [1]
  .text              ro code   0x800'414c     0x106  I64DivMod_small.o [4]
  .text              ro code   0x800'4254     0x7bc  stm32h7xx_hal_rcc.o [1]
  .text              ro code   0x800'4a10       0xc  stm32h7xx_hal.o [1]
  .text              ro code   0x800'4a1c       0x2  stm32h7xx_hal_uart.o [1]
  .text              ro code   0x800'4a1e       0x2  stm32h7xx_hal_uart.o [1]
  .text              ro code   0x800'4a20     0x156  stm32h7xx_hal_crc.o [1]
  .text              ro code   0x800'4b78     0x15a  main.o [1]
  .text              ro code   0x800'4cd2      0x9e  stm32h7xx_hal_rng.o [1]
  .text              ro code   0x800'4d70     0x2c2  stm32h7xx_hal_tim.o [1]
  .text              ro code   0x800'5034     0x148  stm32h7xx_hal_cortex.o [1]
  .text              ro code   0x800'517c     0x224  stm32h7xx_hal_gpio.o [1]
  .text              ro code   0x800'53a0      0x18  ABImemcpy_small.o [4]
  .text              ro code   0x800'53b8      0x1e  memcmp_small.o [4]
  .text              ro code   0x800'53d8     0x11c  list.o [1]
  .text              ro code   0x800'54f4       0x2  I64DivZer.o [4]
  .text              ro code   0x800'54f8      0x44  stm32h7xx_hal.o [1]
  .text              ro code   0x800'553c      0x80  stm32h7xx_hal.o [1]
  .text              ro code   0x800'55bc      0x20  stm32h7xx_hal_msp.o [1]
  .text              ro code   0x800'55dc      0x4c  stm32h7xx_hal_crc_ex.o [1]
  .text              ro code   0x800'5628      0x9c  led.o [1]
  .text              ro code   0x800'56c4     0x380  eth.o [1]
  .text              ro code   0x800'5a44       0x6  ABImemclr4.o [4]
  .text              ro code   0x800'5a4c      0x4c  stm32h7xx_hal_pwr_ex.o [1]
  .text              ro code   0x800'5a98       0x2  stm32h7xx_hal_tim.o [1]
  .text              ro code   0x800'5a9a       0x2  stm32h7xx_hal_tim.o [1]
  .text              ro code   0x800'5a9c      0xc0  stm32h7xx_it.o [1]
  .text              ro code   0x800'5b5c       0x2  stm32h7xx_hal_tim_ex.o [1]
  .text              ro code   0x800'5b5e       0x2  stm32h7xx_hal_tim_ex.o [1]
  .text              ro code   0x800'5b60       0x2  stm32h7xx_hal_tim.o [1]
  .text              ro code   0x800'5b62       0x2  stm32h7xx_hal_tim_ex.o [1]
  .text              ro code   0x800'5b64       0x2  stm32h7xx_hal_tim.o [1]
  .text              ro code   0x800'5b68    0x149c  dlmalloc.o [2]
  .text              ro code   0x800'7004       0x4  heaptramp0.o [2]
  .text              ro code   0x800'7008     0xfec  stm32h7xx_hal_eth.o [1]
  .text              ro code   0x800'7ff4     0x196  lan8742.o [1]
  .text              ro code   0x800'818c      0x32  ABImemset48.o [4]
  .text              ro code   0x800'81c0      0x10  stm32h7xx_hal.o [1]
  .text              ro code   0x800'81d0       0x6  abort.o [2]
  .text              ro code   0x800'81d8      0x2c  xgetmemchunk.o [2]
  .text              ro code   0x800'8204      0x14  exit.o [5]
  .text              ro code   0x800'8218      0x8c  system_stm32h7xx.o [1]
  .text              ro code   0x800'82a4      0x38  packbits_init_single.o [4]
  .text              ro code   0x800'82dc      0x28  data_init.o [4]
  .text              ro code   0x800'8304      0x22  fpinit_M.o [3]
  .iar.init_table    const     0x800'8328      0x40  - Linker created -
  .text              ro code   0x800'8368      0x1e  cmain.o [4]
  .text              ro code   0x800'8386       0x4  low_level_init.o [2]
  .text              ro code   0x800'838a       0x4  exit.o [2]
  .text              ro code   0x800'8390       0xa  cexit.o [4]
  .text              ro code   0x800'839c      0x10  startup_stm32h743xx.o [1]
  .text              ro code   0x800'83ac       0xc  cstartup_M.o [4]
  .text              ro code   0x800'83b8       0x4  startup_stm32h743xx.o [1]
  .text              ro code   0x800'83bc       0x4  startup_stm32h743xx.o [1]
  .text              ro code   0x800'83c0       0x4  startup_stm32h743xx.o [1]
  .text              ro code   0x800'83c4       0x4  startup_stm32h743xx.o [1]
  .text              ro code   0x800'83c8       0x4  startup_stm32h743xx.o [1]
  .text              ro code   0x800'83cc       0x4  startup_stm32h743xx.o [1]
  .text              ro code   0x800'83d0       0x4  startup_stm32h743xx.o [1]
  .text              ro code   0x800'83d4       0x4  startup_stm32h743xx.o [1]
  .text              ro code   0x800'83d8       0x4  startup_stm32h743xx.o [1]
  .text              ro code   0x800'83dc       0x4  startup_stm32h743xx.o [1]
  .text              ro code   0x800'83e0       0x4  startup_stm32h743xx.o [1]
  .text              ro code   0x800'83e4       0x4  startup_stm32h743xx.o [1]
  .text              ro code   0x800'83e8       0x4  startup_stm32h743xx.o [1]
  .text              ro code   0x800'83ec       0x4  startup_stm32h743xx.o [1]
  .text              ro code   0x800'83f0       0x4  startup_stm32h743xx.o [1]
  .text              ro code   0x800'83f4       0x4  startup_stm32h743xx.o [1]
  .text              ro code   0x800'83f8       0x4  startup_stm32h743xx.o [1]
  .text              ro code   0x800'83fc       0x4  startup_stm32h743xx.o [1]
  .text              ro code   0x800'8400       0x4  startup_stm32h743xx.o [1]
  .text              ro code   0x800'8404       0x4  startup_stm32h743xx.o [1]
  .text              ro code   0x800'8408       0x4  startup_stm32h743xx.o [1]
  .text              ro code   0x800'840c       0x4  startup_stm32h743xx.o [1]
  .text              ro code   0x800'8410       0x4  startup_stm32h743xx.o [1]
  .text              ro code   0x800'8414       0x4  startup_stm32h743xx.o [1]
  .text              ro code   0x800'8418       0x4  startup_stm32h743xx.o [1]
  .text              ro code   0x800'841c       0x4  startup_stm32h743xx.o [1]
  .text              ro code   0x800'8420       0x4  startup_stm32h743xx.o [1]
  .text              ro code   0x800'8424       0x4  startup_stm32h743xx.o [1]
  .text              ro code   0x800'8428       0x4  startup_stm32h743xx.o [1]
  .text              ro code   0x800'842c       0x4  startup_stm32h743xx.o [1]
  .text              ro code   0x800'8430       0x4  startup_stm32h743xx.o [1]
  .text              ro code   0x800'8434       0x4  startup_stm32h743xx.o [1]
  .text              ro code   0x800'8438       0x4  startup_stm32h743xx.o [1]
  .text              ro code   0x800'843c       0x4  startup_stm32h743xx.o [1]
  .text              ro code   0x800'8440       0x4  startup_stm32h743xx.o [1]
  .text              ro code   0x800'8444       0x4  startup_stm32h743xx.o [1]
  .text              ro code   0x800'8448       0x4  startup_stm32h743xx.o [1]
  .text              ro code   0x800'844c       0x4  startup_stm32h743xx.o [1]
  .text              ro code   0x800'8450       0x4  startup_stm32h743xx.o [1]
  .text              ro code   0x800'8454       0x4  startup_stm32h743xx.o [1]
  .text              ro code   0x800'8458       0x4  startup_stm32h743xx.o [1]
  .text              ro code   0x800'845c       0x4  startup_stm32h743xx.o [1]
  .text              ro code   0x800'8460       0x4  startup_stm32h743xx.o [1]
  .text              ro code   0x800'8464       0x4  startup_stm32h743xx.o [1]
  .text              ro code   0x800'8468       0x4  startup_stm32h743xx.o [1]
  .text              ro code   0x800'846c       0x4  startup_stm32h743xx.o [1]
  .text              ro code   0x800'8470       0x4  startup_stm32h743xx.o [1]
  .text              ro code   0x800'8474       0x4  startup_stm32h743xx.o [1]
  .text              ro code   0x800'8478       0x4  startup_stm32h743xx.o [1]
  .text              ro code   0x800'847c       0x4  startup_stm32h743xx.o [1]
  .text              ro code   0x800'8480       0x4  startup_stm32h743xx.o [1]
  .text              ro code   0x800'8484       0x4  startup_stm32h743xx.o [1]
  .text              ro code   0x800'8488       0x4  startup_stm32h743xx.o [1]
  .text              ro code   0x800'848c       0x4  startup_stm32h743xx.o [1]
  .text              ro code   0x800'8490       0x4  startup_stm32h743xx.o [1]
  .text              ro code   0x800'8494       0x4  startup_stm32h743xx.o [1]
  .text              ro code   0x800'8498       0x4  startup_stm32h743xx.o [1]
  .text              ro code   0x800'849c       0x4  startup_stm32h743xx.o [1]
  .text              ro code   0x800'84a0       0x4  startup_stm32h743xx.o [1]
  .text              ro code   0x800'84a4       0x4  startup_stm32h743xx.o [1]
  .text              ro code   0x800'84a8       0x4  startup_stm32h743xx.o [1]
  .text              ro code   0x800'84ac       0x4  startup_stm32h743xx.o [1]
  .text              ro code   0x800'84b0       0x4  startup_stm32h743xx.o [1]
  .text              ro code   0x800'84b4       0x4  startup_stm32h743xx.o [1]
  .text              ro code   0x800'84b8       0x4  startup_stm32h743xx.o [1]
  .text              ro code   0x800'84bc       0x4  startup_stm32h743xx.o [1]
  .text              ro code   0x800'84c0       0x4  startup_stm32h743xx.o [1]
  .text              ro code   0x800'84c4       0x4  startup_stm32h743xx.o [1]
  .text              ro code   0x800'84c8       0x4  startup_stm32h743xx.o [1]
  .text              ro code   0x800'84cc       0x4  startup_stm32h743xx.o [1]
  .text              ro code   0x800'84d0       0x4  startup_stm32h743xx.o [1]
  .text              ro code   0x800'84d4       0x4  startup_stm32h743xx.o [1]
  .text              ro code   0x800'84d8       0x4  startup_stm32h743xx.o [1]
  .text              ro code   0x800'84dc       0x4  startup_stm32h743xx.o [1]
  .text              ro code   0x800'84e0       0x4  startup_stm32h743xx.o [1]
  .text              ro code   0x800'84e4       0x4  startup_stm32h743xx.o [1]
  .text              ro code   0x800'84e8       0x4  startup_stm32h743xx.o [1]
  .text              ro code   0x800'84ec       0x4  startup_stm32h743xx.o [1]
  .text              ro code   0x800'84f0       0x4  startup_stm32h743xx.o [1]
  .text              ro code   0x800'84f4       0x4  startup_stm32h743xx.o [1]
  .text              ro code   0x800'84f8       0x4  startup_stm32h743xx.o [1]
  .text              ro code   0x800'84fc       0x4  startup_stm32h743xx.o [1]
  .text              ro code   0x800'8500       0x4  startup_stm32h743xx.o [1]
  .text              ro code   0x800'8504       0x4  startup_stm32h743xx.o [1]
  .text              ro code   0x800'8508       0x4  startup_stm32h743xx.o [1]
  .text              ro code   0x800'850c       0x4  startup_stm32h743xx.o [1]
  .text              ro code   0x800'8510       0x4  startup_stm32h743xx.o [1]
  .text              ro code   0x800'8514       0x4  startup_stm32h743xx.o [1]
  .text              ro code   0x800'8518       0x4  startup_stm32h743xx.o [1]
  .text              ro code   0x800'851c       0x4  startup_stm32h743xx.o [1]
  .text              ro code   0x800'8520       0x4  startup_stm32h743xx.o [1]
  .text              ro code   0x800'8524       0x4  startup_stm32h743xx.o [1]
  .text              ro code   0x800'8528       0x4  startup_stm32h743xx.o [1]
  .text              ro code   0x800'852c       0x4  startup_stm32h743xx.o [1]
  .text              ro code   0x800'8530       0x4  startup_stm32h743xx.o [1]
  .text              ro code   0x800'8534       0x4  startup_stm32h743xx.o [1]
  .text              ro code   0x800'8538       0x4  startup_stm32h743xx.o [1]
  .text              ro code   0x800'853c       0x4  startup_stm32h743xx.o [1]
  .text              ro code   0x800'8540       0x4  startup_stm32h743xx.o [1]
  .text              ro code   0x800'8544       0x4  startup_stm32h743xx.o [1]
  .text              ro code   0x800'8548       0x4  startup_stm32h743xx.o [1]
  .text              ro code   0x800'854c       0x4  startup_stm32h743xx.o [1]
  .text              ro code   0x800'8550       0x4  startup_stm32h743xx.o [1]
  .text              ro code   0x800'8554       0x4  startup_stm32h743xx.o [1]
  .text              ro code   0x800'8558       0x4  startup_stm32h743xx.o [1]
  .text              ro code   0x800'855c       0x4  startup_stm32h743xx.o [1]
  .text              ro code   0x800'8560       0x4  startup_stm32h743xx.o [1]
  .text              ro code   0x800'8564       0x4  startup_stm32h743xx.o [1]
  .text              ro code   0x800'8568       0x4  startup_stm32h743xx.o [1]
  .text              ro code   0x800'856c       0x4  startup_stm32h743xx.o [1]
  .text              ro code   0x800'8570       0x4  startup_stm32h743xx.o [1]
  .text              ro code   0x800'8574       0x4  startup_stm32h743xx.o [1]
  .text              ro code   0x800'8578       0x4  startup_stm32h743xx.o [1]
  .text              ro code   0x800'857c       0x4  startup_stm32h743xx.o [1]
  .text              ro code   0x800'8580       0x4  startup_stm32h743xx.o [1]
  .text              ro code   0x800'8584       0x4  startup_stm32h743xx.o [1]
  .text              ro code   0x800'8588       0x4  startup_stm32h743xx.o [1]
  .text              ro code   0x800'858c       0x4  startup_stm32h743xx.o [1]
  .text              ro code   0x800'8590       0x4  startup_stm32h743xx.o [1]
  .text              ro code   0x800'8594       0x4  startup_stm32h743xx.o [1]
  .text              ro code   0x800'8598       0x4  startup_stm32h743xx.o [1]
  .text              ro code   0x800'859c       0x4  startup_stm32h743xx.o [1]
  .text              ro code   0x800'85a0       0x4  startup_stm32h743xx.o [1]
  .text              ro code   0x800'85a4       0x4  startup_stm32h743xx.o [1]
  .text              ro code   0x800'85a8       0x4  startup_stm32h743xx.o [1]
  .text              ro code   0x800'85ac       0x4  startup_stm32h743xx.o [1]
  .text              ro code   0x800'85b0       0x4  startup_stm32h743xx.o [1]
  .text              ro code   0x800'85b4       0x4  startup_stm32h743xx.o [1]
  .text              ro code   0x800'85b8       0x4  startup_stm32h743xx.o [1]
  .text              ro code   0x800'85bc       0x4  startup_stm32h743xx.o [1]
  .text              ro code   0x800'85c0       0x4  startup_stm32h743xx.o [1]
  .rodata            const     0x800'85c4       0x0  zero_init3.o [4]
  .rodata            const     0x800'85c4       0x0  packbits_init_single.o [4]
  Initializer bytes  const     0x800'85c4      0x46  <for P2-1>
                             - 0x800'860a    0x8372

"P2", part 1 of 3:                            0x73c
  P2-1                        0x2400'0000     0x73c  <Init block>
    .data            inited   0x2400'0000      0x80  eth.o [1]
    .data            inited   0x2400'0080       0xc  stm32h7xx_hal.o [1]
    .data            inited   0x2400'008c       0x8  system_stm32h7xx.o [1]
    .data            inited   0x2400'0094     0x6a8  uart.o [1]
                            - 0x2400'073c     0x73c

"P2", part 2 of 3:                            0xb00
  .bss               zero     0x2400'073c     0x640  uart.o [1]
  .bss               zero     0x2400'0d7c     0x1d8  dlmalloc.o [2]
  .bss               zero     0x2400'0f54      0xf0  uart.o [1]
  .bss               zero     0x2400'1044      0x8c  uart.o [1]
  .bss               zero     0x2400'10d0      0x68  eth.o [1]
  .bss               zero     0x2400'1138      0x64  uart.o [1]
  .bss               zero     0x2400'119c      0x40  led.o [1]
  .bss               zero     0x2400'11dc      0x24  list.o [1]
  .bss               zero     0x2400'1200      0x18  dlmalloc.o [2]
  .bss               zero     0x2400'1218       0xc  eth.o [1]
  .bss               zero     0x2400'1224       0x8  uart.o [1]
  .bss               zero     0x2400'122c       0x4  list.o [1]
  .bss               zero     0x2400'1230       0x4  list.o [1]
  .bss               zero     0x2400'1234       0x4  xgetmemchunk.o [2]
  .bss               zero     0x2400'1238       0x2  uart.o [1]
  .bss               zero     0x2400'123a       0x2  uart.o [1]
                            - 0x2400'123c     0xb00

"P2", part 3 of 3:                         0x7'd000
  CSTACK                      0x2400'1240  0x1'f400  <Block>
    CSTACK           uninit   0x2400'1240  0x1'f400  <Block tail>
  HEAP                        0x2402'0640  0x5'dc00  <Block>
    HEAP             uninit   0x2402'0640  0x5'dc00  <Block tail>
                            - 0x2407'e240  0x7'd000

Absolute sections, part 1 of 4:                0x30
  .bss               zero     0x3004'0000      0x30  eth.o [1]
                            - 0x3004'0030      0x30

Absolute sections, part 2 of 4:                0x60
  .bss               zero     0x3004'0060      0x60  eth.o [1]
                            - 0x3004'00c0      0x60

Absolute sections, part 3 of 4:               0xbf0
  .bss               zero     0x3004'0200     0xbf0  eth.o [1]
                            - 0x3004'0df0     0xbf0

Absolute sections, part 4 of 4:              0x17e0
  .bss               zero     0x3004'4000    0x17e0  eth.o [1]
                            - 0x3004'57e0    0x17e0

Unused ranges:

         From           To       Size
         ----           --       ----
   0x800'860a   0x81f'ffff  0x1f'79f6
  0x2400'123c  0x2400'123f        0x4
  0x2407'e240  0x2407'ffff     0x1dc0


*******************************************************************************
*** INIT TABLE
***

          Address      Size
          -------      ----
Zero (__iar_zero_init3)
    5 destination ranges, total size 0x2f60:
          0x2400'073c   0xb00
          0x3004'0000    0x30
          0x3004'0060    0x60
          0x3004'0200   0xbf0
          0x3004'4000  0x17e0

Copy/packbits (__iar_packbits_init_single3)
    1 source range, total size 0x46 (3% of destination):
           0x800'85c4    0x46
    1 destination range, total size 0x73c:
          0x2400'0000   0x73c



*******************************************************************************
*** MODULE SUMMARY
***

    Module                   ro code  ro data  rw data  rw data
                                                         (abs)
    ------                   -------  -------  -------  -------
command line/config:
    -----------------------------------------------------------
    Total:

D:\GitHub\Netscale_72_SW_Networkbridge\EWARM\clk setup\Obj: [1]
    eth.o                        896        4      244    9'312
    lan8742.o                    406
    led.o                        156                64
    list.o                       284                44
    main.o                       346
    startup_stm32h743xx.o      1'204
    stm32h7xx_hal.o              224        1       12
    stm32h7xx_hal_cortex.o       328
    stm32h7xx_hal_crc.o          342
    stm32h7xx_hal_crc_ex.o        76
    stm32h7xx_hal_dma.o        5'052
    stm32h7xx_hal_eth.o        4'076
    stm32h7xx_hal_gpio.o         548
    stm32h7xx_hal_msp.o           32
    stm32h7xx_hal_pwr_ex.o        76
    stm32h7xx_hal_rcc.o        1'980
    stm32h7xx_hal_rcc_ex.o     2'836
    stm32h7xx_hal_rng.o          158
    stm32h7xx_hal_tim.o          714
    stm32h7xx_hal_tim_ex.o         6
    stm32h7xx_hal_uart.o       6'410
    stm32h7xx_hal_uart_ex.o      278
    stm32h7xx_it.o               192
    system_stm32h7xx.o           140                 8
    uart.o                     1'420       65    3'796
    -----------------------------------------------------------
    Total:                    28'180       70    4'168    9'312

dl7M_tlf.a: [2]
    abort.o                        6
    dlmalloc.o                 5'276               496
    exit.o                         4
    heaptramp0.o                   4
    low_level_init.o               4
    xgetmemchunk.o                44                 4
    -----------------------------------------------------------
    Total:                     5'338               500

m7M_tlv.a: [3]
    fpinit_M.o                    34
    -----------------------------------------------------------
    Total:                        34

rt7M_tl.a: [4]
    ABImemclr4.o                   6
    ABImemcpy_small.o             24
    ABImemset48.o                 50
    I64DivMod_small.o            262
    I64DivZer.o                    2
    cexit.o                       10
    cmain.o                       30
    cstartup_M.o                  12
    data_init.o                   40
    memcmp_small.o                30
    packbits_init_single.o        56
    zero_init3.o                  58
    -----------------------------------------------------------
    Total:                       580

shb_l.a: [5]
    exit.o                        20
    -----------------------------------------------------------
    Total:                        20

    Gaps                          26        2
    Linker created                         64  512'000
---------------------------------------------------------------
    Grand Total:              34'178      136  516'668    9'312


*******************************************************************************
*** ENTRY LIST
***

Entry                       Address    Size  Type      Object
-----                       -------    ----  ----      ------
.iar.init_table$$Base    0x800'8328           --   Gb  - Linker created -
.iar.init_table$$Limit   0x800'8368           --   Gb  - Linker created -
?main                    0x800'8369          Code  Gb  cmain.o [4]
BusFault_Handler         0x800'5aa3     0x2  Code  Gb  stm32h7xx_it.o [1]
BusTimHandleRx          0x2400'115c    0x40  Data  Gb  uart.o [1]
BusTimHandleTx          0x2400'00a4    0x40  Data  Gb  uart.o [1]
CRC_Handle_16            0x800'4b49    0x2e  Code  Lc  stm32h7xx_hal_crc.o [1]
CRC_Handle_8             0x800'4ae1    0x68  Code  Lc  stm32h7xx_hal_crc.o [1]
CSTACK$$Base            0x2400'1240           --   Gb  - Linker created -
CSTACK$$Limit           0x2402'0640           --   Gb  - Linker created -
D1CorePrescTable         0x800'8294    0x10  Data  Gb  system_stm32h7xx.o [1]
DMA1_Stream0_IRQHandler
                         0x800'5ab1     0x6  Code  Gb  stm32h7xx_it.o [1]
DMA1_Stream1_IRQHandler
                         0x800'5ab7     0x6  Code  Gb  stm32h7xx_it.o [1]
DMARxDscrTab            0x3004'0000    0x30  Data  Gb  eth.o [1]
DMATxDscrTab            0x3004'0060    0x60  Data  Gb  eth.o [1]
DMA_CalcBaseAndBitshift
                         0x800'2d87    0x92  Code  Lc  stm32h7xx_hal_dma.o [1]
DMA_CalcBaseAndBitshift{1}{2}::flagBitshiftOffset
                         0x800'2f8c     0x8  Data  Lc  stm32h7xx_hal_dma.o [1]
DMA_CalcDMAMUXChannelBaseAndMask
                         0x800'2e29    0x84  Code  Lc  stm32h7xx_hal_dma.o [1]
DMA_CalcDMAMUXRequestGenBaseAndMask
                         0x800'2ebd    0x64  Code  Lc  stm32h7xx_hal_dma.o [1]
DMA_SetConfig            0x800'2c9d    0xea  Code  Lc  stm32h7xx_hal_dma.o [1]
DebugMon_Handler         0x800'5aa9     0x2  Code  Gb  stm32h7xx_it.o [1]
ETH_IRQHandler           0x800'5aeb     0x6  Code  Gb  stm32h7xx_it.o [1]
ETH_PHY_IO_DeInit        0x800'59a7     0x4  Code  Gb  eth.o [1]
ETH_PHY_IO_GetTick       0x800'59d1     0x4  Code  Gb  eth.o [1]
ETH_PHY_IO_Init          0x800'599b     0xc  Code  Gb  eth.o [1]
ETH_PHY_IO_ReadReg       0x800'59ab    0x10  Code  Gb  eth.o [1]
ETH_PHY_IO_WriteReg      0x800'59bb     0xe  Code  Gb  eth.o [1]
ETH_Prepare_Tx_Descriptors
                         0x800'7c61   0x34c  Code  Lc  stm32h7xx_hal_eth.o [1]
ETH_SetDMAConfig         0x800'7be7    0x78  Code  Lc  stm32h7xx_hal_eth.o [1]
ETH_SetMACConfig         0x800'7a81   0x166  Code  Lc  stm32h7xx_hal_eth.o [1]
Error_Handler            0x800'4cd1     0x2  Code  Gb  main.o [1]
HAL_CRCEx_Polynomial_Set
                         0x800'55dd    0x4c  Code  Gb  stm32h7xx_hal_crc_ex.o [1]
HAL_CRC_Calculate        0x800'4a99    0x48  Code  Gb  stm32h7xx_hal_crc.o [1]
HAL_CRC_Init             0x800'4a21    0x74  Code  Gb  stm32h7xx_hal_crc.o [1]
HAL_CRC_MspInit          0x800'55d7     0x2  Code  Gb  stm32h7xx_hal_msp.o [1]
HAL_DMA_Abort            0x800'20d5   0x1e6  Code  Gb  stm32h7xx_hal_dma.o [1]
HAL_DMA_Abort_IT         0x800'2335   0x1b4  Code  Gb  stm32h7xx_hal_dma.o [1]
HAL_DMA_GetError         0x800'2c99     0x4  Code  Gb  stm32h7xx_hal_dma.o [1]
HAL_DMA_IRQHandler       0x800'2529   0x73c  Code  Gb  stm32h7xx_hal_dma.o [1]
HAL_DMA_Init             0x800'1bd9   0x292  Code  Gb  stm32h7xx_hal_dma.o [1]
HAL_DMA_Start_IT         0x800'1eb5   0x220  Code  Gb  stm32h7xx_hal_dma.o [1]
HAL_ETH_BuildRxDescriptors
                         0x800'7539    0x7c  Code  Gb  stm32h7xx_hal_eth.o [1]
HAL_ETH_DMAErrorCallback
                         0x800'5a3b     0x2  Code  Gb  eth.o [1]
HAL_ETH_DescAssignMemory
                         0x800'72a3    0x3c  Code  Gb  stm32h7xx_hal_eth.o [1]
HAL_ETH_EEECallback      0x800'5a41     0x2  Code  Gb  eth.o [1]
HAL_ETH_GetMACConfig     0x800'7773   0x196  Code  Gb  stm32h7xx_hal_eth.o [1]
HAL_ETH_GetMACFilterConfig
                         0x800'7a05    0x76  Code  Gb  stm32h7xx_hal_eth.o [1]
HAL_ETH_GetRxDataBuffer
                         0x800'749b    0x9e  Code  Gb  stm32h7xx_hal_eth.o [1]
HAL_ETH_IRQHandler       0x800'75b5   0x10a  Code  Gb  stm32h7xx_hal_eth.o [1]
HAL_ETH_Init             0x800'7009   0x29a  Code  Gb  stm32h7xx_hal_eth.o [1]
HAL_ETH_IsRxDataAvailable
                         0x800'73c9    0xd2  Code  Gb  stm32h7xx_hal_eth.o [1]
HAL_ETH_MACErrorCallback
                         0x800'5a3d     0x2  Code  Gb  eth.o [1]
HAL_ETH_MspInit          0x800'583b    0xda  Code  Gb  eth.o [1]
HAL_ETH_PMTCallback      0x800'5a3f     0x2  Code  Gb  eth.o [1]
HAL_ETH_ReadPHYRegister
                         0x800'76bf    0x5a  Code  Gb  stm32h7xx_hal_eth.o [1]
HAL_ETH_RxCpltCallback   0x800'59d5    0x2e  Code  Gb  eth.o [1]
HAL_ETH_RxCpltCallback::RxBuff
                        0x2400'1218     0xc  Data  Lc  eth.o [1]
HAL_ETH_SetMACConfig     0x800'7913    0x16  Code  Gb  stm32h7xx_hal_eth.o [1]
HAL_ETH_SetMACFilterConfig
                         0x800'799d    0x5c  Code  Gb  stm32h7xx_hal_eth.o [1]
HAL_ETH_SetMDIOClockRange
                         0x800'7929    0x46  Code  Gb  stm32h7xx_hal_eth.o [1]
HAL_ETH_Start_IT         0x800'72df    0x94  Code  Gb  stm32h7xx_hal_eth.o [1]
HAL_ETH_Transmit_IT      0x800'738b    0x3e  Code  Gb  stm32h7xx_hal_eth.o [1]
HAL_ETH_TxCpltCallback   0x800'5a39     0x2  Code  Gb  eth.o [1]
HAL_ETH_WakeUpCallback   0x800'5a43     0x2  Code  Gb  eth.o [1]
HAL_ETH_WritePHYRegister
                         0x800'7719    0x5a  Code  Gb  stm32h7xx_hal_eth.o [1]
HAL_GPIO_Init            0x800'517d   0x1da  Code  Gb  stm32h7xx_hal_gpio.o [1]
HAL_GPIO_TogglePin       0x800'535f     0xe  Code  Gb  stm32h7xx_hal_gpio.o [1]
HAL_GPIO_WritePin        0x800'5357     0x8  Code  Gb  stm32h7xx_hal_gpio.o [1]
HAL_GetREVID             0x800'5587     0x8  Code  Gb  stm32h7xx_hal.o [1]
HAL_GetTick              0x800'4a11     0xc  Code  Wk  stm32h7xx_hal.o [1]
HAL_IncTick              0x800'81c1    0x10  Code  Wk  stm32h7xx_hal.o [1]
HAL_Init                 0x800'553d    0x4a  Code  Gb  stm32h7xx_hal.o [1]
HAL_InitTick             0x800'54f9    0x44  Code  Wk  stm32h7xx_hal.o [1]
HAL_MPU_ConfigRegion     0x800'5111    0x4c  Code  Gb  stm32h7xx_hal_cortex.o [1]
HAL_MPU_Disable          0x800'50e3    0x14  Code  Gb  stm32h7xx_hal_cortex.o [1]
HAL_MPU_Enable           0x800'50f7    0x1a  Code  Gb  stm32h7xx_hal_cortex.o [1]
HAL_MspInit              0x800'55bd    0x1a  Code  Gb  stm32h7xx_hal_msp.o [1]
HAL_NVIC_EnableIRQ       0x800'50a3    0x18  Code  Gb  stm32h7xx_hal_cortex.o [1]
HAL_NVIC_SetPriority     0x800'5069    0x3a  Code  Gb  stm32h7xx_hal_cortex.o [1]
HAL_NVIC_SetPriorityGrouping
                         0x800'504f    0x1a  Code  Gb  stm32h7xx_hal_cortex.o [1]
HAL_PWREx_ConfigSupply   0x800'5a4d    0x46  Code  Gb  stm32h7xx_hal_pwr_ex.o [1]
HAL_RCCEx_GetD1SysClockFreq
                         0x800'3f45    0x24  Code  Gb  stm32h7xx_hal_rcc_ex.o [1]
HAL_RCCEx_GetD3PCLK1Freq
                         0x800'3d75     0xa  Code  Gb  stm32h7xx_hal_rcc_ex.o [1]
HAL_RCCEx_GetPLL2ClockFreq
                         0x800'3d95    0x50  Code  Gb  stm32h7xx_hal_rcc_ex.o [1]
HAL_RCCEx_GetPLL3ClockFreq
                         0x800'3de5    0x50  Code  Gb  stm32h7xx_hal_rcc_ex.o [1]
HAL_RCCEx_PeriphCLKConfig
                         0x800'3639   0x712  Code  Gb  stm32h7xx_hal_rcc_ex.o [1]
HAL_RCC_ClockConfig      0x800'4255   0x192  Code  Gb  stm32h7xx_hal_rcc.o [1]
HAL_RCC_GetHCLKFreq      0x800'453f    0x1e  Code  Gb  stm32h7xx_hal_rcc.o [1]
HAL_RCC_GetPCLK1Freq     0x800'455d    0x10  Code  Gb  stm32h7xx_hal_rcc.o [1]
HAL_RCC_GetPCLK2Freq     0x800'456d     0xe  Code  Gb  stm32h7xx_hal_rcc.o [1]
HAL_RCC_GetSysClockFreq
                         0x800'4441    0xf0  Code  Gb  stm32h7xx_hal_rcc.o [1]
HAL_RCC_OscConfig        0x800'45c5   0x44c  Code  Wk  stm32h7xx_hal_rcc.o [1]
HAL_RNG_GenerateRandomNumber
                         0x800'4d11    0x5e  Code  Gb  stm32h7xx_hal_rng.o [1]
HAL_RNG_Init             0x800'4cd3    0x3e  Code  Gb  stm32h7xx_hal_rng.o [1]
HAL_SYSCFG_ETHInterfaceSelect
                         0x800'558f     0xa  Code  Gb  stm32h7xx_hal.o [1]
HAL_SYSTICK_Config       0x800'50bb    0x28  Code  Gb  stm32h7xx_hal_cortex.o [1]
HAL_TIMEx_Break2Callback
                         0x800'5b5f     0x2  Code  Wk  stm32h7xx_hal_tim_ex.o [1]
HAL_TIMEx_BreakCallback
                         0x800'5b5d     0x2  Code  Wk  stm32h7xx_hal_tim_ex.o [1]
HAL_TIMEx_CommutCallback
                         0x800'5b63     0x2  Code  Wk  stm32h7xx_hal_tim_ex.o [1]
HAL_TIM_Base_Init        0x800'4d71    0x1a  Code  Gb  stm32h7xx_hal_tim.o [1]
HAL_TIM_Base_Start_IT    0x800'4d8b    0x28  Code  Gb  stm32h7xx_hal_tim.o [1]
HAL_TIM_Base_Stop_IT     0x800'4db3    0x2a  Code  Gb  stm32h7xx_hal_tim.o [1]
HAL_TIM_IRQHandler       0x800'4e05   0x15c  Code  Gb  stm32h7xx_hal_tim.o [1]
HAL_TIM_PeriodElapsedCallback
                         0x800'5b07    0x2e  Code  Gb  stm32h7xx_it.o [1]
HAL_UARTEx_DisableFifoMode
                         0x800'3521    0x3a  Code  Gb  stm32h7xx_hal_uart_ex.o [1]
HAL_UARTEx_RxFifoFullCallback
                         0x800'3635     0x2  Code  Wk  stm32h7xx_hal_uart_ex.o [1]
HAL_UARTEx_SetRxFifoThreshold
                         0x800'3571    0x14  Code  Gb  stm32h7xx_hal_uart_ex.o [1]
HAL_UARTEx_SetTxFifoThreshold
                         0x800'355b    0x16  Code  Gb  stm32h7xx_hal_uart_ex.o [1]
HAL_UARTEx_TxFifoEmptyCallback
                         0x800'3633     0x2  Code  Wk  stm32h7xx_hal_uart_ex.o [1]
HAL_UARTEx_WakeupCallback
                         0x800'3631     0x2  Code  Wk  stm32h7xx_hal_uart_ex.o [1]
HAL_UART_AbortCpltCallback
                         0x800'3375     0x2  Code  Gb  uart.o [1]
HAL_UART_AbortCpltCallback::abortCallbackCounter
                        0x2400'123a     0x2  Data  Lc  uart.o [1]
HAL_UART_Abort_IT        0x800'04b9    0xca  Code  Gb  stm32h7xx_hal_uart.o [1]
HAL_UART_DMAStop         0x800'043d    0x74  Code  Gb  stm32h7xx_hal_uart.o [1]
HAL_UART_ErrorCallback   0x800'3371     0x4  Code  Gb  uart.o [1]
HAL_UART_ErrorCallback::errorCallbackCounter
                        0x2400'1238     0x2  Data  Lc  uart.o [1]
HAL_UART_IRQHandler      0x800'0597   0x160  Code  Gb  stm32h7xx_hal_uart.o [1]
HAL_UART_IdleLnCallback
                         0x800'3381    0xce  Code  Gb  uart.o [1]
HAL_UART_IdleLnCallback::crcError
                        0x2400'00a2     0x2  Data  Lc  uart.o [1]
HAL_UART_IdleLnCallback::framelength
                        0x2400'009c     0x2  Data  Lc  uart.o [1]
HAL_UART_IdleLnCallback::framelengthError
                        0x2400'009e     0x2  Data  Lc  uart.o [1]
HAL_UART_IdleLnCallback::preAmbleError
                        0x2400'00a0     0x2  Data  Lc  uart.o [1]
HAL_UART_Init            0x800'0299    0x36  Code  Gb  stm32h7xx_hal_uart.o [1]
HAL_UART_Receive_DMA     0x800'039f    0x92  Code  Gb  stm32h7xx_hal_uart.o [1]
HAL_UART_RxCpltCallback
                         0x800'336f     0x2  Code  Gb  uart.o [1]
HAL_UART_Transmit_DMA    0x800'0319    0x86  Code  Gb  stm32h7xx_hal_uart.o [1]
HAL_UART_TxCpltCallback
                         0x800'334b    0x24  Code  Gb  uart.o [1]
HEAP$$Base              0x2402'0640           --   Gb  - Linker created -
HEAP$$Limit             0x2407'e240           --   Gb  - Linker created -
HardFault_Handler        0x800'5a9f     0x2  Code  Gb  stm32h7xx_it.o [1]
LAN8742                 0x2400'004c    0x20  Data  Gb  eth.o [1]
LAN8742_GetLinkState     0x800'80ed    0x94  Code  Gb  lan8742.o [1]
LAN8742_IOCtx           0x2400'006c    0x14  Data  Gb  eth.o [1]
LAN8742_Init             0x800'8027    0xbc  Code  Gb  lan8742.o [1]
LAN8742_RegisterBusIO    0x800'7ff5    0x32  Code  Gb  lan8742.o [1]
LedTimHandle            0x2400'119c    0x40  Data  Gb  led.o [1]
MemManage_Handler        0x800'5aa1     0x2  Code  Gb  stm32h7xx_it.o [1]
NMI_Handler              0x800'5a9d     0x2  Code  Gb  stm32h7xx_it.o [1]
PendSV_Handler           0x800'5aab     0x2  Code  Gb  stm32h7xx_it.o [1]
RCCEx_PLL2_Config        0x800'3f81    0xac  Code  Lc  stm32h7xx_hal_rcc_ex.o [1]
RCCEx_PLL3_Config        0x800'402d    0xac  Code  Lc  stm32h7xx_hal_rcc_ex.o [1]
Region$$Table$$Base      0x800'8328           --   Gb  - Linker created -
Region$$Table$$Limit     0x800'8368           --   Gb  - Linker created -
RngHandle               0x2400'00e4    0x14  Data  Gb  uart.o [1]
Rx_Buff                 0x3004'0200   0xbf0  Data  Gb  eth.o [1]
SCB_CleanInvalidateDCache_by_Addr
                         0x800'56c5    0x1e  Code  Lc  eth.o [1]
SCB_CleanInvalidateDCache_by_Addr
                         0x800'2f95    0x1e  Code  Lc  uart.o [1]
SVC_Handler              0x800'5aa7     0x2  Code  Gb  stm32h7xx_it.o [1]
SysTick_Handler          0x800'5aad     0x4  Code  Gb  stm32h7xx_it.o [1]
SystemClock_Config       0x800'4bfd    0xc2  Code  Gb  main.o [1]
SystemCoreClock         0x2400'008c     0x4  Data  Gb  system_stm32h7xx.o [1]
SystemD2Clock           0x2400'0090     0x4  Data  Gb  system_stm32h7xx.o [1]
SystemInit               0x800'8219    0x62  Code  Gb  system_stm32h7xx.o [1]
TIM2_IRQHandler          0x800'5af1     0x2  Code  Gb  stm32h7xx_it.o [1]
TIM3_IRQHandler          0x800'5af3     0x6  Code  Gb  stm32h7xx_it.o [1]
TIM4_IRQHandler          0x800'5af9     0x2  Code  Gb  stm32h7xx_it.o [1]
TIM5_IRQHandler          0x800'5b01     0x6  Code  Gb  stm32h7xx_it.o [1]
TIM_Base_SetConfig       0x800'4f67    0xaa  Code  Gb  stm32h7xx_hal_tim.o [1]
TxConfig                0x2400'0008    0x34  Data  Gb  eth.o [1]
Tx_Buff                 0x3004'4000  0x17e0  Data  Gb  eth.o [1]
UARTEx_SetNbDataToProcess
                         0x800'35c9    0x58  Code  Lc  stm32h7xx_hal_uart_ex.o [1]
UART_AdvFeatureConfig    0x800'181d    0xc8  Code  Gb  stm32h7xx_hal_uart.o [1]
UART_CheckIdleState      0x800'18e5    0x5c  Code  Gb  stm32h7xx_hal_uart.o [1]
UART_DMAAbortOnError     0x800'1abd    0x10  Code  Lc  stm32h7xx_hal_uart.o [1]
UART_DMAError            0x800'1a6f    0x4e  Code  Lc  stm32h7xx_hal_uart.o [1]
UART_DMAReceiveCplt      0x800'1a2f    0x3a  Code  Lc  stm32h7xx_hal_uart.o [1]
UART_DMARxAbortCallback
                         0x800'1b0f    0x3a  Code  Lc  stm32h7xx_hal_uart.o [1]
UART_DMARxHalfCplt       0x800'1a69     0x6  Code  Lc  stm32h7xx_hal_uart.o [1]
UART_DMATransmitCplt     0x800'19fd    0x2c  Code  Lc  stm32h7xx_hal_uart.o [1]
UART_DMATxAbortCallback
                         0x800'1acd    0x42  Code  Lc  stm32h7xx_hal_uart.o [1]
UART_DMATxHalfCplt       0x800'1a29     0x6  Code  Lc  stm32h7xx_hal_uart.o [1]
UART_EndRxTransfer       0x800'19bd    0x14  Code  Lc  stm32h7xx_hal_uart.o [1]
UART_EndTxTransfer       0x800'19a1    0x1c  Code  Lc  stm32h7xx_hal_uart.o [1]
UART_SetConfig           0x800'0721  0x1096  Code  Gb  stm32h7xx_hal_uart.o [1]
UART_WaitOnFlagUntilTimeout
                         0x800'1941    0x60  Code  Gb  stm32h7xx_hal_uart.o [1]
USART2_IRQHandler        0x800'5abd    0x2e  Code  Gb  stm32h7xx_it.o [1]
UsageFault_Handler       0x800'5aa5     0x2  Code  Gb  stm32h7xx_it.o [1]
__NVIC_SetPriority       0x800'5035    0x1a  Code  Lc  stm32h7xx_hal_cortex.o [1]
__aeabi_ldiv0            0x800'54f5          Code  Gb  I64DivZer.o [4]
__aeabi_memclr4          0x800'5a45          Code  Gb  ABImemclr4.o [4]
__cmain                  0x800'8369          Code  Gb  cmain.o [4]
__data_GetMemChunk       0x800'81d9    0x2c  Code  Gb  xgetmemchunk.o [2]
__data_GetMemChunk::start
                        0x2400'1234     0x4  Data  Lc  xgetmemchunk.o [2]
__exit                   0x800'8205    0x14  Code  Gb  exit.o [5]
__iar_Memset4_word       0x800'818d          Code  Gb  ABImemset48.o [4]
__iar_Memset8_word       0x800'818d          Code  Gb  ABImemset48.o [4]
__iar_data_init3         0x800'82dd    0x28  Code  Gb  data_init.o [4]
__iar_dlfree             0x800'6adf   0x51e  Code  Gb  dlmalloc.o [2]
__iar_dlmalloc           0x800'5bf1   0xeee  Code  Gb  dlmalloc.o [2]
__iar_init_vfp           0x800'8305          Code  Gb  fpinit_M.o [3]
__iar_packbits_init_single3
                         0x800'82a5    0x38  Code  Gb  packbits_init_single.o [4]
__iar_program_start      0x800'83ad          Code  Gb  cstartup_M.o [4]
__iar_small_Memcpy       0x800'53a5          Code  Gb  ABImemcpy_small.o [4]
__iar_small_memcmp       0x800'53b9          Code  Gb  memcmp_small.o [4]
__iar_small_memcpy       0x800'53a1          Code  Gb  ABImemcpy_small.o [4]
__iar_small_memcpy4      0x800'53a1          Code  Gb  ABImemcpy_small.o [4]
__iar_small_memcpy8      0x800'53a1          Code  Gb  ABImemcpy_small.o [4]
__iar_small_uldivmod     0x800'414d          Code  Gb  I64DivMod_small.o [4]
__iar_zero_init3         0x800'1b9f    0x3a  Code  Gb  zero_init3.o [4]
__low_level_init         0x800'8387     0x4  Code  Gb  low_level_init.o [2]
__vector_table           0x800'0000          Data  Gb  startup_stm32h743xx.o [1]
_call_main               0x800'8375          Code  Gb  cmain.o [4]
_exit                    0x800'8391          Code  Gb  cexit.o [4]
_gm_                    0x2400'0d7c   0x1d8  Data  Lc  dlmalloc.o [2]
_main                    0x800'8383          Code  Gb  cmain.o [4]
abort                    0x800'81d1     0x6  Code  Gb  abort.o [2]
bus_uart_framegapTimeoutCallback
                         0x800'3485     0xc  Code  Gb  uart.o [1]
bus_uart_randomTimeoutCallback
                         0x800'344f     0xc  Code  Gb  uart.o [1]
bus_uart_startFramegap   0x800'345b    0x2a  Code  Gb  uart.o [1]
bytesIN                 0x2400'11ec     0x4  Data  Lc  list.o [1]
bytesOUT                0x2400'11f4     0x4  Data  Lc  list.o [1]
dataPacketsIN           0x2400'11e8     0x4  Data  Lc  list.o [1]
dataPacketsOUT          0x2400'11f0     0x4  Data  Lc  list.o [1]
eth_init                 0x800'56e3   0x14c  Code  Gb  eth.o [1]
eth_output               0x800'5915    0x86  Code  Gb  eth.o [1]
eth_output::Txbuffer    0x2400'003c     0xc  Data  Lc  eth.o [1]
eth_output::eth_tx_err_counter
                        0x2400'0048     0x4  Data  Lc  eth.o [1]
exit                     0x800'838b     0x4  Code  Gb  exit.o [2]
framegapTimeoutFlag     0x2400'0095     0x1  Data  Lc  uart.o [1]
free                     0x800'7005     0x4  Code  Gb  heaptramp0.o [2]
hcrc                    0x2400'1138    0x24  Data  Gb  uart.o [1]
hdma_usart2_rx          0x2400'0f54    0x78  Data  Gb  uart.o [1]
hdma_usart2_tx          0x2400'0fcc    0x78  Data  Gb  uart.o [1]
head                    0x2400'11dc     0x4  Data  Lc  list.o [1]
heth                    0x2400'10d0    0x68  Data  Gb  eth.o [1]
huart2                  0x2400'1044    0x8c  Data  Gb  uart.o [1]
init_mparams             0x800'5b83    0x2c  Code  Lc  dlmalloc.o [2]
init_top                 0x800'5baf    0x34  Code  Lc  dlmalloc.o [2]
led_init                 0x800'5629    0x80  Code  Gb  led.o [1]
led_ledTimerCallback     0x800'56a9     0x8  Code  Gb  led.o [1]
listLength              0x2400'11fc     0x4  Data  Lc  list.o [1]
listLengthPeak          0x2400'11f8     0x4  Data  Lc  list.o [1]
list_init                0x800'53d9    0x34  Code  Gb  list.o [1]
list_insertData          0x800'5461    0x82  Code  Gb  list.o [1]
list_insertData::tailNode
                        0x2400'1230     0x4  Data  Gb  list.o [1]
list_insertData::tmp    0x2400'122c     0x4  Data  Gb  list.o [1]
list_manager             0x800'540d    0x54  Code  Gb  list.o [1]
macaddress              0x2400'0000     0x8  Data  Lc  eth.o [1]
main                     0x800'4b79    0x7a  Code  Gb  main.o [1]
mallocFailCounter       0x2400'11e4     0x4  Data  Lc  list.o [1]
mparams                 0x2400'1200    0x18  Data  Lc  dlmalloc.o [2]
oldhead                 0x2400'11e0     0x4  Data  Lc  list.o [1]
preAmbleSFD              0x800'3518     0x8  Data  Lc  uart.o [1]
randomTimeoutFlag       0x2400'0094     0x1  Data  Lc  uart.o [1]
rxBuffer                0x2400'00fc   0x640  Data  Lc  uart.o [1]
segment_holding          0x800'5b69    0x1a  Code  Lc  dlmalloc.o [2]
txBuffer                0x2400'073c   0x640  Data  Lc  uart.o [1]
txCplt                  0x2400'0096     0x1  Data  Lc  uart.o [1]
uart_calcCRC             0x800'32f7     0xa  Code  Lc  uart.o [1]
uart_init                0x800'2fb5   0x278  Code  Gb  uart.o [1]
uart_output              0x800'322d    0xca  Code  Gb  uart.o [1]
uart_receive             0x800'3301    0x4a  Code  Lc  uart.o [1]
uart_receive::uart_rx_counter
                        0x2400'1228     0x4  Data  Lc  uart.o [1]
uart_receive::uart_rx_err_counter
                        0x2400'1224     0x4  Data  Lc  uart.o [1]
uart_send::crc32        0x2400'0098     0x4  Data  Lc  uart.o [1]
uart_send::uart_tx_err_counter
                        0x2400'00f8     0x4  Data  Lc  uart.o [1]
uwTick                  0x2400'0084     0x4  Data  Lc  stm32h7xx_hal.o [1]
uwTickFreq              0x2400'0080     0x1  Data  Lc  stm32h7xx_hal.o [1]
uwTickPrio              0x2400'0088     0x4  Data  Lc  stm32h7xx_hal.o [1]


[1] = D:\GitHub\Netscale_72_SW_Networkbridge\EWARM\clk setup\Obj
[2] = dl7M_tlf.a
[3] = m7M_tlv.a
[4] = rt7M_tl.a
[5] = shb_l.a

   34'178 bytes of readonly  code memory
      136 bytes of readonly  data memory
  516'668 bytes of readwrite data memory (+ 9'312 absolute)

Errors: none
Warnings: none
